[2026-05-07T19:39:13.116+0200] {local_task_job_runner.py:123} INFO - ::group::Pre task execution logs
[2026-05-07T19:39:13.137+0200] {taskinstance.py:2631} INFO - Dependencies all met for dep_context=non-requeueable deps ti=<TaskInstance: dag_academico_postgresql.comprobar_conexion manual__2026-05-07T17:39:08.255361+00:00 [queued]>
[2026-05-07T19:39:13.156+0200] {taskinstance.py:2631} INFO - Dependencies all met for dep_context=requeueable deps ti=<TaskInstance: dag_academico_postgresql.comprobar_conexion manual__2026-05-07T17:39:08.255361+00:00 [queued]>
[2026-05-07T19:39:13.157+0200] {taskinstance.py:2884} INFO - Starting attempt 1 of 2
[2026-05-07T19:39:13.177+0200] {taskinstance.py:2907} INFO - Executing <Task(PythonOperator): comprobar_conexion> on 2026-05-07 17:39:08.255361+00:00
[2026-05-07T19:39:13.183+0200] {standard_task_runner.py:72} INFO - Started process 15024 to run task
[2026-05-07T19:39:13.191+0200] {standard_task_runner.py:104} INFO - Running: ['airflow', 'tasks', 'run', 'dag_academico_postgresql', 'comprobar_conexion', 'manual__2026-05-07T17:39:08.255361+00:00', '--job-id', '7', '--raw', '--subdir', 'DAGS_FOLDER/dag_psql.py', '--cfg-path', '/tmp/tmp7zplq308']
[2026-05-07T19:39:13.191+0200] {standard_task_runner.py:105} INFO - Job 7: Subtask comprobar_conexion
[2026-05-07T19:39:13.268+0200] {task_command.py:467} INFO - Running <TaskInstance: dag_academico_postgresql.comprobar_conexion manual__2026-05-07T17:39:08.255361+00:00 [running]> on host rodrigo-VirtualBox
[2026-05-07T19:39:13.387+0200] {taskinstance.py:3157} INFO - Exporting env vars: AIRFLOW_CTX_DAG_OWNER='academico' AIRFLOW_CTX_DAG_ID='dag_academico_postgresql' AIRFLOW_CTX_TASK_ID='comprobar_conexion' AIRFLOW_CTX_EXECUTION_DATE='2026-05-07T17:39:08.255361+00:00' AIRFLOW_CTX_TRY_NUMBER='1' AIRFLOW_CTX_DAG_RUN_ID='manual__2026-05-07T17:39:08.255361+00:00'
[2026-05-07T19:39:13.390+0200] {logging_mixin.py:190} INFO - Task instance is in running state
[2026-05-07T19:39:13.390+0200] {logging_mixin.py:190} INFO -  Previous state of the Task instance: queued
[2026-05-07T19:39:13.390+0200] {logging_mixin.py:190} INFO - Current task name:comprobar_conexion state:running start_date:2026-05-07 17:39:13.137619+00:00
[2026-05-07T19:39:13.390+0200] {logging_mixin.py:190} INFO - Dag name:dag_academico_postgresql and current dag run status:running
[2026-05-07T19:39:13.390+0200] {taskinstance.py:740} INFO - ::endgroup::
[2026-05-07T19:39:13.404+0200] {logging_mixin.py:190} INFO - [OK] Conexión establecida: PostgreSQL 16.13 (Ubuntu 16.13-0ubuntu0.24.04.1) on x86_64-pc-linux-gnu, compiled by gcc (Ubuntu 13.3.0-6ubuntu2~24.04.1) 13.3.0, 64-bit
[2026-05-07T19:39:13.404+0200] {python.py:240} INFO - Done. Returned value was: None
[2026-05-07T19:39:13.408+0200] {taskinstance.py:349} INFO - ::group::Post task execution logs
[2026-05-07T19:39:13.409+0200] {taskinstance.py:361} INFO - Marking task as SUCCESS. dag_id=dag_academico_postgresql, task_id=comprobar_conexion, run_id=manual__2026-05-07T17:39:08.255361+00:00, execution_date=20260507T173908, start_date=20260507T173913, end_date=20260507T173913
[2026-05-07T19:39:13.496+0200] {logging_mixin.py:190} INFO - Task instance in success state
[2026-05-07T19:39:13.496+0200] {logging_mixin.py:190} INFO -  Previous state of the Task instance: running
[2026-05-07T19:39:13.497+0200] {logging_mixin.py:190} INFO - Dag name:dag_academico_postgresql queued_at:2026-05-07 17:39:08.286287+00:00
[2026-05-07T19:39:13.497+0200] {logging_mixin.py:190} INFO - Task hostname:rodrigo-VirtualBox operator:PythonOperator
[2026-05-07T19:39:13.511+0200] {local_task_job_runner.py:266} INFO - Task exited with return code 0
[2026-05-07T19:39:13.541+0200] {taskinstance.py:3924} INFO - 1 downstream tasks scheduled from follow-on schedule check
[2026-05-07T19:39:13.573+0200] {local_task_job_runner.py:245} INFO - ::endgroup::
