[2026-05-07T19:40:43.060+0200] {local_task_job_runner.py:123} INFO - ::group::Pre task execution logs
[2026-05-07T19:40:43.079+0200] {taskinstance.py:2631} INFO - Dependencies all met for dep_context=non-requeueable deps ti=<TaskInstance: dag_usuarios_sqlite.insertar_usuarios manual__2026-05-07T17:40:28.094197+00:00 [queued]>
[2026-05-07T19:40:43.090+0200] {taskinstance.py:2631} INFO - Dependencies all met for dep_context=requeueable deps ti=<TaskInstance: dag_usuarios_sqlite.insertar_usuarios manual__2026-05-07T17:40:28.094197+00:00 [queued]>
[2026-05-07T19:40:43.090+0200] {taskinstance.py:2884} INFO - Starting attempt 1 of 2
[2026-05-07T19:40:43.109+0200] {taskinstance.py:2907} INFO - Executing <Task(PythonOperator): insertar_usuarios> on 2026-05-07 17:40:28.094197+00:00
[2026-05-07T19:40:43.116+0200] {standard_task_runner.py:72} INFO - Started process 15147 to run task
[2026-05-07T19:40:43.119+0200] {standard_task_runner.py:104} INFO - Running: ['airflow', 'tasks', 'run', 'dag_usuarios_sqlite', 'insertar_usuarios', 'manual__2026-05-07T17:40:28.094197+00:00', '--job-id', '12', '--raw', '--subdir', 'DAGS_FOLDER/dag_sqlite.py', '--cfg-path', '/tmp/tmpj8bbeut8']
[2026-05-07T19:40:43.120+0200] {standard_task_runner.py:105} INFO - Job 12: Subtask insertar_usuarios
[2026-05-07T19:40:43.202+0200] {task_command.py:467} INFO - Running <TaskInstance: dag_usuarios_sqlite.insertar_usuarios manual__2026-05-07T17:40:28.094197+00:00 [running]> on host rodrigo-VirtualBox
[2026-05-07T19:40:43.330+0200] {taskinstance.py:3157} INFO - Exporting env vars: AIRFLOW_CTX_DAG_OWNER='academico' AIRFLOW_CTX_DAG_ID='dag_usuarios_sqlite' AIRFLOW_CTX_TASK_ID='insertar_usuarios' AIRFLOW_CTX_EXECUTION_DATE='2026-05-07T17:40:28.094197+00:00' AIRFLOW_CTX_TRY_NUMBER='1' AIRFLOW_CTX_DAG_RUN_ID='manual__2026-05-07T17:40:28.094197+00:00'
[2026-05-07T19:40:43.331+0200] {logging_mixin.py:190} INFO - Task instance is in running state
[2026-05-07T19:40:43.332+0200] {logging_mixin.py:190} INFO -  Previous state of the Task instance: queued
[2026-05-07T19:40:43.332+0200] {logging_mixin.py:190} INFO - Current task name:insertar_usuarios state:running start_date:2026-05-07 17:40:43.080032+00:00
[2026-05-07T19:40:43.332+0200] {logging_mixin.py:190} INFO - Dag name:dag_usuarios_sqlite and current dag run status:running
[2026-05-07T19:40:43.332+0200] {taskinstance.py:740} INFO - ::endgroup::
[2026-05-07T19:40:43.537+0200] {logging_mixin.py:190} INFO - [OK] Usuario 'admin' insertado con rol 'admin'.
[2026-05-07T19:40:43.729+0200] {logging_mixin.py:190} INFO - [OK] Usuario 'profesor' insertado con rol 'profesor'.
[2026-05-07T19:40:43.878+0200] {logging_mixin.py:190} INFO - [OK] Usuario 'alumno' insertado con rol 'alumno'.
[2026-05-07T19:40:43.895+0200] {logging_mixin.py:190} INFO - [OK] Resultado: 3 insertados, 0 omitidos.
[2026-05-07T19:40:43.896+0200] {python.py:240} INFO - Done. Returned value was: None
[2026-05-07T19:40:43.900+0200] {taskinstance.py:349} INFO - ::group::Post task execution logs
[2026-05-07T19:40:43.900+0200] {taskinstance.py:361} INFO - Marking task as SUCCESS. dag_id=dag_usuarios_sqlite, task_id=insertar_usuarios, run_id=manual__2026-05-07T17:40:28.094197+00:00, execution_date=20260507T174028, start_date=20260507T174043, end_date=20260507T174043
[2026-05-07T19:40:43.970+0200] {logging_mixin.py:190} INFO - Task instance in success state
[2026-05-07T19:40:43.971+0200] {logging_mixin.py:190} INFO -  Previous state of the Task instance: running
[2026-05-07T19:40:43.973+0200] {logging_mixin.py:190} INFO - Dag name:dag_usuarios_sqlite queued_at:2026-05-07 17:40:28.145662+00:00
[2026-05-07T19:40:43.973+0200] {logging_mixin.py:190} INFO - Task hostname:rodrigo-VirtualBox operator:PythonOperator
[2026-05-07T19:40:44.009+0200] {local_task_job_runner.py:266} INFO - Task exited with return code 0
[2026-05-07T19:40:44.021+0200] {taskinstance.py:3924} INFO - 0 downstream tasks scheduled from follow-on schedule check
[2026-05-07T19:40:44.022+0200] {local_task_job_runner.py:245} INFO - ::endgroup::
