[2026-05-07T19:32:47.213+0200] {processor.py:186} INFO - Started process (PID=14399) to work on /home/rodrigo/Escritorio/BBDDAvanzadas/.venv/lib/python3.12/site-packages/airflow/example_dags/example_nested_branch_dag.py
[2026-05-07T19:32:47.214+0200] {processor.py:914} INFO - Processing file /home/rodrigo/Escritorio/BBDDAvanzadas/.venv/lib/python3.12/site-packages/airflow/example_dags/example_nested_branch_dag.py for tasks to queue
[2026-05-07T19:32:47.215+0200] {logging_mixin.py:190} INFO - [2026-05-07T19:32:47.215+0200] {dagbag.py:588} INFO - Filling up the DagBag from /home/rodrigo/Escritorio/BBDDAvanzadas/.venv/lib/python3.12/site-packages/airflow/example_dags/example_nested_branch_dag.py
[2026-05-07T19:32:47.224+0200] {processor.py:925} INFO - DAG(s) 'example_nested_branch_dag' retrieved from /home/rodrigo/Escritorio/BBDDAvanzadas/.venv/lib/python3.12/site-packages/airflow/example_dags/example_nested_branch_dag.py
[2026-05-07T19:32:47.301+0200] {logging_mixin.py:190} INFO - [2026-05-07T19:32:47.300+0200] {override.py:1930} INFO - Created Permission View: can read on DAG:example_nested_branch_dag
[2026-05-07T19:32:47.312+0200] {logging_mixin.py:190} INFO - [2026-05-07T19:32:47.312+0200] {override.py:1930} INFO - Created Permission View: can edit on DAG:example_nested_branch_dag
[2026-05-07T19:32:47.321+0200] {logging_mixin.py:190} INFO - [2026-05-07T19:32:47.321+0200] {override.py:1930} INFO - Created Permission View: can delete on DAG:example_nested_branch_dag
[2026-05-07T19:32:47.337+0200] {logging_mixin.py:190} INFO - [2026-05-07T19:32:47.337+0200] {override.py:1930} INFO - Created Permission View: can create on DAG Run:example_nested_branch_dag
[2026-05-07T19:32:47.345+0200] {logging_mixin.py:190} INFO - [2026-05-07T19:32:47.344+0200] {override.py:1930} INFO - Created Permission View: can read on DAG Run:example_nested_branch_dag
[2026-05-07T19:32:47.353+0200] {logging_mixin.py:190} INFO - [2026-05-07T19:32:47.352+0200] {override.py:1930} INFO - Created Permission View: menu access on DAG Run:example_nested_branch_dag
[2026-05-07T19:32:47.367+0200] {logging_mixin.py:190} INFO - [2026-05-07T19:32:47.367+0200] {override.py:1930} INFO - Created Permission View: can delete on DAG Run:example_nested_branch_dag
[2026-05-07T19:32:47.367+0200] {logging_mixin.py:190} INFO - [2026-05-07T19:32:47.367+0200] {dag.py:3239} INFO - Sync 1 DAGs
[2026-05-07T19:32:47.376+0200] {logging_mixin.py:190} INFO - [2026-05-07T19:32:47.376+0200] {dag.py:3262} INFO - Creating ORM DAG for example_nested_branch_dag
[2026-05-07T19:32:47.382+0200] {logging_mixin.py:190} INFO - [2026-05-07T19:32:47.381+0200] {dag.py:4180} INFO - Setting next_dagrun for example_nested_branch_dag to 2026-05-06 00:00:00+00:00, run_after=2026-05-07 00:00:00+00:00
[2026-05-07T19:32:47.399+0200] {processor.py:208} INFO - Processing /home/rodrigo/Escritorio/BBDDAvanzadas/.venv/lib/python3.12/site-packages/airflow/example_dags/example_nested_branch_dag.py took 0.190 seconds
[2026-05-07T19:37:35.278+0200] {processor.py:186} INFO - Started process (PID=14912) to work on /home/rodrigo/Escritorio/BBDDAvanzadas/.venv/lib/python3.12/site-packages/airflow/example_dags/example_nested_branch_dag.py
[2026-05-07T19:37:35.282+0200] {processor.py:914} INFO - Processing file /home/rodrigo/Escritorio/BBDDAvanzadas/.venv/lib/python3.12/site-packages/airflow/example_dags/example_nested_branch_dag.py for tasks to queue
[2026-05-07T19:37:35.283+0200] {logging_mixin.py:190} INFO - [2026-05-07T19:37:35.283+0200] {dagbag.py:588} INFO - Filling up the DagBag from /home/rodrigo/Escritorio/BBDDAvanzadas/.venv/lib/python3.12/site-packages/airflow/example_dags/example_nested_branch_dag.py
[2026-05-07T19:37:35.307+0200] {processor.py:925} INFO - DAG(s) 'example_nested_branch_dag' retrieved from /home/rodrigo/Escritorio/BBDDAvanzadas/.venv/lib/python3.12/site-packages/airflow/example_dags/example_nested_branch_dag.py
[2026-05-07T19:37:35.343+0200] {logging_mixin.py:190} INFO - [2026-05-07T19:37:35.343+0200] {dag.py:3239} INFO - Sync 1 DAGs
[2026-05-07T19:37:35.356+0200] {logging_mixin.py:190} INFO - [2026-05-07T19:37:35.356+0200] {dag.py:4180} INFO - Setting next_dagrun for example_nested_branch_dag to 2026-05-06 00:00:00+00:00, run_after=2026-05-07 00:00:00+00:00
[2026-05-07T19:37:35.397+0200] {processor.py:208} INFO - Processing /home/rodrigo/Escritorio/BBDDAvanzadas/.venv/lib/python3.12/site-packages/airflow/example_dags/example_nested_branch_dag.py took 0.124 seconds
[2026-05-07T19:38:46.370+0200] {processor.py:186} INFO - Started process (PID=14991) to work on /home/rodrigo/Escritorio/BBDDAvanzadas/.venv/lib/python3.12/site-packages/airflow/example_dags/example_nested_branch_dag.py
[2026-05-07T19:38:46.380+0200] {processor.py:914} INFO - Processing file /home/rodrigo/Escritorio/BBDDAvanzadas/.venv/lib/python3.12/site-packages/airflow/example_dags/example_nested_branch_dag.py for tasks to queue
[2026-05-07T19:38:46.382+0200] {logging_mixin.py:190} INFO - [2026-05-07T19:38:46.381+0200] {dagbag.py:588} INFO - Filling up the DagBag from /home/rodrigo/Escritorio/BBDDAvanzadas/.venv/lib/python3.12/site-packages/airflow/example_dags/example_nested_branch_dag.py
[2026-05-07T19:38:46.408+0200] {processor.py:925} INFO - DAG(s) 'example_nested_branch_dag' retrieved from /home/rodrigo/Escritorio/BBDDAvanzadas/.venv/lib/python3.12/site-packages/airflow/example_dags/example_nested_branch_dag.py
[2026-05-07T19:38:46.423+0200] {logging_mixin.py:190} INFO - [2026-05-07T19:38:46.423+0200] {dag.py:3239} INFO - Sync 1 DAGs
[2026-05-07T19:38:46.446+0200] {logging_mixin.py:190} INFO - [2026-05-07T19:38:46.446+0200] {dag.py:4180} INFO - Setting next_dagrun for example_nested_branch_dag to 2026-05-06 00:00:00+00:00, run_after=2026-05-07 00:00:00+00:00
[2026-05-07T19:38:46.488+0200] {processor.py:208} INFO - Processing /home/rodrigo/Escritorio/BBDDAvanzadas/.venv/lib/python3.12/site-packages/airflow/example_dags/example_nested_branch_dag.py took 0.123 seconds
[2026-05-07T19:40:04.060+0200] {processor.py:186} INFO - Started process (PID=15084) to work on /home/rodrigo/Escritorio/BBDDAvanzadas/.venv/lib/python3.12/site-packages/airflow/example_dags/example_nested_branch_dag.py
[2026-05-07T19:40:04.063+0200] {processor.py:914} INFO - Processing file /home/rodrigo/Escritorio/BBDDAvanzadas/.venv/lib/python3.12/site-packages/airflow/example_dags/example_nested_branch_dag.py for tasks to queue
[2026-05-07T19:40:04.065+0200] {logging_mixin.py:190} INFO - [2026-05-07T19:40:04.065+0200] {dagbag.py:588} INFO - Filling up the DagBag from /home/rodrigo/Escritorio/BBDDAvanzadas/.venv/lib/python3.12/site-packages/airflow/example_dags/example_nested_branch_dag.py
[2026-05-07T19:40:04.078+0200] {processor.py:925} INFO - DAG(s) 'example_nested_branch_dag' retrieved from /home/rodrigo/Escritorio/BBDDAvanzadas/.venv/lib/python3.12/site-packages/airflow/example_dags/example_nested_branch_dag.py
[2026-05-07T19:40:04.101+0200] {logging_mixin.py:190} INFO - [2026-05-07T19:40:04.101+0200] {dag.py:3239} INFO - Sync 1 DAGs
[2026-05-07T19:40:04.141+0200] {logging_mixin.py:190} INFO - [2026-05-07T19:40:04.140+0200] {dag.py:4180} INFO - Setting next_dagrun for example_nested_branch_dag to 2026-05-06 00:00:00+00:00, run_after=2026-05-07 00:00:00+00:00
[2026-05-07T19:40:04.195+0200] {processor.py:208} INFO - Processing /home/rodrigo/Escritorio/BBDDAvanzadas/.venv/lib/python3.12/site-packages/airflow/example_dags/example_nested_branch_dag.py took 0.142 seconds
[2026-05-07T19:41:32.054+0200] {processor.py:186} INFO - Started process (PID=15224) to work on /home/rodrigo/Escritorio/BBDDAvanzadas/.venv/lib/python3.12/site-packages/airflow/example_dags/example_nested_branch_dag.py
[2026-05-07T19:41:32.056+0200] {processor.py:914} INFO - Processing file /home/rodrigo/Escritorio/BBDDAvanzadas/.venv/lib/python3.12/site-packages/airflow/example_dags/example_nested_branch_dag.py for tasks to queue
[2026-05-07T19:41:32.057+0200] {logging_mixin.py:190} INFO - [2026-05-07T19:41:32.057+0200] {dagbag.py:588} INFO - Filling up the DagBag from /home/rodrigo/Escritorio/BBDDAvanzadas/.venv/lib/python3.12/site-packages/airflow/example_dags/example_nested_branch_dag.py
[2026-05-07T19:41:32.079+0200] {processor.py:925} INFO - DAG(s) 'example_nested_branch_dag' retrieved from /home/rodrigo/Escritorio/BBDDAvanzadas/.venv/lib/python3.12/site-packages/airflow/example_dags/example_nested_branch_dag.py
[2026-05-07T19:41:32.128+0200] {logging_mixin.py:190} INFO - [2026-05-07T19:41:32.128+0200] {dag.py:3239} INFO - Sync 1 DAGs
[2026-05-07T19:41:32.151+0200] {logging_mixin.py:190} INFO - [2026-05-07T19:41:32.151+0200] {dag.py:4180} INFO - Setting next_dagrun for example_nested_branch_dag to 2026-05-06 00:00:00+00:00, run_after=2026-05-07 00:00:00+00:00
[2026-05-07T19:41:32.173+0200] {processor.py:208} INFO - Processing /home/rodrigo/Escritorio/BBDDAvanzadas/.venv/lib/python3.12/site-packages/airflow/example_dags/example_nested_branch_dag.py took 0.124 seconds
[2026-05-07T19:42:50.707+0200] {processor.py:186} INFO - Started process (PID=15465) to work on /home/rodrigo/Escritorio/BBDDAvanzadas/.venv/lib/python3.12/site-packages/airflow/example_dags/example_nested_branch_dag.py
[2026-05-07T19:42:50.708+0200] {processor.py:914} INFO - Processing file /home/rodrigo/Escritorio/BBDDAvanzadas/.venv/lib/python3.12/site-packages/airflow/example_dags/example_nested_branch_dag.py for tasks to queue
[2026-05-07T19:42:50.710+0200] {logging_mixin.py:190} INFO - [2026-05-07T19:42:50.710+0200] {dagbag.py:588} INFO - Filling up the DagBag from /home/rodrigo/Escritorio/BBDDAvanzadas/.venv/lib/python3.12/site-packages/airflow/example_dags/example_nested_branch_dag.py
[2026-05-07T19:42:50.746+0200] {processor.py:925} INFO - DAG(s) 'example_nested_branch_dag' retrieved from /home/rodrigo/Escritorio/BBDDAvanzadas/.venv/lib/python3.12/site-packages/airflow/example_dags/example_nested_branch_dag.py
[2026-05-07T19:42:50.781+0200] {logging_mixin.py:190} INFO - [2026-05-07T19:42:50.781+0200] {dag.py:3239} INFO - Sync 1 DAGs
[2026-05-07T19:42:50.808+0200] {logging_mixin.py:190} INFO - [2026-05-07T19:42:50.807+0200] {dag.py:4180} INFO - Setting next_dagrun for example_nested_branch_dag to 2026-05-06 00:00:00+00:00, run_after=2026-05-07 00:00:00+00:00
[2026-05-07T19:42:50.854+0200] {processor.py:208} INFO - Processing /home/rodrigo/Escritorio/BBDDAvanzadas/.venv/lib/python3.12/site-packages/airflow/example_dags/example_nested_branch_dag.py took 0.169 seconds
[2026-05-07T19:44:03.266+0200] {processor.py:186} INFO - Started process (PID=15655) to work on /home/rodrigo/Escritorio/BBDDAvanzadas/.venv/lib/python3.12/site-packages/airflow/example_dags/example_nested_branch_dag.py
[2026-05-07T19:44:03.267+0200] {processor.py:914} INFO - Processing file /home/rodrigo/Escritorio/BBDDAvanzadas/.venv/lib/python3.12/site-packages/airflow/example_dags/example_nested_branch_dag.py for tasks to queue
[2026-05-07T19:44:03.268+0200] {logging_mixin.py:190} INFO - [2026-05-07T19:44:03.268+0200] {dagbag.py:588} INFO - Filling up the DagBag from /home/rodrigo/Escritorio/BBDDAvanzadas/.venv/lib/python3.12/site-packages/airflow/example_dags/example_nested_branch_dag.py
[2026-05-07T19:44:03.278+0200] {processor.py:925} INFO - DAG(s) 'example_nested_branch_dag' retrieved from /home/rodrigo/Escritorio/BBDDAvanzadas/.venv/lib/python3.12/site-packages/airflow/example_dags/example_nested_branch_dag.py
[2026-05-07T19:44:03.382+0200] {logging_mixin.py:190} INFO - [2026-05-07T19:44:03.382+0200] {dag.py:3239} INFO - Sync 1 DAGs
[2026-05-07T19:44:03.392+0200] {logging_mixin.py:190} INFO - [2026-05-07T19:44:03.392+0200] {dag.py:4180} INFO - Setting next_dagrun for example_nested_branch_dag to 2026-05-06 00:00:00+00:00, run_after=2026-05-07 00:00:00+00:00
[2026-05-07T19:44:03.409+0200] {processor.py:208} INFO - Processing /home/rodrigo/Escritorio/BBDDAvanzadas/.venv/lib/python3.12/site-packages/airflow/example_dags/example_nested_branch_dag.py took 0.147 seconds
[2026-05-07T19:45:43.287+0200] {processor.py:186} INFO - Started process (PID=15900) to work on /home/rodrigo/Escritorio/BBDDAvanzadas/.venv/lib/python3.12/site-packages/airflow/example_dags/example_nested_branch_dag.py
[2026-05-07T19:45:43.289+0200] {processor.py:914} INFO - Processing file /home/rodrigo/Escritorio/BBDDAvanzadas/.venv/lib/python3.12/site-packages/airflow/example_dags/example_nested_branch_dag.py for tasks to queue
[2026-05-07T19:45:43.291+0200] {logging_mixin.py:190} INFO - [2026-05-07T19:45:43.291+0200] {dagbag.py:588} INFO - Filling up the DagBag from /home/rodrigo/Escritorio/BBDDAvanzadas/.venv/lib/python3.12/site-packages/airflow/example_dags/example_nested_branch_dag.py
[2026-05-07T19:45:43.311+0200] {processor.py:925} INFO - DAG(s) 'example_nested_branch_dag' retrieved from /home/rodrigo/Escritorio/BBDDAvanzadas/.venv/lib/python3.12/site-packages/airflow/example_dags/example_nested_branch_dag.py
[2026-05-07T19:45:43.329+0200] {logging_mixin.py:190} INFO - [2026-05-07T19:45:43.329+0200] {dag.py:3239} INFO - Sync 1 DAGs
[2026-05-07T19:45:43.349+0200] {logging_mixin.py:190} INFO - [2026-05-07T19:45:43.348+0200] {dag.py:4180} INFO - Setting next_dagrun for example_nested_branch_dag to 2026-05-06 00:00:00+00:00, run_after=2026-05-07 00:00:00+00:00
[2026-05-07T19:45:43.368+0200] {processor.py:208} INFO - Processing /home/rodrigo/Escritorio/BBDDAvanzadas/.venv/lib/python3.12/site-packages/airflow/example_dags/example_nested_branch_dag.py took 0.087 seconds
[2026-05-07T19:47:16.837+0200] {processor.py:186} INFO - Started process (PID=16054) to work on /home/rodrigo/Escritorio/BBDDAvanzadas/.venv/lib/python3.12/site-packages/airflow/example_dags/example_nested_branch_dag.py
[2026-05-07T19:47:16.839+0200] {processor.py:914} INFO - Processing file /home/rodrigo/Escritorio/BBDDAvanzadas/.venv/lib/python3.12/site-packages/airflow/example_dags/example_nested_branch_dag.py for tasks to queue
[2026-05-07T19:47:16.841+0200] {logging_mixin.py:190} INFO - [2026-05-07T19:47:16.841+0200] {dagbag.py:588} INFO - Filling up the DagBag from /home/rodrigo/Escritorio/BBDDAvanzadas/.venv/lib/python3.12/site-packages/airflow/example_dags/example_nested_branch_dag.py
[2026-05-07T19:47:16.851+0200] {processor.py:925} INFO - DAG(s) 'example_nested_branch_dag' retrieved from /home/rodrigo/Escritorio/BBDDAvanzadas/.venv/lib/python3.12/site-packages/airflow/example_dags/example_nested_branch_dag.py
[2026-05-07T19:47:16.864+0200] {logging_mixin.py:190} INFO - [2026-05-07T19:47:16.864+0200] {dag.py:3239} INFO - Sync 1 DAGs
[2026-05-07T19:47:16.878+0200] {logging_mixin.py:190} INFO - [2026-05-07T19:47:16.878+0200] {dag.py:4180} INFO - Setting next_dagrun for example_nested_branch_dag to 2026-05-06 00:00:00+00:00, run_after=2026-05-07 00:00:00+00:00
[2026-05-07T19:47:16.894+0200] {processor.py:208} INFO - Processing /home/rodrigo/Escritorio/BBDDAvanzadas/.venv/lib/python3.12/site-packages/airflow/example_dags/example_nested_branch_dag.py took 0.062 seconds
[2026-05-07T19:48:26.791+0200] {processor.py:186} INFO - Started process (PID=16190) to work on /home/rodrigo/Escritorio/BBDDAvanzadas/.venv/lib/python3.12/site-packages/airflow/example_dags/example_nested_branch_dag.py
[2026-05-07T19:48:26.792+0200] {processor.py:914} INFO - Processing file /home/rodrigo/Escritorio/BBDDAvanzadas/.venv/lib/python3.12/site-packages/airflow/example_dags/example_nested_branch_dag.py for tasks to queue
[2026-05-07T19:48:26.794+0200] {logging_mixin.py:190} INFO - [2026-05-07T19:48:26.794+0200] {dagbag.py:588} INFO - Filling up the DagBag from /home/rodrigo/Escritorio/BBDDAvanzadas/.venv/lib/python3.12/site-packages/airflow/example_dags/example_nested_branch_dag.py
[2026-05-07T19:48:26.803+0200] {processor.py:925} INFO - DAG(s) 'example_nested_branch_dag' retrieved from /home/rodrigo/Escritorio/BBDDAvanzadas/.venv/lib/python3.12/site-packages/airflow/example_dags/example_nested_branch_dag.py
[2026-05-07T19:48:26.815+0200] {logging_mixin.py:190} INFO - [2026-05-07T19:48:26.815+0200] {dag.py:3239} INFO - Sync 1 DAGs
[2026-05-07T19:48:26.829+0200] {logging_mixin.py:190} INFO - [2026-05-07T19:48:26.829+0200] {dag.py:4180} INFO - Setting next_dagrun for example_nested_branch_dag to 2026-05-06 00:00:00+00:00, run_after=2026-05-07 00:00:00+00:00
[2026-05-07T19:48:26.846+0200] {processor.py:208} INFO - Processing /home/rodrigo/Escritorio/BBDDAvanzadas/.venv/lib/python3.12/site-packages/airflow/example_dags/example_nested_branch_dag.py took 0.060 seconds
[2026-05-07T19:50:07.779+0200] {processor.py:186} INFO - Started process (PID=16317) to work on /home/rodrigo/Escritorio/BBDDAvanzadas/.venv/lib/python3.12/site-packages/airflow/example_dags/example_nested_branch_dag.py
[2026-05-07T19:50:07.781+0200] {processor.py:914} INFO - Processing file /home/rodrigo/Escritorio/BBDDAvanzadas/.venv/lib/python3.12/site-packages/airflow/example_dags/example_nested_branch_dag.py for tasks to queue
[2026-05-07T19:50:07.783+0200] {logging_mixin.py:190} INFO - [2026-05-07T19:50:07.783+0200] {dagbag.py:588} INFO - Filling up the DagBag from /home/rodrigo/Escritorio/BBDDAvanzadas/.venv/lib/python3.12/site-packages/airflow/example_dags/example_nested_branch_dag.py
[2026-05-07T19:50:07.791+0200] {processor.py:925} INFO - DAG(s) 'example_nested_branch_dag' retrieved from /home/rodrigo/Escritorio/BBDDAvanzadas/.venv/lib/python3.12/site-packages/airflow/example_dags/example_nested_branch_dag.py
[2026-05-07T19:50:07.803+0200] {logging_mixin.py:190} INFO - [2026-05-07T19:50:07.802+0200] {dag.py:3239} INFO - Sync 1 DAGs
[2026-05-07T19:50:07.816+0200] {logging_mixin.py:190} INFO - [2026-05-07T19:50:07.816+0200] {dag.py:4180} INFO - Setting next_dagrun for example_nested_branch_dag to 2026-05-06 00:00:00+00:00, run_after=2026-05-07 00:00:00+00:00
[2026-05-07T19:50:07.830+0200] {processor.py:208} INFO - Processing /home/rodrigo/Escritorio/BBDDAvanzadas/.venv/lib/python3.12/site-packages/airflow/example_dags/example_nested_branch_dag.py took 0.055 seconds
