[2026-05-07T19:33:13.361+0200] {processor.py:186} INFO - Started process (PID=14496) to work on /home/rodrigo/Escritorio/BBDDAvanzadas/.venv/lib/python3.12/site-packages/airflow/example_dags/example_branch_labels.py
[2026-05-07T19:33:13.361+0200] {processor.py:914} INFO - Processing file /home/rodrigo/Escritorio/BBDDAvanzadas/.venv/lib/python3.12/site-packages/airflow/example_dags/example_branch_labels.py for tasks to queue
[2026-05-07T19:33:13.363+0200] {logging_mixin.py:190} INFO - [2026-05-07T19:33:13.362+0200] {dagbag.py:588} INFO - Filling up the DagBag from /home/rodrigo/Escritorio/BBDDAvanzadas/.venv/lib/python3.12/site-packages/airflow/example_dags/example_branch_labels.py
[2026-05-07T19:33:13.371+0200] {processor.py:925} INFO - DAG(s) 'example_branch_labels' retrieved from /home/rodrigo/Escritorio/BBDDAvanzadas/.venv/lib/python3.12/site-packages/airflow/example_dags/example_branch_labels.py
[2026-05-07T19:33:13.456+0200] {logging_mixin.py:190} INFO - [2026-05-07T19:33:13.455+0200] {override.py:1930} INFO - Created Permission View: can read on DAG:example_branch_labels
[2026-05-07T19:33:13.466+0200] {logging_mixin.py:190} INFO - [2026-05-07T19:33:13.466+0200] {override.py:1930} INFO - Created Permission View: can edit on DAG:example_branch_labels
[2026-05-07T19:33:13.475+0200] {logging_mixin.py:190} INFO - [2026-05-07T19:33:13.474+0200] {override.py:1930} INFO - Created Permission View: can delete on DAG:example_branch_labels
[2026-05-07T19:33:13.489+0200] {logging_mixin.py:190} INFO - [2026-05-07T19:33:13.489+0200] {override.py:1930} INFO - Created Permission View: can create on DAG Run:example_branch_labels
[2026-05-07T19:33:13.498+0200] {logging_mixin.py:190} INFO - [2026-05-07T19:33:13.498+0200] {override.py:1930} INFO - Created Permission View: can read on DAG Run:example_branch_labels
[2026-05-07T19:33:13.506+0200] {logging_mixin.py:190} INFO - [2026-05-07T19:33:13.506+0200] {override.py:1930} INFO - Created Permission View: menu access on DAG Run:example_branch_labels
[2026-05-07T19:33:13.515+0200] {logging_mixin.py:190} INFO - [2026-05-07T19:33:13.515+0200] {override.py:1930} INFO - Created Permission View: can delete on DAG Run:example_branch_labels
[2026-05-07T19:33:13.515+0200] {logging_mixin.py:190} INFO - [2026-05-07T19:33:13.515+0200] {dag.py:3239} INFO - Sync 1 DAGs
[2026-05-07T19:33:13.523+0200] {logging_mixin.py:190} INFO - [2026-05-07T19:33:13.522+0200] {dag.py:3262} INFO - Creating ORM DAG for example_branch_labels
[2026-05-07T19:33:13.532+0200] {logging_mixin.py:190} INFO - [2026-05-07T19:33:13.532+0200] {dag.py:4180} INFO - Setting next_dagrun for example_branch_labels to 2026-05-06 00:00:00+00:00, run_after=2026-05-07 00:00:00+00:00
[2026-05-07T19:33:13.578+0200] {processor.py:208} INFO - Processing /home/rodrigo/Escritorio/BBDDAvanzadas/.venv/lib/python3.12/site-packages/airflow/example_dags/example_branch_labels.py took 0.222 seconds
[2026-05-07T19:37:54.820+0200] {processor.py:186} INFO - Started process (PID=14933) to work on /home/rodrigo/Escritorio/BBDDAvanzadas/.venv/lib/python3.12/site-packages/airflow/example_dags/example_branch_labels.py
[2026-05-07T19:37:54.825+0200] {processor.py:914} INFO - Processing file /home/rodrigo/Escritorio/BBDDAvanzadas/.venv/lib/python3.12/site-packages/airflow/example_dags/example_branch_labels.py for tasks to queue
[2026-05-07T19:37:54.827+0200] {logging_mixin.py:190} INFO - [2026-05-07T19:37:54.827+0200] {dagbag.py:588} INFO - Filling up the DagBag from /home/rodrigo/Escritorio/BBDDAvanzadas/.venv/lib/python3.12/site-packages/airflow/example_dags/example_branch_labels.py
[2026-05-07T19:37:54.839+0200] {processor.py:925} INFO - DAG(s) 'example_branch_labels' retrieved from /home/rodrigo/Escritorio/BBDDAvanzadas/.venv/lib/python3.12/site-packages/airflow/example_dags/example_branch_labels.py
[2026-05-07T19:37:54.851+0200] {logging_mixin.py:190} INFO - [2026-05-07T19:37:54.851+0200] {dag.py:3239} INFO - Sync 1 DAGs
[2026-05-07T19:37:54.868+0200] {logging_mixin.py:190} INFO - [2026-05-07T19:37:54.868+0200] {dag.py:4180} INFO - Setting next_dagrun for example_branch_labels to 2026-05-06 00:00:00+00:00, run_after=2026-05-07 00:00:00+00:00
[2026-05-07T19:37:54.889+0200] {processor.py:208} INFO - Processing /home/rodrigo/Escritorio/BBDDAvanzadas/.venv/lib/python3.12/site-packages/airflow/example_dags/example_branch_labels.py took 0.078 seconds
[2026-05-07T19:39:05.932+0200] {processor.py:186} INFO - Started process (PID=15010) to work on /home/rodrigo/Escritorio/BBDDAvanzadas/.venv/lib/python3.12/site-packages/airflow/example_dags/example_branch_labels.py
[2026-05-07T19:39:05.934+0200] {processor.py:914} INFO - Processing file /home/rodrigo/Escritorio/BBDDAvanzadas/.venv/lib/python3.12/site-packages/airflow/example_dags/example_branch_labels.py for tasks to queue
[2026-05-07T19:39:05.935+0200] {logging_mixin.py:190} INFO - [2026-05-07T19:39:05.935+0200] {dagbag.py:588} INFO - Filling up the DagBag from /home/rodrigo/Escritorio/BBDDAvanzadas/.venv/lib/python3.12/site-packages/airflow/example_dags/example_branch_labels.py
[2026-05-07T19:39:05.946+0200] {processor.py:925} INFO - DAG(s) 'example_branch_labels' retrieved from /home/rodrigo/Escritorio/BBDDAvanzadas/.venv/lib/python3.12/site-packages/airflow/example_dags/example_branch_labels.py
[2026-05-07T19:39:05.958+0200] {logging_mixin.py:190} INFO - [2026-05-07T19:39:05.958+0200] {dag.py:3239} INFO - Sync 1 DAGs
[2026-05-07T19:39:05.988+0200] {logging_mixin.py:190} INFO - [2026-05-07T19:39:05.986+0200] {dag.py:4180} INFO - Setting next_dagrun for example_branch_labels to 2026-05-06 00:00:00+00:00, run_after=2026-05-07 00:00:00+00:00
[2026-05-07T19:39:06.040+0200] {processor.py:208} INFO - Processing /home/rodrigo/Escritorio/BBDDAvanzadas/.venv/lib/python3.12/site-packages/airflow/example_dags/example_branch_labels.py took 0.112 seconds
[2026-05-07T19:40:48.684+0200] {processor.py:186} INFO - Started process (PID=15153) to work on /home/rodrigo/Escritorio/BBDDAvanzadas/.venv/lib/python3.12/site-packages/airflow/example_dags/example_branch_labels.py
[2026-05-07T19:40:48.686+0200] {processor.py:914} INFO - Processing file /home/rodrigo/Escritorio/BBDDAvanzadas/.venv/lib/python3.12/site-packages/airflow/example_dags/example_branch_labels.py for tasks to queue
[2026-05-07T19:40:48.687+0200] {logging_mixin.py:190} INFO - [2026-05-07T19:40:48.687+0200] {dagbag.py:588} INFO - Filling up the DagBag from /home/rodrigo/Escritorio/BBDDAvanzadas/.venv/lib/python3.12/site-packages/airflow/example_dags/example_branch_labels.py
[2026-05-07T19:40:48.719+0200] {processor.py:925} INFO - DAG(s) 'example_branch_labels' retrieved from /home/rodrigo/Escritorio/BBDDAvanzadas/.venv/lib/python3.12/site-packages/airflow/example_dags/example_branch_labels.py
[2026-05-07T19:40:48.739+0200] {logging_mixin.py:190} INFO - [2026-05-07T19:40:48.739+0200] {dag.py:3239} INFO - Sync 1 DAGs
[2026-05-07T19:40:48.753+0200] {logging_mixin.py:190} INFO - [2026-05-07T19:40:48.753+0200] {dag.py:4180} INFO - Setting next_dagrun for example_branch_labels to 2026-05-06 00:00:00+00:00, run_after=2026-05-07 00:00:00+00:00
[2026-05-07T19:40:48.792+0200] {processor.py:208} INFO - Processing /home/rodrigo/Escritorio/BBDDAvanzadas/.venv/lib/python3.12/site-packages/airflow/example_dags/example_branch_labels.py took 0.118 seconds
[2026-05-07T19:42:10.526+0200] {processor.py:186} INFO - Started process (PID=15411) to work on /home/rodrigo/Escritorio/BBDDAvanzadas/.venv/lib/python3.12/site-packages/airflow/example_dags/example_branch_labels.py
[2026-05-07T19:42:10.527+0200] {processor.py:914} INFO - Processing file /home/rodrigo/Escritorio/BBDDAvanzadas/.venv/lib/python3.12/site-packages/airflow/example_dags/example_branch_labels.py for tasks to queue
[2026-05-07T19:42:10.529+0200] {logging_mixin.py:190} INFO - [2026-05-07T19:42:10.528+0200] {dagbag.py:588} INFO - Filling up the DagBag from /home/rodrigo/Escritorio/BBDDAvanzadas/.venv/lib/python3.12/site-packages/airflow/example_dags/example_branch_labels.py
[2026-05-07T19:42:10.535+0200] {processor.py:925} INFO - DAG(s) 'example_branch_labels' retrieved from /home/rodrigo/Escritorio/BBDDAvanzadas/.venv/lib/python3.12/site-packages/airflow/example_dags/example_branch_labels.py
[2026-05-07T19:42:10.545+0200] {logging_mixin.py:190} INFO - [2026-05-07T19:42:10.545+0200] {dag.py:3239} INFO - Sync 1 DAGs
[2026-05-07T19:42:10.557+0200] {logging_mixin.py:190} INFO - [2026-05-07T19:42:10.557+0200] {dag.py:4180} INFO - Setting next_dagrun for example_branch_labels to 2026-05-06 00:00:00+00:00, run_after=2026-05-07 00:00:00+00:00
[2026-05-07T19:42:10.572+0200] {processor.py:208} INFO - Processing /home/rodrigo/Escritorio/BBDDAvanzadas/.venv/lib/python3.12/site-packages/airflow/example_dags/example_branch_labels.py took 0.049 seconds
[2026-05-07T19:43:27.102+0200] {processor.py:186} INFO - Started process (PID=15588) to work on /home/rodrigo/Escritorio/BBDDAvanzadas/.venv/lib/python3.12/site-packages/airflow/example_dags/example_branch_labels.py
[2026-05-07T19:43:27.114+0200] {processor.py:914} INFO - Processing file /home/rodrigo/Escritorio/BBDDAvanzadas/.venv/lib/python3.12/site-packages/airflow/example_dags/example_branch_labels.py for tasks to queue
[2026-05-07T19:43:27.116+0200] {logging_mixin.py:190} INFO - [2026-05-07T19:43:27.116+0200] {dagbag.py:588} INFO - Filling up the DagBag from /home/rodrigo/Escritorio/BBDDAvanzadas/.venv/lib/python3.12/site-packages/airflow/example_dags/example_branch_labels.py
[2026-05-07T19:43:27.135+0200] {processor.py:925} INFO - DAG(s) 'example_branch_labels' retrieved from /home/rodrigo/Escritorio/BBDDAvanzadas/.venv/lib/python3.12/site-packages/airflow/example_dags/example_branch_labels.py
[2026-05-07T19:43:27.150+0200] {logging_mixin.py:190} INFO - [2026-05-07T19:43:27.150+0200] {dag.py:3239} INFO - Sync 1 DAGs
[2026-05-07T19:43:27.164+0200] {logging_mixin.py:190} INFO - [2026-05-07T19:43:27.164+0200] {dag.py:4180} INFO - Setting next_dagrun for example_branch_labels to 2026-05-06 00:00:00+00:00, run_after=2026-05-07 00:00:00+00:00
[2026-05-07T19:43:27.269+0200] {processor.py:208} INFO - Processing /home/rodrigo/Escritorio/BBDDAvanzadas/.venv/lib/python3.12/site-packages/airflow/example_dags/example_branch_labels.py took 0.185 seconds
[2026-05-07T19:44:55.971+0200] {processor.py:186} INFO - Started process (PID=15853) to work on /home/rodrigo/Escritorio/BBDDAvanzadas/.venv/lib/python3.12/site-packages/airflow/example_dags/example_branch_labels.py
[2026-05-07T19:44:55.972+0200] {processor.py:914} INFO - Processing file /home/rodrigo/Escritorio/BBDDAvanzadas/.venv/lib/python3.12/site-packages/airflow/example_dags/example_branch_labels.py for tasks to queue
[2026-05-07T19:44:55.974+0200] {logging_mixin.py:190} INFO - [2026-05-07T19:44:55.974+0200] {dagbag.py:588} INFO - Filling up the DagBag from /home/rodrigo/Escritorio/BBDDAvanzadas/.venv/lib/python3.12/site-packages/airflow/example_dags/example_branch_labels.py
[2026-05-07T19:44:55.982+0200] {processor.py:925} INFO - DAG(s) 'example_branch_labels' retrieved from /home/rodrigo/Escritorio/BBDDAvanzadas/.venv/lib/python3.12/site-packages/airflow/example_dags/example_branch_labels.py
[2026-05-07T19:44:55.995+0200] {logging_mixin.py:190} INFO - [2026-05-07T19:44:55.995+0200] {dag.py:3239} INFO - Sync 1 DAGs
[2026-05-07T19:44:56.011+0200] {logging_mixin.py:190} INFO - [2026-05-07T19:44:56.011+0200] {dag.py:4180} INFO - Setting next_dagrun for example_branch_labels to 2026-05-06 00:00:00+00:00, run_after=2026-05-07 00:00:00+00:00
[2026-05-07T19:44:56.029+0200] {processor.py:208} INFO - Processing /home/rodrigo/Escritorio/BBDDAvanzadas/.venv/lib/python3.12/site-packages/airflow/example_dags/example_branch_labels.py took 0.063 seconds
[2026-05-07T19:46:40.949+0200] {processor.py:186} INFO - Started process (PID=15951) to work on /home/rodrigo/Escritorio/BBDDAvanzadas/.venv/lib/python3.12/site-packages/airflow/example_dags/example_branch_labels.py
[2026-05-07T19:46:40.951+0200] {processor.py:914} INFO - Processing file /home/rodrigo/Escritorio/BBDDAvanzadas/.venv/lib/python3.12/site-packages/airflow/example_dags/example_branch_labels.py for tasks to queue
[2026-05-07T19:46:40.953+0200] {logging_mixin.py:190} INFO - [2026-05-07T19:46:40.952+0200] {dagbag.py:588} INFO - Filling up the DagBag from /home/rodrigo/Escritorio/BBDDAvanzadas/.venv/lib/python3.12/site-packages/airflow/example_dags/example_branch_labels.py
[2026-05-07T19:46:40.963+0200] {processor.py:925} INFO - DAG(s) 'example_branch_labels' retrieved from /home/rodrigo/Escritorio/BBDDAvanzadas/.venv/lib/python3.12/site-packages/airflow/example_dags/example_branch_labels.py
[2026-05-07T19:46:40.991+0200] {logging_mixin.py:190} INFO - [2026-05-07T19:46:40.990+0200] {dag.py:3239} INFO - Sync 1 DAGs
[2026-05-07T19:46:41.044+0200] {logging_mixin.py:190} INFO - [2026-05-07T19:46:41.043+0200] {dag.py:4180} INFO - Setting next_dagrun for example_branch_labels to 2026-05-06 00:00:00+00:00, run_after=2026-05-07 00:00:00+00:00
[2026-05-07T19:46:41.089+0200] {processor.py:208} INFO - Processing /home/rodrigo/Escritorio/BBDDAvanzadas/.venv/lib/python3.12/site-packages/airflow/example_dags/example_branch_labels.py took 0.146 seconds
[2026-05-07T19:47:52.157+0200] {processor.py:186} INFO - Started process (PID=16127) to work on /home/rodrigo/Escritorio/BBDDAvanzadas/.venv/lib/python3.12/site-packages/airflow/example_dags/example_branch_labels.py
[2026-05-07T19:47:52.159+0200] {processor.py:914} INFO - Processing file /home/rodrigo/Escritorio/BBDDAvanzadas/.venv/lib/python3.12/site-packages/airflow/example_dags/example_branch_labels.py for tasks to queue
[2026-05-07T19:47:52.161+0200] {logging_mixin.py:190} INFO - [2026-05-07T19:47:52.160+0200] {dagbag.py:588} INFO - Filling up the DagBag from /home/rodrigo/Escritorio/BBDDAvanzadas/.venv/lib/python3.12/site-packages/airflow/example_dags/example_branch_labels.py
[2026-05-07T19:47:52.168+0200] {processor.py:925} INFO - DAG(s) 'example_branch_labels' retrieved from /home/rodrigo/Escritorio/BBDDAvanzadas/.venv/lib/python3.12/site-packages/airflow/example_dags/example_branch_labels.py
[2026-05-07T19:47:52.180+0200] {logging_mixin.py:190} INFO - [2026-05-07T19:47:52.180+0200] {dag.py:3239} INFO - Sync 1 DAGs
[2026-05-07T19:47:52.198+0200] {logging_mixin.py:190} INFO - [2026-05-07T19:47:52.198+0200] {dag.py:4180} INFO - Setting next_dagrun for example_branch_labels to 2026-05-06 00:00:00+00:00, run_after=2026-05-07 00:00:00+00:00
[2026-05-07T19:47:52.217+0200] {processor.py:208} INFO - Processing /home/rodrigo/Escritorio/BBDDAvanzadas/.venv/lib/python3.12/site-packages/airflow/example_dags/example_branch_labels.py took 0.065 seconds
[2026-05-07T19:49:20.669+0200] {processor.py:186} INFO - Started process (PID=16256) to work on /home/rodrigo/Escritorio/BBDDAvanzadas/.venv/lib/python3.12/site-packages/airflow/example_dags/example_branch_labels.py
[2026-05-07T19:49:20.670+0200] {processor.py:914} INFO - Processing file /home/rodrigo/Escritorio/BBDDAvanzadas/.venv/lib/python3.12/site-packages/airflow/example_dags/example_branch_labels.py for tasks to queue
[2026-05-07T19:49:20.672+0200] {logging_mixin.py:190} INFO - [2026-05-07T19:49:20.672+0200] {dagbag.py:588} INFO - Filling up the DagBag from /home/rodrigo/Escritorio/BBDDAvanzadas/.venv/lib/python3.12/site-packages/airflow/example_dags/example_branch_labels.py
[2026-05-07T19:49:20.679+0200] {processor.py:925} INFO - DAG(s) 'example_branch_labels' retrieved from /home/rodrigo/Escritorio/BBDDAvanzadas/.venv/lib/python3.12/site-packages/airflow/example_dags/example_branch_labels.py
[2026-05-07T19:49:20.689+0200] {logging_mixin.py:190} INFO - [2026-05-07T19:49:20.689+0200] {dag.py:3239} INFO - Sync 1 DAGs
[2026-05-07T19:49:20.703+0200] {logging_mixin.py:190} INFO - [2026-05-07T19:49:20.703+0200] {dag.py:4180} INFO - Setting next_dagrun for example_branch_labels to 2026-05-06 00:00:00+00:00, run_after=2026-05-07 00:00:00+00:00
[2026-05-07T19:49:20.721+0200] {processor.py:208} INFO - Processing /home/rodrigo/Escritorio/BBDDAvanzadas/.venv/lib/python3.12/site-packages/airflow/example_dags/example_branch_labels.py took 0.056 seconds
[2026-05-07T19:51:05.637+0200] {processor.py:186} INFO - Started process (PID=16367) to work on /home/rodrigo/Escritorio/BBDDAvanzadas/.venv/lib/python3.12/site-packages/airflow/example_dags/example_branch_labels.py
[2026-05-07T19:51:05.638+0200] {processor.py:914} INFO - Processing file /home/rodrigo/Escritorio/BBDDAvanzadas/.venv/lib/python3.12/site-packages/airflow/example_dags/example_branch_labels.py for tasks to queue
[2026-05-07T19:51:05.640+0200] {logging_mixin.py:190} INFO - [2026-05-07T19:51:05.640+0200] {dagbag.py:588} INFO - Filling up the DagBag from /home/rodrigo/Escritorio/BBDDAvanzadas/.venv/lib/python3.12/site-packages/airflow/example_dags/example_branch_labels.py
[2026-05-07T19:51:05.649+0200] {processor.py:925} INFO - DAG(s) 'example_branch_labels' retrieved from /home/rodrigo/Escritorio/BBDDAvanzadas/.venv/lib/python3.12/site-packages/airflow/example_dags/example_branch_labels.py
[2026-05-07T19:51:05.662+0200] {logging_mixin.py:190} INFO - [2026-05-07T19:51:05.662+0200] {dag.py:3239} INFO - Sync 1 DAGs
[2026-05-07T19:51:05.679+0200] {logging_mixin.py:190} INFO - [2026-05-07T19:51:05.679+0200] {dag.py:4180} INFO - Setting next_dagrun for example_branch_labels to 2026-05-06 00:00:00+00:00, run_after=2026-05-07 00:00:00+00:00
[2026-05-07T19:51:05.699+0200] {processor.py:208} INFO - Processing /home/rodrigo/Escritorio/BBDDAvanzadas/.venv/lib/python3.12/site-packages/airflow/example_dags/example_branch_labels.py took 0.068 seconds
