[2026-05-07T19:33:02.099+0200] {processor.py:186} INFO - Started process (PID=14414) to work on /home/rodrigo/Escritorio/BBDDAvanzadas/.venv/lib/python3.12/site-packages/airflow/example_dags/example_dataset_alias_with_no_taskflow.py
[2026-05-07T19:33:02.100+0200] {processor.py:914} INFO - Processing file /home/rodrigo/Escritorio/BBDDAvanzadas/.venv/lib/python3.12/site-packages/airflow/example_dags/example_dataset_alias_with_no_taskflow.py for tasks to queue
[2026-05-07T19:33:02.104+0200] {logging_mixin.py:190} INFO - [2026-05-07T19:33:02.103+0200] {dagbag.py:588} INFO - Filling up the DagBag from /home/rodrigo/Escritorio/BBDDAvanzadas/.venv/lib/python3.12/site-packages/airflow/example_dags/example_dataset_alias_with_no_taskflow.py
[2026-05-07T19:33:02.129+0200] {processor.py:925} INFO - DAG(s) 'dataset_alias_example_alias_consumer_with_no_taskflow', 'dataset_alias_example_alias_producer_with_no_taskflow', 'dataset_s3_bucket_consumer_with_no_taskflow', 'dataset_s3_bucket_producer_with_no_taskflow' retrieved from /home/rodrigo/Escritorio/BBDDAvanzadas/.venv/lib/python3.12/site-packages/airflow/example_dags/example_dataset_alias_with_no_taskflow.py
[2026-05-07T19:33:02.324+0200] {logging_mixin.py:190} INFO - [2026-05-07T19:33:02.322+0200] {override.py:1930} INFO - Created Permission View: can read on DAG:dataset_alias_example_alias_consumer_with_no_taskflow
[2026-05-07T19:33:02.337+0200] {logging_mixin.py:190} INFO - [2026-05-07T19:33:02.337+0200] {override.py:1930} INFO - Created Permission View: can edit on DAG:dataset_alias_example_alias_consumer_with_no_taskflow
[2026-05-07T19:33:02.349+0200] {logging_mixin.py:190} INFO - [2026-05-07T19:33:02.349+0200] {override.py:1930} INFO - Created Permission View: can delete on DAG:dataset_alias_example_alias_consumer_with_no_taskflow
[2026-05-07T19:33:02.380+0200] {logging_mixin.py:190} INFO - [2026-05-07T19:33:02.379+0200] {override.py:1930} INFO - Created Permission View: can create on DAG Run:dataset_alias_example_alias_consumer_with_no_taskflow
[2026-05-07T19:33:02.399+0200] {logging_mixin.py:190} INFO - [2026-05-07T19:33:02.398+0200] {override.py:1930} INFO - Created Permission View: can read on DAG Run:dataset_alias_example_alias_consumer_with_no_taskflow
[2026-05-07T19:33:02.407+0200] {logging_mixin.py:190} INFO - [2026-05-07T19:33:02.407+0200] {override.py:1930} INFO - Created Permission View: menu access on DAG Run:dataset_alias_example_alias_consumer_with_no_taskflow
[2026-05-07T19:33:02.420+0200] {logging_mixin.py:190} INFO - [2026-05-07T19:33:02.419+0200] {override.py:1930} INFO - Created Permission View: can delete on DAG Run:dataset_alias_example_alias_consumer_with_no_taskflow
[2026-05-07T19:33:02.441+0200] {logging_mixin.py:190} INFO - [2026-05-07T19:33:02.441+0200] {override.py:1930} INFO - Created Permission View: can read on DAG:dataset_alias_example_alias_producer_with_no_taskflow
[2026-05-07T19:33:02.453+0200] {logging_mixin.py:190} INFO - [2026-05-07T19:33:02.452+0200] {override.py:1930} INFO - Created Permission View: can edit on DAG:dataset_alias_example_alias_producer_with_no_taskflow
[2026-05-07T19:33:02.462+0200] {logging_mixin.py:190} INFO - [2026-05-07T19:33:02.462+0200] {override.py:1930} INFO - Created Permission View: can delete on DAG:dataset_alias_example_alias_producer_with_no_taskflow
[2026-05-07T19:33:02.478+0200] {logging_mixin.py:190} INFO - [2026-05-07T19:33:02.478+0200] {override.py:1930} INFO - Created Permission View: can create on DAG Run:dataset_alias_example_alias_producer_with_no_taskflow
[2026-05-07T19:33:02.503+0200] {logging_mixin.py:190} INFO - [2026-05-07T19:33:02.503+0200] {override.py:1930} INFO - Created Permission View: can read on DAG Run:dataset_alias_example_alias_producer_with_no_taskflow
[2026-05-07T19:33:02.513+0200] {logging_mixin.py:190} INFO - [2026-05-07T19:33:02.512+0200] {override.py:1930} INFO - Created Permission View: menu access on DAG Run:dataset_alias_example_alias_producer_with_no_taskflow
[2026-05-07T19:33:02.523+0200] {logging_mixin.py:190} INFO - [2026-05-07T19:33:02.522+0200] {override.py:1930} INFO - Created Permission View: can delete on DAG Run:dataset_alias_example_alias_producer_with_no_taskflow
[2026-05-07T19:33:02.584+0200] {logging_mixin.py:190} INFO - [2026-05-07T19:33:02.583+0200] {override.py:1930} INFO - Created Permission View: can read on DAG:dataset_s3_bucket_consumer_with_no_taskflow
[2026-05-07T19:33:02.597+0200] {logging_mixin.py:190} INFO - [2026-05-07T19:33:02.596+0200] {override.py:1930} INFO - Created Permission View: can edit on DAG:dataset_s3_bucket_consumer_with_no_taskflow
[2026-05-07T19:33:02.651+0200] {logging_mixin.py:190} INFO - [2026-05-07T19:33:02.642+0200] {override.py:1930} INFO - Created Permission View: can delete on DAG:dataset_s3_bucket_consumer_with_no_taskflow
[2026-05-07T19:33:02.736+0200] {logging_mixin.py:190} INFO - [2026-05-07T19:33:02.736+0200] {override.py:1930} INFO - Created Permission View: can create on DAG Run:dataset_s3_bucket_consumer_with_no_taskflow
[2026-05-07T19:33:02.816+0200] {logging_mixin.py:190} INFO - [2026-05-07T19:33:02.815+0200] {override.py:1930} INFO - Created Permission View: can read on DAG Run:dataset_s3_bucket_consumer_with_no_taskflow
[2026-05-07T19:33:02.859+0200] {logging_mixin.py:190} INFO - [2026-05-07T19:33:02.857+0200] {override.py:1930} INFO - Created Permission View: menu access on DAG Run:dataset_s3_bucket_consumer_with_no_taskflow
[2026-05-07T19:33:02.921+0200] {logging_mixin.py:190} INFO - [2026-05-07T19:33:02.921+0200] {override.py:1930} INFO - Created Permission View: can delete on DAG Run:dataset_s3_bucket_consumer_with_no_taskflow
[2026-05-07T19:33:02.966+0200] {logging_mixin.py:190} INFO - [2026-05-07T19:33:02.966+0200] {override.py:1930} INFO - Created Permission View: can read on DAG:dataset_s3_bucket_producer_with_no_taskflow
[2026-05-07T19:33:03.004+0200] {logging_mixin.py:190} INFO - [2026-05-07T19:33:03.003+0200] {override.py:1930} INFO - Created Permission View: can edit on DAG:dataset_s3_bucket_producer_with_no_taskflow
[2026-05-07T19:33:03.032+0200] {logging_mixin.py:190} INFO - [2026-05-07T19:33:03.031+0200] {override.py:1930} INFO - Created Permission View: can delete on DAG:dataset_s3_bucket_producer_with_no_taskflow
[2026-05-07T19:33:03.115+0200] {logging_mixin.py:190} INFO - [2026-05-07T19:33:03.114+0200] {override.py:1930} INFO - Created Permission View: can create on DAG Run:dataset_s3_bucket_producer_with_no_taskflow
[2026-05-07T19:33:03.216+0200] {logging_mixin.py:190} INFO - [2026-05-07T19:33:03.214+0200] {override.py:1930} INFO - Created Permission View: can read on DAG Run:dataset_s3_bucket_producer_with_no_taskflow
[2026-05-07T19:33:03.249+0200] {logging_mixin.py:190} INFO - [2026-05-07T19:33:03.249+0200] {override.py:1930} INFO - Created Permission View: menu access on DAG Run:dataset_s3_bucket_producer_with_no_taskflow
[2026-05-07T19:33:03.284+0200] {logging_mixin.py:190} INFO - [2026-05-07T19:33:03.283+0200] {override.py:1930} INFO - Created Permission View: can delete on DAG Run:dataset_s3_bucket_producer_with_no_taskflow
[2026-05-07T19:33:03.285+0200] {logging_mixin.py:190} INFO - [2026-05-07T19:33:03.285+0200] {dag.py:3239} INFO - Sync 4 DAGs
[2026-05-07T19:33:03.308+0200] {logging_mixin.py:190} INFO - [2026-05-07T19:33:03.307+0200] {dag.py:3262} INFO - Creating ORM DAG for dataset_s3_bucket_producer_with_no_taskflow
[2026-05-07T19:33:03.309+0200] {logging_mixin.py:190} INFO - [2026-05-07T19:33:03.308+0200] {dag.py:3262} INFO - Creating ORM DAG for dataset_alias_example_alias_consumer_with_no_taskflow
[2026-05-07T19:33:03.309+0200] {logging_mixin.py:190} INFO - [2026-05-07T19:33:03.309+0200] {dag.py:3262} INFO - Creating ORM DAG for dataset_alias_example_alias_producer_with_no_taskflow
[2026-05-07T19:33:03.309+0200] {logging_mixin.py:190} INFO - [2026-05-07T19:33:03.309+0200] {dag.py:3262} INFO - Creating ORM DAG for dataset_s3_bucket_consumer_with_no_taskflow
[2026-05-07T19:33:03.326+0200] {logging_mixin.py:190} INFO - [2026-05-07T19:33:03.326+0200] {dag.py:4180} INFO - Setting next_dagrun for dataset_alias_example_alias_consumer_with_no_taskflow to None, run_after=None
[2026-05-07T19:33:03.332+0200] {logging_mixin.py:190} INFO - [2026-05-07T19:33:03.332+0200] {dag.py:4180} INFO - Setting next_dagrun for dataset_alias_example_alias_producer_with_no_taskflow to None, run_after=None
[2026-05-07T19:33:03.332+0200] {logging_mixin.py:190} INFO - [2026-05-07T19:33:03.332+0200] {dag.py:4180} INFO - Setting next_dagrun for dataset_s3_bucket_consumer_with_no_taskflow to None, run_after=None
[2026-05-07T19:33:03.333+0200] {logging_mixin.py:190} INFO - [2026-05-07T19:33:03.332+0200] {dag.py:4180} INFO - Setting next_dagrun for dataset_s3_bucket_producer_with_no_taskflow to None, run_after=None
[2026-05-07T19:33:03.402+0200] {processor.py:208} INFO - Processing /home/rodrigo/Escritorio/BBDDAvanzadas/.venv/lib/python3.12/site-packages/airflow/example_dags/example_dataset_alias_with_no_taskflow.py took 1.309 seconds
[2026-05-07T19:37:47.943+0200] {processor.py:186} INFO - Started process (PID=14925) to work on /home/rodrigo/Escritorio/BBDDAvanzadas/.venv/lib/python3.12/site-packages/airflow/example_dags/example_dataset_alias_with_no_taskflow.py
[2026-05-07T19:37:47.952+0200] {processor.py:914} INFO - Processing file /home/rodrigo/Escritorio/BBDDAvanzadas/.venv/lib/python3.12/site-packages/airflow/example_dags/example_dataset_alias_with_no_taskflow.py for tasks to queue
[2026-05-07T19:37:47.953+0200] {logging_mixin.py:190} INFO - [2026-05-07T19:37:47.953+0200] {dagbag.py:588} INFO - Filling up the DagBag from /home/rodrigo/Escritorio/BBDDAvanzadas/.venv/lib/python3.12/site-packages/airflow/example_dags/example_dataset_alias_with_no_taskflow.py
[2026-05-07T19:37:47.973+0200] {processor.py:925} INFO - DAG(s) 'dataset_s3_bucket_consumer_with_no_taskflow', 'dataset_s3_bucket_producer_with_no_taskflow', 'dataset_alias_example_alias_producer_with_no_taskflow', 'dataset_alias_example_alias_consumer_with_no_taskflow' retrieved from /home/rodrigo/Escritorio/BBDDAvanzadas/.venv/lib/python3.12/site-packages/airflow/example_dags/example_dataset_alias_with_no_taskflow.py
[2026-05-07T19:37:47.985+0200] {logging_mixin.py:190} INFO - [2026-05-07T19:37:47.985+0200] {dag.py:3239} INFO - Sync 4 DAGs
[2026-05-07T19:37:47.998+0200] {logging_mixin.py:190} INFO - [2026-05-07T19:37:47.998+0200] {dag.py:4180} INFO - Setting next_dagrun for dataset_alias_example_alias_consumer_with_no_taskflow to None, run_after=None
[2026-05-07T19:37:48.000+0200] {logging_mixin.py:190} INFO - [2026-05-07T19:37:47.999+0200] {dag.py:4180} INFO - Setting next_dagrun for dataset_alias_example_alias_producer_with_no_taskflow to None, run_after=None
[2026-05-07T19:37:48.001+0200] {logging_mixin.py:190} INFO - [2026-05-07T19:37:48.000+0200] {dag.py:4180} INFO - Setting next_dagrun for dataset_s3_bucket_consumer_with_no_taskflow to None, run_after=None
[2026-05-07T19:37:48.001+0200] {logging_mixin.py:190} INFO - [2026-05-07T19:37:48.001+0200] {dag.py:4180} INFO - Setting next_dagrun for dataset_s3_bucket_producer_with_no_taskflow to None, run_after=None
[2026-05-07T19:37:48.020+0200] {processor.py:208} INFO - Processing /home/rodrigo/Escritorio/BBDDAvanzadas/.venv/lib/python3.12/site-packages/airflow/example_dags/example_dataset_alias_with_no_taskflow.py took 0.087 seconds
[2026-05-07T19:38:58.202+0200] {processor.py:186} INFO - Started process (PID=15003) to work on /home/rodrigo/Escritorio/BBDDAvanzadas/.venv/lib/python3.12/site-packages/airflow/example_dags/example_dataset_alias_with_no_taskflow.py
[2026-05-07T19:38:58.206+0200] {processor.py:914} INFO - Processing file /home/rodrigo/Escritorio/BBDDAvanzadas/.venv/lib/python3.12/site-packages/airflow/example_dags/example_dataset_alias_with_no_taskflow.py for tasks to queue
[2026-05-07T19:38:58.214+0200] {logging_mixin.py:190} INFO - [2026-05-07T19:38:58.213+0200] {dagbag.py:588} INFO - Filling up the DagBag from /home/rodrigo/Escritorio/BBDDAvanzadas/.venv/lib/python3.12/site-packages/airflow/example_dags/example_dataset_alias_with_no_taskflow.py
[2026-05-07T19:38:58.256+0200] {processor.py:925} INFO - DAG(s) 'dataset_s3_bucket_consumer_with_no_taskflow', 'dataset_alias_example_alias_consumer_with_no_taskflow', 'dataset_alias_example_alias_producer_with_no_taskflow', 'dataset_s3_bucket_producer_with_no_taskflow' retrieved from /home/rodrigo/Escritorio/BBDDAvanzadas/.venv/lib/python3.12/site-packages/airflow/example_dags/example_dataset_alias_with_no_taskflow.py
[2026-05-07T19:38:58.273+0200] {logging_mixin.py:190} INFO - [2026-05-07T19:38:58.273+0200] {dag.py:3239} INFO - Sync 4 DAGs
[2026-05-07T19:38:58.295+0200] {logging_mixin.py:190} INFO - [2026-05-07T19:38:58.295+0200] {dag.py:4180} INFO - Setting next_dagrun for dataset_alias_example_alias_consumer_with_no_taskflow to None, run_after=None
[2026-05-07T19:38:58.300+0200] {logging_mixin.py:190} INFO - [2026-05-07T19:38:58.300+0200] {dag.py:4180} INFO - Setting next_dagrun for dataset_alias_example_alias_producer_with_no_taskflow to None, run_after=None
[2026-05-07T19:38:58.301+0200] {logging_mixin.py:190} INFO - [2026-05-07T19:38:58.301+0200] {dag.py:4180} INFO - Setting next_dagrun for dataset_s3_bucket_consumer_with_no_taskflow to None, run_after=None
[2026-05-07T19:38:58.302+0200] {logging_mixin.py:190} INFO - [2026-05-07T19:38:58.302+0200] {dag.py:4180} INFO - Setting next_dagrun for dataset_s3_bucket_producer_with_no_taskflow to None, run_after=None
[2026-05-07T19:38:58.376+0200] {processor.py:208} INFO - Processing /home/rodrigo/Escritorio/BBDDAvanzadas/.venv/lib/python3.12/site-packages/airflow/example_dags/example_dataset_alias_with_no_taskflow.py took 0.179 seconds
[2026-05-07T19:40:28.192+0200] {processor.py:186} INFO - Started process (PID=15125) to work on /home/rodrigo/Escritorio/BBDDAvanzadas/.venv/lib/python3.12/site-packages/airflow/example_dags/example_dataset_alias_with_no_taskflow.py
[2026-05-07T19:40:28.194+0200] {processor.py:914} INFO - Processing file /home/rodrigo/Escritorio/BBDDAvanzadas/.venv/lib/python3.12/site-packages/airflow/example_dags/example_dataset_alias_with_no_taskflow.py for tasks to queue
[2026-05-07T19:40:28.195+0200] {logging_mixin.py:190} INFO - [2026-05-07T19:40:28.195+0200] {dagbag.py:588} INFO - Filling up the DagBag from /home/rodrigo/Escritorio/BBDDAvanzadas/.venv/lib/python3.12/site-packages/airflow/example_dags/example_dataset_alias_with_no_taskflow.py
[2026-05-07T19:40:28.284+0200] {processor.py:925} INFO - DAG(s) 'dataset_s3_bucket_consumer_with_no_taskflow', 'dataset_s3_bucket_producer_with_no_taskflow', 'dataset_alias_example_alias_consumer_with_no_taskflow', 'dataset_alias_example_alias_producer_with_no_taskflow' retrieved from /home/rodrigo/Escritorio/BBDDAvanzadas/.venv/lib/python3.12/site-packages/airflow/example_dags/example_dataset_alias_with_no_taskflow.py
[2026-05-07T19:40:28.354+0200] {logging_mixin.py:190} INFO - [2026-05-07T19:40:28.354+0200] {dag.py:3239} INFO - Sync 4 DAGs
[2026-05-07T19:40:28.381+0200] {logging_mixin.py:190} INFO - [2026-05-07T19:40:28.381+0200] {dag.py:4180} INFO - Setting next_dagrun for dataset_alias_example_alias_consumer_with_no_taskflow to None, run_after=None
[2026-05-07T19:40:28.393+0200] {logging_mixin.py:190} INFO - [2026-05-07T19:40:28.391+0200] {dag.py:4180} INFO - Setting next_dagrun for dataset_alias_example_alias_producer_with_no_taskflow to None, run_after=None
[2026-05-07T19:40:28.395+0200] {logging_mixin.py:190} INFO - [2026-05-07T19:40:28.393+0200] {dag.py:4180} INFO - Setting next_dagrun for dataset_s3_bucket_consumer_with_no_taskflow to None, run_after=None
[2026-05-07T19:40:28.396+0200] {logging_mixin.py:190} INFO - [2026-05-07T19:40:28.396+0200] {dag.py:4180} INFO - Setting next_dagrun for dataset_s3_bucket_producer_with_no_taskflow to None, run_after=None
[2026-05-07T19:40:28.507+0200] {processor.py:208} INFO - Processing /home/rodrigo/Escritorio/BBDDAvanzadas/.venv/lib/python3.12/site-packages/airflow/example_dags/example_dataset_alias_with_no_taskflow.py took 0.319 seconds
[2026-05-07T19:42:02.874+0200] {processor.py:186} INFO - Started process (PID=15403) to work on /home/rodrigo/Escritorio/BBDDAvanzadas/.venv/lib/python3.12/site-packages/airflow/example_dags/example_dataset_alias_with_no_taskflow.py
[2026-05-07T19:42:02.877+0200] {processor.py:914} INFO - Processing file /home/rodrigo/Escritorio/BBDDAvanzadas/.venv/lib/python3.12/site-packages/airflow/example_dags/example_dataset_alias_with_no_taskflow.py for tasks to queue
[2026-05-07T19:42:02.878+0200] {logging_mixin.py:190} INFO - [2026-05-07T19:42:02.878+0200] {dagbag.py:588} INFO - Filling up the DagBag from /home/rodrigo/Escritorio/BBDDAvanzadas/.venv/lib/python3.12/site-packages/airflow/example_dags/example_dataset_alias_with_no_taskflow.py
[2026-05-07T19:42:02.895+0200] {processor.py:925} INFO - DAG(s) 'dataset_alias_example_alias_producer_with_no_taskflow', 'dataset_alias_example_alias_consumer_with_no_taskflow', 'dataset_s3_bucket_producer_with_no_taskflow', 'dataset_s3_bucket_consumer_with_no_taskflow' retrieved from /home/rodrigo/Escritorio/BBDDAvanzadas/.venv/lib/python3.12/site-packages/airflow/example_dags/example_dataset_alias_with_no_taskflow.py
[2026-05-07T19:42:02.907+0200] {logging_mixin.py:190} INFO - [2026-05-07T19:42:02.907+0200] {dag.py:3239} INFO - Sync 4 DAGs
[2026-05-07T19:42:02.920+0200] {logging_mixin.py:190} INFO - [2026-05-07T19:42:02.919+0200] {dag.py:4180} INFO - Setting next_dagrun for dataset_alias_example_alias_consumer_with_no_taskflow to None, run_after=None
[2026-05-07T19:42:02.921+0200] {logging_mixin.py:190} INFO - [2026-05-07T19:42:02.921+0200] {dag.py:4180} INFO - Setting next_dagrun for dataset_alias_example_alias_producer_with_no_taskflow to None, run_after=None
[2026-05-07T19:42:02.921+0200] {logging_mixin.py:190} INFO - [2026-05-07T19:42:02.921+0200] {dag.py:4180} INFO - Setting next_dagrun for dataset_s3_bucket_consumer_with_no_taskflow to None, run_after=None
[2026-05-07T19:42:02.922+0200] {logging_mixin.py:190} INFO - [2026-05-07T19:42:02.922+0200] {dag.py:4180} INFO - Setting next_dagrun for dataset_s3_bucket_producer_with_no_taskflow to None, run_after=None
[2026-05-07T19:42:02.937+0200] {processor.py:208} INFO - Processing /home/rodrigo/Escritorio/BBDDAvanzadas/.venv/lib/python3.12/site-packages/airflow/example_dags/example_dataset_alias_with_no_taskflow.py took 0.067 seconds
[2026-05-07T19:43:18.612+0200] {processor.py:186} INFO - Started process (PID=15556) to work on /home/rodrigo/Escritorio/BBDDAvanzadas/.venv/lib/python3.12/site-packages/airflow/example_dags/example_dataset_alias_with_no_taskflow.py
[2026-05-07T19:43:18.613+0200] {processor.py:914} INFO - Processing file /home/rodrigo/Escritorio/BBDDAvanzadas/.venv/lib/python3.12/site-packages/airflow/example_dags/example_dataset_alias_with_no_taskflow.py for tasks to queue
[2026-05-07T19:43:18.615+0200] {logging_mixin.py:190} INFO - [2026-05-07T19:43:18.615+0200] {dagbag.py:588} INFO - Filling up the DagBag from /home/rodrigo/Escritorio/BBDDAvanzadas/.venv/lib/python3.12/site-packages/airflow/example_dags/example_dataset_alias_with_no_taskflow.py
[2026-05-07T19:43:18.631+0200] {processor.py:925} INFO - DAG(s) 'dataset_s3_bucket_consumer_with_no_taskflow', 'dataset_s3_bucket_producer_with_no_taskflow', 'dataset_alias_example_alias_producer_with_no_taskflow', 'dataset_alias_example_alias_consumer_with_no_taskflow' retrieved from /home/rodrigo/Escritorio/BBDDAvanzadas/.venv/lib/python3.12/site-packages/airflow/example_dags/example_dataset_alias_with_no_taskflow.py
[2026-05-07T19:43:18.643+0200] {logging_mixin.py:190} INFO - [2026-05-07T19:43:18.643+0200] {dag.py:3239} INFO - Sync 4 DAGs
[2026-05-07T19:43:18.655+0200] {logging_mixin.py:190} INFO - [2026-05-07T19:43:18.655+0200] {dag.py:4180} INFO - Setting next_dagrun for dataset_alias_example_alias_consumer_with_no_taskflow to None, run_after=None
[2026-05-07T19:43:18.656+0200] {logging_mixin.py:190} INFO - [2026-05-07T19:43:18.656+0200] {dag.py:4180} INFO - Setting next_dagrun for dataset_alias_example_alias_producer_with_no_taskflow to None, run_after=None
[2026-05-07T19:43:18.657+0200] {logging_mixin.py:190} INFO - [2026-05-07T19:43:18.657+0200] {dag.py:4180} INFO - Setting next_dagrun for dataset_s3_bucket_consumer_with_no_taskflow to None, run_after=None
[2026-05-07T19:43:18.657+0200] {logging_mixin.py:190} INFO - [2026-05-07T19:43:18.657+0200] {dag.py:4180} INFO - Setting next_dagrun for dataset_s3_bucket_producer_with_no_taskflow to None, run_after=None
[2026-05-07T19:43:18.781+0200] {processor.py:208} INFO - Processing /home/rodrigo/Escritorio/BBDDAvanzadas/.venv/lib/python3.12/site-packages/airflow/example_dags/example_dataset_alias_with_no_taskflow.py took 0.174 seconds
[2026-05-07T19:44:45.643+0200] {processor.py:186} INFO - Started process (PID=15842) to work on /home/rodrigo/Escritorio/BBDDAvanzadas/.venv/lib/python3.12/site-packages/airflow/example_dags/example_dataset_alias_with_no_taskflow.py
[2026-05-07T19:44:45.645+0200] {processor.py:914} INFO - Processing file /home/rodrigo/Escritorio/BBDDAvanzadas/.venv/lib/python3.12/site-packages/airflow/example_dags/example_dataset_alias_with_no_taskflow.py for tasks to queue
[2026-05-07T19:44:45.647+0200] {logging_mixin.py:190} INFO - [2026-05-07T19:44:45.647+0200] {dagbag.py:588} INFO - Filling up the DagBag from /home/rodrigo/Escritorio/BBDDAvanzadas/.venv/lib/python3.12/site-packages/airflow/example_dags/example_dataset_alias_with_no_taskflow.py
[2026-05-07T19:44:45.665+0200] {processor.py:925} INFO - DAG(s) 'dataset_s3_bucket_consumer_with_no_taskflow', 'dataset_s3_bucket_producer_with_no_taskflow', 'dataset_alias_example_alias_producer_with_no_taskflow', 'dataset_alias_example_alias_consumer_with_no_taskflow' retrieved from /home/rodrigo/Escritorio/BBDDAvanzadas/.venv/lib/python3.12/site-packages/airflow/example_dags/example_dataset_alias_with_no_taskflow.py
[2026-05-07T19:44:45.677+0200] {logging_mixin.py:190} INFO - [2026-05-07T19:44:45.677+0200] {dag.py:3239} INFO - Sync 4 DAGs
[2026-05-07T19:44:45.691+0200] {logging_mixin.py:190} INFO - [2026-05-07T19:44:45.691+0200] {dag.py:4180} INFO - Setting next_dagrun for dataset_alias_example_alias_consumer_with_no_taskflow to None, run_after=None
[2026-05-07T19:44:45.692+0200] {logging_mixin.py:190} INFO - [2026-05-07T19:44:45.692+0200] {dag.py:4180} INFO - Setting next_dagrun for dataset_alias_example_alias_producer_with_no_taskflow to None, run_after=None
[2026-05-07T19:44:45.693+0200] {logging_mixin.py:190} INFO - [2026-05-07T19:44:45.693+0200] {dag.py:4180} INFO - Setting next_dagrun for dataset_s3_bucket_consumer_with_no_taskflow to None, run_after=None
[2026-05-07T19:44:45.694+0200] {logging_mixin.py:190} INFO - [2026-05-07T19:44:45.694+0200] {dag.py:4180} INFO - Setting next_dagrun for dataset_s3_bucket_producer_with_no_taskflow to None, run_after=None
[2026-05-07T19:44:45.714+0200] {processor.py:208} INFO - Processing /home/rodrigo/Escritorio/BBDDAvanzadas/.venv/lib/python3.12/site-packages/airflow/example_dags/example_dataset_alias_with_no_taskflow.py took 0.076 seconds
[2026-05-07T19:46:29.298+0200] {processor.py:186} INFO - Started process (PID=15937) to work on /home/rodrigo/Escritorio/BBDDAvanzadas/.venv/lib/python3.12/site-packages/airflow/example_dags/example_dataset_alias_with_no_taskflow.py
[2026-05-07T19:46:29.300+0200] {processor.py:914} INFO - Processing file /home/rodrigo/Escritorio/BBDDAvanzadas/.venv/lib/python3.12/site-packages/airflow/example_dags/example_dataset_alias_with_no_taskflow.py for tasks to queue
[2026-05-07T19:46:29.302+0200] {logging_mixin.py:190} INFO - [2026-05-07T19:46:29.302+0200] {dagbag.py:588} INFO - Filling up the DagBag from /home/rodrigo/Escritorio/BBDDAvanzadas/.venv/lib/python3.12/site-packages/airflow/example_dags/example_dataset_alias_with_no_taskflow.py
[2026-05-07T19:46:29.319+0200] {processor.py:925} INFO - DAG(s) 'dataset_s3_bucket_producer_with_no_taskflow', 'dataset_alias_example_alias_consumer_with_no_taskflow', 'dataset_s3_bucket_consumer_with_no_taskflow', 'dataset_alias_example_alias_producer_with_no_taskflow' retrieved from /home/rodrigo/Escritorio/BBDDAvanzadas/.venv/lib/python3.12/site-packages/airflow/example_dags/example_dataset_alias_with_no_taskflow.py
[2026-05-07T19:46:29.331+0200] {logging_mixin.py:190} INFO - [2026-05-07T19:46:29.331+0200] {dag.py:3239} INFO - Sync 4 DAGs
[2026-05-07T19:46:29.344+0200] {logging_mixin.py:190} INFO - [2026-05-07T19:46:29.344+0200] {dag.py:4180} INFO - Setting next_dagrun for dataset_alias_example_alias_consumer_with_no_taskflow to None, run_after=None
[2026-05-07T19:46:29.345+0200] {logging_mixin.py:190} INFO - [2026-05-07T19:46:29.345+0200] {dag.py:4180} INFO - Setting next_dagrun for dataset_alias_example_alias_producer_with_no_taskflow to None, run_after=None
[2026-05-07T19:46:29.346+0200] {logging_mixin.py:190} INFO - [2026-05-07T19:46:29.346+0200] {dag.py:4180} INFO - Setting next_dagrun for dataset_s3_bucket_consumer_with_no_taskflow to None, run_after=None
[2026-05-07T19:46:29.347+0200] {logging_mixin.py:190} INFO - [2026-05-07T19:46:29.347+0200] {dag.py:4180} INFO - Setting next_dagrun for dataset_s3_bucket_producer_with_no_taskflow to None, run_after=None
[2026-05-07T19:46:29.365+0200] {processor.py:208} INFO - Processing /home/rodrigo/Escritorio/BBDDAvanzadas/.venv/lib/python3.12/site-packages/airflow/example_dags/example_dataset_alias_with_no_taskflow.py took 0.070 seconds
[2026-05-07T19:47:45.278+0200] {processor.py:186} INFO - Started process (PID=16115) to work on /home/rodrigo/Escritorio/BBDDAvanzadas/.venv/lib/python3.12/site-packages/airflow/example_dags/example_dataset_alias_with_no_taskflow.py
[2026-05-07T19:47:45.283+0200] {processor.py:914} INFO - Processing file /home/rodrigo/Escritorio/BBDDAvanzadas/.venv/lib/python3.12/site-packages/airflow/example_dags/example_dataset_alias_with_no_taskflow.py for tasks to queue
[2026-05-07T19:47:45.285+0200] {logging_mixin.py:190} INFO - [2026-05-07T19:47:45.284+0200] {dagbag.py:588} INFO - Filling up the DagBag from /home/rodrigo/Escritorio/BBDDAvanzadas/.venv/lib/python3.12/site-packages/airflow/example_dags/example_dataset_alias_with_no_taskflow.py
[2026-05-07T19:47:45.326+0200] {processor.py:925} INFO - DAG(s) 'dataset_s3_bucket_consumer_with_no_taskflow', 'dataset_alias_example_alias_consumer_with_no_taskflow', 'dataset_s3_bucket_producer_with_no_taskflow', 'dataset_alias_example_alias_producer_with_no_taskflow' retrieved from /home/rodrigo/Escritorio/BBDDAvanzadas/.venv/lib/python3.12/site-packages/airflow/example_dags/example_dataset_alias_with_no_taskflow.py
[2026-05-07T19:47:45.387+0200] {logging_mixin.py:190} INFO - [2026-05-07T19:47:45.382+0200] {dag.py:3239} INFO - Sync 4 DAGs
[2026-05-07T19:47:45.407+0200] {logging_mixin.py:190} INFO - [2026-05-07T19:47:45.407+0200] {dag.py:4180} INFO - Setting next_dagrun for dataset_alias_example_alias_consumer_with_no_taskflow to None, run_after=None
[2026-05-07T19:47:45.414+0200] {logging_mixin.py:190} INFO - [2026-05-07T19:47:45.413+0200] {dag.py:4180} INFO - Setting next_dagrun for dataset_alias_example_alias_producer_with_no_taskflow to None, run_after=None
[2026-05-07T19:47:45.417+0200] {logging_mixin.py:190} INFO - [2026-05-07T19:47:45.417+0200] {dag.py:4180} INFO - Setting next_dagrun for dataset_s3_bucket_consumer_with_no_taskflow to None, run_after=None
[2026-05-07T19:47:45.419+0200] {logging_mixin.py:190} INFO - [2026-05-07T19:47:45.419+0200] {dag.py:4180} INFO - Setting next_dagrun for dataset_s3_bucket_producer_with_no_taskflow to None, run_after=None
[2026-05-07T19:47:45.451+0200] {processor.py:208} INFO - Processing /home/rodrigo/Escritorio/BBDDAvanzadas/.venv/lib/python3.12/site-packages/airflow/example_dags/example_dataset_alias_with_no_taskflow.py took 0.188 seconds
[2026-05-07T19:49:11.728+0200] {processor.py:186} INFO - Started process (PID=16247) to work on /home/rodrigo/Escritorio/BBDDAvanzadas/.venv/lib/python3.12/site-packages/airflow/example_dags/example_dataset_alias_with_no_taskflow.py
[2026-05-07T19:49:11.730+0200] {processor.py:914} INFO - Processing file /home/rodrigo/Escritorio/BBDDAvanzadas/.venv/lib/python3.12/site-packages/airflow/example_dags/example_dataset_alias_with_no_taskflow.py for tasks to queue
[2026-05-07T19:49:11.732+0200] {logging_mixin.py:190} INFO - [2026-05-07T19:49:11.732+0200] {dagbag.py:588} INFO - Filling up the DagBag from /home/rodrigo/Escritorio/BBDDAvanzadas/.venv/lib/python3.12/site-packages/airflow/example_dags/example_dataset_alias_with_no_taskflow.py
[2026-05-07T19:49:11.754+0200] {processor.py:925} INFO - DAG(s) 'dataset_s3_bucket_consumer_with_no_taskflow', 'dataset_alias_example_alias_consumer_with_no_taskflow', 'dataset_alias_example_alias_producer_with_no_taskflow', 'dataset_s3_bucket_producer_with_no_taskflow' retrieved from /home/rodrigo/Escritorio/BBDDAvanzadas/.venv/lib/python3.12/site-packages/airflow/example_dags/example_dataset_alias_with_no_taskflow.py
[2026-05-07T19:49:11.797+0200] {logging_mixin.py:190} INFO - [2026-05-07T19:49:11.797+0200] {dag.py:3239} INFO - Sync 4 DAGs
[2026-05-07T19:49:11.825+0200] {logging_mixin.py:190} INFO - [2026-05-07T19:49:11.823+0200] {dag.py:4180} INFO - Setting next_dagrun for dataset_alias_example_alias_consumer_with_no_taskflow to None, run_after=None
[2026-05-07T19:49:11.826+0200] {logging_mixin.py:190} INFO - [2026-05-07T19:49:11.826+0200] {dag.py:4180} INFO - Setting next_dagrun for dataset_alias_example_alias_producer_with_no_taskflow to None, run_after=None
[2026-05-07T19:49:11.827+0200] {logging_mixin.py:190} INFO - [2026-05-07T19:49:11.827+0200] {dag.py:4180} INFO - Setting next_dagrun for dataset_s3_bucket_consumer_with_no_taskflow to None, run_after=None
[2026-05-07T19:49:11.828+0200] {logging_mixin.py:190} INFO - [2026-05-07T19:49:11.828+0200] {dag.py:4180} INFO - Setting next_dagrun for dataset_s3_bucket_producer_with_no_taskflow to None, run_after=None
[2026-05-07T19:49:11.884+0200] {processor.py:208} INFO - Processing /home/rodrigo/Escritorio/BBDDAvanzadas/.venv/lib/python3.12/site-packages/airflow/example_dags/example_dataset_alias_with_no_taskflow.py took 0.161 seconds
[2026-05-07T19:50:57.133+0200] {processor.py:186} INFO - Started process (PID=16360) to work on /home/rodrigo/Escritorio/BBDDAvanzadas/.venv/lib/python3.12/site-packages/airflow/example_dags/example_dataset_alias_with_no_taskflow.py
[2026-05-07T19:50:57.135+0200] {processor.py:914} INFO - Processing file /home/rodrigo/Escritorio/BBDDAvanzadas/.venv/lib/python3.12/site-packages/airflow/example_dags/example_dataset_alias_with_no_taskflow.py for tasks to queue
[2026-05-07T19:50:57.137+0200] {logging_mixin.py:190} INFO - [2026-05-07T19:50:57.136+0200] {dagbag.py:588} INFO - Filling up the DagBag from /home/rodrigo/Escritorio/BBDDAvanzadas/.venv/lib/python3.12/site-packages/airflow/example_dags/example_dataset_alias_with_no_taskflow.py
[2026-05-07T19:50:57.152+0200] {processor.py:925} INFO - DAG(s) 'dataset_alias_example_alias_consumer_with_no_taskflow', 'dataset_s3_bucket_consumer_with_no_taskflow', 'dataset_s3_bucket_producer_with_no_taskflow', 'dataset_alias_example_alias_producer_with_no_taskflow' retrieved from /home/rodrigo/Escritorio/BBDDAvanzadas/.venv/lib/python3.12/site-packages/airflow/example_dags/example_dataset_alias_with_no_taskflow.py
[2026-05-07T19:50:57.163+0200] {logging_mixin.py:190} INFO - [2026-05-07T19:50:57.163+0200] {dag.py:3239} INFO - Sync 4 DAGs
[2026-05-07T19:50:57.175+0200] {logging_mixin.py:190} INFO - [2026-05-07T19:50:57.175+0200] {dag.py:4180} INFO - Setting next_dagrun for dataset_alias_example_alias_consumer_with_no_taskflow to None, run_after=None
[2026-05-07T19:50:57.176+0200] {logging_mixin.py:190} INFO - [2026-05-07T19:50:57.176+0200] {dag.py:4180} INFO - Setting next_dagrun for dataset_alias_example_alias_producer_with_no_taskflow to None, run_after=None
[2026-05-07T19:50:57.176+0200] {logging_mixin.py:190} INFO - [2026-05-07T19:50:57.176+0200] {dag.py:4180} INFO - Setting next_dagrun for dataset_s3_bucket_consumer_with_no_taskflow to None, run_after=None
[2026-05-07T19:50:57.177+0200] {logging_mixin.py:190} INFO - [2026-05-07T19:50:57.177+0200] {dag.py:4180} INFO - Setting next_dagrun for dataset_s3_bucket_producer_with_no_taskflow to None, run_after=None
[2026-05-07T19:50:57.193+0200] {processor.py:208} INFO - Processing /home/rodrigo/Escritorio/BBDDAvanzadas/.venv/lib/python3.12/site-packages/airflow/example_dags/example_dataset_alias_with_no_taskflow.py took 0.064 seconds
