[2026-05-07T19:33:18.822+0200] {processor.py:186} INFO - Started process (PID=14501) to work on /home/rodrigo/Escritorio/BBDDAvanzadas/.venv/lib/python3.12/site-packages/airflow/example_dags/example_bash_decorator.py
[2026-05-07T19:33:18.823+0200] {processor.py:914} INFO - Processing file /home/rodrigo/Escritorio/BBDDAvanzadas/.venv/lib/python3.12/site-packages/airflow/example_dags/example_bash_decorator.py for tasks to queue
[2026-05-07T19:33:18.825+0200] {logging_mixin.py:190} INFO - [2026-05-07T19:33:18.825+0200] {dagbag.py:588} INFO - Filling up the DagBag from /home/rodrigo/Escritorio/BBDDAvanzadas/.venv/lib/python3.12/site-packages/airflow/example_dags/example_bash_decorator.py
[2026-05-07T19:33:18.868+0200] {processor.py:925} INFO - DAG(s) 'example_bash_decorator' retrieved from /home/rodrigo/Escritorio/BBDDAvanzadas/.venv/lib/python3.12/site-packages/airflow/example_dags/example_bash_decorator.py
[2026-05-07T19:33:19.071+0200] {logging_mixin.py:190} INFO - [2026-05-07T19:33:19.070+0200] {override.py:1930} INFO - Created Permission View: can read on DAG:example_bash_decorator
[2026-05-07T19:33:19.102+0200] {logging_mixin.py:190} INFO - [2026-05-07T19:33:19.101+0200] {override.py:1930} INFO - Created Permission View: can edit on DAG:example_bash_decorator
[2026-05-07T19:33:19.130+0200] {logging_mixin.py:190} INFO - [2026-05-07T19:33:19.127+0200] {override.py:1930} INFO - Created Permission View: can delete on DAG:example_bash_decorator
[2026-05-07T19:33:19.215+0200] {logging_mixin.py:190} INFO - [2026-05-07T19:33:19.214+0200] {override.py:1930} INFO - Created Permission View: can create on DAG Run:example_bash_decorator
[2026-05-07T19:33:19.235+0200] {logging_mixin.py:190} INFO - [2026-05-07T19:33:19.235+0200] {override.py:1930} INFO - Created Permission View: can read on DAG Run:example_bash_decorator
[2026-05-07T19:33:19.245+0200] {logging_mixin.py:190} INFO - [2026-05-07T19:33:19.244+0200] {override.py:1930} INFO - Created Permission View: menu access on DAG Run:example_bash_decorator
[2026-05-07T19:33:19.254+0200] {logging_mixin.py:190} INFO - [2026-05-07T19:33:19.254+0200] {override.py:1930} INFO - Created Permission View: can delete on DAG Run:example_bash_decorator
[2026-05-07T19:33:19.254+0200] {logging_mixin.py:190} INFO - [2026-05-07T19:33:19.254+0200] {dag.py:3239} INFO - Sync 1 DAGs
[2026-05-07T19:33:19.266+0200] {logging_mixin.py:190} INFO - [2026-05-07T19:33:19.266+0200] {dag.py:3262} INFO - Creating ORM DAG for example_bash_decorator
[2026-05-07T19:33:19.267+0200] {logging_mixin.py:190} INFO - [2026-05-07T19:33:19.267+0200] {dag.py:4180} INFO - Setting next_dagrun for example_bash_decorator to None, run_after=None
[2026-05-07T19:33:19.291+0200] {processor.py:208} INFO - Processing /home/rodrigo/Escritorio/BBDDAvanzadas/.venv/lib/python3.12/site-packages/airflow/example_dags/example_bash_decorator.py took 0.481 seconds
[2026-05-07T19:37:58.096+0200] {processor.py:186} INFO - Started process (PID=14937) to work on /home/rodrigo/Escritorio/BBDDAvanzadas/.venv/lib/python3.12/site-packages/airflow/example_dags/example_bash_decorator.py
[2026-05-07T19:37:58.103+0200] {processor.py:914} INFO - Processing file /home/rodrigo/Escritorio/BBDDAvanzadas/.venv/lib/python3.12/site-packages/airflow/example_dags/example_bash_decorator.py for tasks to queue
[2026-05-07T19:37:58.109+0200] {logging_mixin.py:190} INFO - [2026-05-07T19:37:58.106+0200] {dagbag.py:588} INFO - Filling up the DagBag from /home/rodrigo/Escritorio/BBDDAvanzadas/.venv/lib/python3.12/site-packages/airflow/example_dags/example_bash_decorator.py
[2026-05-07T19:37:58.180+0200] {processor.py:925} INFO - DAG(s) 'example_bash_decorator' retrieved from /home/rodrigo/Escritorio/BBDDAvanzadas/.venv/lib/python3.12/site-packages/airflow/example_dags/example_bash_decorator.py
[2026-05-07T19:37:58.380+0200] {logging_mixin.py:190} INFO - [2026-05-07T19:37:58.380+0200] {dag.py:3239} INFO - Sync 1 DAGs
[2026-05-07T19:37:58.390+0200] {logging_mixin.py:190} INFO - [2026-05-07T19:37:58.389+0200] {dag.py:4180} INFO - Setting next_dagrun for example_bash_decorator to None, run_after=None
[2026-05-07T19:37:58.437+0200] {processor.py:208} INFO - Processing /home/rodrigo/Escritorio/BBDDAvanzadas/.venv/lib/python3.12/site-packages/airflow/example_dags/example_bash_decorator.py took 0.367 seconds
[2026-05-07T19:39:14.062+0200] {processor.py:186} INFO - Started process (PID=15027) to work on /home/rodrigo/Escritorio/BBDDAvanzadas/.venv/lib/python3.12/site-packages/airflow/example_dags/example_bash_decorator.py
[2026-05-07T19:39:14.063+0200] {processor.py:914} INFO - Processing file /home/rodrigo/Escritorio/BBDDAvanzadas/.venv/lib/python3.12/site-packages/airflow/example_dags/example_bash_decorator.py for tasks to queue
[2026-05-07T19:39:14.065+0200] {logging_mixin.py:190} INFO - [2026-05-07T19:39:14.065+0200] {dagbag.py:588} INFO - Filling up the DagBag from /home/rodrigo/Escritorio/BBDDAvanzadas/.venv/lib/python3.12/site-packages/airflow/example_dags/example_bash_decorator.py
[2026-05-07T19:39:14.076+0200] {processor.py:925} INFO - DAG(s) 'example_bash_decorator' retrieved from /home/rodrigo/Escritorio/BBDDAvanzadas/.venv/lib/python3.12/site-packages/airflow/example_dags/example_bash_decorator.py
[2026-05-07T19:39:14.099+0200] {logging_mixin.py:190} INFO - [2026-05-07T19:39:14.099+0200] {dag.py:3239} INFO - Sync 1 DAGs
[2026-05-07T19:39:14.109+0200] {logging_mixin.py:190} INFO - [2026-05-07T19:39:14.109+0200] {dag.py:4180} INFO - Setting next_dagrun for example_bash_decorator to None, run_after=None
[2026-05-07T19:39:14.124+0200] {processor.py:208} INFO - Processing /home/rodrigo/Escritorio/BBDDAvanzadas/.venv/lib/python3.12/site-packages/airflow/example_dags/example_bash_decorator.py took 0.066 seconds
[2026-05-07T19:40:53.018+0200] {processor.py:186} INFO - Started process (PID=15158) to work on /home/rodrigo/Escritorio/BBDDAvanzadas/.venv/lib/python3.12/site-packages/airflow/example_dags/example_bash_decorator.py
[2026-05-07T19:40:53.021+0200] {processor.py:914} INFO - Processing file /home/rodrigo/Escritorio/BBDDAvanzadas/.venv/lib/python3.12/site-packages/airflow/example_dags/example_bash_decorator.py for tasks to queue
[2026-05-07T19:40:53.022+0200] {logging_mixin.py:190} INFO - [2026-05-07T19:40:53.022+0200] {dagbag.py:588} INFO - Filling up the DagBag from /home/rodrigo/Escritorio/BBDDAvanzadas/.venv/lib/python3.12/site-packages/airflow/example_dags/example_bash_decorator.py
[2026-05-07T19:40:53.060+0200] {processor.py:925} INFO - DAG(s) 'example_bash_decorator' retrieved from /home/rodrigo/Escritorio/BBDDAvanzadas/.venv/lib/python3.12/site-packages/airflow/example_dags/example_bash_decorator.py
[2026-05-07T19:40:53.078+0200] {logging_mixin.py:190} INFO - [2026-05-07T19:40:53.078+0200] {dag.py:3239} INFO - Sync 1 DAGs
[2026-05-07T19:40:53.088+0200] {logging_mixin.py:190} INFO - [2026-05-07T19:40:53.088+0200] {dag.py:4180} INFO - Setting next_dagrun for example_bash_decorator to None, run_after=None
[2026-05-07T19:40:53.138+0200] {processor.py:208} INFO - Processing /home/rodrigo/Escritorio/BBDDAvanzadas/.venv/lib/python3.12/site-packages/airflow/example_dags/example_bash_decorator.py took 0.133 seconds
[2026-05-07T19:42:15.347+0200] {processor.py:186} INFO - Started process (PID=15416) to work on /home/rodrigo/Escritorio/BBDDAvanzadas/.venv/lib/python3.12/site-packages/airflow/example_dags/example_bash_decorator.py
[2026-05-07T19:42:15.357+0200] {processor.py:914} INFO - Processing file /home/rodrigo/Escritorio/BBDDAvanzadas/.venv/lib/python3.12/site-packages/airflow/example_dags/example_bash_decorator.py for tasks to queue
[2026-05-07T19:42:15.361+0200] {logging_mixin.py:190} INFO - [2026-05-07T19:42:15.361+0200] {dagbag.py:588} INFO - Filling up the DagBag from /home/rodrigo/Escritorio/BBDDAvanzadas/.venv/lib/python3.12/site-packages/airflow/example_dags/example_bash_decorator.py
[2026-05-07T19:42:15.374+0200] {processor.py:925} INFO - DAG(s) 'example_bash_decorator' retrieved from /home/rodrigo/Escritorio/BBDDAvanzadas/.venv/lib/python3.12/site-packages/airflow/example_dags/example_bash_decorator.py
[2026-05-07T19:42:15.387+0200] {logging_mixin.py:190} INFO - [2026-05-07T19:42:15.387+0200] {dag.py:3239} INFO - Sync 1 DAGs
[2026-05-07T19:42:15.395+0200] {logging_mixin.py:190} INFO - [2026-05-07T19:42:15.395+0200] {dag.py:4180} INFO - Setting next_dagrun for example_bash_decorator to None, run_after=None
[2026-05-07T19:42:15.433+0200] {processor.py:208} INFO - Processing /home/rodrigo/Escritorio/BBDDAvanzadas/.venv/lib/python3.12/site-packages/airflow/example_dags/example_bash_decorator.py took 0.092 seconds
[2026-05-07T19:43:31.030+0200] {processor.py:186} INFO - Started process (PID=15599) to work on /home/rodrigo/Escritorio/BBDDAvanzadas/.venv/lib/python3.12/site-packages/airflow/example_dags/example_bash_decorator.py
[2026-05-07T19:43:31.031+0200] {processor.py:914} INFO - Processing file /home/rodrigo/Escritorio/BBDDAvanzadas/.venv/lib/python3.12/site-packages/airflow/example_dags/example_bash_decorator.py for tasks to queue
[2026-05-07T19:43:31.033+0200] {logging_mixin.py:190} INFO - [2026-05-07T19:43:31.032+0200] {dagbag.py:588} INFO - Filling up the DagBag from /home/rodrigo/Escritorio/BBDDAvanzadas/.venv/lib/python3.12/site-packages/airflow/example_dags/example_bash_decorator.py
[2026-05-07T19:43:31.046+0200] {processor.py:925} INFO - DAG(s) 'example_bash_decorator' retrieved from /home/rodrigo/Escritorio/BBDDAvanzadas/.venv/lib/python3.12/site-packages/airflow/example_dags/example_bash_decorator.py
[2026-05-07T19:43:31.071+0200] {logging_mixin.py:190} INFO - [2026-05-07T19:43:31.071+0200] {dag.py:3239} INFO - Sync 1 DAGs
[2026-05-07T19:43:31.104+0200] {logging_mixin.py:190} INFO - [2026-05-07T19:43:31.104+0200] {dag.py:4180} INFO - Setting next_dagrun for example_bash_decorator to None, run_after=None
[2026-05-07T19:43:31.463+0200] {processor.py:208} INFO - Processing /home/rodrigo/Escritorio/BBDDAvanzadas/.venv/lib/python3.12/site-packages/airflow/example_dags/example_bash_decorator.py took 0.446 seconds
[2026-05-07T19:44:59.495+0200] {processor.py:186} INFO - Started process (PID=15857) to work on /home/rodrigo/Escritorio/BBDDAvanzadas/.venv/lib/python3.12/site-packages/airflow/example_dags/example_bash_decorator.py
[2026-05-07T19:44:59.496+0200] {processor.py:914} INFO - Processing file /home/rodrigo/Escritorio/BBDDAvanzadas/.venv/lib/python3.12/site-packages/airflow/example_dags/example_bash_decorator.py for tasks to queue
[2026-05-07T19:44:59.497+0200] {logging_mixin.py:190} INFO - [2026-05-07T19:44:59.497+0200] {dagbag.py:588} INFO - Filling up the DagBag from /home/rodrigo/Escritorio/BBDDAvanzadas/.venv/lib/python3.12/site-packages/airflow/example_dags/example_bash_decorator.py
[2026-05-07T19:44:59.510+0200] {processor.py:925} INFO - DAG(s) 'example_bash_decorator' retrieved from /home/rodrigo/Escritorio/BBDDAvanzadas/.venv/lib/python3.12/site-packages/airflow/example_dags/example_bash_decorator.py
[2026-05-07T19:44:59.525+0200] {logging_mixin.py:190} INFO - [2026-05-07T19:44:59.525+0200] {dag.py:3239} INFO - Sync 1 DAGs
[2026-05-07T19:44:59.534+0200] {logging_mixin.py:190} INFO - [2026-05-07T19:44:59.534+0200] {dag.py:4180} INFO - Setting next_dagrun for example_bash_decorator to None, run_after=None
[2026-05-07T19:44:59.550+0200] {processor.py:208} INFO - Processing /home/rodrigo/Escritorio/BBDDAvanzadas/.venv/lib/python3.12/site-packages/airflow/example_dags/example_bash_decorator.py took 0.060 seconds
[2026-05-07T19:46:44.951+0200] {processor.py:186} INFO - Started process (PID=15961) to work on /home/rodrigo/Escritorio/BBDDAvanzadas/.venv/lib/python3.12/site-packages/airflow/example_dags/example_bash_decorator.py
[2026-05-07T19:46:44.952+0200] {processor.py:914} INFO - Processing file /home/rodrigo/Escritorio/BBDDAvanzadas/.venv/lib/python3.12/site-packages/airflow/example_dags/example_bash_decorator.py for tasks to queue
[2026-05-07T19:46:44.953+0200] {logging_mixin.py:190} INFO - [2026-05-07T19:46:44.953+0200] {dagbag.py:588} INFO - Filling up the DagBag from /home/rodrigo/Escritorio/BBDDAvanzadas/.venv/lib/python3.12/site-packages/airflow/example_dags/example_bash_decorator.py
[2026-05-07T19:46:44.974+0200] {processor.py:925} INFO - DAG(s) 'example_bash_decorator' retrieved from /home/rodrigo/Escritorio/BBDDAvanzadas/.venv/lib/python3.12/site-packages/airflow/example_dags/example_bash_decorator.py
[2026-05-07T19:46:45.010+0200] {logging_mixin.py:190} INFO - [2026-05-07T19:46:45.010+0200] {dag.py:3239} INFO - Sync 1 DAGs
[2026-05-07T19:46:45.025+0200] {logging_mixin.py:190} INFO - [2026-05-07T19:46:45.024+0200] {dag.py:4180} INFO - Setting next_dagrun for example_bash_decorator to None, run_after=None
[2026-05-07T19:46:45.081+0200] {processor.py:208} INFO - Processing /home/rodrigo/Escritorio/BBDDAvanzadas/.venv/lib/python3.12/site-packages/airflow/example_dags/example_bash_decorator.py took 0.135 seconds
[2026-05-07T19:47:55.772+0200] {processor.py:186} INFO - Started process (PID=16148) to work on /home/rodrigo/Escritorio/BBDDAvanzadas/.venv/lib/python3.12/site-packages/airflow/example_dags/example_bash_decorator.py
[2026-05-07T19:47:55.773+0200] {processor.py:914} INFO - Processing file /home/rodrigo/Escritorio/BBDDAvanzadas/.venv/lib/python3.12/site-packages/airflow/example_dags/example_bash_decorator.py for tasks to queue
[2026-05-07T19:47:55.775+0200] {logging_mixin.py:190} INFO - [2026-05-07T19:47:55.775+0200] {dagbag.py:588} INFO - Filling up the DagBag from /home/rodrigo/Escritorio/BBDDAvanzadas/.venv/lib/python3.12/site-packages/airflow/example_dags/example_bash_decorator.py
[2026-05-07T19:47:55.795+0200] {processor.py:925} INFO - DAG(s) 'example_bash_decorator' retrieved from /home/rodrigo/Escritorio/BBDDAvanzadas/.venv/lib/python3.12/site-packages/airflow/example_dags/example_bash_decorator.py
[2026-05-07T19:47:55.813+0200] {logging_mixin.py:190} INFO - [2026-05-07T19:47:55.812+0200] {dag.py:3239} INFO - Sync 1 DAGs
[2026-05-07T19:47:55.824+0200] {logging_mixin.py:190} INFO - [2026-05-07T19:47:55.823+0200] {dag.py:4180} INFO - Setting next_dagrun for example_bash_decorator to None, run_after=None
[2026-05-07T19:47:55.878+0200] {processor.py:208} INFO - Processing /home/rodrigo/Escritorio/BBDDAvanzadas/.venv/lib/python3.12/site-packages/airflow/example_dags/example_bash_decorator.py took 0.111 seconds
[2026-05-07T19:49:26.257+0200] {processor.py:186} INFO - Started process (PID=16262) to work on /home/rodrigo/Escritorio/BBDDAvanzadas/.venv/lib/python3.12/site-packages/airflow/example_dags/example_bash_decorator.py
[2026-05-07T19:49:26.258+0200] {processor.py:914} INFO - Processing file /home/rodrigo/Escritorio/BBDDAvanzadas/.venv/lib/python3.12/site-packages/airflow/example_dags/example_bash_decorator.py for tasks to queue
[2026-05-07T19:49:26.259+0200] {logging_mixin.py:190} INFO - [2026-05-07T19:49:26.259+0200] {dagbag.py:588} INFO - Filling up the DagBag from /home/rodrigo/Escritorio/BBDDAvanzadas/.venv/lib/python3.12/site-packages/airflow/example_dags/example_bash_decorator.py
[2026-05-07T19:49:26.269+0200] {processor.py:925} INFO - DAG(s) 'example_bash_decorator' retrieved from /home/rodrigo/Escritorio/BBDDAvanzadas/.venv/lib/python3.12/site-packages/airflow/example_dags/example_bash_decorator.py
[2026-05-07T19:49:26.282+0200] {logging_mixin.py:190} INFO - [2026-05-07T19:49:26.281+0200] {dag.py:3239} INFO - Sync 1 DAGs
[2026-05-07T19:49:26.289+0200] {logging_mixin.py:190} INFO - [2026-05-07T19:49:26.289+0200] {dag.py:4180} INFO - Setting next_dagrun for example_bash_decorator to None, run_after=None
[2026-05-07T19:49:26.305+0200] {processor.py:208} INFO - Processing /home/rodrigo/Escritorio/BBDDAvanzadas/.venv/lib/python3.12/site-packages/airflow/example_dags/example_bash_decorator.py took 0.052 seconds
[2026-05-07T19:51:09.636+0200] {processor.py:186} INFO - Started process (PID=16371) to work on /home/rodrigo/Escritorio/BBDDAvanzadas/.venv/lib/python3.12/site-packages/airflow/example_dags/example_bash_decorator.py
[2026-05-07T19:51:09.638+0200] {processor.py:914} INFO - Processing file /home/rodrigo/Escritorio/BBDDAvanzadas/.venv/lib/python3.12/site-packages/airflow/example_dags/example_bash_decorator.py for tasks to queue
[2026-05-07T19:51:09.639+0200] {logging_mixin.py:190} INFO - [2026-05-07T19:51:09.639+0200] {dagbag.py:588} INFO - Filling up the DagBag from /home/rodrigo/Escritorio/BBDDAvanzadas/.venv/lib/python3.12/site-packages/airflow/example_dags/example_bash_decorator.py
[2026-05-07T19:51:09.649+0200] {processor.py:925} INFO - DAG(s) 'example_bash_decorator' retrieved from /home/rodrigo/Escritorio/BBDDAvanzadas/.venv/lib/python3.12/site-packages/airflow/example_dags/example_bash_decorator.py
[2026-05-07T19:51:09.661+0200] {logging_mixin.py:190} INFO - [2026-05-07T19:51:09.661+0200] {dag.py:3239} INFO - Sync 1 DAGs
[2026-05-07T19:51:09.669+0200] {logging_mixin.py:190} INFO - [2026-05-07T19:51:09.669+0200] {dag.py:4180} INFO - Setting next_dagrun for example_bash_decorator to None, run_after=None
[2026-05-07T19:51:09.690+0200] {processor.py:208} INFO - Processing /home/rodrigo/Escritorio/BBDDAvanzadas/.venv/lib/python3.12/site-packages/airflow/example_dags/example_bash_decorator.py took 0.056 seconds
