[2026-05-07T19:33:09.500+0200] {processor.py:186} INFO - Started process (PID=14457) to work on /home/rodrigo/Escritorio/BBDDAvanzadas/.venv/lib/python3.12/site-packages/airflow/example_dags/example_branch_python_dop_operator_3.py
[2026-05-07T19:33:09.501+0200] {processor.py:914} INFO - Processing file /home/rodrigo/Escritorio/BBDDAvanzadas/.venv/lib/python3.12/site-packages/airflow/example_dags/example_branch_python_dop_operator_3.py for tasks to queue
[2026-05-07T19:33:09.503+0200] {logging_mixin.py:190} INFO - [2026-05-07T19:33:09.502+0200] {dagbag.py:588} INFO - Filling up the DagBag from /home/rodrigo/Escritorio/BBDDAvanzadas/.venv/lib/python3.12/site-packages/airflow/example_dags/example_branch_python_dop_operator_3.py
[2026-05-07T19:33:09.510+0200] {processor.py:925} INFO - DAG(s) 'example_branch_dop_operator_v3' retrieved from /home/rodrigo/Escritorio/BBDDAvanzadas/.venv/lib/python3.12/site-packages/airflow/example_dags/example_branch_python_dop_operator_3.py
[2026-05-07T19:33:09.585+0200] {logging_mixin.py:190} INFO - [2026-05-07T19:33:09.585+0200] {override.py:1930} INFO - Created Permission View: can read on DAG:example_branch_dop_operator_v3
[2026-05-07T19:33:09.595+0200] {logging_mixin.py:190} INFO - [2026-05-07T19:33:09.595+0200] {override.py:1930} INFO - Created Permission View: can edit on DAG:example_branch_dop_operator_v3
[2026-05-07T19:33:09.603+0200] {logging_mixin.py:190} INFO - [2026-05-07T19:33:09.603+0200] {override.py:1930} INFO - Created Permission View: can delete on DAG:example_branch_dop_operator_v3
[2026-05-07T19:33:09.616+0200] {logging_mixin.py:190} INFO - [2026-05-07T19:33:09.616+0200] {override.py:1930} INFO - Created Permission View: can create on DAG Run:example_branch_dop_operator_v3
[2026-05-07T19:33:09.644+0200] {logging_mixin.py:190} INFO - [2026-05-07T19:33:09.644+0200] {override.py:1930} INFO - Created Permission View: can read on DAG Run:example_branch_dop_operator_v3
[2026-05-07T19:33:09.673+0200] {logging_mixin.py:190} INFO - [2026-05-07T19:33:09.672+0200] {override.py:1930} INFO - Created Permission View: menu access on DAG Run:example_branch_dop_operator_v3
[2026-05-07T19:33:09.688+0200] {logging_mixin.py:190} INFO - [2026-05-07T19:33:09.687+0200] {override.py:1930} INFO - Created Permission View: can delete on DAG Run:example_branch_dop_operator_v3
[2026-05-07T19:33:09.688+0200] {logging_mixin.py:190} INFO - [2026-05-07T19:33:09.688+0200] {dag.py:3239} INFO - Sync 1 DAGs
[2026-05-07T19:33:09.708+0200] {logging_mixin.py:190} INFO - [2026-05-07T19:33:09.707+0200] {dag.py:3262} INFO - Creating ORM DAG for example_branch_dop_operator_v3
[2026-05-07T19:33:09.727+0200] {logging_mixin.py:190} INFO - [2026-05-07T19:33:09.727+0200] {dag.py:4180} INFO - Setting next_dagrun for example_branch_dop_operator_v3 to 2026-05-07 17:32:00+00:00, run_after=2026-05-07 17:33:00+00:00
[2026-05-07T19:33:09.775+0200] {processor.py:208} INFO - Processing /home/rodrigo/Escritorio/BBDDAvanzadas/.venv/lib/python3.12/site-packages/airflow/example_dags/example_branch_python_dop_operator_3.py took 0.279 seconds
[2026-05-07T19:37:51.992+0200] {processor.py:186} INFO - Started process (PID=14930) to work on /home/rodrigo/Escritorio/BBDDAvanzadas/.venv/lib/python3.12/site-packages/airflow/example_dags/example_branch_python_dop_operator_3.py
[2026-05-07T19:37:51.994+0200] {processor.py:914} INFO - Processing file /home/rodrigo/Escritorio/BBDDAvanzadas/.venv/lib/python3.12/site-packages/airflow/example_dags/example_branch_python_dop_operator_3.py for tasks to queue
[2026-05-07T19:37:51.996+0200] {logging_mixin.py:190} INFO - [2026-05-07T19:37:51.996+0200] {dagbag.py:588} INFO - Filling up the DagBag from /home/rodrigo/Escritorio/BBDDAvanzadas/.venv/lib/python3.12/site-packages/airflow/example_dags/example_branch_python_dop_operator_3.py
[2026-05-07T19:37:52.004+0200] {processor.py:925} INFO - DAG(s) 'example_branch_dop_operator_v3' retrieved from /home/rodrigo/Escritorio/BBDDAvanzadas/.venv/lib/python3.12/site-packages/airflow/example_dags/example_branch_python_dop_operator_3.py
[2026-05-07T19:37:52.015+0200] {logging_mixin.py:190} INFO - [2026-05-07T19:37:52.014+0200] {dag.py:3239} INFO - Sync 1 DAGs
[2026-05-07T19:37:52.030+0200] {logging_mixin.py:190} INFO - [2026-05-07T19:37:52.030+0200] {dag.py:4180} INFO - Setting next_dagrun for example_branch_dop_operator_v3 to 2026-05-07 17:36:00+00:00, run_after=2026-05-07 17:37:00+00:00
[2026-05-07T19:37:52.063+0200] {processor.py:208} INFO - Processing /home/rodrigo/Escritorio/BBDDAvanzadas/.venv/lib/python3.12/site-packages/airflow/example_dags/example_branch_python_dop_operator_3.py took 0.075 seconds
[2026-05-07T19:39:02.896+0200] {processor.py:186} INFO - Started process (PID=15007) to work on /home/rodrigo/Escritorio/BBDDAvanzadas/.venv/lib/python3.12/site-packages/airflow/example_dags/example_branch_python_dop_operator_3.py
[2026-05-07T19:39:02.904+0200] {processor.py:914} INFO - Processing file /home/rodrigo/Escritorio/BBDDAvanzadas/.venv/lib/python3.12/site-packages/airflow/example_dags/example_branch_python_dop_operator_3.py for tasks to queue
[2026-05-07T19:39:02.907+0200] {logging_mixin.py:190} INFO - [2026-05-07T19:39:02.906+0200] {dagbag.py:588} INFO - Filling up the DagBag from /home/rodrigo/Escritorio/BBDDAvanzadas/.venv/lib/python3.12/site-packages/airflow/example_dags/example_branch_python_dop_operator_3.py
[2026-05-07T19:39:02.926+0200] {processor.py:925} INFO - DAG(s) 'example_branch_dop_operator_v3' retrieved from /home/rodrigo/Escritorio/BBDDAvanzadas/.venv/lib/python3.12/site-packages/airflow/example_dags/example_branch_python_dop_operator_3.py
[2026-05-07T19:39:02.957+0200] {logging_mixin.py:190} INFO - [2026-05-07T19:39:02.956+0200] {dag.py:3239} INFO - Sync 1 DAGs
[2026-05-07T19:39:02.975+0200] {logging_mixin.py:190} INFO - [2026-05-07T19:39:02.975+0200] {dag.py:4180} INFO - Setting next_dagrun for example_branch_dop_operator_v3 to 2026-05-07 17:38:00+00:00, run_after=2026-05-07 17:39:00+00:00
[2026-05-07T19:39:03.040+0200] {processor.py:208} INFO - Processing /home/rodrigo/Escritorio/BBDDAvanzadas/.venv/lib/python3.12/site-packages/airflow/example_dags/example_branch_python_dop_operator_3.py took 0.147 seconds
[2026-05-07T19:40:44.919+0200] {processor.py:186} INFO - Started process (PID=15150) to work on /home/rodrigo/Escritorio/BBDDAvanzadas/.venv/lib/python3.12/site-packages/airflow/example_dags/example_branch_python_dop_operator_3.py
[2026-05-07T19:40:44.928+0200] {processor.py:914} INFO - Processing file /home/rodrigo/Escritorio/BBDDAvanzadas/.venv/lib/python3.12/site-packages/airflow/example_dags/example_branch_python_dop_operator_3.py for tasks to queue
[2026-05-07T19:40:44.940+0200] {logging_mixin.py:190} INFO - [2026-05-07T19:40:44.930+0200] {dagbag.py:588} INFO - Filling up the DagBag from /home/rodrigo/Escritorio/BBDDAvanzadas/.venv/lib/python3.12/site-packages/airflow/example_dags/example_branch_python_dop_operator_3.py
[2026-05-07T19:40:44.952+0200] {processor.py:925} INFO - DAG(s) 'example_branch_dop_operator_v3' retrieved from /home/rodrigo/Escritorio/BBDDAvanzadas/.venv/lib/python3.12/site-packages/airflow/example_dags/example_branch_python_dop_operator_3.py
[2026-05-07T19:40:44.989+0200] {logging_mixin.py:190} INFO - [2026-05-07T19:40:44.989+0200] {dag.py:3239} INFO - Sync 1 DAGs
[2026-05-07T19:40:45.015+0200] {logging_mixin.py:190} INFO - [2026-05-07T19:40:45.015+0200] {dag.py:4180} INFO - Setting next_dagrun for example_branch_dop_operator_v3 to 2026-05-07 17:39:00+00:00, run_after=2026-05-07 17:40:00+00:00
[2026-05-07T19:40:45.074+0200] {processor.py:208} INFO - Processing /home/rodrigo/Escritorio/BBDDAvanzadas/.venv/lib/python3.12/site-packages/airflow/example_dags/example_branch_python_dop_operator_3.py took 0.159 seconds
[2026-05-07T19:42:07.447+0200] {processor.py:186} INFO - Started process (PID=15407) to work on /home/rodrigo/Escritorio/BBDDAvanzadas/.venv/lib/python3.12/site-packages/airflow/example_dags/example_branch_python_dop_operator_3.py
[2026-05-07T19:42:07.449+0200] {processor.py:914} INFO - Processing file /home/rodrigo/Escritorio/BBDDAvanzadas/.venv/lib/python3.12/site-packages/airflow/example_dags/example_branch_python_dop_operator_3.py for tasks to queue
[2026-05-07T19:42:07.451+0200] {logging_mixin.py:190} INFO - [2026-05-07T19:42:07.450+0200] {dagbag.py:588} INFO - Filling up the DagBag from /home/rodrigo/Escritorio/BBDDAvanzadas/.venv/lib/python3.12/site-packages/airflow/example_dags/example_branch_python_dop_operator_3.py
[2026-05-07T19:42:07.459+0200] {processor.py:925} INFO - DAG(s) 'example_branch_dop_operator_v3' retrieved from /home/rodrigo/Escritorio/BBDDAvanzadas/.venv/lib/python3.12/site-packages/airflow/example_dags/example_branch_python_dop_operator_3.py
[2026-05-07T19:42:07.472+0200] {logging_mixin.py:190} INFO - [2026-05-07T19:42:07.471+0200] {dag.py:3239} INFO - Sync 1 DAGs
[2026-05-07T19:42:07.491+0200] {logging_mixin.py:190} INFO - [2026-05-07T19:42:07.490+0200] {dag.py:4180} INFO - Setting next_dagrun for example_branch_dop_operator_v3 to 2026-05-07 17:41:00+00:00, run_after=2026-05-07 17:42:00+00:00
[2026-05-07T19:42:07.511+0200] {processor.py:208} INFO - Processing /home/rodrigo/Escritorio/BBDDAvanzadas/.venv/lib/python3.12/site-packages/airflow/example_dags/example_branch_python_dop_operator_3.py took 0.068 seconds
[2026-05-07T19:43:24.196+0200] {processor.py:186} INFO - Started process (PID=15579) to work on /home/rodrigo/Escritorio/BBDDAvanzadas/.venv/lib/python3.12/site-packages/airflow/example_dags/example_branch_python_dop_operator_3.py
[2026-05-07T19:43:24.209+0200] {processor.py:914} INFO - Processing file /home/rodrigo/Escritorio/BBDDAvanzadas/.venv/lib/python3.12/site-packages/airflow/example_dags/example_branch_python_dop_operator_3.py for tasks to queue
[2026-05-07T19:43:24.216+0200] {logging_mixin.py:190} INFO - [2026-05-07T19:43:24.216+0200] {dagbag.py:588} INFO - Filling up the DagBag from /home/rodrigo/Escritorio/BBDDAvanzadas/.venv/lib/python3.12/site-packages/airflow/example_dags/example_branch_python_dop_operator_3.py
[2026-05-07T19:43:24.224+0200] {processor.py:925} INFO - DAG(s) 'example_branch_dop_operator_v3' retrieved from /home/rodrigo/Escritorio/BBDDAvanzadas/.venv/lib/python3.12/site-packages/airflow/example_dags/example_branch_python_dop_operator_3.py
[2026-05-07T19:43:24.235+0200] {logging_mixin.py:190} INFO - [2026-05-07T19:43:24.234+0200] {dag.py:3239} INFO - Sync 1 DAGs
[2026-05-07T19:43:24.249+0200] {logging_mixin.py:190} INFO - [2026-05-07T19:43:24.249+0200] {dag.py:4180} INFO - Setting next_dagrun for example_branch_dop_operator_v3 to 2026-05-07 17:42:00+00:00, run_after=2026-05-07 17:43:00+00:00
[2026-05-07T19:43:24.390+0200] {processor.py:208} INFO - Processing /home/rodrigo/Escritorio/BBDDAvanzadas/.venv/lib/python3.12/site-packages/airflow/example_dags/example_branch_python_dop_operator_3.py took 0.205 seconds
[2026-05-07T19:44:51.038+0200] {processor.py:186} INFO - Started process (PID=15848) to work on /home/rodrigo/Escritorio/BBDDAvanzadas/.venv/lib/python3.12/site-packages/airflow/example_dags/example_branch_python_dop_operator_3.py
[2026-05-07T19:44:51.039+0200] {processor.py:914} INFO - Processing file /home/rodrigo/Escritorio/BBDDAvanzadas/.venv/lib/python3.12/site-packages/airflow/example_dags/example_branch_python_dop_operator_3.py for tasks to queue
[2026-05-07T19:44:51.040+0200] {logging_mixin.py:190} INFO - [2026-05-07T19:44:51.040+0200] {dagbag.py:588} INFO - Filling up the DagBag from /home/rodrigo/Escritorio/BBDDAvanzadas/.venv/lib/python3.12/site-packages/airflow/example_dags/example_branch_python_dop_operator_3.py
[2026-05-07T19:44:51.048+0200] {processor.py:925} INFO - DAG(s) 'example_branch_dop_operator_v3' retrieved from /home/rodrigo/Escritorio/BBDDAvanzadas/.venv/lib/python3.12/site-packages/airflow/example_dags/example_branch_python_dop_operator_3.py
[2026-05-07T19:44:51.058+0200] {logging_mixin.py:190} INFO - [2026-05-07T19:44:51.058+0200] {dag.py:3239} INFO - Sync 1 DAGs
[2026-05-07T19:44:51.074+0200] {logging_mixin.py:190} INFO - [2026-05-07T19:44:51.073+0200] {dag.py:4180} INFO - Setting next_dagrun for example_branch_dop_operator_v3 to 2026-05-07 17:43:00+00:00, run_after=2026-05-07 17:44:00+00:00
[2026-05-07T19:44:51.093+0200] {processor.py:208} INFO - Processing /home/rodrigo/Escritorio/BBDDAvanzadas/.venv/lib/python3.12/site-packages/airflow/example_dags/example_branch_python_dop_operator_3.py took 0.059 seconds
[2026-05-07T19:46:37.322+0200] {processor.py:186} INFO - Started process (PID=15945) to work on /home/rodrigo/Escritorio/BBDDAvanzadas/.venv/lib/python3.12/site-packages/airflow/example_dags/example_branch_python_dop_operator_3.py
[2026-05-07T19:46:37.327+0200] {processor.py:914} INFO - Processing file /home/rodrigo/Escritorio/BBDDAvanzadas/.venv/lib/python3.12/site-packages/airflow/example_dags/example_branch_python_dop_operator_3.py for tasks to queue
[2026-05-07T19:46:37.329+0200] {logging_mixin.py:190} INFO - [2026-05-07T19:46:37.329+0200] {dagbag.py:588} INFO - Filling up the DagBag from /home/rodrigo/Escritorio/BBDDAvanzadas/.venv/lib/python3.12/site-packages/airflow/example_dags/example_branch_python_dop_operator_3.py
[2026-05-07T19:46:37.343+0200] {processor.py:925} INFO - DAG(s) 'example_branch_dop_operator_v3' retrieved from /home/rodrigo/Escritorio/BBDDAvanzadas/.venv/lib/python3.12/site-packages/airflow/example_dags/example_branch_python_dop_operator_3.py
[2026-05-07T19:46:37.363+0200] {logging_mixin.py:190} INFO - [2026-05-07T19:46:37.363+0200] {dag.py:3239} INFO - Sync 1 DAGs
[2026-05-07T19:46:37.422+0200] {logging_mixin.py:190} INFO - [2026-05-07T19:46:37.420+0200] {dag.py:4180} INFO - Setting next_dagrun for example_branch_dop_operator_v3 to 2026-05-07 17:45:00+00:00, run_after=2026-05-07 17:46:00+00:00
[2026-05-07T19:46:37.476+0200] {processor.py:208} INFO - Processing /home/rodrigo/Escritorio/BBDDAvanzadas/.venv/lib/python3.12/site-packages/airflow/example_dags/example_branch_python_dop_operator_3.py took 0.160 seconds
[2026-05-07T19:47:50.367+0200] {processor.py:186} INFO - Started process (PID=16124) to work on /home/rodrigo/Escritorio/BBDDAvanzadas/.venv/lib/python3.12/site-packages/airflow/example_dags/example_branch_python_dop_operator_3.py
[2026-05-07T19:47:50.368+0200] {processor.py:914} INFO - Processing file /home/rodrigo/Escritorio/BBDDAvanzadas/.venv/lib/python3.12/site-packages/airflow/example_dags/example_branch_python_dop_operator_3.py for tasks to queue
[2026-05-07T19:47:50.369+0200] {logging_mixin.py:190} INFO - [2026-05-07T19:47:50.369+0200] {dagbag.py:588} INFO - Filling up the DagBag from /home/rodrigo/Escritorio/BBDDAvanzadas/.venv/lib/python3.12/site-packages/airflow/example_dags/example_branch_python_dop_operator_3.py
[2026-05-07T19:47:50.379+0200] {processor.py:925} INFO - DAG(s) 'example_branch_dop_operator_v3' retrieved from /home/rodrigo/Escritorio/BBDDAvanzadas/.venv/lib/python3.12/site-packages/airflow/example_dags/example_branch_python_dop_operator_3.py
[2026-05-07T19:47:50.394+0200] {logging_mixin.py:190} INFO - [2026-05-07T19:47:50.394+0200] {dag.py:3239} INFO - Sync 1 DAGs
[2026-05-07T19:47:50.414+0200] {logging_mixin.py:190} INFO - [2026-05-07T19:47:50.414+0200] {dag.py:4180} INFO - Setting next_dagrun for example_branch_dop_operator_v3 to 2026-05-07 17:46:00+00:00, run_after=2026-05-07 17:47:00+00:00
[2026-05-07T19:47:50.434+0200] {processor.py:208} INFO - Processing /home/rodrigo/Escritorio/BBDDAvanzadas/.venv/lib/python3.12/site-packages/airflow/example_dags/example_branch_python_dop_operator_3.py took 0.072 seconds
[2026-05-07T19:49:17.033+0200] {processor.py:186} INFO - Started process (PID=16253) to work on /home/rodrigo/Escritorio/BBDDAvanzadas/.venv/lib/python3.12/site-packages/airflow/example_dags/example_branch_python_dop_operator_3.py
[2026-05-07T19:49:17.034+0200] {processor.py:914} INFO - Processing file /home/rodrigo/Escritorio/BBDDAvanzadas/.venv/lib/python3.12/site-packages/airflow/example_dags/example_branch_python_dop_operator_3.py for tasks to queue
[2026-05-07T19:49:17.035+0200] {logging_mixin.py:190} INFO - [2026-05-07T19:49:17.035+0200] {dagbag.py:588} INFO - Filling up the DagBag from /home/rodrigo/Escritorio/BBDDAvanzadas/.venv/lib/python3.12/site-packages/airflow/example_dags/example_branch_python_dop_operator_3.py
[2026-05-07T19:49:17.043+0200] {processor.py:925} INFO - DAG(s) 'example_branch_dop_operator_v3' retrieved from /home/rodrigo/Escritorio/BBDDAvanzadas/.venv/lib/python3.12/site-packages/airflow/example_dags/example_branch_python_dop_operator_3.py
[2026-05-07T19:49:17.053+0200] {logging_mixin.py:190} INFO - [2026-05-07T19:49:17.053+0200] {dag.py:3239} INFO - Sync 1 DAGs
[2026-05-07T19:49:17.067+0200] {logging_mixin.py:190} INFO - [2026-05-07T19:49:17.067+0200] {dag.py:4180} INFO - Setting next_dagrun for example_branch_dop_operator_v3 to 2026-05-07 17:48:00+00:00, run_after=2026-05-07 17:49:00+00:00
[2026-05-07T19:49:17.083+0200] {processor.py:208} INFO - Processing /home/rodrigo/Escritorio/BBDDAvanzadas/.venv/lib/python3.12/site-packages/airflow/example_dags/example_branch_python_dop_operator_3.py took 0.055 seconds
[2026-05-07T19:51:01.704+0200] {processor.py:186} INFO - Started process (PID=16364) to work on /home/rodrigo/Escritorio/BBDDAvanzadas/.venv/lib/python3.12/site-packages/airflow/example_dags/example_branch_python_dop_operator_3.py
[2026-05-07T19:51:01.706+0200] {processor.py:914} INFO - Processing file /home/rodrigo/Escritorio/BBDDAvanzadas/.venv/lib/python3.12/site-packages/airflow/example_dags/example_branch_python_dop_operator_3.py for tasks to queue
[2026-05-07T19:51:01.708+0200] {logging_mixin.py:190} INFO - [2026-05-07T19:51:01.708+0200] {dagbag.py:588} INFO - Filling up the DagBag from /home/rodrigo/Escritorio/BBDDAvanzadas/.venv/lib/python3.12/site-packages/airflow/example_dags/example_branch_python_dop_operator_3.py
[2026-05-07T19:51:01.715+0200] {processor.py:925} INFO - DAG(s) 'example_branch_dop_operator_v3' retrieved from /home/rodrigo/Escritorio/BBDDAvanzadas/.venv/lib/python3.12/site-packages/airflow/example_dags/example_branch_python_dop_operator_3.py
[2026-05-07T19:51:01.725+0200] {logging_mixin.py:190} INFO - [2026-05-07T19:51:01.725+0200] {dag.py:3239} INFO - Sync 1 DAGs
[2026-05-07T19:51:01.739+0200] {logging_mixin.py:190} INFO - [2026-05-07T19:51:01.739+0200] {dag.py:4180} INFO - Setting next_dagrun for example_branch_dop_operator_v3 to 2026-05-07 17:50:00+00:00, run_after=2026-05-07 17:51:00+00:00
[2026-05-07T19:51:01.754+0200] {processor.py:208} INFO - Processing /home/rodrigo/Escritorio/BBDDAvanzadas/.venv/lib/python3.12/site-packages/airflow/example_dags/example_branch_python_dop_operator_3.py took 0.053 seconds
