[2026-05-07T19:33:14.732+0200] {processor.py:186} INFO - Started process (PID=14498) to work on /home/rodrigo/Escritorio/BBDDAvanzadas/.venv/lib/python3.12/site-packages/airflow/example_dags/example_branch_day_of_week_operator.py
[2026-05-07T19:33:14.733+0200] {processor.py:914} INFO - Processing file /home/rodrigo/Escritorio/BBDDAvanzadas/.venv/lib/python3.12/site-packages/airflow/example_dags/example_branch_day_of_week_operator.py for tasks to queue
[2026-05-07T19:33:14.735+0200] {logging_mixin.py:190} INFO - [2026-05-07T19:33:14.735+0200] {dagbag.py:588} INFO - Filling up the DagBag from /home/rodrigo/Escritorio/BBDDAvanzadas/.venv/lib/python3.12/site-packages/airflow/example_dags/example_branch_day_of_week_operator.py
[2026-05-07T19:33:14.768+0200] {processor.py:925} INFO - DAG(s) 'example_weekday_branch_operator' retrieved from /home/rodrigo/Escritorio/BBDDAvanzadas/.venv/lib/python3.12/site-packages/airflow/example_dags/example_branch_day_of_week_operator.py
[2026-05-07T19:33:14.971+0200] {logging_mixin.py:190} INFO - [2026-05-07T19:33:14.970+0200] {override.py:1930} INFO - Created Permission View: can read on DAG:example_weekday_branch_operator
[2026-05-07T19:33:14.996+0200] {logging_mixin.py:190} INFO - [2026-05-07T19:33:14.995+0200] {override.py:1930} INFO - Created Permission View: can edit on DAG:example_weekday_branch_operator
[2026-05-07T19:33:15.020+0200] {logging_mixin.py:190} INFO - [2026-05-07T19:33:15.020+0200] {override.py:1930} INFO - Created Permission View: can delete on DAG:example_weekday_branch_operator
[2026-05-07T19:33:15.052+0200] {logging_mixin.py:190} INFO - [2026-05-07T19:33:15.051+0200] {override.py:1930} INFO - Created Permission View: can create on DAG Run:example_weekday_branch_operator
[2026-05-07T19:33:15.067+0200] {logging_mixin.py:190} INFO - [2026-05-07T19:33:15.067+0200] {override.py:1930} INFO - Created Permission View: can read on DAG Run:example_weekday_branch_operator
[2026-05-07T19:33:15.083+0200] {logging_mixin.py:190} INFO - [2026-05-07T19:33:15.083+0200] {override.py:1930} INFO - Created Permission View: menu access on DAG Run:example_weekday_branch_operator
[2026-05-07T19:33:15.093+0200] {logging_mixin.py:190} INFO - [2026-05-07T19:33:15.093+0200] {override.py:1930} INFO - Created Permission View: can delete on DAG Run:example_weekday_branch_operator
[2026-05-07T19:33:15.094+0200] {logging_mixin.py:190} INFO - [2026-05-07T19:33:15.094+0200] {dag.py:3239} INFO - Sync 1 DAGs
[2026-05-07T19:33:15.102+0200] {logging_mixin.py:190} INFO - [2026-05-07T19:33:15.102+0200] {dag.py:3262} INFO - Creating ORM DAG for example_weekday_branch_operator
[2026-05-07T19:33:15.109+0200] {logging_mixin.py:190} INFO - [2026-05-07T19:33:15.109+0200] {dag.py:4180} INFO - Setting next_dagrun for example_weekday_branch_operator to 2026-05-06 00:00:00+00:00, run_after=2026-05-07 00:00:00+00:00
[2026-05-07T19:33:15.128+0200] {processor.py:208} INFO - Processing /home/rodrigo/Escritorio/BBDDAvanzadas/.venv/lib/python3.12/site-packages/airflow/example_dags/example_branch_day_of_week_operator.py took 0.407 seconds
[2026-05-07T19:37:55.976+0200] {processor.py:186} INFO - Started process (PID=14934) to work on /home/rodrigo/Escritorio/BBDDAvanzadas/.venv/lib/python3.12/site-packages/airflow/example_dags/example_branch_day_of_week_operator.py
[2026-05-07T19:37:55.977+0200] {processor.py:914} INFO - Processing file /home/rodrigo/Escritorio/BBDDAvanzadas/.venv/lib/python3.12/site-packages/airflow/example_dags/example_branch_day_of_week_operator.py for tasks to queue
[2026-05-07T19:37:55.980+0200] {logging_mixin.py:190} INFO - [2026-05-07T19:37:55.979+0200] {dagbag.py:588} INFO - Filling up the DagBag from /home/rodrigo/Escritorio/BBDDAvanzadas/.venv/lib/python3.12/site-packages/airflow/example_dags/example_branch_day_of_week_operator.py
[2026-05-07T19:37:55.994+0200] {processor.py:925} INFO - DAG(s) 'example_weekday_branch_operator' retrieved from /home/rodrigo/Escritorio/BBDDAvanzadas/.venv/lib/python3.12/site-packages/airflow/example_dags/example_branch_day_of_week_operator.py
[2026-05-07T19:37:56.010+0200] {logging_mixin.py:190} INFO - [2026-05-07T19:37:56.010+0200] {dag.py:3239} INFO - Sync 1 DAGs
[2026-05-07T19:37:56.026+0200] {logging_mixin.py:190} INFO - [2026-05-07T19:37:56.026+0200] {dag.py:4180} INFO - Setting next_dagrun for example_weekday_branch_operator to 2026-05-06 00:00:00+00:00, run_after=2026-05-07 00:00:00+00:00
[2026-05-07T19:37:56.081+0200] {processor.py:208} INFO - Processing /home/rodrigo/Escritorio/BBDDAvanzadas/.venv/lib/python3.12/site-packages/airflow/example_dags/example_branch_day_of_week_operator.py took 0.111 seconds
[2026-05-07T19:39:07.211+0200] {processor.py:186} INFO - Started process (PID=15011) to work on /home/rodrigo/Escritorio/BBDDAvanzadas/.venv/lib/python3.12/site-packages/airflow/example_dags/example_branch_day_of_week_operator.py
[2026-05-07T19:39:07.214+0200] {processor.py:914} INFO - Processing file /home/rodrigo/Escritorio/BBDDAvanzadas/.venv/lib/python3.12/site-packages/airflow/example_dags/example_branch_day_of_week_operator.py for tasks to queue
[2026-05-07T19:39:07.220+0200] {logging_mixin.py:190} INFO - [2026-05-07T19:39:07.218+0200] {dagbag.py:588} INFO - Filling up the DagBag from /home/rodrigo/Escritorio/BBDDAvanzadas/.venv/lib/python3.12/site-packages/airflow/example_dags/example_branch_day_of_week_operator.py
[2026-05-07T19:39:07.248+0200] {processor.py:925} INFO - DAG(s) 'example_weekday_branch_operator' retrieved from /home/rodrigo/Escritorio/BBDDAvanzadas/.venv/lib/python3.12/site-packages/airflow/example_dags/example_branch_day_of_week_operator.py
[2026-05-07T19:39:07.286+0200] {logging_mixin.py:190} INFO - [2026-05-07T19:39:07.284+0200] {dag.py:3239} INFO - Sync 1 DAGs
[2026-05-07T19:39:07.309+0200] {logging_mixin.py:190} INFO - [2026-05-07T19:39:07.309+0200] {dag.py:4180} INFO - Setting next_dagrun for example_weekday_branch_operator to 2026-05-06 00:00:00+00:00, run_after=2026-05-07 00:00:00+00:00
[2026-05-07T19:39:07.346+0200] {processor.py:208} INFO - Processing /home/rodrigo/Escritorio/BBDDAvanzadas/.venv/lib/python3.12/site-packages/airflow/example_dags/example_branch_day_of_week_operator.py took 0.142 seconds
[2026-05-07T19:40:49.951+0200] {processor.py:186} INFO - Started process (PID=15155) to work on /home/rodrigo/Escritorio/BBDDAvanzadas/.venv/lib/python3.12/site-packages/airflow/example_dags/example_branch_day_of_week_operator.py
[2026-05-07T19:40:49.959+0200] {processor.py:914} INFO - Processing file /home/rodrigo/Escritorio/BBDDAvanzadas/.venv/lib/python3.12/site-packages/airflow/example_dags/example_branch_day_of_week_operator.py for tasks to queue
[2026-05-07T19:40:49.963+0200] {logging_mixin.py:190} INFO - [2026-05-07T19:40:49.961+0200] {dagbag.py:588} INFO - Filling up the DagBag from /home/rodrigo/Escritorio/BBDDAvanzadas/.venv/lib/python3.12/site-packages/airflow/example_dags/example_branch_day_of_week_operator.py
[2026-05-07T19:40:49.991+0200] {processor.py:925} INFO - DAG(s) 'example_weekday_branch_operator' retrieved from /home/rodrigo/Escritorio/BBDDAvanzadas/.venv/lib/python3.12/site-packages/airflow/example_dags/example_branch_day_of_week_operator.py
[2026-05-07T19:40:50.009+0200] {logging_mixin.py:190} INFO - [2026-05-07T19:40:50.008+0200] {dag.py:3239} INFO - Sync 1 DAGs
[2026-05-07T19:40:50.026+0200] {logging_mixin.py:190} INFO - [2026-05-07T19:40:50.026+0200] {dag.py:4180} INFO - Setting next_dagrun for example_weekday_branch_operator to 2026-05-06 00:00:00+00:00, run_after=2026-05-07 00:00:00+00:00
[2026-05-07T19:40:50.079+0200] {processor.py:208} INFO - Processing /home/rodrigo/Escritorio/BBDDAvanzadas/.venv/lib/python3.12/site-packages/airflow/example_dags/example_branch_day_of_week_operator.py took 0.138 seconds
[2026-05-07T19:42:11.302+0200] {processor.py:186} INFO - Started process (PID=15413) to work on /home/rodrigo/Escritorio/BBDDAvanzadas/.venv/lib/python3.12/site-packages/airflow/example_dags/example_branch_day_of_week_operator.py
[2026-05-07T19:42:11.304+0200] {processor.py:914} INFO - Processing file /home/rodrigo/Escritorio/BBDDAvanzadas/.venv/lib/python3.12/site-packages/airflow/example_dags/example_branch_day_of_week_operator.py for tasks to queue
[2026-05-07T19:42:11.306+0200] {logging_mixin.py:190} INFO - [2026-05-07T19:42:11.305+0200] {dagbag.py:588} INFO - Filling up the DagBag from /home/rodrigo/Escritorio/BBDDAvanzadas/.venv/lib/python3.12/site-packages/airflow/example_dags/example_branch_day_of_week_operator.py
[2026-05-07T19:42:11.313+0200] {processor.py:925} INFO - DAG(s) 'example_weekday_branch_operator' retrieved from /home/rodrigo/Escritorio/BBDDAvanzadas/.venv/lib/python3.12/site-packages/airflow/example_dags/example_branch_day_of_week_operator.py
[2026-05-07T19:42:11.324+0200] {logging_mixin.py:190} INFO - [2026-05-07T19:42:11.324+0200] {dag.py:3239} INFO - Sync 1 DAGs
[2026-05-07T19:42:11.337+0200] {logging_mixin.py:190} INFO - [2026-05-07T19:42:11.337+0200] {dag.py:4180} INFO - Setting next_dagrun for example_weekday_branch_operator to 2026-05-06 00:00:00+00:00, run_after=2026-05-07 00:00:00+00:00
[2026-05-07T19:42:11.353+0200] {processor.py:208} INFO - Processing /home/rodrigo/Escritorio/BBDDAvanzadas/.venv/lib/python3.12/site-packages/airflow/example_dags/example_branch_day_of_week_operator.py took 0.054 seconds
[2026-05-07T19:43:27.939+0200] {processor.py:186} INFO - Started process (PID=15589) to work on /home/rodrigo/Escritorio/BBDDAvanzadas/.venv/lib/python3.12/site-packages/airflow/example_dags/example_branch_day_of_week_operator.py
[2026-05-07T19:43:27.940+0200] {processor.py:914} INFO - Processing file /home/rodrigo/Escritorio/BBDDAvanzadas/.venv/lib/python3.12/site-packages/airflow/example_dags/example_branch_day_of_week_operator.py for tasks to queue
[2026-05-07T19:43:27.941+0200] {logging_mixin.py:190} INFO - [2026-05-07T19:43:27.941+0200] {dagbag.py:588} INFO - Filling up the DagBag from /home/rodrigo/Escritorio/BBDDAvanzadas/.venv/lib/python3.12/site-packages/airflow/example_dags/example_branch_day_of_week_operator.py
[2026-05-07T19:43:27.948+0200] {processor.py:925} INFO - DAG(s) 'example_weekday_branch_operator' retrieved from /home/rodrigo/Escritorio/BBDDAvanzadas/.venv/lib/python3.12/site-packages/airflow/example_dags/example_branch_day_of_week_operator.py
[2026-05-07T19:43:27.958+0200] {logging_mixin.py:190} INFO - [2026-05-07T19:43:27.958+0200] {dag.py:3239} INFO - Sync 1 DAGs
[2026-05-07T19:43:27.970+0200] {logging_mixin.py:190} INFO - [2026-05-07T19:43:27.970+0200] {dag.py:4180} INFO - Setting next_dagrun for example_weekday_branch_operator to 2026-05-06 00:00:00+00:00, run_after=2026-05-07 00:00:00+00:00
[2026-05-07T19:43:28.074+0200] {processor.py:208} INFO - Processing /home/rodrigo/Escritorio/BBDDAvanzadas/.venv/lib/python3.12/site-packages/airflow/example_dags/example_branch_day_of_week_operator.py took 0.139 seconds
[2026-05-07T19:44:56.506+0200] {processor.py:186} INFO - Started process (PID=15854) to work on /home/rodrigo/Escritorio/BBDDAvanzadas/.venv/lib/python3.12/site-packages/airflow/example_dags/example_branch_day_of_week_operator.py
[2026-05-07T19:44:56.507+0200] {processor.py:914} INFO - Processing file /home/rodrigo/Escritorio/BBDDAvanzadas/.venv/lib/python3.12/site-packages/airflow/example_dags/example_branch_day_of_week_operator.py for tasks to queue
[2026-05-07T19:44:56.509+0200] {logging_mixin.py:190} INFO - [2026-05-07T19:44:56.508+0200] {dagbag.py:588} INFO - Filling up the DagBag from /home/rodrigo/Escritorio/BBDDAvanzadas/.venv/lib/python3.12/site-packages/airflow/example_dags/example_branch_day_of_week_operator.py
[2026-05-07T19:44:56.517+0200] {processor.py:925} INFO - DAG(s) 'example_weekday_branch_operator' retrieved from /home/rodrigo/Escritorio/BBDDAvanzadas/.venv/lib/python3.12/site-packages/airflow/example_dags/example_branch_day_of_week_operator.py
[2026-05-07T19:44:56.528+0200] {logging_mixin.py:190} INFO - [2026-05-07T19:44:56.528+0200] {dag.py:3239} INFO - Sync 1 DAGs
[2026-05-07T19:44:56.545+0200] {logging_mixin.py:190} INFO - [2026-05-07T19:44:56.545+0200] {dag.py:4180} INFO - Setting next_dagrun for example_weekday_branch_operator to 2026-05-06 00:00:00+00:00, run_after=2026-05-07 00:00:00+00:00
[2026-05-07T19:44:56.562+0200] {processor.py:208} INFO - Processing /home/rodrigo/Escritorio/BBDDAvanzadas/.venv/lib/python3.12/site-packages/airflow/example_dags/example_branch_day_of_week_operator.py took 0.073 seconds
[2026-05-07T19:46:41.335+0200] {processor.py:186} INFO - Started process (PID=15952) to work on /home/rodrigo/Escritorio/BBDDAvanzadas/.venv/lib/python3.12/site-packages/airflow/example_dags/example_branch_day_of_week_operator.py
[2026-05-07T19:46:41.337+0200] {processor.py:914} INFO - Processing file /home/rodrigo/Escritorio/BBDDAvanzadas/.venv/lib/python3.12/site-packages/airflow/example_dags/example_branch_day_of_week_operator.py for tasks to queue
[2026-05-07T19:46:41.339+0200] {logging_mixin.py:190} INFO - [2026-05-07T19:46:41.339+0200] {dagbag.py:588} INFO - Filling up the DagBag from /home/rodrigo/Escritorio/BBDDAvanzadas/.venv/lib/python3.12/site-packages/airflow/example_dags/example_branch_day_of_week_operator.py
[2026-05-07T19:46:41.347+0200] {processor.py:925} INFO - DAG(s) 'example_weekday_branch_operator' retrieved from /home/rodrigo/Escritorio/BBDDAvanzadas/.venv/lib/python3.12/site-packages/airflow/example_dags/example_branch_day_of_week_operator.py
[2026-05-07T19:46:41.359+0200] {logging_mixin.py:190} INFO - [2026-05-07T19:46:41.359+0200] {dag.py:3239} INFO - Sync 1 DAGs
[2026-05-07T19:46:41.375+0200] {logging_mixin.py:190} INFO - [2026-05-07T19:46:41.374+0200] {dag.py:4180} INFO - Setting next_dagrun for example_weekday_branch_operator to 2026-05-06 00:00:00+00:00, run_after=2026-05-07 00:00:00+00:00
[2026-05-07T19:46:41.391+0200] {processor.py:208} INFO - Processing /home/rodrigo/Escritorio/BBDDAvanzadas/.venv/lib/python3.12/site-packages/airflow/example_dags/example_branch_day_of_week_operator.py took 0.060 seconds
[2026-05-07T19:47:52.592+0200] {processor.py:186} INFO - Started process (PID=16133) to work on /home/rodrigo/Escritorio/BBDDAvanzadas/.venv/lib/python3.12/site-packages/airflow/example_dags/example_branch_day_of_week_operator.py
[2026-05-07T19:47:52.593+0200] {processor.py:914} INFO - Processing file /home/rodrigo/Escritorio/BBDDAvanzadas/.venv/lib/python3.12/site-packages/airflow/example_dags/example_branch_day_of_week_operator.py for tasks to queue
[2026-05-07T19:47:52.595+0200] {logging_mixin.py:190} INFO - [2026-05-07T19:47:52.595+0200] {dagbag.py:588} INFO - Filling up the DagBag from /home/rodrigo/Escritorio/BBDDAvanzadas/.venv/lib/python3.12/site-packages/airflow/example_dags/example_branch_day_of_week_operator.py
[2026-05-07T19:47:52.604+0200] {processor.py:925} INFO - DAG(s) 'example_weekday_branch_operator' retrieved from /home/rodrigo/Escritorio/BBDDAvanzadas/.venv/lib/python3.12/site-packages/airflow/example_dags/example_branch_day_of_week_operator.py
[2026-05-07T19:47:52.623+0200] {logging_mixin.py:190} INFO - [2026-05-07T19:47:52.622+0200] {dag.py:3239} INFO - Sync 1 DAGs
[2026-05-07T19:47:52.676+0200] {logging_mixin.py:190} INFO - [2026-05-07T19:47:52.675+0200] {dag.py:4180} INFO - Setting next_dagrun for example_weekday_branch_operator to 2026-05-06 00:00:00+00:00, run_after=2026-05-07 00:00:00+00:00
[2026-05-07T19:47:52.705+0200] {processor.py:208} INFO - Processing /home/rodrigo/Escritorio/BBDDAvanzadas/.venv/lib/python3.12/site-packages/airflow/example_dags/example_branch_day_of_week_operator.py took 0.118 seconds
[2026-05-07T19:49:22.364+0200] {processor.py:186} INFO - Started process (PID=16259) to work on /home/rodrigo/Escritorio/BBDDAvanzadas/.venv/lib/python3.12/site-packages/airflow/example_dags/example_branch_day_of_week_operator.py
[2026-05-07T19:49:22.365+0200] {processor.py:914} INFO - Processing file /home/rodrigo/Escritorio/BBDDAvanzadas/.venv/lib/python3.12/site-packages/airflow/example_dags/example_branch_day_of_week_operator.py for tasks to queue
[2026-05-07T19:49:22.366+0200] {logging_mixin.py:190} INFO - [2026-05-07T19:49:22.366+0200] {dagbag.py:588} INFO - Filling up the DagBag from /home/rodrigo/Escritorio/BBDDAvanzadas/.venv/lib/python3.12/site-packages/airflow/example_dags/example_branch_day_of_week_operator.py
[2026-05-07T19:49:22.373+0200] {processor.py:925} INFO - DAG(s) 'example_weekday_branch_operator' retrieved from /home/rodrigo/Escritorio/BBDDAvanzadas/.venv/lib/python3.12/site-packages/airflow/example_dags/example_branch_day_of_week_operator.py
[2026-05-07T19:49:22.384+0200] {logging_mixin.py:190} INFO - [2026-05-07T19:49:22.383+0200] {dag.py:3239} INFO - Sync 1 DAGs
[2026-05-07T19:49:22.400+0200] {logging_mixin.py:190} INFO - [2026-05-07T19:49:22.399+0200] {dag.py:4180} INFO - Setting next_dagrun for example_weekday_branch_operator to 2026-05-06 00:00:00+00:00, run_after=2026-05-07 00:00:00+00:00
[2026-05-07T19:49:22.419+0200] {processor.py:208} INFO - Processing /home/rodrigo/Escritorio/BBDDAvanzadas/.venv/lib/python3.12/site-packages/airflow/example_dags/example_branch_day_of_week_operator.py took 0.059 seconds
[2026-05-07T19:51:06.772+0200] {processor.py:186} INFO - Started process (PID=16368) to work on /home/rodrigo/Escritorio/BBDDAvanzadas/.venv/lib/python3.12/site-packages/airflow/example_dags/example_branch_day_of_week_operator.py
[2026-05-07T19:51:06.774+0200] {processor.py:914} INFO - Processing file /home/rodrigo/Escritorio/BBDDAvanzadas/.venv/lib/python3.12/site-packages/airflow/example_dags/example_branch_day_of_week_operator.py for tasks to queue
[2026-05-07T19:51:06.775+0200] {logging_mixin.py:190} INFO - [2026-05-07T19:51:06.775+0200] {dagbag.py:588} INFO - Filling up the DagBag from /home/rodrigo/Escritorio/BBDDAvanzadas/.venv/lib/python3.12/site-packages/airflow/example_dags/example_branch_day_of_week_operator.py
[2026-05-07T19:51:06.782+0200] {processor.py:925} INFO - DAG(s) 'example_weekday_branch_operator' retrieved from /home/rodrigo/Escritorio/BBDDAvanzadas/.venv/lib/python3.12/site-packages/airflow/example_dags/example_branch_day_of_week_operator.py
[2026-05-07T19:51:06.793+0200] {logging_mixin.py:190} INFO - [2026-05-07T19:51:06.793+0200] {dag.py:3239} INFO - Sync 1 DAGs
[2026-05-07T19:51:06.805+0200] {logging_mixin.py:190} INFO - [2026-05-07T19:51:06.805+0200] {dag.py:4180} INFO - Setting next_dagrun for example_weekday_branch_operator to 2026-05-06 00:00:00+00:00, run_after=2026-05-07 00:00:00+00:00
[2026-05-07T19:51:06.831+0200] {processor.py:208} INFO - Processing /home/rodrigo/Escritorio/BBDDAvanzadas/.venv/lib/python3.12/site-packages/airflow/example_dags/example_branch_day_of_week_operator.py took 0.063 seconds
