[2026-05-07T19:32:24.899+0200] {processor.py:186} INFO - Started process (PID=14330) to work on /home/rodrigo/Escritorio/BBDDAvanzadas/.venv/lib/python3.12/site-packages/airflow/example_dags/example_subdag_operator.py
[2026-05-07T19:32:24.899+0200] {processor.py:914} INFO - Processing file /home/rodrigo/Escritorio/BBDDAvanzadas/.venv/lib/python3.12/site-packages/airflow/example_dags/example_subdag_operator.py for tasks to queue
[2026-05-07T19:32:24.902+0200] {logging_mixin.py:190} INFO - [2026-05-07T19:32:24.901+0200] {dagbag.py:588} INFO - Filling up the DagBag from /home/rodrigo/Escritorio/BBDDAvanzadas/.venv/lib/python3.12/site-packages/airflow/example_dags/example_subdag_operator.py
[2026-05-07T19:32:24.918+0200] {processor.py:925} INFO - DAG(s) 'example_subdag_operator.section-1', 'example_subdag_operator.section-2', 'example_subdag_operator' retrieved from /home/rodrigo/Escritorio/BBDDAvanzadas/.venv/lib/python3.12/site-packages/airflow/example_dags/example_subdag_operator.py
[2026-05-07T19:32:24.999+0200] {logging_mixin.py:190} INFO - [2026-05-07T19:32:24.999+0200] {override.py:1930} INFO - Created Permission View: can read on DAG:example_subdag_operator
[2026-05-07T19:32:25.010+0200] {logging_mixin.py:190} INFO - [2026-05-07T19:32:25.010+0200] {override.py:1930} INFO - Created Permission View: can edit on DAG:example_subdag_operator
[2026-05-07T19:32:25.018+0200] {logging_mixin.py:190} INFO - [2026-05-07T19:32:25.018+0200] {override.py:1930} INFO - Created Permission View: can delete on DAG:example_subdag_operator
[2026-05-07T19:32:25.046+0200] {logging_mixin.py:190} INFO - [2026-05-07T19:32:25.045+0200] {override.py:1930} INFO - Created Permission View: can create on DAG Run:example_subdag_operator
[2026-05-07T19:32:25.059+0200] {logging_mixin.py:190} INFO - [2026-05-07T19:32:25.059+0200] {override.py:1930} INFO - Created Permission View: can read on DAG Run:example_subdag_operator
[2026-05-07T19:32:25.088+0200] {logging_mixin.py:190} INFO - [2026-05-07T19:32:25.087+0200] {override.py:1930} INFO - Created Permission View: menu access on DAG Run:example_subdag_operator
[2026-05-07T19:32:25.099+0200] {logging_mixin.py:190} INFO - [2026-05-07T19:32:25.099+0200] {override.py:1930} INFO - Created Permission View: can delete on DAG Run:example_subdag_operator
[2026-05-07T19:32:25.099+0200] {logging_mixin.py:190} INFO - [2026-05-07T19:32:25.099+0200] {dag.py:3239} INFO - Sync 3 DAGs
[2026-05-07T19:32:25.109+0200] {logging_mixin.py:190} INFO - [2026-05-07T19:32:25.109+0200] {dag.py:3262} INFO - Creating ORM DAG for example_subdag_operator.section-1
[2026-05-07T19:32:25.110+0200] {logging_mixin.py:190} INFO - [2026-05-07T19:32:25.109+0200] {dag.py:3262} INFO - Creating ORM DAG for example_subdag_operator
[2026-05-07T19:32:25.110+0200] {logging_mixin.py:190} INFO - [2026-05-07T19:32:25.110+0200] {dag.py:3262} INFO - Creating ORM DAG for example_subdag_operator.section-2
[2026-05-07T19:32:25.115+0200] {logging_mixin.py:190} INFO - [2026-05-07T19:32:25.115+0200] {dag.py:4180} INFO - Setting next_dagrun for example_subdag_operator to 2022-01-01 00:00:00+00:00, run_after=2022-01-01 00:00:00+00:00
[2026-05-07T19:32:25.115+0200] {logging_mixin.py:190} INFO - [2026-05-07T19:32:25.115+0200] {dag.py:4180} INFO - Setting next_dagrun for example_subdag_operator.section-1 to None, run_after=None
[2026-05-07T19:32:25.115+0200] {logging_mixin.py:190} INFO - [2026-05-07T19:32:25.115+0200] {dag.py:4180} INFO - Setting next_dagrun for example_subdag_operator.section-2 to None, run_after=None
[2026-05-07T19:32:25.120+0200] {logging_mixin.py:190} INFO - [2026-05-07T19:32:25.120+0200] {dag.py:3239} INFO - Sync 2 DAGs
[2026-05-07T19:32:25.122+0200] {logging_mixin.py:190} INFO - [2026-05-07T19:32:25.122+0200] {dag.py:4180} INFO - Setting next_dagrun for example_subdag_operator.section-1 to None, run_after=None
[2026-05-07T19:32:25.123+0200] {logging_mixin.py:190} INFO - [2026-05-07T19:32:25.123+0200] {dag.py:4180} INFO - Setting next_dagrun for example_subdag_operator.section-2 to None, run_after=None
[2026-05-07T19:32:25.137+0200] {processor.py:208} INFO - Processing /home/rodrigo/Escritorio/BBDDAvanzadas/.venv/lib/python3.12/site-packages/airflow/example_dags/example_subdag_operator.py took 0.242 seconds
[2026-05-07T19:37:19.174+0200] {processor.py:186} INFO - Started process (PID=14841) to work on /home/rodrigo/Escritorio/BBDDAvanzadas/.venv/lib/python3.12/site-packages/airflow/example_dags/example_subdag_operator.py
[2026-05-07T19:37:19.176+0200] {processor.py:914} INFO - Processing file /home/rodrigo/Escritorio/BBDDAvanzadas/.venv/lib/python3.12/site-packages/airflow/example_dags/example_subdag_operator.py for tasks to queue
[2026-05-07T19:37:19.179+0200] {logging_mixin.py:190} INFO - [2026-05-07T19:37:19.178+0200] {dagbag.py:588} INFO - Filling up the DagBag from /home/rodrigo/Escritorio/BBDDAvanzadas/.venv/lib/python3.12/site-packages/airflow/example_dags/example_subdag_operator.py
[2026-05-07T19:37:19.210+0200] {processor.py:925} INFO - DAG(s) 'example_subdag_operator.section-1', 'example_subdag_operator.section-2', 'example_subdag_operator' retrieved from /home/rodrigo/Escritorio/BBDDAvanzadas/.venv/lib/python3.12/site-packages/airflow/example_dags/example_subdag_operator.py
[2026-05-07T19:37:19.243+0200] {logging_mixin.py:190} INFO - [2026-05-07T19:37:19.243+0200] {dag.py:3239} INFO - Sync 3 DAGs
[2026-05-07T19:37:19.273+0200] {logging_mixin.py:190} INFO - [2026-05-07T19:37:19.273+0200] {dag.py:4180} INFO - Setting next_dagrun for example_subdag_operator to 2022-01-01 00:00:00+00:00, run_after=2022-01-01 00:00:00+00:00
[2026-05-07T19:37:19.276+0200] {logging_mixin.py:190} INFO - [2026-05-07T19:37:19.276+0200] {dag.py:4180} INFO - Setting next_dagrun for example_subdag_operator.section-1 to None, run_after=None
[2026-05-07T19:37:19.277+0200] {logging_mixin.py:190} INFO - [2026-05-07T19:37:19.277+0200] {dag.py:4180} INFO - Setting next_dagrun for example_subdag_operator.section-2 to None, run_after=None
[2026-05-07T19:37:19.282+0200] {logging_mixin.py:190} INFO - [2026-05-07T19:37:19.282+0200] {dag.py:3239} INFO - Sync 2 DAGs
[2026-05-07T19:37:19.285+0200] {logging_mixin.py:190} INFO - [2026-05-07T19:37:19.285+0200] {dag.py:4180} INFO - Setting next_dagrun for example_subdag_operator.section-1 to None, run_after=None
[2026-05-07T19:37:19.285+0200] {logging_mixin.py:190} INFO - [2026-05-07T19:37:19.285+0200] {dag.py:4180} INFO - Setting next_dagrun for example_subdag_operator.section-2 to None, run_after=None
[2026-05-07T19:37:19.303+0200] {processor.py:208} INFO - Processing /home/rodrigo/Escritorio/BBDDAvanzadas/.venv/lib/python3.12/site-packages/airflow/example_dags/example_subdag_operator.py took 0.142 seconds
[2026-05-07T19:38:22.929+0200] {processor.py:186} INFO - Started process (PID=14966) to work on /home/rodrigo/Escritorio/BBDDAvanzadas/.venv/lib/python3.12/site-packages/airflow/example_dags/example_subdag_operator.py
[2026-05-07T19:38:22.937+0200] {processor.py:914} INFO - Processing file /home/rodrigo/Escritorio/BBDDAvanzadas/.venv/lib/python3.12/site-packages/airflow/example_dags/example_subdag_operator.py for tasks to queue
[2026-05-07T19:38:22.939+0200] {logging_mixin.py:190} INFO - [2026-05-07T19:38:22.939+0200] {dagbag.py:588} INFO - Filling up the DagBag from /home/rodrigo/Escritorio/BBDDAvanzadas/.venv/lib/python3.12/site-packages/airflow/example_dags/example_subdag_operator.py
[2026-05-07T19:38:22.984+0200] {processor.py:925} INFO - DAG(s) 'example_subdag_operator.section-1', 'example_subdag_operator.section-2', 'example_subdag_operator' retrieved from /home/rodrigo/Escritorio/BBDDAvanzadas/.venv/lib/python3.12/site-packages/airflow/example_dags/example_subdag_operator.py
[2026-05-07T19:38:22.996+0200] {logging_mixin.py:190} INFO - [2026-05-07T19:38:22.996+0200] {dag.py:3239} INFO - Sync 3 DAGs
[2026-05-07T19:38:23.011+0200] {logging_mixin.py:190} INFO - [2026-05-07T19:38:23.011+0200] {dag.py:4180} INFO - Setting next_dagrun for example_subdag_operator to 2022-01-01 00:00:00+00:00, run_after=2022-01-01 00:00:00+00:00
[2026-05-07T19:38:23.013+0200] {logging_mixin.py:190} INFO - [2026-05-07T19:38:23.013+0200] {dag.py:4180} INFO - Setting next_dagrun for example_subdag_operator.section-1 to None, run_after=None
[2026-05-07T19:38:23.014+0200] {logging_mixin.py:190} INFO - [2026-05-07T19:38:23.014+0200] {dag.py:4180} INFO - Setting next_dagrun for example_subdag_operator.section-2 to None, run_after=None
[2026-05-07T19:38:23.034+0200] {logging_mixin.py:190} INFO - [2026-05-07T19:38:23.034+0200] {dag.py:3239} INFO - Sync 2 DAGs
[2026-05-07T19:38:23.045+0200] {logging_mixin.py:190} INFO - [2026-05-07T19:38:23.045+0200] {dag.py:4180} INFO - Setting next_dagrun for example_subdag_operator.section-1 to None, run_after=None
[2026-05-07T19:38:23.045+0200] {logging_mixin.py:190} INFO - [2026-05-07T19:38:23.045+0200] {dag.py:4180} INFO - Setting next_dagrun for example_subdag_operator.section-2 to None, run_after=None
[2026-05-07T19:38:23.086+0200] {processor.py:208} INFO - Processing /home/rodrigo/Escritorio/BBDDAvanzadas/.venv/lib/python3.12/site-packages/airflow/example_dags/example_subdag_operator.py took 0.164 seconds
[2026-05-07T19:39:48.084+0200] {processor.py:186} INFO - Started process (PID=15064) to work on /home/rodrigo/Escritorio/BBDDAvanzadas/.venv/lib/python3.12/site-packages/airflow/example_dags/example_subdag_operator.py
[2026-05-07T19:39:48.086+0200] {processor.py:914} INFO - Processing file /home/rodrigo/Escritorio/BBDDAvanzadas/.venv/lib/python3.12/site-packages/airflow/example_dags/example_subdag_operator.py for tasks to queue
[2026-05-07T19:39:48.088+0200] {logging_mixin.py:190} INFO - [2026-05-07T19:39:48.088+0200] {dagbag.py:588} INFO - Filling up the DagBag from /home/rodrigo/Escritorio/BBDDAvanzadas/.venv/lib/python3.12/site-packages/airflow/example_dags/example_subdag_operator.py
[2026-05-07T19:39:48.130+0200] {processor.py:925} INFO - DAG(s) 'example_subdag_operator.section-1', 'example_subdag_operator.section-2', 'example_subdag_operator' retrieved from /home/rodrigo/Escritorio/BBDDAvanzadas/.venv/lib/python3.12/site-packages/airflow/example_dags/example_subdag_operator.py
[2026-05-07T19:39:48.140+0200] {logging_mixin.py:190} INFO - [2026-05-07T19:39:48.139+0200] {dag.py:3239} INFO - Sync 3 DAGs
[2026-05-07T19:39:48.153+0200] {logging_mixin.py:190} INFO - [2026-05-07T19:39:48.152+0200] {dag.py:4180} INFO - Setting next_dagrun for example_subdag_operator to 2022-01-01 00:00:00+00:00, run_after=2022-01-01 00:00:00+00:00
[2026-05-07T19:39:48.154+0200] {logging_mixin.py:190} INFO - [2026-05-07T19:39:48.154+0200] {dag.py:4180} INFO - Setting next_dagrun for example_subdag_operator.section-1 to None, run_after=None
[2026-05-07T19:39:48.155+0200] {logging_mixin.py:190} INFO - [2026-05-07T19:39:48.155+0200] {dag.py:4180} INFO - Setting next_dagrun for example_subdag_operator.section-2 to None, run_after=None
[2026-05-07T19:39:48.166+0200] {logging_mixin.py:190} INFO - [2026-05-07T19:39:48.166+0200] {dag.py:3239} INFO - Sync 2 DAGs
[2026-05-07T19:39:48.170+0200] {logging_mixin.py:190} INFO - [2026-05-07T19:39:48.169+0200] {dag.py:4180} INFO - Setting next_dagrun for example_subdag_operator.section-1 to None, run_after=None
[2026-05-07T19:39:48.170+0200] {logging_mixin.py:190} INFO - [2026-05-07T19:39:48.170+0200] {dag.py:4180} INFO - Setting next_dagrun for example_subdag_operator.section-2 to None, run_after=None
[2026-05-07T19:39:48.214+0200] {processor.py:208} INFO - Processing /home/rodrigo/Escritorio/BBDDAvanzadas/.venv/lib/python3.12/site-packages/airflow/example_dags/example_subdag_operator.py took 0.135 seconds
[2026-05-07T19:41:14.976+0200] {processor.py:186} INFO - Started process (PID=15183) to work on /home/rodrigo/Escritorio/BBDDAvanzadas/.venv/lib/python3.12/site-packages/airflow/example_dags/example_subdag_operator.py
[2026-05-07T19:41:14.979+0200] {processor.py:914} INFO - Processing file /home/rodrigo/Escritorio/BBDDAvanzadas/.venv/lib/python3.12/site-packages/airflow/example_dags/example_subdag_operator.py for tasks to queue
[2026-05-07T19:41:14.980+0200] {logging_mixin.py:190} INFO - [2026-05-07T19:41:14.980+0200] {dagbag.py:588} INFO - Filling up the DagBag from /home/rodrigo/Escritorio/BBDDAvanzadas/.venv/lib/python3.12/site-packages/airflow/example_dags/example_subdag_operator.py
[2026-05-07T19:41:15.002+0200] {processor.py:925} INFO - DAG(s) 'example_subdag_operator.section-1', 'example_subdag_operator.section-2', 'example_subdag_operator' retrieved from /home/rodrigo/Escritorio/BBDDAvanzadas/.venv/lib/python3.12/site-packages/airflow/example_dags/example_subdag_operator.py
[2026-05-07T19:41:15.016+0200] {logging_mixin.py:190} INFO - [2026-05-07T19:41:15.016+0200] {dag.py:3239} INFO - Sync 3 DAGs
[2026-05-07T19:41:15.046+0200] {logging_mixin.py:190} INFO - [2026-05-07T19:41:15.046+0200] {dag.py:4180} INFO - Setting next_dagrun for example_subdag_operator to 2022-01-01 00:00:00+00:00, run_after=2022-01-01 00:00:00+00:00
[2026-05-07T19:41:15.048+0200] {logging_mixin.py:190} INFO - [2026-05-07T19:41:15.047+0200] {dag.py:4180} INFO - Setting next_dagrun for example_subdag_operator.section-1 to None, run_after=None
[2026-05-07T19:41:15.048+0200] {logging_mixin.py:190} INFO - [2026-05-07T19:41:15.048+0200] {dag.py:4180} INFO - Setting next_dagrun for example_subdag_operator.section-2 to None, run_after=None
[2026-05-07T19:41:15.054+0200] {logging_mixin.py:190} INFO - [2026-05-07T19:41:15.054+0200] {dag.py:3239} INFO - Sync 2 DAGs
[2026-05-07T19:41:15.057+0200] {logging_mixin.py:190} INFO - [2026-05-07T19:41:15.057+0200] {dag.py:4180} INFO - Setting next_dagrun for example_subdag_operator.section-1 to None, run_after=None
[2026-05-07T19:41:15.057+0200] {logging_mixin.py:190} INFO - [2026-05-07T19:41:15.057+0200] {dag.py:4180} INFO - Setting next_dagrun for example_subdag_operator.section-2 to None, run_after=None
[2026-05-07T19:41:15.125+0200] {processor.py:208} INFO - Processing /home/rodrigo/Escritorio/BBDDAvanzadas/.venv/lib/python3.12/site-packages/airflow/example_dags/example_subdag_operator.py took 0.153 seconds
[2026-05-07T19:42:33.779+0200] {processor.py:186} INFO - Started process (PID=15429) to work on /home/rodrigo/Escritorio/BBDDAvanzadas/.venv/lib/python3.12/site-packages/airflow/example_dags/example_subdag_operator.py
[2026-05-07T19:42:33.781+0200] {processor.py:914} INFO - Processing file /home/rodrigo/Escritorio/BBDDAvanzadas/.venv/lib/python3.12/site-packages/airflow/example_dags/example_subdag_operator.py for tasks to queue
[2026-05-07T19:42:33.782+0200] {logging_mixin.py:190} INFO - [2026-05-07T19:42:33.782+0200] {dagbag.py:588} INFO - Filling up the DagBag from /home/rodrigo/Escritorio/BBDDAvanzadas/.venv/lib/python3.12/site-packages/airflow/example_dags/example_subdag_operator.py
[2026-05-07T19:42:33.797+0200] {processor.py:925} INFO - DAG(s) 'example_subdag_operator.section-1', 'example_subdag_operator.section-2', 'example_subdag_operator' retrieved from /home/rodrigo/Escritorio/BBDDAvanzadas/.venv/lib/python3.12/site-packages/airflow/example_dags/example_subdag_operator.py
[2026-05-07T19:42:33.805+0200] {logging_mixin.py:190} INFO - [2026-05-07T19:42:33.805+0200] {dag.py:3239} INFO - Sync 3 DAGs
[2026-05-07T19:42:33.817+0200] {logging_mixin.py:190} INFO - [2026-05-07T19:42:33.816+0200] {dag.py:4180} INFO - Setting next_dagrun for example_subdag_operator to 2022-01-01 00:00:00+00:00, run_after=2022-01-01 00:00:00+00:00
[2026-05-07T19:42:33.818+0200] {logging_mixin.py:190} INFO - [2026-05-07T19:42:33.818+0200] {dag.py:4180} INFO - Setting next_dagrun for example_subdag_operator.section-1 to None, run_after=None
[2026-05-07T19:42:33.819+0200] {logging_mixin.py:190} INFO - [2026-05-07T19:42:33.819+0200] {dag.py:4180} INFO - Setting next_dagrun for example_subdag_operator.section-2 to None, run_after=None
[2026-05-07T19:42:33.822+0200] {logging_mixin.py:190} INFO - [2026-05-07T19:42:33.822+0200] {dag.py:3239} INFO - Sync 2 DAGs
[2026-05-07T19:42:33.824+0200] {logging_mixin.py:190} INFO - [2026-05-07T19:42:33.824+0200] {dag.py:4180} INFO - Setting next_dagrun for example_subdag_operator.section-1 to None, run_after=None
[2026-05-07T19:42:33.824+0200] {logging_mixin.py:190} INFO - [2026-05-07T19:42:33.824+0200] {dag.py:4180} INFO - Setting next_dagrun for example_subdag_operator.section-2 to None, run_after=None
[2026-05-07T19:42:33.835+0200] {processor.py:208} INFO - Processing /home/rodrigo/Escritorio/BBDDAvanzadas/.venv/lib/python3.12/site-packages/airflow/example_dags/example_subdag_operator.py took 0.059 seconds
[2026-05-07T19:43:43.214+0200] {processor.py:186} INFO - Started process (PID=15620) to work on /home/rodrigo/Escritorio/BBDDAvanzadas/.venv/lib/python3.12/site-packages/airflow/example_dags/example_subdag_operator.py
[2026-05-07T19:43:43.216+0200] {processor.py:914} INFO - Processing file /home/rodrigo/Escritorio/BBDDAvanzadas/.venv/lib/python3.12/site-packages/airflow/example_dags/example_subdag_operator.py for tasks to queue
[2026-05-07T19:43:43.217+0200] {logging_mixin.py:190} INFO - [2026-05-07T19:43:43.217+0200] {dagbag.py:588} INFO - Filling up the DagBag from /home/rodrigo/Escritorio/BBDDAvanzadas/.venv/lib/python3.12/site-packages/airflow/example_dags/example_subdag_operator.py
[2026-05-07T19:43:43.232+0200] {processor.py:925} INFO - DAG(s) 'example_subdag_operator.section-1', 'example_subdag_operator.section-2', 'example_subdag_operator' retrieved from /home/rodrigo/Escritorio/BBDDAvanzadas/.venv/lib/python3.12/site-packages/airflow/example_dags/example_subdag_operator.py
[2026-05-07T19:43:43.241+0200] {logging_mixin.py:190} INFO - [2026-05-07T19:43:43.241+0200] {dag.py:3239} INFO - Sync 3 DAGs
[2026-05-07T19:43:43.331+0200] {logging_mixin.py:190} INFO - [2026-05-07T19:43:43.331+0200] {dag.py:4180} INFO - Setting next_dagrun for example_subdag_operator to 2022-01-01 00:00:00+00:00, run_after=2022-01-01 00:00:00+00:00
[2026-05-07T19:43:43.333+0200] {logging_mixin.py:190} INFO - [2026-05-07T19:43:43.333+0200] {dag.py:4180} INFO - Setting next_dagrun for example_subdag_operator.section-1 to None, run_after=None
[2026-05-07T19:43:43.333+0200] {logging_mixin.py:190} INFO - [2026-05-07T19:43:43.333+0200] {dag.py:4180} INFO - Setting next_dagrun for example_subdag_operator.section-2 to None, run_after=None
[2026-05-07T19:43:43.336+0200] {logging_mixin.py:190} INFO - [2026-05-07T19:43:43.336+0200] {dag.py:3239} INFO - Sync 2 DAGs
[2026-05-07T19:43:43.338+0200] {logging_mixin.py:190} INFO - [2026-05-07T19:43:43.338+0200] {dag.py:4180} INFO - Setting next_dagrun for example_subdag_operator.section-1 to None, run_after=None
[2026-05-07T19:43:43.338+0200] {logging_mixin.py:190} INFO - [2026-05-07T19:43:43.338+0200] {dag.py:4180} INFO - Setting next_dagrun for example_subdag_operator.section-2 to None, run_after=None
[2026-05-07T19:43:43.349+0200] {processor.py:208} INFO - Processing /home/rodrigo/Escritorio/BBDDAvanzadas/.venv/lib/python3.12/site-packages/airflow/example_dags/example_subdag_operator.py took 0.139 seconds
[2026-05-07T19:45:23.888+0200] {processor.py:186} INFO - Started process (PID=15882) to work on /home/rodrigo/Escritorio/BBDDAvanzadas/.venv/lib/python3.12/site-packages/airflow/example_dags/example_subdag_operator.py
[2026-05-07T19:45:23.890+0200] {processor.py:914} INFO - Processing file /home/rodrigo/Escritorio/BBDDAvanzadas/.venv/lib/python3.12/site-packages/airflow/example_dags/example_subdag_operator.py for tasks to queue
[2026-05-07T19:45:23.892+0200] {logging_mixin.py:190} INFO - [2026-05-07T19:45:23.892+0200] {dagbag.py:588} INFO - Filling up the DagBag from /home/rodrigo/Escritorio/BBDDAvanzadas/.venv/lib/python3.12/site-packages/airflow/example_dags/example_subdag_operator.py
[2026-05-07T19:45:23.908+0200] {processor.py:925} INFO - DAG(s) 'example_subdag_operator.section-1', 'example_subdag_operator.section-2', 'example_subdag_operator' retrieved from /home/rodrigo/Escritorio/BBDDAvanzadas/.venv/lib/python3.12/site-packages/airflow/example_dags/example_subdag_operator.py
[2026-05-07T19:45:23.917+0200] {logging_mixin.py:190} INFO - [2026-05-07T19:45:23.917+0200] {dag.py:3239} INFO - Sync 3 DAGs
[2026-05-07T19:45:23.930+0200] {logging_mixin.py:190} INFO - [2026-05-07T19:45:23.930+0200] {dag.py:4180} INFO - Setting next_dagrun for example_subdag_operator to 2022-01-01 00:00:00+00:00, run_after=2022-01-01 00:00:00+00:00
[2026-05-07T19:45:23.932+0200] {logging_mixin.py:190} INFO - [2026-05-07T19:45:23.932+0200] {dag.py:4180} INFO - Setting next_dagrun for example_subdag_operator.section-1 to None, run_after=None
[2026-05-07T19:45:23.933+0200] {logging_mixin.py:190} INFO - [2026-05-07T19:45:23.933+0200] {dag.py:4180} INFO - Setting next_dagrun for example_subdag_operator.section-2 to None, run_after=None
[2026-05-07T19:45:23.936+0200] {logging_mixin.py:190} INFO - [2026-05-07T19:45:23.936+0200] {dag.py:3239} INFO - Sync 2 DAGs
[2026-05-07T19:45:23.939+0200] {logging_mixin.py:190} INFO - [2026-05-07T19:45:23.939+0200] {dag.py:4180} INFO - Setting next_dagrun for example_subdag_operator.section-1 to None, run_after=None
[2026-05-07T19:45:23.939+0200] {logging_mixin.py:190} INFO - [2026-05-07T19:45:23.939+0200] {dag.py:4180} INFO - Setting next_dagrun for example_subdag_operator.section-2 to None, run_after=None
[2026-05-07T19:45:23.951+0200] {processor.py:208} INFO - Processing /home/rodrigo/Escritorio/BBDDAvanzadas/.venv/lib/python3.12/site-packages/airflow/example_dags/example_subdag_operator.py took 0.068 seconds
[2026-05-07T19:46:22.497+0200] {processor.py:186} INFO - Started process (PID=15933) to work on /home/rodrigo/Escritorio/BBDDAvanzadas/.venv/lib/python3.12/site-packages/airflow/example_dags/example_subdag_operator.py
[2026-05-07T19:46:22.498+0200] {processor.py:914} INFO - Processing file /home/rodrigo/Escritorio/BBDDAvanzadas/.venv/lib/python3.12/site-packages/airflow/example_dags/example_subdag_operator.py for tasks to queue
[2026-05-07T19:46:22.500+0200] {logging_mixin.py:190} INFO - [2026-05-07T19:46:22.500+0200] {dagbag.py:588} INFO - Filling up the DagBag from /home/rodrigo/Escritorio/BBDDAvanzadas/.venv/lib/python3.12/site-packages/airflow/example_dags/example_subdag_operator.py
[2026-05-07T19:46:22.516+0200] {processor.py:925} INFO - DAG(s) 'example_subdag_operator.section-1', 'example_subdag_operator.section-2', 'example_subdag_operator' retrieved from /home/rodrigo/Escritorio/BBDDAvanzadas/.venv/lib/python3.12/site-packages/airflow/example_dags/example_subdag_operator.py
[2026-05-07T19:46:22.526+0200] {logging_mixin.py:190} INFO - [2026-05-07T19:46:22.526+0200] {dag.py:3239} INFO - Sync 3 DAGs
[2026-05-07T19:46:22.540+0200] {logging_mixin.py:190} INFO - [2026-05-07T19:46:22.540+0200] {dag.py:4180} INFO - Setting next_dagrun for example_subdag_operator to 2022-01-01 00:00:00+00:00, run_after=2022-01-01 00:00:00+00:00
[2026-05-07T19:46:22.542+0200] {logging_mixin.py:190} INFO - [2026-05-07T19:46:22.542+0200] {dag.py:4180} INFO - Setting next_dagrun for example_subdag_operator.section-1 to None, run_after=None
[2026-05-07T19:46:22.542+0200] {logging_mixin.py:190} INFO - [2026-05-07T19:46:22.542+0200] {dag.py:4180} INFO - Setting next_dagrun for example_subdag_operator.section-2 to None, run_after=None
[2026-05-07T19:46:22.547+0200] {logging_mixin.py:190} INFO - [2026-05-07T19:46:22.546+0200] {dag.py:3239} INFO - Sync 2 DAGs
[2026-05-07T19:46:22.549+0200] {logging_mixin.py:190} INFO - [2026-05-07T19:46:22.549+0200] {dag.py:4180} INFO - Setting next_dagrun for example_subdag_operator.section-1 to None, run_after=None
[2026-05-07T19:46:22.549+0200] {logging_mixin.py:190} INFO - [2026-05-07T19:46:22.549+0200] {dag.py:4180} INFO - Setting next_dagrun for example_subdag_operator.section-2 to None, run_after=None
[2026-05-07T19:46:22.561+0200] {processor.py:208} INFO - Processing /home/rodrigo/Escritorio/BBDDAvanzadas/.venv/lib/python3.12/site-packages/airflow/example_dags/example_subdag_operator.py took 0.068 seconds
[2026-05-07T19:47:41.247+0200] {processor.py:186} INFO - Started process (PID=16106) to work on /home/rodrigo/Escritorio/BBDDAvanzadas/.venv/lib/python3.12/site-packages/airflow/example_dags/example_subdag_operator.py
[2026-05-07T19:47:41.249+0200] {processor.py:914} INFO - Processing file /home/rodrigo/Escritorio/BBDDAvanzadas/.venv/lib/python3.12/site-packages/airflow/example_dags/example_subdag_operator.py for tasks to queue
[2026-05-07T19:47:41.250+0200] {logging_mixin.py:190} INFO - [2026-05-07T19:47:41.250+0200] {dagbag.py:588} INFO - Filling up the DagBag from /home/rodrigo/Escritorio/BBDDAvanzadas/.venv/lib/python3.12/site-packages/airflow/example_dags/example_subdag_operator.py
[2026-05-07T19:47:41.275+0200] {processor.py:925} INFO - DAG(s) 'example_subdag_operator.section-1', 'example_subdag_operator.section-2', 'example_subdag_operator' retrieved from /home/rodrigo/Escritorio/BBDDAvanzadas/.venv/lib/python3.12/site-packages/airflow/example_dags/example_subdag_operator.py
[2026-05-07T19:47:41.285+0200] {logging_mixin.py:190} INFO - [2026-05-07T19:47:41.285+0200] {dag.py:3239} INFO - Sync 3 DAGs
[2026-05-07T19:47:41.308+0200] {logging_mixin.py:190} INFO - [2026-05-07T19:47:41.308+0200] {dag.py:4180} INFO - Setting next_dagrun for example_subdag_operator to 2022-01-01 00:00:00+00:00, run_after=2022-01-01 00:00:00+00:00
[2026-05-07T19:47:41.310+0200] {logging_mixin.py:190} INFO - [2026-05-07T19:47:41.310+0200] {dag.py:4180} INFO - Setting next_dagrun for example_subdag_operator.section-1 to None, run_after=None
[2026-05-07T19:47:41.311+0200] {logging_mixin.py:190} INFO - [2026-05-07T19:47:41.311+0200] {dag.py:4180} INFO - Setting next_dagrun for example_subdag_operator.section-2 to None, run_after=None
[2026-05-07T19:47:41.315+0200] {logging_mixin.py:190} INFO - [2026-05-07T19:47:41.315+0200] {dag.py:3239} INFO - Sync 2 DAGs
[2026-05-07T19:47:41.317+0200] {logging_mixin.py:190} INFO - [2026-05-07T19:47:41.317+0200] {dag.py:4180} INFO - Setting next_dagrun for example_subdag_operator.section-1 to None, run_after=None
[2026-05-07T19:47:41.318+0200] {logging_mixin.py:190} INFO - [2026-05-07T19:47:41.318+0200] {dag.py:4180} INFO - Setting next_dagrun for example_subdag_operator.section-2 to None, run_after=None
[2026-05-07T19:47:41.330+0200] {processor.py:208} INFO - Processing /home/rodrigo/Escritorio/BBDDAvanzadas/.venv/lib/python3.12/site-packages/airflow/example_dags/example_subdag_operator.py took 0.087 seconds
[2026-05-07T19:49:04.129+0200] {processor.py:186} INFO - Started process (PID=16235) to work on /home/rodrigo/Escritorio/BBDDAvanzadas/.venv/lib/python3.12/site-packages/airflow/example_dags/example_subdag_operator.py
[2026-05-07T19:49:04.131+0200] {processor.py:914} INFO - Processing file /home/rodrigo/Escritorio/BBDDAvanzadas/.venv/lib/python3.12/site-packages/airflow/example_dags/example_subdag_operator.py for tasks to queue
[2026-05-07T19:49:04.133+0200] {logging_mixin.py:190} INFO - [2026-05-07T19:49:04.132+0200] {dagbag.py:588} INFO - Filling up the DagBag from /home/rodrigo/Escritorio/BBDDAvanzadas/.venv/lib/python3.12/site-packages/airflow/example_dags/example_subdag_operator.py
[2026-05-07T19:49:04.147+0200] {processor.py:925} INFO - DAG(s) 'example_subdag_operator.section-1', 'example_subdag_operator.section-2', 'example_subdag_operator' retrieved from /home/rodrigo/Escritorio/BBDDAvanzadas/.venv/lib/python3.12/site-packages/airflow/example_dags/example_subdag_operator.py
[2026-05-07T19:49:04.156+0200] {logging_mixin.py:190} INFO - [2026-05-07T19:49:04.155+0200] {dag.py:3239} INFO - Sync 3 DAGs
[2026-05-07T19:49:04.167+0200] {logging_mixin.py:190} INFO - [2026-05-07T19:49:04.167+0200] {dag.py:4180} INFO - Setting next_dagrun for example_subdag_operator to 2022-01-01 00:00:00+00:00, run_after=2022-01-01 00:00:00+00:00
[2026-05-07T19:49:04.169+0200] {logging_mixin.py:190} INFO - [2026-05-07T19:49:04.169+0200] {dag.py:4180} INFO - Setting next_dagrun for example_subdag_operator.section-1 to None, run_after=None
[2026-05-07T19:49:04.170+0200] {logging_mixin.py:190} INFO - [2026-05-07T19:49:04.170+0200] {dag.py:4180} INFO - Setting next_dagrun for example_subdag_operator.section-2 to None, run_after=None
[2026-05-07T19:49:04.173+0200] {logging_mixin.py:190} INFO - [2026-05-07T19:49:04.173+0200] {dag.py:3239} INFO - Sync 2 DAGs
[2026-05-07T19:49:04.175+0200] {logging_mixin.py:190} INFO - [2026-05-07T19:49:04.175+0200] {dag.py:4180} INFO - Setting next_dagrun for example_subdag_operator.section-1 to None, run_after=None
[2026-05-07T19:49:04.175+0200] {logging_mixin.py:190} INFO - [2026-05-07T19:49:04.175+0200] {dag.py:4180} INFO - Setting next_dagrun for example_subdag_operator.section-2 to None, run_after=None
[2026-05-07T19:49:04.185+0200] {processor.py:208} INFO - Processing /home/rodrigo/Escritorio/BBDDAvanzadas/.venv/lib/python3.12/site-packages/airflow/example_dags/example_subdag_operator.py took 0.060 seconds
[2026-05-07T19:50:50.150+0200] {processor.py:186} INFO - Started process (PID=16355) to work on /home/rodrigo/Escritorio/BBDDAvanzadas/.venv/lib/python3.12/site-packages/airflow/example_dags/example_subdag_operator.py
[2026-05-07T19:50:50.152+0200] {processor.py:914} INFO - Processing file /home/rodrigo/Escritorio/BBDDAvanzadas/.venv/lib/python3.12/site-packages/airflow/example_dags/example_subdag_operator.py for tasks to queue
[2026-05-07T19:50:50.154+0200] {logging_mixin.py:190} INFO - [2026-05-07T19:50:50.154+0200] {dagbag.py:588} INFO - Filling up the DagBag from /home/rodrigo/Escritorio/BBDDAvanzadas/.venv/lib/python3.12/site-packages/airflow/example_dags/example_subdag_operator.py
[2026-05-07T19:50:50.169+0200] {processor.py:925} INFO - DAG(s) 'example_subdag_operator.section-1', 'example_subdag_operator.section-2', 'example_subdag_operator' retrieved from /home/rodrigo/Escritorio/BBDDAvanzadas/.venv/lib/python3.12/site-packages/airflow/example_dags/example_subdag_operator.py
[2026-05-07T19:50:50.178+0200] {logging_mixin.py:190} INFO - [2026-05-07T19:50:50.178+0200] {dag.py:3239} INFO - Sync 3 DAGs
[2026-05-07T19:50:50.189+0200] {logging_mixin.py:190} INFO - [2026-05-07T19:50:50.189+0200] {dag.py:4180} INFO - Setting next_dagrun for example_subdag_operator to 2022-01-01 00:00:00+00:00, run_after=2022-01-01 00:00:00+00:00
[2026-05-07T19:50:50.192+0200] {logging_mixin.py:190} INFO - [2026-05-07T19:50:50.192+0200] {dag.py:4180} INFO - Setting next_dagrun for example_subdag_operator.section-1 to None, run_after=None
[2026-05-07T19:50:50.192+0200] {logging_mixin.py:190} INFO - [2026-05-07T19:50:50.192+0200] {dag.py:4180} INFO - Setting next_dagrun for example_subdag_operator.section-2 to None, run_after=None
[2026-05-07T19:50:50.196+0200] {logging_mixin.py:190} INFO - [2026-05-07T19:50:50.196+0200] {dag.py:3239} INFO - Sync 2 DAGs
[2026-05-07T19:50:50.198+0200] {logging_mixin.py:190} INFO - [2026-05-07T19:50:50.198+0200] {dag.py:4180} INFO - Setting next_dagrun for example_subdag_operator.section-1 to None, run_after=None
[2026-05-07T19:50:50.198+0200] {logging_mixin.py:190} INFO - [2026-05-07T19:50:50.198+0200] {dag.py:4180} INFO - Setting next_dagrun for example_subdag_operator.section-2 to None, run_after=None
[2026-05-07T19:50:50.208+0200] {processor.py:208} INFO - Processing /home/rodrigo/Escritorio/BBDDAvanzadas/.venv/lib/python3.12/site-packages/airflow/example_dags/example_subdag_operator.py took 0.063 seconds
