[2026-05-07T19:33:17.377+0200] {processor.py:186} INFO - Started process (PID=14500) to work on /home/rodrigo/Escritorio/BBDDAvanzadas/.venv/lib/python3.12/site-packages/airflow/example_dags/example_bash_operator.py
[2026-05-07T19:33:17.378+0200] {processor.py:914} INFO - Processing file /home/rodrigo/Escritorio/BBDDAvanzadas/.venv/lib/python3.12/site-packages/airflow/example_dags/example_bash_operator.py for tasks to queue
[2026-05-07T19:33:17.379+0200] {logging_mixin.py:190} INFO - [2026-05-07T19:33:17.379+0200] {dagbag.py:588} INFO - Filling up the DagBag from /home/rodrigo/Escritorio/BBDDAvanzadas/.venv/lib/python3.12/site-packages/airflow/example_dags/example_bash_operator.py
[2026-05-07T19:33:17.390+0200] {processor.py:925} INFO - DAG(s) 'example_bash_operator' retrieved from /home/rodrigo/Escritorio/BBDDAvanzadas/.venv/lib/python3.12/site-packages/airflow/example_dags/example_bash_operator.py
[2026-05-07T19:33:17.497+0200] {logging_mixin.py:190} INFO - [2026-05-07T19:33:17.496+0200] {override.py:1930} INFO - Created Permission View: can read on DAG:example_bash_operator
[2026-05-07T19:33:17.520+0200] {logging_mixin.py:190} INFO - [2026-05-07T19:33:17.520+0200] {override.py:1930} INFO - Created Permission View: can edit on DAG:example_bash_operator
[2026-05-07T19:33:17.529+0200] {logging_mixin.py:190} INFO - [2026-05-07T19:33:17.529+0200] {override.py:1930} INFO - Created Permission View: can delete on DAG:example_bash_operator
[2026-05-07T19:33:17.550+0200] {logging_mixin.py:190} INFO - [2026-05-07T19:33:17.550+0200] {override.py:1930} INFO - Created Permission View: can create on DAG Run:example_bash_operator
[2026-05-07T19:33:17.559+0200] {logging_mixin.py:190} INFO - [2026-05-07T19:33:17.558+0200] {override.py:1930} INFO - Created Permission View: can read on DAG Run:example_bash_operator
[2026-05-07T19:33:17.568+0200] {logging_mixin.py:190} INFO - [2026-05-07T19:33:17.568+0200] {override.py:1930} INFO - Created Permission View: menu access on DAG Run:example_bash_operator
[2026-05-07T19:33:17.576+0200] {logging_mixin.py:190} INFO - [2026-05-07T19:33:17.576+0200] {override.py:1930} INFO - Created Permission View: can delete on DAG Run:example_bash_operator
[2026-05-07T19:33:17.576+0200] {logging_mixin.py:190} INFO - [2026-05-07T19:33:17.576+0200] {dag.py:3239} INFO - Sync 1 DAGs
[2026-05-07T19:33:17.584+0200] {logging_mixin.py:190} INFO - [2026-05-07T19:33:17.584+0200] {dag.py:3262} INFO - Creating ORM DAG for example_bash_operator
[2026-05-07T19:33:17.591+0200] {logging_mixin.py:190} INFO - [2026-05-07T19:33:17.591+0200] {dag.py:4180} INFO - Setting next_dagrun for example_bash_operator to 2026-05-06 00:00:00+00:00, run_after=2026-05-07 00:00:00+00:00
[2026-05-07T19:33:17.609+0200] {processor.py:208} INFO - Processing /home/rodrigo/Escritorio/BBDDAvanzadas/.venv/lib/python3.12/site-packages/airflow/example_dags/example_bash_operator.py took 0.238 seconds
[2026-05-07T19:37:57.473+0200] {processor.py:186} INFO - Started process (PID=14936) to work on /home/rodrigo/Escritorio/BBDDAvanzadas/.venv/lib/python3.12/site-packages/airflow/example_dags/example_bash_operator.py
[2026-05-07T19:37:57.474+0200] {processor.py:914} INFO - Processing file /home/rodrigo/Escritorio/BBDDAvanzadas/.venv/lib/python3.12/site-packages/airflow/example_dags/example_bash_operator.py for tasks to queue
[2026-05-07T19:37:57.476+0200] {logging_mixin.py:190} INFO - [2026-05-07T19:37:57.475+0200] {dagbag.py:588} INFO - Filling up the DagBag from /home/rodrigo/Escritorio/BBDDAvanzadas/.venv/lib/python3.12/site-packages/airflow/example_dags/example_bash_operator.py
[2026-05-07T19:37:57.485+0200] {processor.py:925} INFO - DAG(s) 'example_bash_operator' retrieved from /home/rodrigo/Escritorio/BBDDAvanzadas/.venv/lib/python3.12/site-packages/airflow/example_dags/example_bash_operator.py
[2026-05-07T19:37:57.500+0200] {logging_mixin.py:190} INFO - [2026-05-07T19:37:57.500+0200] {dag.py:3239} INFO - Sync 1 DAGs
[2026-05-07T19:37:57.513+0200] {logging_mixin.py:190} INFO - [2026-05-07T19:37:57.513+0200] {dag.py:4180} INFO - Setting next_dagrun for example_bash_operator to 2026-05-06 00:00:00+00:00, run_after=2026-05-07 00:00:00+00:00
[2026-05-07T19:37:57.528+0200] {processor.py:208} INFO - Processing /home/rodrigo/Escritorio/BBDDAvanzadas/.venv/lib/python3.12/site-packages/airflow/example_dags/example_bash_operator.py took 0.059 seconds
[2026-05-07T19:39:09.935+0200] {processor.py:186} INFO - Started process (PID=15020) to work on /home/rodrigo/Escritorio/BBDDAvanzadas/.venv/lib/python3.12/site-packages/airflow/example_dags/example_bash_operator.py
[2026-05-07T19:39:09.937+0200] {processor.py:914} INFO - Processing file /home/rodrigo/Escritorio/BBDDAvanzadas/.venv/lib/python3.12/site-packages/airflow/example_dags/example_bash_operator.py for tasks to queue
[2026-05-07T19:39:09.941+0200] {logging_mixin.py:190} INFO - [2026-05-07T19:39:09.941+0200] {dagbag.py:588} INFO - Filling up the DagBag from /home/rodrigo/Escritorio/BBDDAvanzadas/.venv/lib/python3.12/site-packages/airflow/example_dags/example_bash_operator.py
[2026-05-07T19:39:09.963+0200] {processor.py:925} INFO - DAG(s) 'example_bash_operator' retrieved from /home/rodrigo/Escritorio/BBDDAvanzadas/.venv/lib/python3.12/site-packages/airflow/example_dags/example_bash_operator.py
[2026-05-07T19:39:10.031+0200] {logging_mixin.py:190} INFO - [2026-05-07T19:39:10.030+0200] {dag.py:3239} INFO - Sync 1 DAGs
[2026-05-07T19:39:10.053+0200] {logging_mixin.py:190} INFO - [2026-05-07T19:39:10.052+0200] {dag.py:4180} INFO - Setting next_dagrun for example_bash_operator to 2026-05-06 00:00:00+00:00, run_after=2026-05-07 00:00:00+00:00
[2026-05-07T19:39:10.148+0200] {processor.py:208} INFO - Processing /home/rodrigo/Escritorio/BBDDAvanzadas/.venv/lib/python3.12/site-packages/airflow/example_dags/example_bash_operator.py took 0.217 seconds
[2026-05-07T19:40:51.738+0200] {processor.py:186} INFO - Started process (PID=15157) to work on /home/rodrigo/Escritorio/BBDDAvanzadas/.venv/lib/python3.12/site-packages/airflow/example_dags/example_bash_operator.py
[2026-05-07T19:40:51.744+0200] {processor.py:914} INFO - Processing file /home/rodrigo/Escritorio/BBDDAvanzadas/.venv/lib/python3.12/site-packages/airflow/example_dags/example_bash_operator.py for tasks to queue
[2026-05-07T19:40:51.746+0200] {logging_mixin.py:190} INFO - [2026-05-07T19:40:51.746+0200] {dagbag.py:588} INFO - Filling up the DagBag from /home/rodrigo/Escritorio/BBDDAvanzadas/.venv/lib/python3.12/site-packages/airflow/example_dags/example_bash_operator.py
[2026-05-07T19:40:51.763+0200] {processor.py:925} INFO - DAG(s) 'example_bash_operator' retrieved from /home/rodrigo/Escritorio/BBDDAvanzadas/.venv/lib/python3.12/site-packages/airflow/example_dags/example_bash_operator.py
[2026-05-07T19:40:51.785+0200] {logging_mixin.py:190} INFO - [2026-05-07T19:40:51.785+0200] {dag.py:3239} INFO - Sync 1 DAGs
[2026-05-07T19:40:51.824+0200] {logging_mixin.py:190} INFO - [2026-05-07T19:40:51.824+0200] {dag.py:4180} INFO - Setting next_dagrun for example_bash_operator to 2026-05-06 00:00:00+00:00, run_after=2026-05-07 00:00:00+00:00
[2026-05-07T19:40:51.862+0200] {processor.py:208} INFO - Processing /home/rodrigo/Escritorio/BBDDAvanzadas/.venv/lib/python3.12/site-packages/airflow/example_dags/example_bash_operator.py took 0.130 seconds
[2026-05-07T19:42:13.197+0200] {processor.py:186} INFO - Started process (PID=15415) to work on /home/rodrigo/Escritorio/BBDDAvanzadas/.venv/lib/python3.12/site-packages/airflow/example_dags/example_bash_operator.py
[2026-05-07T19:42:13.199+0200] {processor.py:914} INFO - Processing file /home/rodrigo/Escritorio/BBDDAvanzadas/.venv/lib/python3.12/site-packages/airflow/example_dags/example_bash_operator.py for tasks to queue
[2026-05-07T19:42:13.200+0200] {logging_mixin.py:190} INFO - [2026-05-07T19:42:13.200+0200] {dagbag.py:588} INFO - Filling up the DagBag from /home/rodrigo/Escritorio/BBDDAvanzadas/.venv/lib/python3.12/site-packages/airflow/example_dags/example_bash_operator.py
[2026-05-07T19:42:13.209+0200] {processor.py:925} INFO - DAG(s) 'example_bash_operator' retrieved from /home/rodrigo/Escritorio/BBDDAvanzadas/.venv/lib/python3.12/site-packages/airflow/example_dags/example_bash_operator.py
[2026-05-07T19:42:13.223+0200] {logging_mixin.py:190} INFO - [2026-05-07T19:42:13.223+0200] {dag.py:3239} INFO - Sync 1 DAGs
[2026-05-07T19:42:13.236+0200] {logging_mixin.py:190} INFO - [2026-05-07T19:42:13.236+0200] {dag.py:4180} INFO - Setting next_dagrun for example_bash_operator to 2026-05-06 00:00:00+00:00, run_after=2026-05-07 00:00:00+00:00
[2026-05-07T19:42:13.255+0200] {processor.py:208} INFO - Processing /home/rodrigo/Escritorio/BBDDAvanzadas/.venv/lib/python3.12/site-packages/airflow/example_dags/example_bash_operator.py took 0.062 seconds
[2026-05-07T19:43:30.511+0200] {processor.py:186} INFO - Started process (PID=15596) to work on /home/rodrigo/Escritorio/BBDDAvanzadas/.venv/lib/python3.12/site-packages/airflow/example_dags/example_bash_operator.py
[2026-05-07T19:43:30.514+0200] {processor.py:914} INFO - Processing file /home/rodrigo/Escritorio/BBDDAvanzadas/.venv/lib/python3.12/site-packages/airflow/example_dags/example_bash_operator.py for tasks to queue
[2026-05-07T19:43:30.516+0200] {logging_mixin.py:190} INFO - [2026-05-07T19:43:30.516+0200] {dagbag.py:588} INFO - Filling up the DagBag from /home/rodrigo/Escritorio/BBDDAvanzadas/.venv/lib/python3.12/site-packages/airflow/example_dags/example_bash_operator.py
[2026-05-07T19:43:30.526+0200] {processor.py:925} INFO - DAG(s) 'example_bash_operator' retrieved from /home/rodrigo/Escritorio/BBDDAvanzadas/.venv/lib/python3.12/site-packages/airflow/example_dags/example_bash_operator.py
[2026-05-07T19:43:30.541+0200] {logging_mixin.py:190} INFO - [2026-05-07T19:43:30.541+0200] {dag.py:3239} INFO - Sync 1 DAGs
[2026-05-07T19:43:30.725+0200] {logging_mixin.py:190} INFO - [2026-05-07T19:43:30.725+0200] {dag.py:4180} INFO - Setting next_dagrun for example_bash_operator to 2026-05-06 00:00:00+00:00, run_after=2026-05-07 00:00:00+00:00
[2026-05-07T19:43:30.859+0200] {processor.py:208} INFO - Processing /home/rodrigo/Escritorio/BBDDAvanzadas/.venv/lib/python3.12/site-packages/airflow/example_dags/example_bash_operator.py took 0.354 seconds
[2026-05-07T19:44:58.675+0200] {processor.py:186} INFO - Started process (PID=15856) to work on /home/rodrigo/Escritorio/BBDDAvanzadas/.venv/lib/python3.12/site-packages/airflow/example_dags/example_bash_operator.py
[2026-05-07T19:44:58.676+0200] {processor.py:914} INFO - Processing file /home/rodrigo/Escritorio/BBDDAvanzadas/.venv/lib/python3.12/site-packages/airflow/example_dags/example_bash_operator.py for tasks to queue
[2026-05-07T19:44:58.678+0200] {logging_mixin.py:190} INFO - [2026-05-07T19:44:58.678+0200] {dagbag.py:588} INFO - Filling up the DagBag from /home/rodrigo/Escritorio/BBDDAvanzadas/.venv/lib/python3.12/site-packages/airflow/example_dags/example_bash_operator.py
[2026-05-07T19:44:58.687+0200] {processor.py:925} INFO - DAG(s) 'example_bash_operator' retrieved from /home/rodrigo/Escritorio/BBDDAvanzadas/.venv/lib/python3.12/site-packages/airflow/example_dags/example_bash_operator.py
[2026-05-07T19:44:58.704+0200] {logging_mixin.py:190} INFO - [2026-05-07T19:44:58.703+0200] {dag.py:3239} INFO - Sync 1 DAGs
[2026-05-07T19:44:58.719+0200] {logging_mixin.py:190} INFO - [2026-05-07T19:44:58.718+0200] {dag.py:4180} INFO - Setting next_dagrun for example_bash_operator to 2026-05-06 00:00:00+00:00, run_after=2026-05-07 00:00:00+00:00
[2026-05-07T19:44:58.780+0200] {processor.py:208} INFO - Processing /home/rodrigo/Escritorio/BBDDAvanzadas/.venv/lib/python3.12/site-packages/airflow/example_dags/example_bash_operator.py took 0.109 seconds
[2026-05-07T19:46:43.653+0200] {processor.py:186} INFO - Started process (PID=15959) to work on /home/rodrigo/Escritorio/BBDDAvanzadas/.venv/lib/python3.12/site-packages/airflow/example_dags/example_bash_operator.py
[2026-05-07T19:46:43.656+0200] {processor.py:914} INFO - Processing file /home/rodrigo/Escritorio/BBDDAvanzadas/.venv/lib/python3.12/site-packages/airflow/example_dags/example_bash_operator.py for tasks to queue
[2026-05-07T19:46:43.657+0200] {logging_mixin.py:190} INFO - [2026-05-07T19:46:43.657+0200] {dagbag.py:588} INFO - Filling up the DagBag from /home/rodrigo/Escritorio/BBDDAvanzadas/.venv/lib/python3.12/site-packages/airflow/example_dags/example_bash_operator.py
[2026-05-07T19:46:43.668+0200] {processor.py:925} INFO - DAG(s) 'example_bash_operator' retrieved from /home/rodrigo/Escritorio/BBDDAvanzadas/.venv/lib/python3.12/site-packages/airflow/example_dags/example_bash_operator.py
[2026-05-07T19:46:43.691+0200] {logging_mixin.py:190} INFO - [2026-05-07T19:46:43.691+0200] {dag.py:3239} INFO - Sync 1 DAGs
[2026-05-07T19:46:43.714+0200] {logging_mixin.py:190} INFO - [2026-05-07T19:46:43.714+0200] {dag.py:4180} INFO - Setting next_dagrun for example_bash_operator to 2026-05-06 00:00:00+00:00, run_after=2026-05-07 00:00:00+00:00
[2026-05-07T19:46:43.800+0200] {processor.py:208} INFO - Processing /home/rodrigo/Escritorio/BBDDAvanzadas/.venv/lib/python3.12/site-packages/airflow/example_dags/example_bash_operator.py took 0.153 seconds
[2026-05-07T19:47:55.153+0200] {processor.py:186} INFO - Started process (PID=16147) to work on /home/rodrigo/Escritorio/BBDDAvanzadas/.venv/lib/python3.12/site-packages/airflow/example_dags/example_bash_operator.py
[2026-05-07T19:47:55.163+0200] {processor.py:914} INFO - Processing file /home/rodrigo/Escritorio/BBDDAvanzadas/.venv/lib/python3.12/site-packages/airflow/example_dags/example_bash_operator.py for tasks to queue
[2026-05-07T19:47:55.172+0200] {logging_mixin.py:190} INFO - [2026-05-07T19:47:55.171+0200] {dagbag.py:588} INFO - Filling up the DagBag from /home/rodrigo/Escritorio/BBDDAvanzadas/.venv/lib/python3.12/site-packages/airflow/example_dags/example_bash_operator.py
[2026-05-07T19:47:55.198+0200] {processor.py:925} INFO - DAG(s) 'example_bash_operator' retrieved from /home/rodrigo/Escritorio/BBDDAvanzadas/.venv/lib/python3.12/site-packages/airflow/example_dags/example_bash_operator.py
[2026-05-07T19:47:55.246+0200] {logging_mixin.py:190} INFO - [2026-05-07T19:47:55.245+0200] {dag.py:3239} INFO - Sync 1 DAGs
[2026-05-07T19:47:55.278+0200] {logging_mixin.py:190} INFO - [2026-05-07T19:47:55.278+0200] {dag.py:4180} INFO - Setting next_dagrun for example_bash_operator to 2026-05-06 00:00:00+00:00, run_after=2026-05-07 00:00:00+00:00
[2026-05-07T19:47:55.344+0200] {processor.py:208} INFO - Processing /home/rodrigo/Escritorio/BBDDAvanzadas/.venv/lib/python3.12/site-packages/airflow/example_dags/example_bash_operator.py took 0.197 seconds
[2026-05-07T19:49:25.669+0200] {processor.py:186} INFO - Started process (PID=16261) to work on /home/rodrigo/Escritorio/BBDDAvanzadas/.venv/lib/python3.12/site-packages/airflow/example_dags/example_bash_operator.py
[2026-05-07T19:49:25.670+0200] {processor.py:914} INFO - Processing file /home/rodrigo/Escritorio/BBDDAvanzadas/.venv/lib/python3.12/site-packages/airflow/example_dags/example_bash_operator.py for tasks to queue
[2026-05-07T19:49:25.672+0200] {logging_mixin.py:190} INFO - [2026-05-07T19:49:25.671+0200] {dagbag.py:588} INFO - Filling up the DagBag from /home/rodrigo/Escritorio/BBDDAvanzadas/.venv/lib/python3.12/site-packages/airflow/example_dags/example_bash_operator.py
[2026-05-07T19:49:25.681+0200] {processor.py:925} INFO - DAG(s) 'example_bash_operator' retrieved from /home/rodrigo/Escritorio/BBDDAvanzadas/.venv/lib/python3.12/site-packages/airflow/example_dags/example_bash_operator.py
[2026-05-07T19:49:25.694+0200] {logging_mixin.py:190} INFO - [2026-05-07T19:49:25.694+0200] {dag.py:3239} INFO - Sync 1 DAGs
[2026-05-07T19:49:25.706+0200] {logging_mixin.py:190} INFO - [2026-05-07T19:49:25.706+0200] {dag.py:4180} INFO - Setting next_dagrun for example_bash_operator to 2026-05-06 00:00:00+00:00, run_after=2026-05-07 00:00:00+00:00
[2026-05-07T19:49:25.722+0200] {processor.py:208} INFO - Processing /home/rodrigo/Escritorio/BBDDAvanzadas/.venv/lib/python3.12/site-packages/airflow/example_dags/example_bash_operator.py took 0.057 seconds
[2026-05-07T19:51:09.142+0200] {processor.py:186} INFO - Started process (PID=16370) to work on /home/rodrigo/Escritorio/BBDDAvanzadas/.venv/lib/python3.12/site-packages/airflow/example_dags/example_bash_operator.py
[2026-05-07T19:51:09.143+0200] {processor.py:914} INFO - Processing file /home/rodrigo/Escritorio/BBDDAvanzadas/.venv/lib/python3.12/site-packages/airflow/example_dags/example_bash_operator.py for tasks to queue
[2026-05-07T19:51:09.145+0200] {logging_mixin.py:190} INFO - [2026-05-07T19:51:09.144+0200] {dagbag.py:588} INFO - Filling up the DagBag from /home/rodrigo/Escritorio/BBDDAvanzadas/.venv/lib/python3.12/site-packages/airflow/example_dags/example_bash_operator.py
[2026-05-07T19:51:09.154+0200] {processor.py:925} INFO - DAG(s) 'example_bash_operator' retrieved from /home/rodrigo/Escritorio/BBDDAvanzadas/.venv/lib/python3.12/site-packages/airflow/example_dags/example_bash_operator.py
[2026-05-07T19:51:09.167+0200] {logging_mixin.py:190} INFO - [2026-05-07T19:51:09.167+0200] {dag.py:3239} INFO - Sync 1 DAGs
[2026-05-07T19:51:09.180+0200] {logging_mixin.py:190} INFO - [2026-05-07T19:51:09.180+0200] {dag.py:4180} INFO - Setting next_dagrun for example_bash_operator to 2026-05-06 00:00:00+00:00, run_after=2026-05-07 00:00:00+00:00
[2026-05-07T19:51:09.246+0200] {processor.py:208} INFO - Processing /home/rodrigo/Escritorio/BBDDAvanzadas/.venv/lib/python3.12/site-packages/airflow/example_dags/example_bash_operator.py took 0.108 seconds
