[2026-05-07T19:32:43.885+0200] {processor.py:186} INFO - Started process (PID=14396) to work on /home/rodrigo/Escritorio/BBDDAvanzadas/.venv/lib/python3.12/site-packages/airflow/example_dags/example_params_trigger_ui.py
[2026-05-07T19:32:43.886+0200] {processor.py:914} INFO - Processing file /home/rodrigo/Escritorio/BBDDAvanzadas/.venv/lib/python3.12/site-packages/airflow/example_dags/example_params_trigger_ui.py for tasks to queue
[2026-05-07T19:32:43.887+0200] {logging_mixin.py:190} INFO - [2026-05-07T19:32:43.887+0200] {dagbag.py:588} INFO - Filling up the DagBag from /home/rodrigo/Escritorio/BBDDAvanzadas/.venv/lib/python3.12/site-packages/airflow/example_dags/example_params_trigger_ui.py
[2026-05-07T19:32:43.897+0200] {processor.py:925} INFO - DAG(s) 'example_params_trigger_ui' retrieved from /home/rodrigo/Escritorio/BBDDAvanzadas/.venv/lib/python3.12/site-packages/airflow/example_dags/example_params_trigger_ui.py
[2026-05-07T19:32:43.998+0200] {logging_mixin.py:190} INFO - [2026-05-07T19:32:43.997+0200] {override.py:1930} INFO - Created Permission View: can read on DAG:example_params_trigger_ui
[2026-05-07T19:32:44.009+0200] {logging_mixin.py:190} INFO - [2026-05-07T19:32:44.009+0200] {override.py:1930} INFO - Created Permission View: can edit on DAG:example_params_trigger_ui
[2026-05-07T19:32:44.019+0200] {logging_mixin.py:190} INFO - [2026-05-07T19:32:44.019+0200] {override.py:1930} INFO - Created Permission View: can delete on DAG:example_params_trigger_ui
[2026-05-07T19:32:44.033+0200] {logging_mixin.py:190} INFO - [2026-05-07T19:32:44.033+0200] {override.py:1930} INFO - Created Permission View: can create on DAG Run:example_params_trigger_ui
[2026-05-07T19:32:44.042+0200] {logging_mixin.py:190} INFO - [2026-05-07T19:32:44.042+0200] {override.py:1930} INFO - Created Permission View: can read on DAG Run:example_params_trigger_ui
[2026-05-07T19:32:44.050+0200] {logging_mixin.py:190} INFO - [2026-05-07T19:32:44.050+0200] {override.py:1930} INFO - Created Permission View: menu access on DAG Run:example_params_trigger_ui
[2026-05-07T19:32:44.058+0200] {logging_mixin.py:190} INFO - [2026-05-07T19:32:44.058+0200] {override.py:1930} INFO - Created Permission View: can delete on DAG Run:example_params_trigger_ui
[2026-05-07T19:32:44.059+0200] {logging_mixin.py:190} INFO - [2026-05-07T19:32:44.059+0200] {dag.py:3239} INFO - Sync 1 DAGs
[2026-05-07T19:32:44.067+0200] {logging_mixin.py:190} INFO - [2026-05-07T19:32:44.067+0200] {dag.py:3262} INFO - Creating ORM DAG for example_params_trigger_ui
[2026-05-07T19:32:44.067+0200] {logging_mixin.py:190} INFO - [2026-05-07T19:32:44.067+0200] {dag.py:4180} INFO - Setting next_dagrun for example_params_trigger_ui to None, run_after=None
[2026-05-07T19:32:44.099+0200] {processor.py:208} INFO - Processing /home/rodrigo/Escritorio/BBDDAvanzadas/.venv/lib/python3.12/site-packages/airflow/example_dags/example_params_trigger_ui.py took 0.221 seconds
[2026-05-07T19:37:33.386+0200] {processor.py:186} INFO - Started process (PID=14883) to work on /home/rodrigo/Escritorio/BBDDAvanzadas/.venv/lib/python3.12/site-packages/airflow/example_dags/example_params_trigger_ui.py
[2026-05-07T19:37:33.391+0200] {processor.py:914} INFO - Processing file /home/rodrigo/Escritorio/BBDDAvanzadas/.venv/lib/python3.12/site-packages/airflow/example_dags/example_params_trigger_ui.py for tasks to queue
[2026-05-07T19:37:33.396+0200] {logging_mixin.py:190} INFO - [2026-05-07T19:37:33.395+0200] {dagbag.py:588} INFO - Filling up the DagBag from /home/rodrigo/Escritorio/BBDDAvanzadas/.venv/lib/python3.12/site-packages/airflow/example_dags/example_params_trigger_ui.py
[2026-05-07T19:37:33.411+0200] {processor.py:925} INFO - DAG(s) 'example_params_trigger_ui' retrieved from /home/rodrigo/Escritorio/BBDDAvanzadas/.venv/lib/python3.12/site-packages/airflow/example_dags/example_params_trigger_ui.py
[2026-05-07T19:37:33.475+0200] {logging_mixin.py:190} INFO - [2026-05-07T19:37:33.475+0200] {dag.py:3239} INFO - Sync 1 DAGs
[2026-05-07T19:37:33.484+0200] {logging_mixin.py:190} INFO - [2026-05-07T19:37:33.484+0200] {dag.py:4180} INFO - Setting next_dagrun for example_params_trigger_ui to None, run_after=None
[2026-05-07T19:37:33.591+0200] {processor.py:208} INFO - Processing /home/rodrigo/Escritorio/BBDDAvanzadas/.venv/lib/python3.12/site-packages/airflow/example_dags/example_params_trigger_ui.py took 0.228 seconds
[2026-05-07T19:38:43.787+0200] {processor.py:186} INFO - Started process (PID=14989) to work on /home/rodrigo/Escritorio/BBDDAvanzadas/.venv/lib/python3.12/site-packages/airflow/example_dags/example_params_trigger_ui.py
[2026-05-07T19:38:43.794+0200] {processor.py:914} INFO - Processing file /home/rodrigo/Escritorio/BBDDAvanzadas/.venv/lib/python3.12/site-packages/airflow/example_dags/example_params_trigger_ui.py for tasks to queue
[2026-05-07T19:38:43.797+0200] {logging_mixin.py:190} INFO - [2026-05-07T19:38:43.797+0200] {dagbag.py:588} INFO - Filling up the DagBag from /home/rodrigo/Escritorio/BBDDAvanzadas/.venv/lib/python3.12/site-packages/airflow/example_dags/example_params_trigger_ui.py
[2026-05-07T19:38:43.817+0200] {processor.py:925} INFO - DAG(s) 'example_params_trigger_ui' retrieved from /home/rodrigo/Escritorio/BBDDAvanzadas/.venv/lib/python3.12/site-packages/airflow/example_dags/example_params_trigger_ui.py
[2026-05-07T19:38:43.867+0200] {logging_mixin.py:190} INFO - [2026-05-07T19:38:43.866+0200] {dag.py:3239} INFO - Sync 1 DAGs
[2026-05-07T19:38:43.880+0200] {logging_mixin.py:190} INFO - [2026-05-07T19:38:43.879+0200] {dag.py:4180} INFO - Setting next_dagrun for example_params_trigger_ui to None, run_after=None
[2026-05-07T19:38:43.950+0200] {processor.py:208} INFO - Processing /home/rodrigo/Escritorio/BBDDAvanzadas/.venv/lib/python3.12/site-packages/airflow/example_dags/example_params_trigger_ui.py took 0.168 seconds
[2026-05-07T19:40:01.589+0200] {processor.py:186} INFO - Started process (PID=15078) to work on /home/rodrigo/Escritorio/BBDDAvanzadas/.venv/lib/python3.12/site-packages/airflow/example_dags/example_params_trigger_ui.py
[2026-05-07T19:40:01.591+0200] {processor.py:914} INFO - Processing file /home/rodrigo/Escritorio/BBDDAvanzadas/.venv/lib/python3.12/site-packages/airflow/example_dags/example_params_trigger_ui.py for tasks to queue
[2026-05-07T19:40:01.593+0200] {logging_mixin.py:190} INFO - [2026-05-07T19:40:01.593+0200] {dagbag.py:588} INFO - Filling up the DagBag from /home/rodrigo/Escritorio/BBDDAvanzadas/.venv/lib/python3.12/site-packages/airflow/example_dags/example_params_trigger_ui.py
[2026-05-07T19:40:01.601+0200] {processor.py:925} INFO - DAG(s) 'example_params_trigger_ui' retrieved from /home/rodrigo/Escritorio/BBDDAvanzadas/.venv/lib/python3.12/site-packages/airflow/example_dags/example_params_trigger_ui.py
[2026-05-07T19:40:01.662+0200] {logging_mixin.py:190} INFO - [2026-05-07T19:40:01.662+0200] {dag.py:3239} INFO - Sync 1 DAGs
[2026-05-07T19:40:01.677+0200] {logging_mixin.py:190} INFO - [2026-05-07T19:40:01.675+0200] {dag.py:4180} INFO - Setting next_dagrun for example_params_trigger_ui to None, run_after=None
[2026-05-07T19:40:01.744+0200] {processor.py:208} INFO - Processing /home/rodrigo/Escritorio/BBDDAvanzadas/.venv/lib/python3.12/site-packages/airflow/example_dags/example_params_trigger_ui.py took 0.161 seconds
[2026-05-07T19:41:30.631+0200] {processor.py:186} INFO - Started process (PID=15197) to work on /home/rodrigo/Escritorio/BBDDAvanzadas/.venv/lib/python3.12/site-packages/airflow/example_dags/example_params_trigger_ui.py
[2026-05-07T19:41:30.636+0200] {processor.py:914} INFO - Processing file /home/rodrigo/Escritorio/BBDDAvanzadas/.venv/lib/python3.12/site-packages/airflow/example_dags/example_params_trigger_ui.py for tasks to queue
[2026-05-07T19:41:30.638+0200] {logging_mixin.py:190} INFO - [2026-05-07T19:41:30.638+0200] {dagbag.py:588} INFO - Filling up the DagBag from /home/rodrigo/Escritorio/BBDDAvanzadas/.venv/lib/python3.12/site-packages/airflow/example_dags/example_params_trigger_ui.py
[2026-05-07T19:41:30.660+0200] {processor.py:925} INFO - DAG(s) 'example_params_trigger_ui' retrieved from /home/rodrigo/Escritorio/BBDDAvanzadas/.venv/lib/python3.12/site-packages/airflow/example_dags/example_params_trigger_ui.py
[2026-05-07T19:41:30.729+0200] {logging_mixin.py:190} INFO - [2026-05-07T19:41:30.727+0200] {dag.py:3239} INFO - Sync 1 DAGs
[2026-05-07T19:41:30.750+0200] {logging_mixin.py:190} INFO - [2026-05-07T19:41:30.747+0200] {dag.py:4180} INFO - Setting next_dagrun for example_params_trigger_ui to None, run_after=None
[2026-05-07T19:41:30.809+0200] {processor.py:208} INFO - Processing /home/rodrigo/Escritorio/BBDDAvanzadas/.venv/lib/python3.12/site-packages/airflow/example_dags/example_params_trigger_ui.py took 0.186 seconds
[2026-05-07T19:42:48.073+0200] {processor.py:186} INFO - Started process (PID=15457) to work on /home/rodrigo/Escritorio/BBDDAvanzadas/.venv/lib/python3.12/site-packages/airflow/example_dags/example_params_trigger_ui.py
[2026-05-07T19:42:48.074+0200] {processor.py:914} INFO - Processing file /home/rodrigo/Escritorio/BBDDAvanzadas/.venv/lib/python3.12/site-packages/airflow/example_dags/example_params_trigger_ui.py for tasks to queue
[2026-05-07T19:42:48.077+0200] {logging_mixin.py:190} INFO - [2026-05-07T19:42:48.077+0200] {dagbag.py:588} INFO - Filling up the DagBag from /home/rodrigo/Escritorio/BBDDAvanzadas/.venv/lib/python3.12/site-packages/airflow/example_dags/example_params_trigger_ui.py
[2026-05-07T19:42:48.114+0200] {processor.py:925} INFO - DAG(s) 'example_params_trigger_ui' retrieved from /home/rodrigo/Escritorio/BBDDAvanzadas/.venv/lib/python3.12/site-packages/airflow/example_dags/example_params_trigger_ui.py
[2026-05-07T19:42:48.153+0200] {logging_mixin.py:190} INFO - [2026-05-07T19:42:48.152+0200] {dag.py:3239} INFO - Sync 1 DAGs
[2026-05-07T19:42:48.180+0200] {logging_mixin.py:190} INFO - [2026-05-07T19:42:48.180+0200] {dag.py:4180} INFO - Setting next_dagrun for example_params_trigger_ui to None, run_after=None
[2026-05-07T19:42:48.219+0200] {processor.py:208} INFO - Processing /home/rodrigo/Escritorio/BBDDAvanzadas/.venv/lib/python3.12/site-packages/airflow/example_dags/example_params_trigger_ui.py took 0.159 seconds
[2026-05-07T19:44:00.647+0200] {processor.py:186} INFO - Started process (PID=15651) to work on /home/rodrigo/Escritorio/BBDDAvanzadas/.venv/lib/python3.12/site-packages/airflow/example_dags/example_params_trigger_ui.py
[2026-05-07T19:44:00.649+0200] {processor.py:914} INFO - Processing file /home/rodrigo/Escritorio/BBDDAvanzadas/.venv/lib/python3.12/site-packages/airflow/example_dags/example_params_trigger_ui.py for tasks to queue
[2026-05-07T19:44:00.650+0200] {logging_mixin.py:190} INFO - [2026-05-07T19:44:00.650+0200] {dagbag.py:588} INFO - Filling up the DagBag from /home/rodrigo/Escritorio/BBDDAvanzadas/.venv/lib/python3.12/site-packages/airflow/example_dags/example_params_trigger_ui.py
[2026-05-07T19:44:00.660+0200] {processor.py:925} INFO - DAG(s) 'example_params_trigger_ui' retrieved from /home/rodrigo/Escritorio/BBDDAvanzadas/.venv/lib/python3.12/site-packages/airflow/example_dags/example_params_trigger_ui.py
[2026-05-07T19:44:00.853+0200] {logging_mixin.py:190} INFO - [2026-05-07T19:44:00.853+0200] {dag.py:3239} INFO - Sync 1 DAGs
[2026-05-07T19:44:00.861+0200] {logging_mixin.py:190} INFO - [2026-05-07T19:44:00.861+0200] {dag.py:4180} INFO - Setting next_dagrun for example_params_trigger_ui to None, run_after=None
[2026-05-07T19:44:00.876+0200] {processor.py:208} INFO - Processing /home/rodrigo/Escritorio/BBDDAvanzadas/.venv/lib/python3.12/site-packages/airflow/example_dags/example_params_trigger_ui.py took 0.236 seconds
[2026-05-07T19:45:41.627+0200] {processor.py:186} INFO - Started process (PID=15898) to work on /home/rodrigo/Escritorio/BBDDAvanzadas/.venv/lib/python3.12/site-packages/airflow/example_dags/example_params_trigger_ui.py
[2026-05-07T19:45:41.630+0200] {processor.py:914} INFO - Processing file /home/rodrigo/Escritorio/BBDDAvanzadas/.venv/lib/python3.12/site-packages/airflow/example_dags/example_params_trigger_ui.py for tasks to queue
[2026-05-07T19:45:41.631+0200] {logging_mixin.py:190} INFO - [2026-05-07T19:45:41.631+0200] {dagbag.py:588} INFO - Filling up the DagBag from /home/rodrigo/Escritorio/BBDDAvanzadas/.venv/lib/python3.12/site-packages/airflow/example_dags/example_params_trigger_ui.py
[2026-05-07T19:45:41.643+0200] {processor.py:925} INFO - DAG(s) 'example_params_trigger_ui' retrieved from /home/rodrigo/Escritorio/BBDDAvanzadas/.venv/lib/python3.12/site-packages/airflow/example_dags/example_params_trigger_ui.py
[2026-05-07T19:45:41.669+0200] {logging_mixin.py:190} INFO - [2026-05-07T19:45:41.668+0200] {dag.py:3239} INFO - Sync 1 DAGs
[2026-05-07T19:45:41.677+0200] {logging_mixin.py:190} INFO - [2026-05-07T19:45:41.677+0200] {dag.py:4180} INFO - Setting next_dagrun for example_params_trigger_ui to None, run_after=None
[2026-05-07T19:45:41.694+0200] {processor.py:208} INFO - Processing /home/rodrigo/Escritorio/BBDDAvanzadas/.venv/lib/python3.12/site-packages/airflow/example_dags/example_params_trigger_ui.py took 0.073 seconds
[2026-05-07T19:47:14.538+0200] {processor.py:186} INFO - Started process (PID=16047) to work on /home/rodrigo/Escritorio/BBDDAvanzadas/.venv/lib/python3.12/site-packages/airflow/example_dags/example_params_trigger_ui.py
[2026-05-07T19:47:14.541+0200] {processor.py:914} INFO - Processing file /home/rodrigo/Escritorio/BBDDAvanzadas/.venv/lib/python3.12/site-packages/airflow/example_dags/example_params_trigger_ui.py for tasks to queue
[2026-05-07T19:47:14.542+0200] {logging_mixin.py:190} INFO - [2026-05-07T19:47:14.542+0200] {dagbag.py:588} INFO - Filling up the DagBag from /home/rodrigo/Escritorio/BBDDAvanzadas/.venv/lib/python3.12/site-packages/airflow/example_dags/example_params_trigger_ui.py
[2026-05-07T19:47:14.552+0200] {processor.py:925} INFO - DAG(s) 'example_params_trigger_ui' retrieved from /home/rodrigo/Escritorio/BBDDAvanzadas/.venv/lib/python3.12/site-packages/airflow/example_dags/example_params_trigger_ui.py
[2026-05-07T19:47:14.578+0200] {logging_mixin.py:190} INFO - [2026-05-07T19:47:14.578+0200] {dag.py:3239} INFO - Sync 1 DAGs
[2026-05-07T19:47:14.586+0200] {logging_mixin.py:190} INFO - [2026-05-07T19:47:14.586+0200] {dag.py:4180} INFO - Setting next_dagrun for example_params_trigger_ui to None, run_after=None
[2026-05-07T19:47:14.603+0200] {processor.py:208} INFO - Processing /home/rodrigo/Escritorio/BBDDAvanzadas/.venv/lib/python3.12/site-packages/airflow/example_dags/example_params_trigger_ui.py took 0.071 seconds
[2026-05-07T19:48:23.450+0200] {processor.py:186} INFO - Started process (PID=16188) to work on /home/rodrigo/Escritorio/BBDDAvanzadas/.venv/lib/python3.12/site-packages/airflow/example_dags/example_params_trigger_ui.py
[2026-05-07T19:48:23.454+0200] {processor.py:914} INFO - Processing file /home/rodrigo/Escritorio/BBDDAvanzadas/.venv/lib/python3.12/site-packages/airflow/example_dags/example_params_trigger_ui.py for tasks to queue
[2026-05-07T19:48:23.456+0200] {logging_mixin.py:190} INFO - [2026-05-07T19:48:23.456+0200] {dagbag.py:588} INFO - Filling up the DagBag from /home/rodrigo/Escritorio/BBDDAvanzadas/.venv/lib/python3.12/site-packages/airflow/example_dags/example_params_trigger_ui.py
[2026-05-07T19:48:23.465+0200] {processor.py:925} INFO - DAG(s) 'example_params_trigger_ui' retrieved from /home/rodrigo/Escritorio/BBDDAvanzadas/.venv/lib/python3.12/site-packages/airflow/example_dags/example_params_trigger_ui.py
[2026-05-07T19:48:23.490+0200] {logging_mixin.py:190} INFO - [2026-05-07T19:48:23.489+0200] {dag.py:3239} INFO - Sync 1 DAGs
[2026-05-07T19:48:23.498+0200] {logging_mixin.py:190} INFO - [2026-05-07T19:48:23.498+0200] {dag.py:4180} INFO - Setting next_dagrun for example_params_trigger_ui to None, run_after=None
[2026-05-07T19:48:23.517+0200] {processor.py:208} INFO - Processing /home/rodrigo/Escritorio/BBDDAvanzadas/.venv/lib/python3.12/site-packages/airflow/example_dags/example_params_trigger_ui.py took 0.072 seconds
[2026-05-07T19:50:05.459+0200] {processor.py:186} INFO - Started process (PID=16315) to work on /home/rodrigo/Escritorio/BBDDAvanzadas/.venv/lib/python3.12/site-packages/airflow/example_dags/example_params_trigger_ui.py
[2026-05-07T19:50:05.460+0200] {processor.py:914} INFO - Processing file /home/rodrigo/Escritorio/BBDDAvanzadas/.venv/lib/python3.12/site-packages/airflow/example_dags/example_params_trigger_ui.py for tasks to queue
[2026-05-07T19:50:05.462+0200] {logging_mixin.py:190} INFO - [2026-05-07T19:50:05.462+0200] {dagbag.py:588} INFO - Filling up the DagBag from /home/rodrigo/Escritorio/BBDDAvanzadas/.venv/lib/python3.12/site-packages/airflow/example_dags/example_params_trigger_ui.py
[2026-05-07T19:50:05.469+0200] {processor.py:925} INFO - DAG(s) 'example_params_trigger_ui' retrieved from /home/rodrigo/Escritorio/BBDDAvanzadas/.venv/lib/python3.12/site-packages/airflow/example_dags/example_params_trigger_ui.py
[2026-05-07T19:50:05.492+0200] {logging_mixin.py:190} INFO - [2026-05-07T19:50:05.492+0200] {dag.py:3239} INFO - Sync 1 DAGs
[2026-05-07T19:50:05.500+0200] {logging_mixin.py:190} INFO - [2026-05-07T19:50:05.499+0200] {dag.py:4180} INFO - Setting next_dagrun for example_params_trigger_ui to None, run_after=None
[2026-05-07T19:50:05.515+0200] {processor.py:208} INFO - Processing /home/rodrigo/Escritorio/BBDDAvanzadas/.venv/lib/python3.12/site-packages/airflow/example_dags/example_params_trigger_ui.py took 0.060 seconds
