[2026-05-07T19:33:04.346+0200] {processor.py:186} INFO - Started process (PID=14419) to work on /home/rodrigo/Escritorio/BBDDAvanzadas/.venv/lib/python3.12/site-packages/airflow/example_dags/example_dataset_alias.py
[2026-05-07T19:33:04.347+0200] {processor.py:914} INFO - Processing file /home/rodrigo/Escritorio/BBDDAvanzadas/.venv/lib/python3.12/site-packages/airflow/example_dags/example_dataset_alias.py for tasks to queue
[2026-05-07T19:33:04.348+0200] {logging_mixin.py:190} INFO - [2026-05-07T19:33:04.348+0200] {dagbag.py:588} INFO - Filling up the DagBag from /home/rodrigo/Escritorio/BBDDAvanzadas/.venv/lib/python3.12/site-packages/airflow/example_dags/example_dataset_alias.py
[2026-05-07T19:33:04.369+0200] {processor.py:925} INFO - DAG(s) 'dataset_s3_bucket_producer', 'dataset_s3_bucket_consumer', 'dataset_alias_example_alias_consumer', 'dataset_alias_example_alias_producer' retrieved from /home/rodrigo/Escritorio/BBDDAvanzadas/.venv/lib/python3.12/site-packages/airflow/example_dags/example_dataset_alias.py
[2026-05-07T19:33:04.526+0200] {logging_mixin.py:190} INFO - [2026-05-07T19:33:04.525+0200] {override.py:1930} INFO - Created Permission View: can read on DAG:dataset_s3_bucket_producer
[2026-05-07T19:33:04.586+0200] {logging_mixin.py:190} INFO - [2026-05-07T19:33:04.582+0200] {override.py:1930} INFO - Created Permission View: can edit on DAG:dataset_s3_bucket_producer
[2026-05-07T19:33:04.629+0200] {logging_mixin.py:190} INFO - [2026-05-07T19:33:04.629+0200] {override.py:1930} INFO - Created Permission View: can delete on DAG:dataset_s3_bucket_producer
[2026-05-07T19:33:04.783+0200] {logging_mixin.py:190} INFO - [2026-05-07T19:33:04.782+0200] {override.py:1930} INFO - Created Permission View: can create on DAG Run:dataset_s3_bucket_producer
[2026-05-07T19:33:04.791+0200] {logging_mixin.py:190} INFO - [2026-05-07T19:33:04.791+0200] {override.py:1930} INFO - Created Permission View: can read on DAG Run:dataset_s3_bucket_producer
[2026-05-07T19:33:04.799+0200] {logging_mixin.py:190} INFO - [2026-05-07T19:33:04.799+0200] {override.py:1930} INFO - Created Permission View: menu access on DAG Run:dataset_s3_bucket_producer
[2026-05-07T19:33:04.808+0200] {logging_mixin.py:190} INFO - [2026-05-07T19:33:04.808+0200] {override.py:1930} INFO - Created Permission View: can delete on DAG Run:dataset_s3_bucket_producer
[2026-05-07T19:33:04.833+0200] {logging_mixin.py:190} INFO - [2026-05-07T19:33:04.833+0200] {override.py:1930} INFO - Created Permission View: can read on DAG:dataset_s3_bucket_consumer
[2026-05-07T19:33:04.842+0200] {logging_mixin.py:190} INFO - [2026-05-07T19:33:04.841+0200] {override.py:1930} INFO - Created Permission View: can edit on DAG:dataset_s3_bucket_consumer
[2026-05-07T19:33:04.850+0200] {logging_mixin.py:190} INFO - [2026-05-07T19:33:04.849+0200] {override.py:1930} INFO - Created Permission View: can delete on DAG:dataset_s3_bucket_consumer
[2026-05-07T19:33:04.864+0200] {logging_mixin.py:190} INFO - [2026-05-07T19:33:04.864+0200] {override.py:1930} INFO - Created Permission View: can create on DAG Run:dataset_s3_bucket_consumer
[2026-05-07T19:33:04.872+0200] {logging_mixin.py:190} INFO - [2026-05-07T19:33:04.872+0200] {override.py:1930} INFO - Created Permission View: can read on DAG Run:dataset_s3_bucket_consumer
[2026-05-07T19:33:04.886+0200] {logging_mixin.py:190} INFO - [2026-05-07T19:33:04.885+0200] {override.py:1930} INFO - Created Permission View: menu access on DAG Run:dataset_s3_bucket_consumer
[2026-05-07T19:33:04.896+0200] {logging_mixin.py:190} INFO - [2026-05-07T19:33:04.896+0200] {override.py:1930} INFO - Created Permission View: can delete on DAG Run:dataset_s3_bucket_consumer
[2026-05-07T19:33:04.988+0200] {logging_mixin.py:190} INFO - [2026-05-07T19:33:04.983+0200] {override.py:1930} INFO - Created Permission View: can read on DAG:dataset_alias_example_alias_consumer
[2026-05-07T19:33:05.047+0200] {logging_mixin.py:190} INFO - [2026-05-07T19:33:05.047+0200] {override.py:1930} INFO - Created Permission View: can edit on DAG:dataset_alias_example_alias_consumer
[2026-05-07T19:33:05.135+0200] {logging_mixin.py:190} INFO - [2026-05-07T19:33:05.135+0200] {override.py:1930} INFO - Created Permission View: can delete on DAG:dataset_alias_example_alias_consumer
[2026-05-07T19:33:05.254+0200] {logging_mixin.py:190} INFO - [2026-05-07T19:33:05.253+0200] {override.py:1930} INFO - Created Permission View: can create on DAG Run:dataset_alias_example_alias_consumer
[2026-05-07T19:33:05.318+0200] {logging_mixin.py:190} INFO - [2026-05-07T19:33:05.317+0200] {override.py:1930} INFO - Created Permission View: can read on DAG Run:dataset_alias_example_alias_consumer
[2026-05-07T19:33:05.367+0200] {logging_mixin.py:190} INFO - [2026-05-07T19:33:05.366+0200] {override.py:1930} INFO - Created Permission View: menu access on DAG Run:dataset_alias_example_alias_consumer
[2026-05-07T19:33:05.449+0200] {logging_mixin.py:190} INFO - [2026-05-07T19:33:05.446+0200] {override.py:1930} INFO - Created Permission View: can delete on DAG Run:dataset_alias_example_alias_consumer
[2026-05-07T19:33:05.601+0200] {logging_mixin.py:190} INFO - [2026-05-07T19:33:05.600+0200] {override.py:1930} INFO - Created Permission View: can read on DAG:dataset_alias_example_alias_producer
[2026-05-07T19:33:05.641+0200] {logging_mixin.py:190} INFO - [2026-05-07T19:33:05.640+0200] {override.py:1930} INFO - Created Permission View: can edit on DAG:dataset_alias_example_alias_producer
[2026-05-07T19:33:05.676+0200] {logging_mixin.py:190} INFO - [2026-05-07T19:33:05.675+0200] {override.py:1930} INFO - Created Permission View: can delete on DAG:dataset_alias_example_alias_producer
[2026-05-07T19:33:05.744+0200] {logging_mixin.py:190} INFO - [2026-05-07T19:33:05.743+0200] {override.py:1930} INFO - Created Permission View: can create on DAG Run:dataset_alias_example_alias_producer
[2026-05-07T19:33:05.832+0200] {logging_mixin.py:190} INFO - [2026-05-07T19:33:05.832+0200] {override.py:1930} INFO - Created Permission View: can read on DAG Run:dataset_alias_example_alias_producer
[2026-05-07T19:33:05.855+0200] {logging_mixin.py:190} INFO - [2026-05-07T19:33:05.854+0200] {override.py:1930} INFO - Created Permission View: menu access on DAG Run:dataset_alias_example_alias_producer
[2026-05-07T19:33:05.924+0200] {logging_mixin.py:190} INFO - [2026-05-07T19:33:05.923+0200] {override.py:1930} INFO - Created Permission View: can delete on DAG Run:dataset_alias_example_alias_producer
[2026-05-07T19:33:05.925+0200] {logging_mixin.py:190} INFO - [2026-05-07T19:33:05.925+0200] {dag.py:3239} INFO - Sync 4 DAGs
[2026-05-07T19:33:05.937+0200] {logging_mixin.py:190} INFO - [2026-05-07T19:33:05.937+0200] {dag.py:3262} INFO - Creating ORM DAG for dataset_s3_bucket_consumer
[2026-05-07T19:33:05.939+0200] {logging_mixin.py:190} INFO - [2026-05-07T19:33:05.939+0200] {dag.py:3262} INFO - Creating ORM DAG for dataset_s3_bucket_producer
[2026-05-07T19:33:05.939+0200] {logging_mixin.py:190} INFO - [2026-05-07T19:33:05.939+0200] {dag.py:3262} INFO - Creating ORM DAG for dataset_alias_example_alias_producer
[2026-05-07T19:33:05.939+0200] {logging_mixin.py:190} INFO - [2026-05-07T19:33:05.939+0200] {dag.py:3262} INFO - Creating ORM DAG for dataset_alias_example_alias_consumer
[2026-05-07T19:33:05.948+0200] {logging_mixin.py:190} INFO - [2026-05-07T19:33:05.948+0200] {dag.py:4180} INFO - Setting next_dagrun for dataset_alias_example_alias_consumer to None, run_after=None
[2026-05-07T19:33:05.949+0200] {logging_mixin.py:190} INFO - [2026-05-07T19:33:05.949+0200] {dag.py:4180} INFO - Setting next_dagrun for dataset_alias_example_alias_producer to None, run_after=None
[2026-05-07T19:33:05.950+0200] {logging_mixin.py:190} INFO - [2026-05-07T19:33:05.950+0200] {dag.py:4180} INFO - Setting next_dagrun for dataset_s3_bucket_consumer to None, run_after=None
[2026-05-07T19:33:05.950+0200] {logging_mixin.py:190} INFO - [2026-05-07T19:33:05.950+0200] {dag.py:4180} INFO - Setting next_dagrun for dataset_s3_bucket_producer to None, run_after=None
[2026-05-07T19:33:06.046+0200] {processor.py:208} INFO - Processing /home/rodrigo/Escritorio/BBDDAvanzadas/.venv/lib/python3.12/site-packages/airflow/example_dags/example_dataset_alias.py took 1.709 seconds
[2026-05-07T19:37:49.104+0200] {processor.py:186} INFO - Started process (PID=14927) to work on /home/rodrigo/Escritorio/BBDDAvanzadas/.venv/lib/python3.12/site-packages/airflow/example_dags/example_dataset_alias.py
[2026-05-07T19:37:49.110+0200] {processor.py:914} INFO - Processing file /home/rodrigo/Escritorio/BBDDAvanzadas/.venv/lib/python3.12/site-packages/airflow/example_dags/example_dataset_alias.py for tasks to queue
[2026-05-07T19:37:49.115+0200] {logging_mixin.py:190} INFO - [2026-05-07T19:37:49.115+0200] {dagbag.py:588} INFO - Filling up the DagBag from /home/rodrigo/Escritorio/BBDDAvanzadas/.venv/lib/python3.12/site-packages/airflow/example_dags/example_dataset_alias.py
[2026-05-07T19:37:49.132+0200] {processor.py:925} INFO - DAG(s) 'dataset_alias_example_alias_consumer', 'dataset_alias_example_alias_producer', 'dataset_s3_bucket_consumer', 'dataset_s3_bucket_producer' retrieved from /home/rodrigo/Escritorio/BBDDAvanzadas/.venv/lib/python3.12/site-packages/airflow/example_dags/example_dataset_alias.py
[2026-05-07T19:37:49.146+0200] {logging_mixin.py:190} INFO - [2026-05-07T19:37:49.146+0200] {dag.py:3239} INFO - Sync 4 DAGs
[2026-05-07T19:37:49.158+0200] {logging_mixin.py:190} INFO - [2026-05-07T19:37:49.158+0200] {dag.py:4180} INFO - Setting next_dagrun for dataset_alias_example_alias_consumer to None, run_after=None
[2026-05-07T19:37:49.159+0200] {logging_mixin.py:190} INFO - [2026-05-07T19:37:49.159+0200] {dag.py:4180} INFO - Setting next_dagrun for dataset_alias_example_alias_producer to None, run_after=None
[2026-05-07T19:37:49.159+0200] {logging_mixin.py:190} INFO - [2026-05-07T19:37:49.159+0200] {dag.py:4180} INFO - Setting next_dagrun for dataset_s3_bucket_consumer to None, run_after=None
[2026-05-07T19:37:49.160+0200] {logging_mixin.py:190} INFO - [2026-05-07T19:37:49.160+0200] {dag.py:4180} INFO - Setting next_dagrun for dataset_s3_bucket_producer to None, run_after=None
[2026-05-07T19:37:49.178+0200] {processor.py:208} INFO - Processing /home/rodrigo/Escritorio/BBDDAvanzadas/.venv/lib/python3.12/site-packages/airflow/example_dags/example_dataset_alias.py took 0.083 seconds
[2026-05-07T19:38:59.111+0200] {processor.py:186} INFO - Started process (PID=15004) to work on /home/rodrigo/Escritorio/BBDDAvanzadas/.venv/lib/python3.12/site-packages/airflow/example_dags/example_dataset_alias.py
[2026-05-07T19:38:59.113+0200] {processor.py:914} INFO - Processing file /home/rodrigo/Escritorio/BBDDAvanzadas/.venv/lib/python3.12/site-packages/airflow/example_dags/example_dataset_alias.py for tasks to queue
[2026-05-07T19:38:59.115+0200] {logging_mixin.py:190} INFO - [2026-05-07T19:38:59.114+0200] {dagbag.py:588} INFO - Filling up the DagBag from /home/rodrigo/Escritorio/BBDDAvanzadas/.venv/lib/python3.12/site-packages/airflow/example_dags/example_dataset_alias.py
[2026-05-07T19:38:59.150+0200] {processor.py:925} INFO - DAG(s) 'dataset_s3_bucket_consumer', 'dataset_s3_bucket_producer', 'dataset_alias_example_alias_consumer', 'dataset_alias_example_alias_producer' retrieved from /home/rodrigo/Escritorio/BBDDAvanzadas/.venv/lib/python3.12/site-packages/airflow/example_dags/example_dataset_alias.py
[2026-05-07T19:38:59.167+0200] {logging_mixin.py:190} INFO - [2026-05-07T19:38:59.166+0200] {dag.py:3239} INFO - Sync 4 DAGs
[2026-05-07T19:38:59.203+0200] {logging_mixin.py:190} INFO - [2026-05-07T19:38:59.203+0200] {dag.py:4180} INFO - Setting next_dagrun for dataset_alias_example_alias_consumer to None, run_after=None
[2026-05-07T19:38:59.212+0200] {logging_mixin.py:190} INFO - [2026-05-07T19:38:59.211+0200] {dag.py:4180} INFO - Setting next_dagrun for dataset_alias_example_alias_producer to None, run_after=None
[2026-05-07T19:38:59.212+0200] {logging_mixin.py:190} INFO - [2026-05-07T19:38:59.212+0200] {dag.py:4180} INFO - Setting next_dagrun for dataset_s3_bucket_consumer to None, run_after=None
[2026-05-07T19:38:59.214+0200] {logging_mixin.py:190} INFO - [2026-05-07T19:38:59.214+0200] {dag.py:4180} INFO - Setting next_dagrun for dataset_s3_bucket_producer to None, run_after=None
[2026-05-07T19:38:59.285+0200] {processor.py:208} INFO - Processing /home/rodrigo/Escritorio/BBDDAvanzadas/.venv/lib/python3.12/site-packages/airflow/example_dags/example_dataset_alias.py took 0.179 seconds
[2026-05-07T19:40:29.680+0200] {processor.py:186} INFO - Started process (PID=15129) to work on /home/rodrigo/Escritorio/BBDDAvanzadas/.venv/lib/python3.12/site-packages/airflow/example_dags/example_dataset_alias.py
[2026-05-07T19:40:29.681+0200] {processor.py:914} INFO - Processing file /home/rodrigo/Escritorio/BBDDAvanzadas/.venv/lib/python3.12/site-packages/airflow/example_dags/example_dataset_alias.py for tasks to queue
[2026-05-07T19:40:29.683+0200] {logging_mixin.py:190} INFO - [2026-05-07T19:40:29.683+0200] {dagbag.py:588} INFO - Filling up the DagBag from /home/rodrigo/Escritorio/BBDDAvanzadas/.venv/lib/python3.12/site-packages/airflow/example_dags/example_dataset_alias.py
[2026-05-07T19:40:29.734+0200] {processor.py:925} INFO - DAG(s) 'dataset_alias_example_alias_producer', 'dataset_s3_bucket_consumer', 'dataset_s3_bucket_producer', 'dataset_alias_example_alias_consumer' retrieved from /home/rodrigo/Escritorio/BBDDAvanzadas/.venv/lib/python3.12/site-packages/airflow/example_dags/example_dataset_alias.py
[2026-05-07T19:40:29.748+0200] {logging_mixin.py:190} INFO - [2026-05-07T19:40:29.748+0200] {dag.py:3239} INFO - Sync 4 DAGs
[2026-05-07T19:40:29.762+0200] {logging_mixin.py:190} INFO - [2026-05-07T19:40:29.762+0200] {dag.py:4180} INFO - Setting next_dagrun for dataset_alias_example_alias_consumer to None, run_after=None
[2026-05-07T19:40:29.767+0200] {logging_mixin.py:190} INFO - [2026-05-07T19:40:29.767+0200] {dag.py:4180} INFO - Setting next_dagrun for dataset_alias_example_alias_producer to None, run_after=None
[2026-05-07T19:40:29.773+0200] {logging_mixin.py:190} INFO - [2026-05-07T19:40:29.773+0200] {dag.py:4180} INFO - Setting next_dagrun for dataset_s3_bucket_consumer to None, run_after=None
[2026-05-07T19:40:29.774+0200] {logging_mixin.py:190} INFO - [2026-05-07T19:40:29.774+0200] {dag.py:4180} INFO - Setting next_dagrun for dataset_s3_bucket_producer to None, run_after=None
[2026-05-07T19:40:29.813+0200] {processor.py:208} INFO - Processing /home/rodrigo/Escritorio/BBDDAvanzadas/.venv/lib/python3.12/site-packages/airflow/example_dags/example_dataset_alias.py took 0.139 seconds
[2026-05-07T19:42:03.643+0200] {processor.py:186} INFO - Started process (PID=15404) to work on /home/rodrigo/Escritorio/BBDDAvanzadas/.venv/lib/python3.12/site-packages/airflow/example_dags/example_dataset_alias.py
[2026-05-07T19:42:03.646+0200] {processor.py:914} INFO - Processing file /home/rodrigo/Escritorio/BBDDAvanzadas/.venv/lib/python3.12/site-packages/airflow/example_dags/example_dataset_alias.py for tasks to queue
[2026-05-07T19:42:03.647+0200] {logging_mixin.py:190} INFO - [2026-05-07T19:42:03.647+0200] {dagbag.py:588} INFO - Filling up the DagBag from /home/rodrigo/Escritorio/BBDDAvanzadas/.venv/lib/python3.12/site-packages/airflow/example_dags/example_dataset_alias.py
[2026-05-07T19:42:03.662+0200] {processor.py:925} INFO - DAG(s) 'dataset_alias_example_alias_producer', 'dataset_alias_example_alias_consumer', 'dataset_s3_bucket_producer', 'dataset_s3_bucket_consumer' retrieved from /home/rodrigo/Escritorio/BBDDAvanzadas/.venv/lib/python3.12/site-packages/airflow/example_dags/example_dataset_alias.py
[2026-05-07T19:42:03.672+0200] {logging_mixin.py:190} INFO - [2026-05-07T19:42:03.672+0200] {dag.py:3239} INFO - Sync 4 DAGs
[2026-05-07T19:42:03.684+0200] {logging_mixin.py:190} INFO - [2026-05-07T19:42:03.683+0200] {dag.py:4180} INFO - Setting next_dagrun for dataset_alias_example_alias_consumer to None, run_after=None
[2026-05-07T19:42:03.685+0200] {logging_mixin.py:190} INFO - [2026-05-07T19:42:03.684+0200] {dag.py:4180} INFO - Setting next_dagrun for dataset_alias_example_alias_producer to None, run_after=None
[2026-05-07T19:42:03.685+0200] {logging_mixin.py:190} INFO - [2026-05-07T19:42:03.685+0200] {dag.py:4180} INFO - Setting next_dagrun for dataset_s3_bucket_consumer to None, run_after=None
[2026-05-07T19:42:03.686+0200] {logging_mixin.py:190} INFO - [2026-05-07T19:42:03.686+0200] {dag.py:4180} INFO - Setting next_dagrun for dataset_s3_bucket_producer to None, run_after=None
[2026-05-07T19:42:03.702+0200] {processor.py:208} INFO - Processing /home/rodrigo/Escritorio/BBDDAvanzadas/.venv/lib/python3.12/site-packages/airflow/example_dags/example_dataset_alias.py took 0.062 seconds
[2026-05-07T19:43:19.913+0200] {processor.py:186} INFO - Started process (PID=15557) to work on /home/rodrigo/Escritorio/BBDDAvanzadas/.venv/lib/python3.12/site-packages/airflow/example_dags/example_dataset_alias.py
[2026-05-07T19:43:19.915+0200] {processor.py:914} INFO - Processing file /home/rodrigo/Escritorio/BBDDAvanzadas/.venv/lib/python3.12/site-packages/airflow/example_dags/example_dataset_alias.py for tasks to queue
[2026-05-07T19:43:19.916+0200] {logging_mixin.py:190} INFO - [2026-05-07T19:43:19.916+0200] {dagbag.py:588} INFO - Filling up the DagBag from /home/rodrigo/Escritorio/BBDDAvanzadas/.venv/lib/python3.12/site-packages/airflow/example_dags/example_dataset_alias.py
[2026-05-07T19:43:19.935+0200] {processor.py:925} INFO - DAG(s) 'dataset_alias_example_alias_producer', 'dataset_s3_bucket_consumer', 'dataset_s3_bucket_producer', 'dataset_alias_example_alias_consumer' retrieved from /home/rodrigo/Escritorio/BBDDAvanzadas/.venv/lib/python3.12/site-packages/airflow/example_dags/example_dataset_alias.py
[2026-05-07T19:43:19.947+0200] {logging_mixin.py:190} INFO - [2026-05-07T19:43:19.947+0200] {dag.py:3239} INFO - Sync 4 DAGs
[2026-05-07T19:43:19.965+0200] {logging_mixin.py:190} INFO - [2026-05-07T19:43:19.964+0200] {dag.py:4180} INFO - Setting next_dagrun for dataset_alias_example_alias_consumer to None, run_after=None
[2026-05-07T19:43:19.966+0200] {logging_mixin.py:190} INFO - [2026-05-07T19:43:19.966+0200] {dag.py:4180} INFO - Setting next_dagrun for dataset_alias_example_alias_producer to None, run_after=None
[2026-05-07T19:43:19.967+0200] {logging_mixin.py:190} INFO - [2026-05-07T19:43:19.966+0200] {dag.py:4180} INFO - Setting next_dagrun for dataset_s3_bucket_consumer to None, run_after=None
[2026-05-07T19:43:19.968+0200] {logging_mixin.py:190} INFO - [2026-05-07T19:43:19.967+0200] {dag.py:4180} INFO - Setting next_dagrun for dataset_s3_bucket_producer to None, run_after=None
[2026-05-07T19:43:20.458+0200] {processor.py:208} INFO - Processing /home/rodrigo/Escritorio/BBDDAvanzadas/.venv/lib/python3.12/site-packages/airflow/example_dags/example_dataset_alias.py took 0.548 seconds
[2026-05-07T19:44:47.245+0200] {processor.py:186} INFO - Started process (PID=15843) to work on /home/rodrigo/Escritorio/BBDDAvanzadas/.venv/lib/python3.12/site-packages/airflow/example_dags/example_dataset_alias.py
[2026-05-07T19:44:47.247+0200] {processor.py:914} INFO - Processing file /home/rodrigo/Escritorio/BBDDAvanzadas/.venv/lib/python3.12/site-packages/airflow/example_dags/example_dataset_alias.py for tasks to queue
[2026-05-07T19:44:47.248+0200] {logging_mixin.py:190} INFO - [2026-05-07T19:44:47.248+0200] {dagbag.py:588} INFO - Filling up the DagBag from /home/rodrigo/Escritorio/BBDDAvanzadas/.venv/lib/python3.12/site-packages/airflow/example_dags/example_dataset_alias.py
[2026-05-07T19:44:47.266+0200] {processor.py:925} INFO - DAG(s) 'dataset_alias_example_alias_consumer', 'dataset_alias_example_alias_producer', 'dataset_s3_bucket_consumer', 'dataset_s3_bucket_producer' retrieved from /home/rodrigo/Escritorio/BBDDAvanzadas/.venv/lib/python3.12/site-packages/airflow/example_dags/example_dataset_alias.py
[2026-05-07T19:44:47.280+0200] {logging_mixin.py:190} INFO - [2026-05-07T19:44:47.280+0200] {dag.py:3239} INFO - Sync 4 DAGs
[2026-05-07T19:44:47.297+0200] {logging_mixin.py:190} INFO - [2026-05-07T19:44:47.296+0200] {dag.py:4180} INFO - Setting next_dagrun for dataset_alias_example_alias_consumer to None, run_after=None
[2026-05-07T19:44:47.298+0200] {logging_mixin.py:190} INFO - [2026-05-07T19:44:47.298+0200] {dag.py:4180} INFO - Setting next_dagrun for dataset_alias_example_alias_producer to None, run_after=None
[2026-05-07T19:44:47.298+0200] {logging_mixin.py:190} INFO - [2026-05-07T19:44:47.298+0200] {dag.py:4180} INFO - Setting next_dagrun for dataset_s3_bucket_consumer to None, run_after=None
[2026-05-07T19:44:47.299+0200] {logging_mixin.py:190} INFO - [2026-05-07T19:44:47.299+0200] {dag.py:4180} INFO - Setting next_dagrun for dataset_s3_bucket_producer to None, run_after=None
[2026-05-07T19:44:47.318+0200] {processor.py:208} INFO - Processing /home/rodrigo/Escritorio/BBDDAvanzadas/.venv/lib/python3.12/site-packages/airflow/example_dags/example_dataset_alias.py took 0.078 seconds
[2026-05-07T19:46:31.934+0200] {processor.py:186} INFO - Started process (PID=15939) to work on /home/rodrigo/Escritorio/BBDDAvanzadas/.venv/lib/python3.12/site-packages/airflow/example_dags/example_dataset_alias.py
[2026-05-07T19:46:31.936+0200] {processor.py:914} INFO - Processing file /home/rodrigo/Escritorio/BBDDAvanzadas/.venv/lib/python3.12/site-packages/airflow/example_dags/example_dataset_alias.py for tasks to queue
[2026-05-07T19:46:31.937+0200] {logging_mixin.py:190} INFO - [2026-05-07T19:46:31.937+0200] {dagbag.py:588} INFO - Filling up the DagBag from /home/rodrigo/Escritorio/BBDDAvanzadas/.venv/lib/python3.12/site-packages/airflow/example_dags/example_dataset_alias.py
[2026-05-07T19:46:31.955+0200] {processor.py:925} INFO - DAG(s) 'dataset_alias_example_alias_producer', 'dataset_s3_bucket_consumer', 'dataset_alias_example_alias_consumer', 'dataset_s3_bucket_producer' retrieved from /home/rodrigo/Escritorio/BBDDAvanzadas/.venv/lib/python3.12/site-packages/airflow/example_dags/example_dataset_alias.py
[2026-05-07T19:46:31.967+0200] {logging_mixin.py:190} INFO - [2026-05-07T19:46:31.967+0200] {dag.py:3239} INFO - Sync 4 DAGs
[2026-05-07T19:46:31.980+0200] {logging_mixin.py:190} INFO - [2026-05-07T19:46:31.980+0200] {dag.py:4180} INFO - Setting next_dagrun for dataset_alias_example_alias_consumer to None, run_after=None
[2026-05-07T19:46:31.981+0200] {logging_mixin.py:190} INFO - [2026-05-07T19:46:31.981+0200] {dag.py:4180} INFO - Setting next_dagrun for dataset_alias_example_alias_producer to None, run_after=None
[2026-05-07T19:46:31.982+0200] {logging_mixin.py:190} INFO - [2026-05-07T19:46:31.981+0200] {dag.py:4180} INFO - Setting next_dagrun for dataset_s3_bucket_consumer to None, run_after=None
[2026-05-07T19:46:31.982+0200] {logging_mixin.py:190} INFO - [2026-05-07T19:46:31.982+0200] {dag.py:4180} INFO - Setting next_dagrun for dataset_s3_bucket_producer to None, run_after=None
[2026-05-07T19:46:31.998+0200] {processor.py:208} INFO - Processing /home/rodrigo/Escritorio/BBDDAvanzadas/.venv/lib/python3.12/site-packages/airflow/example_dags/example_dataset_alias.py took 0.069 seconds
[2026-05-07T19:47:46.610+0200] {processor.py:186} INFO - Started process (PID=16117) to work on /home/rodrigo/Escritorio/BBDDAvanzadas/.venv/lib/python3.12/site-packages/airflow/example_dags/example_dataset_alias.py
[2026-05-07T19:47:46.611+0200] {processor.py:914} INFO - Processing file /home/rodrigo/Escritorio/BBDDAvanzadas/.venv/lib/python3.12/site-packages/airflow/example_dags/example_dataset_alias.py for tasks to queue
[2026-05-07T19:47:46.613+0200] {logging_mixin.py:190} INFO - [2026-05-07T19:47:46.613+0200] {dagbag.py:588} INFO - Filling up the DagBag from /home/rodrigo/Escritorio/BBDDAvanzadas/.venv/lib/python3.12/site-packages/airflow/example_dags/example_dataset_alias.py
[2026-05-07T19:47:46.639+0200] {processor.py:925} INFO - DAG(s) 'dataset_alias_example_alias_producer', 'dataset_alias_example_alias_consumer', 'dataset_s3_bucket_consumer', 'dataset_s3_bucket_producer' retrieved from /home/rodrigo/Escritorio/BBDDAvanzadas/.venv/lib/python3.12/site-packages/airflow/example_dags/example_dataset_alias.py
[2026-05-07T19:47:46.652+0200] {logging_mixin.py:190} INFO - [2026-05-07T19:47:46.652+0200] {dag.py:3239} INFO - Sync 4 DAGs
[2026-05-07T19:47:46.666+0200] {logging_mixin.py:190} INFO - [2026-05-07T19:47:46.666+0200] {dag.py:4180} INFO - Setting next_dagrun for dataset_alias_example_alias_consumer to None, run_after=None
[2026-05-07T19:47:46.668+0200] {logging_mixin.py:190} INFO - [2026-05-07T19:47:46.667+0200] {dag.py:4180} INFO - Setting next_dagrun for dataset_alias_example_alias_producer to None, run_after=None
[2026-05-07T19:47:46.668+0200] {logging_mixin.py:190} INFO - [2026-05-07T19:47:46.668+0200] {dag.py:4180} INFO - Setting next_dagrun for dataset_s3_bucket_consumer to None, run_after=None
[2026-05-07T19:47:46.669+0200] {logging_mixin.py:190} INFO - [2026-05-07T19:47:46.669+0200] {dag.py:4180} INFO - Setting next_dagrun for dataset_s3_bucket_producer to None, run_after=None
[2026-05-07T19:47:46.690+0200] {processor.py:208} INFO - Processing /home/rodrigo/Escritorio/BBDDAvanzadas/.venv/lib/python3.12/site-packages/airflow/example_dags/example_dataset_alias.py took 0.085 seconds
[2026-05-07T19:49:13.106+0200] {processor.py:186} INFO - Started process (PID=16249) to work on /home/rodrigo/Escritorio/BBDDAvanzadas/.venv/lib/python3.12/site-packages/airflow/example_dags/example_dataset_alias.py
[2026-05-07T19:49:13.108+0200] {processor.py:914} INFO - Processing file /home/rodrigo/Escritorio/BBDDAvanzadas/.venv/lib/python3.12/site-packages/airflow/example_dags/example_dataset_alias.py for tasks to queue
[2026-05-07T19:49:13.110+0200] {logging_mixin.py:190} INFO - [2026-05-07T19:49:13.110+0200] {dagbag.py:588} INFO - Filling up the DagBag from /home/rodrigo/Escritorio/BBDDAvanzadas/.venv/lib/python3.12/site-packages/airflow/example_dags/example_dataset_alias.py
[2026-05-07T19:49:13.127+0200] {processor.py:925} INFO - DAG(s) 'dataset_s3_bucket_consumer', 'dataset_s3_bucket_producer', 'dataset_alias_example_alias_consumer', 'dataset_alias_example_alias_producer' retrieved from /home/rodrigo/Escritorio/BBDDAvanzadas/.venv/lib/python3.12/site-packages/airflow/example_dags/example_dataset_alias.py
[2026-05-07T19:49:13.146+0200] {logging_mixin.py:190} INFO - [2026-05-07T19:49:13.146+0200] {dag.py:3239} INFO - Sync 4 DAGs
[2026-05-07T19:49:13.176+0200] {logging_mixin.py:190} INFO - [2026-05-07T19:49:13.176+0200] {dag.py:4180} INFO - Setting next_dagrun for dataset_alias_example_alias_consumer to None, run_after=None
[2026-05-07T19:49:13.179+0200] {logging_mixin.py:190} INFO - [2026-05-07T19:49:13.179+0200] {dag.py:4180} INFO - Setting next_dagrun for dataset_alias_example_alias_producer to None, run_after=None
[2026-05-07T19:49:13.180+0200] {logging_mixin.py:190} INFO - [2026-05-07T19:49:13.180+0200] {dag.py:4180} INFO - Setting next_dagrun for dataset_s3_bucket_consumer to None, run_after=None
[2026-05-07T19:49:13.180+0200] {logging_mixin.py:190} INFO - [2026-05-07T19:49:13.180+0200] {dag.py:4180} INFO - Setting next_dagrun for dataset_s3_bucket_producer to None, run_after=None
[2026-05-07T19:49:13.244+0200] {processor.py:208} INFO - Processing /home/rodrigo/Escritorio/BBDDAvanzadas/.venv/lib/python3.12/site-packages/airflow/example_dags/example_dataset_alias.py took 0.142 seconds
[2026-05-07T19:50:58.401+0200] {processor.py:186} INFO - Started process (PID=16361) to work on /home/rodrigo/Escritorio/BBDDAvanzadas/.venv/lib/python3.12/site-packages/airflow/example_dags/example_dataset_alias.py
[2026-05-07T19:50:58.403+0200] {processor.py:914} INFO - Processing file /home/rodrigo/Escritorio/BBDDAvanzadas/.venv/lib/python3.12/site-packages/airflow/example_dags/example_dataset_alias.py for tasks to queue
[2026-05-07T19:50:58.404+0200] {logging_mixin.py:190} INFO - [2026-05-07T19:50:58.404+0200] {dagbag.py:588} INFO - Filling up the DagBag from /home/rodrigo/Escritorio/BBDDAvanzadas/.venv/lib/python3.12/site-packages/airflow/example_dags/example_dataset_alias.py
[2026-05-07T19:50:58.421+0200] {processor.py:925} INFO - DAG(s) 'dataset_alias_example_alias_producer', 'dataset_alias_example_alias_consumer', 'dataset_s3_bucket_consumer', 'dataset_s3_bucket_producer' retrieved from /home/rodrigo/Escritorio/BBDDAvanzadas/.venv/lib/python3.12/site-packages/airflow/example_dags/example_dataset_alias.py
[2026-05-07T19:50:58.432+0200] {logging_mixin.py:190} INFO - [2026-05-07T19:50:58.432+0200] {dag.py:3239} INFO - Sync 4 DAGs
[2026-05-07T19:50:58.443+0200] {logging_mixin.py:190} INFO - [2026-05-07T19:50:58.443+0200] {dag.py:4180} INFO - Setting next_dagrun for dataset_alias_example_alias_consumer to None, run_after=None
[2026-05-07T19:50:58.444+0200] {logging_mixin.py:190} INFO - [2026-05-07T19:50:58.444+0200] {dag.py:4180} INFO - Setting next_dagrun for dataset_alias_example_alias_producer to None, run_after=None
[2026-05-07T19:50:58.445+0200] {logging_mixin.py:190} INFO - [2026-05-07T19:50:58.445+0200] {dag.py:4180} INFO - Setting next_dagrun for dataset_s3_bucket_consumer to None, run_after=None
[2026-05-07T19:50:58.445+0200] {logging_mixin.py:190} INFO - [2026-05-07T19:50:58.445+0200] {dag.py:4180} INFO - Setting next_dagrun for dataset_s3_bucket_producer to None, run_after=None
[2026-05-07T19:50:58.461+0200] {processor.py:208} INFO - Processing /home/rodrigo/Escritorio/BBDDAvanzadas/.venv/lib/python3.12/site-packages/airflow/example_dags/example_dataset_alias.py took 0.064 seconds
