[2026-05-07T19:33:00.133+0200] {processor.py:186} INFO - Started process (PID=14412) to work on /home/rodrigo/Escritorio/BBDDAvanzadas/.venv/lib/python3.12/site-packages/airflow/example_dags/example_datasets.py
[2026-05-07T19:33:00.134+0200] {processor.py:914} INFO - Processing file /home/rodrigo/Escritorio/BBDDAvanzadas/.venv/lib/python3.12/site-packages/airflow/example_dags/example_datasets.py for tasks to queue
[2026-05-07T19:33:00.135+0200] {logging_mixin.py:190} INFO - [2026-05-07T19:33:00.135+0200] {dagbag.py:588} INFO - Filling up the DagBag from /home/rodrigo/Escritorio/BBDDAvanzadas/.venv/lib/python3.12/site-packages/airflow/example_dags/example_datasets.py
[2026-05-07T19:33:00.147+0200] {processor.py:925} INFO - DAG(s) 'dataset_consumes_1', 'consume_1_or_both_2_and_3_with_dataset_expressions', 'consume_1_or_2_with_dataset_expressions', 'dataset_consumes_unknown_never_scheduled', 'dataset_produces_1', 'dataset_consumes_1_and_2', 'conditional_dataset_and_time_based_timetable', 'dataset_consumes_1_never_scheduled', 'dataset_produces_2', 'consume_1_and_2_with_dataset_expressions' retrieved from /home/rodrigo/Escritorio/BBDDAvanzadas/.venv/lib/python3.12/site-packages/airflow/example_dags/example_datasets.py
[2026-05-07T19:33:00.221+0200] {logging_mixin.py:190} INFO - [2026-05-07T19:33:00.220+0200] {override.py:1930} INFO - Created Permission View: can read on DAG:dataset_consumes_1
[2026-05-07T19:33:00.233+0200] {logging_mixin.py:190} INFO - [2026-05-07T19:33:00.233+0200] {override.py:1930} INFO - Created Permission View: can edit on DAG:dataset_consumes_1
[2026-05-07T19:33:00.241+0200] {logging_mixin.py:190} INFO - [2026-05-07T19:33:00.241+0200] {override.py:1930} INFO - Created Permission View: can delete on DAG:dataset_consumes_1
[2026-05-07T19:33:00.254+0200] {logging_mixin.py:190} INFO - [2026-05-07T19:33:00.254+0200] {override.py:1930} INFO - Created Permission View: can create on DAG Run:dataset_consumes_1
[2026-05-07T19:33:00.262+0200] {logging_mixin.py:190} INFO - [2026-05-07T19:33:00.262+0200] {override.py:1930} INFO - Created Permission View: can read on DAG Run:dataset_consumes_1
[2026-05-07T19:33:00.270+0200] {logging_mixin.py:190} INFO - [2026-05-07T19:33:00.270+0200] {override.py:1930} INFO - Created Permission View: menu access on DAG Run:dataset_consumes_1
[2026-05-07T19:33:00.278+0200] {logging_mixin.py:190} INFO - [2026-05-07T19:33:00.278+0200] {override.py:1930} INFO - Created Permission View: can delete on DAG Run:dataset_consumes_1
[2026-05-07T19:33:00.304+0200] {logging_mixin.py:190} INFO - [2026-05-07T19:33:00.304+0200] {override.py:1930} INFO - Created Permission View: can read on DAG:consume_1_or_both_2_and_3_with_dataset_expressions
[2026-05-07T19:33:00.315+0200] {logging_mixin.py:190} INFO - [2026-05-07T19:33:00.315+0200] {override.py:1930} INFO - Created Permission View: can edit on DAG:consume_1_or_both_2_and_3_with_dataset_expressions
[2026-05-07T19:33:00.323+0200] {logging_mixin.py:190} INFO - [2026-05-07T19:33:00.323+0200] {override.py:1930} INFO - Created Permission View: can delete on DAG:consume_1_or_both_2_and_3_with_dataset_expressions
[2026-05-07T19:33:00.337+0200] {logging_mixin.py:190} INFO - [2026-05-07T19:33:00.337+0200] {override.py:1930} INFO - Created Permission View: can create on DAG Run:consume_1_or_both_2_and_3_with_dataset_expressions
[2026-05-07T19:33:00.347+0200] {logging_mixin.py:190} INFO - [2026-05-07T19:33:00.347+0200] {override.py:1930} INFO - Created Permission View: can read on DAG Run:consume_1_or_both_2_and_3_with_dataset_expressions
[2026-05-07T19:33:00.356+0200] {logging_mixin.py:190} INFO - [2026-05-07T19:33:00.356+0200] {override.py:1930} INFO - Created Permission View: menu access on DAG Run:consume_1_or_both_2_and_3_with_dataset_expressions
[2026-05-07T19:33:00.364+0200] {logging_mixin.py:190} INFO - [2026-05-07T19:33:00.364+0200] {override.py:1930} INFO - Created Permission View: can delete on DAG Run:consume_1_or_both_2_and_3_with_dataset_expressions
[2026-05-07T19:33:00.382+0200] {logging_mixin.py:190} INFO - [2026-05-07T19:33:00.382+0200] {override.py:1930} INFO - Created Permission View: can read on DAG:consume_1_or_2_with_dataset_expressions
[2026-05-07T19:33:00.391+0200] {logging_mixin.py:190} INFO - [2026-05-07T19:33:00.390+0200] {override.py:1930} INFO - Created Permission View: can edit on DAG:consume_1_or_2_with_dataset_expressions
[2026-05-07T19:33:00.399+0200] {logging_mixin.py:190} INFO - [2026-05-07T19:33:00.399+0200] {override.py:1930} INFO - Created Permission View: can delete on DAG:consume_1_or_2_with_dataset_expressions
[2026-05-07T19:33:00.425+0200] {logging_mixin.py:190} INFO - [2026-05-07T19:33:00.424+0200] {override.py:1930} INFO - Created Permission View: can create on DAG Run:consume_1_or_2_with_dataset_expressions
[2026-05-07T19:33:00.443+0200] {logging_mixin.py:190} INFO - [2026-05-07T19:33:00.443+0200] {override.py:1930} INFO - Created Permission View: can read on DAG Run:consume_1_or_2_with_dataset_expressions
[2026-05-07T19:33:00.453+0200] {logging_mixin.py:190} INFO - [2026-05-07T19:33:00.453+0200] {override.py:1930} INFO - Created Permission View: menu access on DAG Run:consume_1_or_2_with_dataset_expressions
[2026-05-07T19:33:00.461+0200] {logging_mixin.py:190} INFO - [2026-05-07T19:33:00.461+0200] {override.py:1930} INFO - Created Permission View: can delete on DAG Run:consume_1_or_2_with_dataset_expressions
[2026-05-07T19:33:00.481+0200] {logging_mixin.py:190} INFO - [2026-05-07T19:33:00.481+0200] {override.py:1930} INFO - Created Permission View: can read on DAG:dataset_consumes_unknown_never_scheduled
[2026-05-07T19:33:00.490+0200] {logging_mixin.py:190} INFO - [2026-05-07T19:33:00.490+0200] {override.py:1930} INFO - Created Permission View: can edit on DAG:dataset_consumes_unknown_never_scheduled
[2026-05-07T19:33:00.501+0200] {logging_mixin.py:190} INFO - [2026-05-07T19:33:00.500+0200] {override.py:1930} INFO - Created Permission View: can delete on DAG:dataset_consumes_unknown_never_scheduled
[2026-05-07T19:33:00.515+0200] {logging_mixin.py:190} INFO - [2026-05-07T19:33:00.515+0200] {override.py:1930} INFO - Created Permission View: can create on DAG Run:dataset_consumes_unknown_never_scheduled
[2026-05-07T19:33:00.526+0200] {logging_mixin.py:190} INFO - [2026-05-07T19:33:00.526+0200] {override.py:1930} INFO - Created Permission View: can read on DAG Run:dataset_consumes_unknown_never_scheduled
[2026-05-07T19:33:00.538+0200] {logging_mixin.py:190} INFO - [2026-05-07T19:33:00.538+0200] {override.py:1930} INFO - Created Permission View: menu access on DAG Run:dataset_consumes_unknown_never_scheduled
[2026-05-07T19:33:00.550+0200] {logging_mixin.py:190} INFO - [2026-05-07T19:33:00.549+0200] {override.py:1930} INFO - Created Permission View: can delete on DAG Run:dataset_consumes_unknown_never_scheduled
[2026-05-07T19:33:00.572+0200] {logging_mixin.py:190} INFO - [2026-05-07T19:33:00.572+0200] {override.py:1930} INFO - Created Permission View: can read on DAG:dataset_produces_1
[2026-05-07T19:33:00.582+0200] {logging_mixin.py:190} INFO - [2026-05-07T19:33:00.581+0200] {override.py:1930} INFO - Created Permission View: can edit on DAG:dataset_produces_1
[2026-05-07T19:33:00.589+0200] {logging_mixin.py:190} INFO - [2026-05-07T19:33:00.589+0200] {override.py:1930} INFO - Created Permission View: can delete on DAG:dataset_produces_1
[2026-05-07T19:33:00.604+0200] {logging_mixin.py:190} INFO - [2026-05-07T19:33:00.604+0200] {override.py:1930} INFO - Created Permission View: can create on DAG Run:dataset_produces_1
[2026-05-07T19:33:00.612+0200] {logging_mixin.py:190} INFO - [2026-05-07T19:33:00.611+0200] {override.py:1930} INFO - Created Permission View: can read on DAG Run:dataset_produces_1
[2026-05-07T19:33:00.620+0200] {logging_mixin.py:190} INFO - [2026-05-07T19:33:00.619+0200] {override.py:1930} INFO - Created Permission View: menu access on DAG Run:dataset_produces_1
[2026-05-07T19:33:00.628+0200] {logging_mixin.py:190} INFO - [2026-05-07T19:33:00.628+0200] {override.py:1930} INFO - Created Permission View: can delete on DAG Run:dataset_produces_1
[2026-05-07T19:33:00.646+0200] {logging_mixin.py:190} INFO - [2026-05-07T19:33:00.646+0200] {override.py:1930} INFO - Created Permission View: can read on DAG:dataset_consumes_1_and_2
[2026-05-07T19:33:00.654+0200] {logging_mixin.py:190} INFO - [2026-05-07T19:33:00.654+0200] {override.py:1930} INFO - Created Permission View: can edit on DAG:dataset_consumes_1_and_2
[2026-05-07T19:33:00.662+0200] {logging_mixin.py:190} INFO - [2026-05-07T19:33:00.662+0200] {override.py:1930} INFO - Created Permission View: can delete on DAG:dataset_consumes_1_and_2
[2026-05-07T19:33:00.676+0200] {logging_mixin.py:190} INFO - [2026-05-07T19:33:00.676+0200] {override.py:1930} INFO - Created Permission View: can create on DAG Run:dataset_consumes_1_and_2
[2026-05-07T19:33:00.686+0200] {logging_mixin.py:190} INFO - [2026-05-07T19:33:00.685+0200] {override.py:1930} INFO - Created Permission View: can read on DAG Run:dataset_consumes_1_and_2
[2026-05-07T19:33:00.694+0200] {logging_mixin.py:190} INFO - [2026-05-07T19:33:00.694+0200] {override.py:1930} INFO - Created Permission View: menu access on DAG Run:dataset_consumes_1_and_2
[2026-05-07T19:33:00.702+0200] {logging_mixin.py:190} INFO - [2026-05-07T19:33:00.702+0200] {override.py:1930} INFO - Created Permission View: can delete on DAG Run:dataset_consumes_1_and_2
[2026-05-07T19:33:00.723+0200] {logging_mixin.py:190} INFO - [2026-05-07T19:33:00.723+0200] {override.py:1930} INFO - Created Permission View: can read on DAG:conditional_dataset_and_time_based_timetable
[2026-05-07T19:33:00.731+0200] {logging_mixin.py:190} INFO - [2026-05-07T19:33:00.731+0200] {override.py:1930} INFO - Created Permission View: can edit on DAG:conditional_dataset_and_time_based_timetable
[2026-05-07T19:33:00.740+0200] {logging_mixin.py:190} INFO - [2026-05-07T19:33:00.740+0200] {override.py:1930} INFO - Created Permission View: can delete on DAG:conditional_dataset_and_time_based_timetable
[2026-05-07T19:33:00.755+0200] {logging_mixin.py:190} INFO - [2026-05-07T19:33:00.754+0200] {override.py:1930} INFO - Created Permission View: can create on DAG Run:conditional_dataset_and_time_based_timetable
[2026-05-07T19:33:00.762+0200] {logging_mixin.py:190} INFO - [2026-05-07T19:33:00.762+0200] {override.py:1930} INFO - Created Permission View: can read on DAG Run:conditional_dataset_and_time_based_timetable
[2026-05-07T19:33:00.770+0200] {logging_mixin.py:190} INFO - [2026-05-07T19:33:00.770+0200] {override.py:1930} INFO - Created Permission View: menu access on DAG Run:conditional_dataset_and_time_based_timetable
[2026-05-07T19:33:00.778+0200] {logging_mixin.py:190} INFO - [2026-05-07T19:33:00.777+0200] {override.py:1930} INFO - Created Permission View: can delete on DAG Run:conditional_dataset_and_time_based_timetable
[2026-05-07T19:33:00.841+0200] {logging_mixin.py:190} INFO - [2026-05-07T19:33:00.841+0200] {override.py:1930} INFO - Created Permission View: can read on DAG:dataset_consumes_1_never_scheduled
[2026-05-07T19:33:00.862+0200] {logging_mixin.py:190} INFO - [2026-05-07T19:33:00.861+0200] {override.py:1930} INFO - Created Permission View: can edit on DAG:dataset_consumes_1_never_scheduled
[2026-05-07T19:33:00.876+0200] {logging_mixin.py:190} INFO - [2026-05-07T19:33:00.875+0200] {override.py:1930} INFO - Created Permission View: can delete on DAG:dataset_consumes_1_never_scheduled
[2026-05-07T19:33:00.920+0200] {logging_mixin.py:190} INFO - [2026-05-07T19:33:00.919+0200] {override.py:1930} INFO - Created Permission View: can create on DAG Run:dataset_consumes_1_never_scheduled
[2026-05-07T19:33:00.928+0200] {logging_mixin.py:190} INFO - [2026-05-07T19:33:00.928+0200] {override.py:1930} INFO - Created Permission View: can read on DAG Run:dataset_consumes_1_never_scheduled
[2026-05-07T19:33:00.936+0200] {logging_mixin.py:190} INFO - [2026-05-07T19:33:00.936+0200] {override.py:1930} INFO - Created Permission View: menu access on DAG Run:dataset_consumes_1_never_scheduled
[2026-05-07T19:33:00.946+0200] {logging_mixin.py:190} INFO - [2026-05-07T19:33:00.946+0200] {override.py:1930} INFO - Created Permission View: can delete on DAG Run:dataset_consumes_1_never_scheduled
[2026-05-07T19:33:00.975+0200] {logging_mixin.py:190} INFO - [2026-05-07T19:33:00.975+0200] {override.py:1930} INFO - Created Permission View: can read on DAG:dataset_produces_2
[2026-05-07T19:33:00.986+0200] {logging_mixin.py:190} INFO - [2026-05-07T19:33:00.986+0200] {override.py:1930} INFO - Created Permission View: can edit on DAG:dataset_produces_2
[2026-05-07T19:33:00.995+0200] {logging_mixin.py:190} INFO - [2026-05-07T19:33:00.994+0200] {override.py:1930} INFO - Created Permission View: can delete on DAG:dataset_produces_2
[2026-05-07T19:33:01.010+0200] {logging_mixin.py:190} INFO - [2026-05-07T19:33:01.010+0200] {override.py:1930} INFO - Created Permission View: can create on DAG Run:dataset_produces_2
[2026-05-07T19:33:01.029+0200] {logging_mixin.py:190} INFO - [2026-05-07T19:33:01.028+0200] {override.py:1930} INFO - Created Permission View: can read on DAG Run:dataset_produces_2
[2026-05-07T19:33:01.051+0200] {logging_mixin.py:190} INFO - [2026-05-07T19:33:01.050+0200] {override.py:1930} INFO - Created Permission View: menu access on DAG Run:dataset_produces_2
[2026-05-07T19:33:01.059+0200] {logging_mixin.py:190} INFO - [2026-05-07T19:33:01.059+0200] {override.py:1930} INFO - Created Permission View: can delete on DAG Run:dataset_produces_2
[2026-05-07T19:33:01.078+0200] {logging_mixin.py:190} INFO - [2026-05-07T19:33:01.077+0200] {override.py:1930} INFO - Created Permission View: can read on DAG:consume_1_and_2_with_dataset_expressions
[2026-05-07T19:33:01.085+0200] {logging_mixin.py:190} INFO - [2026-05-07T19:33:01.085+0200] {override.py:1930} INFO - Created Permission View: can edit on DAG:consume_1_and_2_with_dataset_expressions
[2026-05-07T19:33:01.094+0200] {logging_mixin.py:190} INFO - [2026-05-07T19:33:01.093+0200] {override.py:1930} INFO - Created Permission View: can delete on DAG:consume_1_and_2_with_dataset_expressions
[2026-05-07T19:33:01.107+0200] {logging_mixin.py:190} INFO - [2026-05-07T19:33:01.107+0200] {override.py:1930} INFO - Created Permission View: can create on DAG Run:consume_1_and_2_with_dataset_expressions
[2026-05-07T19:33:01.115+0200] {logging_mixin.py:190} INFO - [2026-05-07T19:33:01.115+0200] {override.py:1930} INFO - Created Permission View: can read on DAG Run:consume_1_and_2_with_dataset_expressions
[2026-05-07T19:33:01.126+0200] {logging_mixin.py:190} INFO - [2026-05-07T19:33:01.126+0200] {override.py:1930} INFO - Created Permission View: menu access on DAG Run:consume_1_and_2_with_dataset_expressions
[2026-05-07T19:33:01.134+0200] {logging_mixin.py:190} INFO - [2026-05-07T19:33:01.133+0200] {override.py:1930} INFO - Created Permission View: can delete on DAG Run:consume_1_and_2_with_dataset_expressions
[2026-05-07T19:33:01.134+0200] {logging_mixin.py:190} INFO - [2026-05-07T19:33:01.134+0200] {dag.py:3239} INFO - Sync 10 DAGs
[2026-05-07T19:33:01.142+0200] {logging_mixin.py:190} INFO - [2026-05-07T19:33:01.142+0200] {dag.py:3262} INFO - Creating ORM DAG for dataset_consumes_1_never_scheduled
[2026-05-07T19:33:01.143+0200] {logging_mixin.py:190} INFO - [2026-05-07T19:33:01.143+0200] {dag.py:3262} INFO - Creating ORM DAG for dataset_produces_1
[2026-05-07T19:33:01.143+0200] {logging_mixin.py:190} INFO - [2026-05-07T19:33:01.143+0200] {dag.py:3262} INFO - Creating ORM DAG for consume_1_or_2_with_dataset_expressions
[2026-05-07T19:33:01.143+0200] {logging_mixin.py:190} INFO - [2026-05-07T19:33:01.143+0200] {dag.py:3262} INFO - Creating ORM DAG for conditional_dataset_and_time_based_timetable
[2026-05-07T19:33:01.144+0200] {logging_mixin.py:190} INFO - [2026-05-07T19:33:01.144+0200] {dag.py:3262} INFO - Creating ORM DAG for dataset_consumes_1
[2026-05-07T19:33:01.144+0200] {logging_mixin.py:190} INFO - [2026-05-07T19:33:01.144+0200] {dag.py:3262} INFO - Creating ORM DAG for dataset_consumes_unknown_never_scheduled
[2026-05-07T19:33:01.144+0200] {logging_mixin.py:190} INFO - [2026-05-07T19:33:01.144+0200] {dag.py:3262} INFO - Creating ORM DAG for dataset_consumes_1_and_2
[2026-05-07T19:33:01.144+0200] {logging_mixin.py:190} INFO - [2026-05-07T19:33:01.144+0200] {dag.py:3262} INFO - Creating ORM DAG for consume_1_or_both_2_and_3_with_dataset_expressions
[2026-05-07T19:33:01.145+0200] {logging_mixin.py:190} INFO - [2026-05-07T19:33:01.145+0200] {dag.py:3262} INFO - Creating ORM DAG for dataset_produces_2
[2026-05-07T19:33:01.145+0200] {logging_mixin.py:190} INFO - [2026-05-07T19:33:01.145+0200] {dag.py:3262} INFO - Creating ORM DAG for consume_1_and_2_with_dataset_expressions
[2026-05-07T19:33:01.151+0200] {logging_mixin.py:190} INFO - [2026-05-07T19:33:01.151+0200] {dag.py:4180} INFO - Setting next_dagrun for conditional_dataset_and_time_based_timetable to 2026-05-06 01:00:00+00:00, run_after=2026-05-06 01:00:00+00:00
[2026-05-07T19:33:01.152+0200] {logging_mixin.py:190} INFO - [2026-05-07T19:33:01.151+0200] {dag.py:4180} INFO - Setting next_dagrun for consume_1_and_2_with_dataset_expressions to None, run_after=None
[2026-05-07T19:33:01.152+0200] {logging_mixin.py:190} INFO - [2026-05-07T19:33:01.152+0200] {dag.py:4180} INFO - Setting next_dagrun for consume_1_or_2_with_dataset_expressions to None, run_after=None
[2026-05-07T19:33:01.152+0200] {logging_mixin.py:190} INFO - [2026-05-07T19:33:01.152+0200] {dag.py:4180} INFO - Setting next_dagrun for consume_1_or_both_2_and_3_with_dataset_expressions to None, run_after=None
[2026-05-07T19:33:01.152+0200] {logging_mixin.py:190} INFO - [2026-05-07T19:33:01.152+0200] {dag.py:4180} INFO - Setting next_dagrun for dataset_consumes_1 to None, run_after=None
[2026-05-07T19:33:01.152+0200] {logging_mixin.py:190} INFO - [2026-05-07T19:33:01.152+0200] {dag.py:4180} INFO - Setting next_dagrun for dataset_consumes_1_and_2 to None, run_after=None
[2026-05-07T19:33:01.153+0200] {logging_mixin.py:190} INFO - [2026-05-07T19:33:01.153+0200] {dag.py:4180} INFO - Setting next_dagrun for dataset_consumes_1_never_scheduled to None, run_after=None
[2026-05-07T19:33:01.153+0200] {logging_mixin.py:190} INFO - [2026-05-07T19:33:01.153+0200] {dag.py:4180} INFO - Setting next_dagrun for dataset_consumes_unknown_never_scheduled to None, run_after=None
[2026-05-07T19:33:01.154+0200] {logging_mixin.py:190} INFO - [2026-05-07T19:33:01.154+0200] {dag.py:4180} INFO - Setting next_dagrun for dataset_produces_1 to 2026-05-06 00:00:00+00:00, run_after=2026-05-07 00:00:00+00:00
[2026-05-07T19:33:01.155+0200] {logging_mixin.py:190} INFO - [2026-05-07T19:33:01.155+0200] {dag.py:4180} INFO - Setting next_dagrun for dataset_produces_2 to None, run_after=None
[2026-05-07T19:33:01.180+0200] {processor.py:208} INFO - Processing /home/rodrigo/Escritorio/BBDDAvanzadas/.venv/lib/python3.12/site-packages/airflow/example_dags/example_datasets.py took 1.051 seconds
[2026-05-07T19:37:46.680+0200] {processor.py:186} INFO - Started process (PID=14924) to work on /home/rodrigo/Escritorio/BBDDAvanzadas/.venv/lib/python3.12/site-packages/airflow/example_dags/example_datasets.py
[2026-05-07T19:37:46.682+0200] {processor.py:914} INFO - Processing file /home/rodrigo/Escritorio/BBDDAvanzadas/.venv/lib/python3.12/site-packages/airflow/example_dags/example_datasets.py for tasks to queue
[2026-05-07T19:37:46.685+0200] {logging_mixin.py:190} INFO - [2026-05-07T19:37:46.685+0200] {dagbag.py:588} INFO - Filling up the DagBag from /home/rodrigo/Escritorio/BBDDAvanzadas/.venv/lib/python3.12/site-packages/airflow/example_dags/example_datasets.py
[2026-05-07T19:37:46.715+0200] {processor.py:925} INFO - DAG(s) 'dataset_produces_1', 'dataset_produces_2', 'consume_1_or_both_2_and_3_with_dataset_expressions', 'dataset_consumes_1_never_scheduled', 'dataset_consumes_1_and_2', 'conditional_dataset_and_time_based_timetable', 'consume_1_and_2_with_dataset_expressions', 'consume_1_or_2_with_dataset_expressions', 'dataset_consumes_unknown_never_scheduled', 'dataset_consumes_1' retrieved from /home/rodrigo/Escritorio/BBDDAvanzadas/.venv/lib/python3.12/site-packages/airflow/example_dags/example_datasets.py
[2026-05-07T19:37:46.741+0200] {logging_mixin.py:190} INFO - [2026-05-07T19:37:46.740+0200] {dag.py:3239} INFO - Sync 10 DAGs
[2026-05-07T19:37:46.757+0200] {logging_mixin.py:190} INFO - [2026-05-07T19:37:46.757+0200] {dag.py:4180} INFO - Setting next_dagrun for conditional_dataset_and_time_based_timetable to 2026-05-06 01:00:00+00:00, run_after=2026-05-06 01:00:00+00:00
[2026-05-07T19:37:46.761+0200] {logging_mixin.py:190} INFO - [2026-05-07T19:37:46.760+0200] {dag.py:4180} INFO - Setting next_dagrun for consume_1_and_2_with_dataset_expressions to None, run_after=None
[2026-05-07T19:37:46.761+0200] {logging_mixin.py:190} INFO - [2026-05-07T19:37:46.761+0200] {dag.py:4180} INFO - Setting next_dagrun for consume_1_or_2_with_dataset_expressions to None, run_after=None
[2026-05-07T19:37:46.762+0200] {logging_mixin.py:190} INFO - [2026-05-07T19:37:46.762+0200] {dag.py:4180} INFO - Setting next_dagrun for consume_1_or_both_2_and_3_with_dataset_expressions to None, run_after=None
[2026-05-07T19:37:46.762+0200] {logging_mixin.py:190} INFO - [2026-05-07T19:37:46.762+0200] {dag.py:4180} INFO - Setting next_dagrun for dataset_consumes_1 to None, run_after=None
[2026-05-07T19:37:46.763+0200] {logging_mixin.py:190} INFO - [2026-05-07T19:37:46.763+0200] {dag.py:4180} INFO - Setting next_dagrun for dataset_consumes_1_and_2 to None, run_after=None
[2026-05-07T19:37:46.763+0200] {logging_mixin.py:190} INFO - [2026-05-07T19:37:46.763+0200] {dag.py:4180} INFO - Setting next_dagrun for dataset_consumes_1_never_scheduled to None, run_after=None
[2026-05-07T19:37:46.767+0200] {logging_mixin.py:190} INFO - [2026-05-07T19:37:46.764+0200] {dag.py:4180} INFO - Setting next_dagrun for dataset_consumes_unknown_never_scheduled to None, run_after=None
[2026-05-07T19:37:46.773+0200] {logging_mixin.py:190} INFO - [2026-05-07T19:37:46.773+0200] {dag.py:4180} INFO - Setting next_dagrun for dataset_produces_1 to 2026-05-06 00:00:00+00:00, run_after=2026-05-07 00:00:00+00:00
[2026-05-07T19:37:46.777+0200] {logging_mixin.py:190} INFO - [2026-05-07T19:37:46.773+0200] {dag.py:4180} INFO - Setting next_dagrun for dataset_produces_2 to None, run_after=None
[2026-05-07T19:37:46.811+0200] {processor.py:208} INFO - Processing /home/rodrigo/Escritorio/BBDDAvanzadas/.venv/lib/python3.12/site-packages/airflow/example_dags/example_datasets.py took 0.135 seconds
[2026-05-07T19:38:57.476+0200] {processor.py:186} INFO - Started process (PID=15002) to work on /home/rodrigo/Escritorio/BBDDAvanzadas/.venv/lib/python3.12/site-packages/airflow/example_dags/example_datasets.py
[2026-05-07T19:38:57.485+0200] {processor.py:914} INFO - Processing file /home/rodrigo/Escritorio/BBDDAvanzadas/.venv/lib/python3.12/site-packages/airflow/example_dags/example_datasets.py for tasks to queue
[2026-05-07T19:38:57.493+0200] {logging_mixin.py:190} INFO - [2026-05-07T19:38:57.491+0200] {dagbag.py:588} INFO - Filling up the DagBag from /home/rodrigo/Escritorio/BBDDAvanzadas/.venv/lib/python3.12/site-packages/airflow/example_dags/example_datasets.py
[2026-05-07T19:38:57.515+0200] {processor.py:925} INFO - DAG(s) 'consume_1_and_2_with_dataset_expressions', 'dataset_consumes_unknown_never_scheduled', 'conditional_dataset_and_time_based_timetable', 'consume_1_or_2_with_dataset_expressions', 'dataset_produces_1', 'dataset_consumes_1', 'dataset_consumes_1_and_2', 'dataset_produces_2', 'consume_1_or_both_2_and_3_with_dataset_expressions', 'dataset_consumes_1_never_scheduled' retrieved from /home/rodrigo/Escritorio/BBDDAvanzadas/.venv/lib/python3.12/site-packages/airflow/example_dags/example_datasets.py
[2026-05-07T19:38:57.561+0200] {logging_mixin.py:190} INFO - [2026-05-07T19:38:57.561+0200] {dag.py:3239} INFO - Sync 10 DAGs
[2026-05-07T19:38:57.578+0200] {logging_mixin.py:190} INFO - [2026-05-07T19:38:57.578+0200] {dag.py:4180} INFO - Setting next_dagrun for conditional_dataset_and_time_based_timetable to 2026-05-06 01:00:00+00:00, run_after=2026-05-06 01:00:00+00:00
[2026-05-07T19:38:57.581+0200] {logging_mixin.py:190} INFO - [2026-05-07T19:38:57.581+0200] {dag.py:4180} INFO - Setting next_dagrun for consume_1_and_2_with_dataset_expressions to None, run_after=None
[2026-05-07T19:38:57.582+0200] {logging_mixin.py:190} INFO - [2026-05-07T19:38:57.582+0200] {dag.py:4180} INFO - Setting next_dagrun for consume_1_or_2_with_dataset_expressions to None, run_after=None
[2026-05-07T19:38:57.583+0200] {logging_mixin.py:190} INFO - [2026-05-07T19:38:57.583+0200] {dag.py:4180} INFO - Setting next_dagrun for consume_1_or_both_2_and_3_with_dataset_expressions to None, run_after=None
[2026-05-07T19:38:57.584+0200] {logging_mixin.py:190} INFO - [2026-05-07T19:38:57.584+0200] {dag.py:4180} INFO - Setting next_dagrun for dataset_consumes_1 to None, run_after=None
[2026-05-07T19:38:57.584+0200] {logging_mixin.py:190} INFO - [2026-05-07T19:38:57.584+0200] {dag.py:4180} INFO - Setting next_dagrun for dataset_consumes_1_and_2 to None, run_after=None
[2026-05-07T19:38:57.585+0200] {logging_mixin.py:190} INFO - [2026-05-07T19:38:57.585+0200] {dag.py:4180} INFO - Setting next_dagrun for dataset_consumes_1_never_scheduled to None, run_after=None
[2026-05-07T19:38:57.585+0200] {logging_mixin.py:190} INFO - [2026-05-07T19:38:57.585+0200] {dag.py:4180} INFO - Setting next_dagrun for dataset_consumes_unknown_never_scheduled to None, run_after=None
[2026-05-07T19:38:57.592+0200] {logging_mixin.py:190} INFO - [2026-05-07T19:38:57.592+0200] {dag.py:4180} INFO - Setting next_dagrun for dataset_produces_1 to 2026-05-06 00:00:00+00:00, run_after=2026-05-07 00:00:00+00:00
[2026-05-07T19:38:57.594+0200] {logging_mixin.py:190} INFO - [2026-05-07T19:38:57.594+0200] {dag.py:4180} INFO - Setting next_dagrun for dataset_produces_2 to None, run_after=None
[2026-05-07T19:38:57.639+0200] {processor.py:208} INFO - Processing /home/rodrigo/Escritorio/BBDDAvanzadas/.venv/lib/python3.12/site-packages/airflow/example_dags/example_datasets.py took 0.175 seconds
[2026-05-07T19:40:26.607+0200] {processor.py:186} INFO - Started process (PID=15124) to work on /home/rodrigo/Escritorio/BBDDAvanzadas/.venv/lib/python3.12/site-packages/airflow/example_dags/example_datasets.py
[2026-05-07T19:40:26.614+0200] {processor.py:914} INFO - Processing file /home/rodrigo/Escritorio/BBDDAvanzadas/.venv/lib/python3.12/site-packages/airflow/example_dags/example_datasets.py for tasks to queue
[2026-05-07T19:40:26.616+0200] {logging_mixin.py:190} INFO - [2026-05-07T19:40:26.616+0200] {dagbag.py:588} INFO - Filling up the DagBag from /home/rodrigo/Escritorio/BBDDAvanzadas/.venv/lib/python3.12/site-packages/airflow/example_dags/example_datasets.py
[2026-05-07T19:40:26.685+0200] {processor.py:925} INFO - DAG(s) 'dataset_consumes_unknown_never_scheduled', 'consume_1_and_2_with_dataset_expressions', 'dataset_consumes_1_never_scheduled', 'conditional_dataset_and_time_based_timetable', 'dataset_consumes_1_and_2', 'dataset_produces_1', 'dataset_consumes_1', 'consume_1_or_2_with_dataset_expressions', 'consume_1_or_both_2_and_3_with_dataset_expressions', 'dataset_produces_2' retrieved from /home/rodrigo/Escritorio/BBDDAvanzadas/.venv/lib/python3.12/site-packages/airflow/example_dags/example_datasets.py
[2026-05-07T19:40:26.761+0200] {logging_mixin.py:190} INFO - [2026-05-07T19:40:26.761+0200] {dag.py:3239} INFO - Sync 10 DAGs
[2026-05-07T19:40:26.810+0200] {logging_mixin.py:190} INFO - [2026-05-07T19:40:26.810+0200] {dag.py:4180} INFO - Setting next_dagrun for conditional_dataset_and_time_based_timetable to 2026-05-06 01:00:00+00:00, run_after=2026-05-06 01:00:00+00:00
[2026-05-07T19:40:26.814+0200] {logging_mixin.py:190} INFO - [2026-05-07T19:40:26.814+0200] {dag.py:4180} INFO - Setting next_dagrun for consume_1_and_2_with_dataset_expressions to None, run_after=None
[2026-05-07T19:40:26.816+0200] {logging_mixin.py:190} INFO - [2026-05-07T19:40:26.816+0200] {dag.py:4180} INFO - Setting next_dagrun for consume_1_or_2_with_dataset_expressions to None, run_after=None
[2026-05-07T19:40:26.816+0200] {logging_mixin.py:190} INFO - [2026-05-07T19:40:26.816+0200] {dag.py:4180} INFO - Setting next_dagrun for consume_1_or_both_2_and_3_with_dataset_expressions to None, run_after=None
[2026-05-07T19:40:26.817+0200] {logging_mixin.py:190} INFO - [2026-05-07T19:40:26.817+0200] {dag.py:4180} INFO - Setting next_dagrun for dataset_consumes_1 to None, run_after=None
[2026-05-07T19:40:26.818+0200] {logging_mixin.py:190} INFO - [2026-05-07T19:40:26.818+0200] {dag.py:4180} INFO - Setting next_dagrun for dataset_consumes_1_and_2 to None, run_after=None
[2026-05-07T19:40:26.818+0200] {logging_mixin.py:190} INFO - [2026-05-07T19:40:26.818+0200] {dag.py:4180} INFO - Setting next_dagrun for dataset_consumes_1_never_scheduled to None, run_after=None
[2026-05-07T19:40:26.819+0200] {logging_mixin.py:190} INFO - [2026-05-07T19:40:26.819+0200] {dag.py:4180} INFO - Setting next_dagrun for dataset_consumes_unknown_never_scheduled to None, run_after=None
[2026-05-07T19:40:26.820+0200] {logging_mixin.py:190} INFO - [2026-05-07T19:40:26.820+0200] {dag.py:4180} INFO - Setting next_dagrun for dataset_produces_1 to 2026-05-06 00:00:00+00:00, run_after=2026-05-07 00:00:00+00:00
[2026-05-07T19:40:26.820+0200] {logging_mixin.py:190} INFO - [2026-05-07T19:40:26.820+0200] {dag.py:4180} INFO - Setting next_dagrun for dataset_produces_2 to None, run_after=None
[2026-05-07T19:40:26.899+0200] {processor.py:208} INFO - Processing /home/rodrigo/Escritorio/BBDDAvanzadas/.venv/lib/python3.12/site-packages/airflow/example_dags/example_datasets.py took 0.307 seconds
[2026-05-07T19:42:01.727+0200] {processor.py:186} INFO - Started process (PID=15402) to work on /home/rodrigo/Escritorio/BBDDAvanzadas/.venv/lib/python3.12/site-packages/airflow/example_dags/example_datasets.py
[2026-05-07T19:42:01.729+0200] {processor.py:914} INFO - Processing file /home/rodrigo/Escritorio/BBDDAvanzadas/.venv/lib/python3.12/site-packages/airflow/example_dags/example_datasets.py for tasks to queue
[2026-05-07T19:42:01.730+0200] {logging_mixin.py:190} INFO - [2026-05-07T19:42:01.730+0200] {dagbag.py:588} INFO - Filling up the DagBag from /home/rodrigo/Escritorio/BBDDAvanzadas/.venv/lib/python3.12/site-packages/airflow/example_dags/example_datasets.py
[2026-05-07T19:42:01.742+0200] {processor.py:925} INFO - DAG(s) 'dataset_produces_1', 'consume_1_and_2_with_dataset_expressions', 'dataset_consumes_1_and_2', 'conditional_dataset_and_time_based_timetable', 'dataset_consumes_1', 'dataset_produces_2', 'consume_1_or_both_2_and_3_with_dataset_expressions', 'dataset_consumes_1_never_scheduled', 'dataset_consumes_unknown_never_scheduled', 'consume_1_or_2_with_dataset_expressions' retrieved from /home/rodrigo/Escritorio/BBDDAvanzadas/.venv/lib/python3.12/site-packages/airflow/example_dags/example_datasets.py
[2026-05-07T19:42:01.770+0200] {logging_mixin.py:190} INFO - [2026-05-07T19:42:01.770+0200] {dag.py:3239} INFO - Sync 10 DAGs
[2026-05-07T19:42:01.786+0200] {logging_mixin.py:190} INFO - [2026-05-07T19:42:01.786+0200] {dag.py:4180} INFO - Setting next_dagrun for conditional_dataset_and_time_based_timetable to 2026-05-06 01:00:00+00:00, run_after=2026-05-06 01:00:00+00:00
[2026-05-07T19:42:01.788+0200] {logging_mixin.py:190} INFO - [2026-05-07T19:42:01.788+0200] {dag.py:4180} INFO - Setting next_dagrun for consume_1_and_2_with_dataset_expressions to None, run_after=None
[2026-05-07T19:42:01.788+0200] {logging_mixin.py:190} INFO - [2026-05-07T19:42:01.788+0200] {dag.py:4180} INFO - Setting next_dagrun for consume_1_or_2_with_dataset_expressions to None, run_after=None
[2026-05-07T19:42:01.789+0200] {logging_mixin.py:190} INFO - [2026-05-07T19:42:01.789+0200] {dag.py:4180} INFO - Setting next_dagrun for consume_1_or_both_2_and_3_with_dataset_expressions to None, run_after=None
[2026-05-07T19:42:01.789+0200] {logging_mixin.py:190} INFO - [2026-05-07T19:42:01.789+0200] {dag.py:4180} INFO - Setting next_dagrun for dataset_consumes_1 to None, run_after=None
[2026-05-07T19:42:01.790+0200] {logging_mixin.py:190} INFO - [2026-05-07T19:42:01.790+0200] {dag.py:4180} INFO - Setting next_dagrun for dataset_consumes_1_and_2 to None, run_after=None
[2026-05-07T19:42:01.790+0200] {logging_mixin.py:190} INFO - [2026-05-07T19:42:01.790+0200] {dag.py:4180} INFO - Setting next_dagrun for dataset_consumes_1_never_scheduled to None, run_after=None
[2026-05-07T19:42:01.791+0200] {logging_mixin.py:190} INFO - [2026-05-07T19:42:01.791+0200] {dag.py:4180} INFO - Setting next_dagrun for dataset_consumes_unknown_never_scheduled to None, run_after=None
[2026-05-07T19:42:01.792+0200] {logging_mixin.py:190} INFO - [2026-05-07T19:42:01.792+0200] {dag.py:4180} INFO - Setting next_dagrun for dataset_produces_1 to 2026-05-06 00:00:00+00:00, run_after=2026-05-07 00:00:00+00:00
[2026-05-07T19:42:01.792+0200] {logging_mixin.py:190} INFO - [2026-05-07T19:42:01.792+0200] {dag.py:4180} INFO - Setting next_dagrun for dataset_produces_2 to None, run_after=None
[2026-05-07T19:42:01.823+0200] {processor.py:208} INFO - Processing /home/rodrigo/Escritorio/BBDDAvanzadas/.venv/lib/python3.12/site-packages/airflow/example_dags/example_datasets.py took 0.100 seconds
[2026-05-07T19:43:17.150+0200] {processor.py:186} INFO - Started process (PID=15553) to work on /home/rodrigo/Escritorio/BBDDAvanzadas/.venv/lib/python3.12/site-packages/airflow/example_dags/example_datasets.py
[2026-05-07T19:43:17.152+0200] {processor.py:914} INFO - Processing file /home/rodrigo/Escritorio/BBDDAvanzadas/.venv/lib/python3.12/site-packages/airflow/example_dags/example_datasets.py for tasks to queue
[2026-05-07T19:43:17.154+0200] {logging_mixin.py:190} INFO - [2026-05-07T19:43:17.153+0200] {dagbag.py:588} INFO - Filling up the DagBag from /home/rodrigo/Escritorio/BBDDAvanzadas/.venv/lib/python3.12/site-packages/airflow/example_dags/example_datasets.py
[2026-05-07T19:43:17.164+0200] {processor.py:925} INFO - DAG(s) 'dataset_consumes_1_never_scheduled', 'consume_1_and_2_with_dataset_expressions', 'dataset_produces_2', 'dataset_consumes_1', 'conditional_dataset_and_time_based_timetable', 'consume_1_or_both_2_and_3_with_dataset_expressions', 'consume_1_or_2_with_dataset_expressions', 'dataset_consumes_unknown_never_scheduled', 'dataset_produces_1', 'dataset_consumes_1_and_2' retrieved from /home/rodrigo/Escritorio/BBDDAvanzadas/.venv/lib/python3.12/site-packages/airflow/example_dags/example_datasets.py
[2026-05-07T19:43:17.184+0200] {logging_mixin.py:190} INFO - [2026-05-07T19:43:17.184+0200] {dag.py:3239} INFO - Sync 10 DAGs
[2026-05-07T19:43:17.198+0200] {logging_mixin.py:190} INFO - [2026-05-07T19:43:17.198+0200] {dag.py:4180} INFO - Setting next_dagrun for conditional_dataset_and_time_based_timetable to 2026-05-06 01:00:00+00:00, run_after=2026-05-06 01:00:00+00:00
[2026-05-07T19:43:17.200+0200] {logging_mixin.py:190} INFO - [2026-05-07T19:43:17.200+0200] {dag.py:4180} INFO - Setting next_dagrun for consume_1_and_2_with_dataset_expressions to None, run_after=None
[2026-05-07T19:43:17.200+0200] {logging_mixin.py:190} INFO - [2026-05-07T19:43:17.200+0200] {dag.py:4180} INFO - Setting next_dagrun for consume_1_or_2_with_dataset_expressions to None, run_after=None
[2026-05-07T19:43:17.297+0200] {logging_mixin.py:190} INFO - [2026-05-07T19:43:17.297+0200] {dag.py:4180} INFO - Setting next_dagrun for consume_1_or_both_2_and_3_with_dataset_expressions to None, run_after=None
[2026-05-07T19:43:17.298+0200] {logging_mixin.py:190} INFO - [2026-05-07T19:43:17.298+0200] {dag.py:4180} INFO - Setting next_dagrun for dataset_consumes_1 to None, run_after=None
[2026-05-07T19:43:17.298+0200] {logging_mixin.py:190} INFO - [2026-05-07T19:43:17.298+0200] {dag.py:4180} INFO - Setting next_dagrun for dataset_consumes_1_and_2 to None, run_after=None
[2026-05-07T19:43:17.299+0200] {logging_mixin.py:190} INFO - [2026-05-07T19:43:17.299+0200] {dag.py:4180} INFO - Setting next_dagrun for dataset_consumes_1_never_scheduled to None, run_after=None
[2026-05-07T19:43:17.299+0200] {logging_mixin.py:190} INFO - [2026-05-07T19:43:17.299+0200] {dag.py:4180} INFO - Setting next_dagrun for dataset_consumes_unknown_never_scheduled to None, run_after=None
[2026-05-07T19:43:17.300+0200] {logging_mixin.py:190} INFO - [2026-05-07T19:43:17.300+0200] {dag.py:4180} INFO - Setting next_dagrun for dataset_produces_1 to 2026-05-06 00:00:00+00:00, run_after=2026-05-07 00:00:00+00:00
[2026-05-07T19:43:17.301+0200] {logging_mixin.py:190} INFO - [2026-05-07T19:43:17.301+0200] {dag.py:4180} INFO - Setting next_dagrun for dataset_produces_2 to None, run_after=None
[2026-05-07T19:43:17.320+0200] {processor.py:208} INFO - Processing /home/rodrigo/Escritorio/BBDDAvanzadas/.venv/lib/python3.12/site-packages/airflow/example_dags/example_datasets.py took 0.174 seconds
[2026-05-07T19:44:44.186+0200] {processor.py:186} INFO - Started process (PID=15841) to work on /home/rodrigo/Escritorio/BBDDAvanzadas/.venv/lib/python3.12/site-packages/airflow/example_dags/example_datasets.py
[2026-05-07T19:44:44.188+0200] {processor.py:914} INFO - Processing file /home/rodrigo/Escritorio/BBDDAvanzadas/.venv/lib/python3.12/site-packages/airflow/example_dags/example_datasets.py for tasks to queue
[2026-05-07T19:44:44.189+0200] {logging_mixin.py:190} INFO - [2026-05-07T19:44:44.189+0200] {dagbag.py:588} INFO - Filling up the DagBag from /home/rodrigo/Escritorio/BBDDAvanzadas/.venv/lib/python3.12/site-packages/airflow/example_dags/example_datasets.py
[2026-05-07T19:44:44.200+0200] {processor.py:925} INFO - DAG(s) 'conditional_dataset_and_time_based_timetable', 'consume_1_and_2_with_dataset_expressions', 'dataset_consumes_unknown_never_scheduled', 'dataset_produces_2', 'consume_1_or_2_with_dataset_expressions', 'dataset_consumes_1_never_scheduled', 'consume_1_or_both_2_and_3_with_dataset_expressions', 'dataset_consumes_1', 'dataset_consumes_1_and_2', 'dataset_produces_1' retrieved from /home/rodrigo/Escritorio/BBDDAvanzadas/.venv/lib/python3.12/site-packages/airflow/example_dags/example_datasets.py
[2026-05-07T19:44:44.222+0200] {logging_mixin.py:190} INFO - [2026-05-07T19:44:44.222+0200] {dag.py:3239} INFO - Sync 10 DAGs
[2026-05-07T19:44:44.240+0200] {logging_mixin.py:190} INFO - [2026-05-07T19:44:44.239+0200] {dag.py:4180} INFO - Setting next_dagrun for conditional_dataset_and_time_based_timetable to 2026-05-06 01:00:00+00:00, run_after=2026-05-06 01:00:00+00:00
[2026-05-07T19:44:44.241+0200] {logging_mixin.py:190} INFO - [2026-05-07T19:44:44.241+0200] {dag.py:4180} INFO - Setting next_dagrun for consume_1_and_2_with_dataset_expressions to None, run_after=None
[2026-05-07T19:44:44.242+0200] {logging_mixin.py:190} INFO - [2026-05-07T19:44:44.242+0200] {dag.py:4180} INFO - Setting next_dagrun for consume_1_or_2_with_dataset_expressions to None, run_after=None
[2026-05-07T19:44:44.242+0200] {logging_mixin.py:190} INFO - [2026-05-07T19:44:44.242+0200] {dag.py:4180} INFO - Setting next_dagrun for consume_1_or_both_2_and_3_with_dataset_expressions to None, run_after=None
[2026-05-07T19:44:44.243+0200] {logging_mixin.py:190} INFO - [2026-05-07T19:44:44.243+0200] {dag.py:4180} INFO - Setting next_dagrun for dataset_consumes_1 to None, run_after=None
[2026-05-07T19:44:44.243+0200] {logging_mixin.py:190} INFO - [2026-05-07T19:44:44.243+0200] {dag.py:4180} INFO - Setting next_dagrun for dataset_consumes_1_and_2 to None, run_after=None
[2026-05-07T19:44:44.244+0200] {logging_mixin.py:190} INFO - [2026-05-07T19:44:44.244+0200] {dag.py:4180} INFO - Setting next_dagrun for dataset_consumes_1_never_scheduled to None, run_after=None
[2026-05-07T19:44:44.245+0200] {logging_mixin.py:190} INFO - [2026-05-07T19:44:44.244+0200] {dag.py:4180} INFO - Setting next_dagrun for dataset_consumes_unknown_never_scheduled to None, run_after=None
[2026-05-07T19:44:44.246+0200] {logging_mixin.py:190} INFO - [2026-05-07T19:44:44.246+0200] {dag.py:4180} INFO - Setting next_dagrun for dataset_produces_1 to 2026-05-06 00:00:00+00:00, run_after=2026-05-07 00:00:00+00:00
[2026-05-07T19:44:44.247+0200] {logging_mixin.py:190} INFO - [2026-05-07T19:44:44.247+0200] {dag.py:4180} INFO - Setting next_dagrun for dataset_produces_2 to None, run_after=None
[2026-05-07T19:44:44.269+0200] {processor.py:208} INFO - Processing /home/rodrigo/Escritorio/BBDDAvanzadas/.venv/lib/python3.12/site-packages/airflow/example_dags/example_datasets.py took 0.087 seconds
[2026-05-07T19:46:26.791+0200] {processor.py:186} INFO - Started process (PID=15936) to work on /home/rodrigo/Escritorio/BBDDAvanzadas/.venv/lib/python3.12/site-packages/airflow/example_dags/example_datasets.py
[2026-05-07T19:46:26.792+0200] {processor.py:914} INFO - Processing file /home/rodrigo/Escritorio/BBDDAvanzadas/.venv/lib/python3.12/site-packages/airflow/example_dags/example_datasets.py for tasks to queue
[2026-05-07T19:46:26.794+0200] {logging_mixin.py:190} INFO - [2026-05-07T19:46:26.793+0200] {dagbag.py:588} INFO - Filling up the DagBag from /home/rodrigo/Escritorio/BBDDAvanzadas/.venv/lib/python3.12/site-packages/airflow/example_dags/example_datasets.py
[2026-05-07T19:46:26.805+0200] {processor.py:925} INFO - DAG(s) 'consume_1_or_2_with_dataset_expressions', 'consume_1_or_both_2_and_3_with_dataset_expressions', 'dataset_consumes_1', 'dataset_produces_1', 'dataset_consumes_1_never_scheduled', 'dataset_consumes_1_and_2', 'consume_1_and_2_with_dataset_expressions', 'dataset_consumes_unknown_never_scheduled', 'dataset_produces_2', 'conditional_dataset_and_time_based_timetable' retrieved from /home/rodrigo/Escritorio/BBDDAvanzadas/.venv/lib/python3.12/site-packages/airflow/example_dags/example_datasets.py
[2026-05-07T19:46:26.826+0200] {logging_mixin.py:190} INFO - [2026-05-07T19:46:26.826+0200] {dag.py:3239} INFO - Sync 10 DAGs
[2026-05-07T19:46:26.842+0200] {logging_mixin.py:190} INFO - [2026-05-07T19:46:26.841+0200] {dag.py:4180} INFO - Setting next_dagrun for conditional_dataset_and_time_based_timetable to 2026-05-06 01:00:00+00:00, run_after=2026-05-06 01:00:00+00:00
[2026-05-07T19:46:26.843+0200] {logging_mixin.py:190} INFO - [2026-05-07T19:46:26.843+0200] {dag.py:4180} INFO - Setting next_dagrun for consume_1_and_2_with_dataset_expressions to None, run_after=None
[2026-05-07T19:46:26.844+0200] {logging_mixin.py:190} INFO - [2026-05-07T19:46:26.844+0200] {dag.py:4180} INFO - Setting next_dagrun for consume_1_or_2_with_dataset_expressions to None, run_after=None
[2026-05-07T19:46:26.844+0200] {logging_mixin.py:190} INFO - [2026-05-07T19:46:26.844+0200] {dag.py:4180} INFO - Setting next_dagrun for consume_1_or_both_2_and_3_with_dataset_expressions to None, run_after=None
[2026-05-07T19:46:26.845+0200] {logging_mixin.py:190} INFO - [2026-05-07T19:46:26.845+0200] {dag.py:4180} INFO - Setting next_dagrun for dataset_consumes_1 to None, run_after=None
[2026-05-07T19:46:26.845+0200] {logging_mixin.py:190} INFO - [2026-05-07T19:46:26.845+0200] {dag.py:4180} INFO - Setting next_dagrun for dataset_consumes_1_and_2 to None, run_after=None
[2026-05-07T19:46:26.846+0200] {logging_mixin.py:190} INFO - [2026-05-07T19:46:26.846+0200] {dag.py:4180} INFO - Setting next_dagrun for dataset_consumes_1_never_scheduled to None, run_after=None
[2026-05-07T19:46:26.846+0200] {logging_mixin.py:190} INFO - [2026-05-07T19:46:26.846+0200] {dag.py:4180} INFO - Setting next_dagrun for dataset_consumes_unknown_never_scheduled to None, run_after=None
[2026-05-07T19:46:26.847+0200] {logging_mixin.py:190} INFO - [2026-05-07T19:46:26.847+0200] {dag.py:4180} INFO - Setting next_dagrun for dataset_produces_1 to 2026-05-06 00:00:00+00:00, run_after=2026-05-07 00:00:00+00:00
[2026-05-07T19:46:26.848+0200] {logging_mixin.py:190} INFO - [2026-05-07T19:46:26.848+0200] {dag.py:4180} INFO - Setting next_dagrun for dataset_produces_2 to None, run_after=None
[2026-05-07T19:46:26.869+0200] {processor.py:208} INFO - Processing /home/rodrigo/Escritorio/BBDDAvanzadas/.venv/lib/python3.12/site-packages/airflow/example_dags/example_datasets.py took 0.082 seconds
[2026-05-07T19:47:44.772+0200] {processor.py:186} INFO - Started process (PID=16109) to work on /home/rodrigo/Escritorio/BBDDAvanzadas/.venv/lib/python3.12/site-packages/airflow/example_dags/example_datasets.py
[2026-05-07T19:47:44.775+0200] {processor.py:914} INFO - Processing file /home/rodrigo/Escritorio/BBDDAvanzadas/.venv/lib/python3.12/site-packages/airflow/example_dags/example_datasets.py for tasks to queue
[2026-05-07T19:47:44.778+0200] {logging_mixin.py:190} INFO - [2026-05-07T19:47:44.777+0200] {dagbag.py:588} INFO - Filling up the DagBag from /home/rodrigo/Escritorio/BBDDAvanzadas/.venv/lib/python3.12/site-packages/airflow/example_dags/example_datasets.py
[2026-05-07T19:47:44.823+0200] {processor.py:925} INFO - DAG(s) 'consume_1_or_2_with_dataset_expressions', 'dataset_consumes_unknown_never_scheduled', 'dataset_consumes_1', 'consume_1_and_2_with_dataset_expressions', 'dataset_produces_1', 'dataset_produces_2', 'dataset_consumes_1_never_scheduled', 'conditional_dataset_and_time_based_timetable', 'consume_1_or_both_2_and_3_with_dataset_expressions', 'dataset_consumes_1_and_2' retrieved from /home/rodrigo/Escritorio/BBDDAvanzadas/.venv/lib/python3.12/site-packages/airflow/example_dags/example_datasets.py
[2026-05-07T19:47:44.860+0200] {logging_mixin.py:190} INFO - [2026-05-07T19:47:44.860+0200] {dag.py:3239} INFO - Sync 10 DAGs
[2026-05-07T19:47:44.937+0200] {logging_mixin.py:190} INFO - [2026-05-07T19:47:44.937+0200] {dag.py:4180} INFO - Setting next_dagrun for conditional_dataset_and_time_based_timetable to 2026-05-06 01:00:00+00:00, run_after=2026-05-06 01:00:00+00:00
[2026-05-07T19:47:44.944+0200] {logging_mixin.py:190} INFO - [2026-05-07T19:47:44.944+0200] {dag.py:4180} INFO - Setting next_dagrun for consume_1_and_2_with_dataset_expressions to None, run_after=None
[2026-05-07T19:47:44.950+0200] {logging_mixin.py:190} INFO - [2026-05-07T19:47:44.950+0200] {dag.py:4180} INFO - Setting next_dagrun for consume_1_or_2_with_dataset_expressions to None, run_after=None
[2026-05-07T19:47:44.951+0200] {logging_mixin.py:190} INFO - [2026-05-07T19:47:44.951+0200] {dag.py:4180} INFO - Setting next_dagrun for consume_1_or_both_2_and_3_with_dataset_expressions to None, run_after=None
[2026-05-07T19:47:44.952+0200] {logging_mixin.py:190} INFO - [2026-05-07T19:47:44.952+0200] {dag.py:4180} INFO - Setting next_dagrun for dataset_consumes_1 to None, run_after=None
[2026-05-07T19:47:44.954+0200] {logging_mixin.py:190} INFO - [2026-05-07T19:47:44.954+0200] {dag.py:4180} INFO - Setting next_dagrun for dataset_consumes_1_and_2 to None, run_after=None
[2026-05-07T19:47:44.955+0200] {logging_mixin.py:190} INFO - [2026-05-07T19:47:44.955+0200] {dag.py:4180} INFO - Setting next_dagrun for dataset_consumes_1_never_scheduled to None, run_after=None
[2026-05-07T19:47:44.955+0200] {logging_mixin.py:190} INFO - [2026-05-07T19:47:44.955+0200] {dag.py:4180} INFO - Setting next_dagrun for dataset_consumes_unknown_never_scheduled to None, run_after=None
[2026-05-07T19:47:44.957+0200] {logging_mixin.py:190} INFO - [2026-05-07T19:47:44.957+0200] {dag.py:4180} INFO - Setting next_dagrun for dataset_produces_1 to 2026-05-06 00:00:00+00:00, run_after=2026-05-07 00:00:00+00:00
[2026-05-07T19:47:44.957+0200] {logging_mixin.py:190} INFO - [2026-05-07T19:47:44.957+0200] {dag.py:4180} INFO - Setting next_dagrun for dataset_produces_2 to None, run_after=None
[2026-05-07T19:47:45.024+0200] {processor.py:208} INFO - Processing /home/rodrigo/Escritorio/BBDDAvanzadas/.venv/lib/python3.12/site-packages/airflow/example_dags/example_datasets.py took 0.259 seconds
[2026-05-07T19:49:10.515+0200] {processor.py:186} INFO - Started process (PID=16239) to work on /home/rodrigo/Escritorio/BBDDAvanzadas/.venv/lib/python3.12/site-packages/airflow/example_dags/example_datasets.py
[2026-05-07T19:49:10.523+0200] {processor.py:914} INFO - Processing file /home/rodrigo/Escritorio/BBDDAvanzadas/.venv/lib/python3.12/site-packages/airflow/example_dags/example_datasets.py for tasks to queue
[2026-05-07T19:49:10.526+0200] {logging_mixin.py:190} INFO - [2026-05-07T19:49:10.525+0200] {dagbag.py:588} INFO - Filling up the DagBag from /home/rodrigo/Escritorio/BBDDAvanzadas/.venv/lib/python3.12/site-packages/airflow/example_dags/example_datasets.py
[2026-05-07T19:49:10.538+0200] {processor.py:925} INFO - DAG(s) 'dataset_produces_1', 'dataset_consumes_unknown_never_scheduled', 'dataset_produces_2', 'dataset_consumes_1_and_2', 'dataset_consumes_1', 'conditional_dataset_and_time_based_timetable', 'consume_1_or_2_with_dataset_expressions', 'dataset_consumes_1_never_scheduled', 'consume_1_and_2_with_dataset_expressions', 'consume_1_or_both_2_and_3_with_dataset_expressions' retrieved from /home/rodrigo/Escritorio/BBDDAvanzadas/.venv/lib/python3.12/site-packages/airflow/example_dags/example_datasets.py
[2026-05-07T19:49:10.602+0200] {logging_mixin.py:190} INFO - [2026-05-07T19:49:10.601+0200] {dag.py:3239} INFO - Sync 10 DAGs
[2026-05-07T19:49:10.622+0200] {logging_mixin.py:190} INFO - [2026-05-07T19:49:10.622+0200] {dag.py:4180} INFO - Setting next_dagrun for conditional_dataset_and_time_based_timetable to 2026-05-06 01:00:00+00:00, run_after=2026-05-06 01:00:00+00:00
[2026-05-07T19:49:10.626+0200] {logging_mixin.py:190} INFO - [2026-05-07T19:49:10.625+0200] {dag.py:4180} INFO - Setting next_dagrun for consume_1_and_2_with_dataset_expressions to None, run_after=None
[2026-05-07T19:49:10.626+0200] {logging_mixin.py:190} INFO - [2026-05-07T19:49:10.626+0200] {dag.py:4180} INFO - Setting next_dagrun for consume_1_or_2_with_dataset_expressions to None, run_after=None
[2026-05-07T19:49:10.633+0200] {logging_mixin.py:190} INFO - [2026-05-07T19:49:10.633+0200] {dag.py:4180} INFO - Setting next_dagrun for consume_1_or_both_2_and_3_with_dataset_expressions to None, run_after=None
[2026-05-07T19:49:10.634+0200] {logging_mixin.py:190} INFO - [2026-05-07T19:49:10.634+0200] {dag.py:4180} INFO - Setting next_dagrun for dataset_consumes_1 to None, run_after=None
[2026-05-07T19:49:10.638+0200] {logging_mixin.py:190} INFO - [2026-05-07T19:49:10.634+0200] {dag.py:4180} INFO - Setting next_dagrun for dataset_consumes_1_and_2 to None, run_after=None
[2026-05-07T19:49:10.639+0200] {logging_mixin.py:190} INFO - [2026-05-07T19:49:10.639+0200] {dag.py:4180} INFO - Setting next_dagrun for dataset_consumes_1_never_scheduled to None, run_after=None
[2026-05-07T19:49:10.639+0200] {logging_mixin.py:190} INFO - [2026-05-07T19:49:10.639+0200] {dag.py:4180} INFO - Setting next_dagrun for dataset_consumes_unknown_never_scheduled to None, run_after=None
[2026-05-07T19:49:10.641+0200] {logging_mixin.py:190} INFO - [2026-05-07T19:49:10.641+0200] {dag.py:4180} INFO - Setting next_dagrun for dataset_produces_1 to 2026-05-06 00:00:00+00:00, run_after=2026-05-07 00:00:00+00:00
[2026-05-07T19:49:10.646+0200] {logging_mixin.py:190} INFO - [2026-05-07T19:49:10.641+0200] {dag.py:4180} INFO - Setting next_dagrun for dataset_produces_2 to None, run_after=None
[2026-05-07T19:49:10.792+0200] {processor.py:208} INFO - Processing /home/rodrigo/Escritorio/BBDDAvanzadas/.venv/lib/python3.12/site-packages/airflow/example_dags/example_datasets.py took 0.291 seconds
[2026-05-07T19:50:55.106+0200] {processor.py:186} INFO - Started process (PID=16359) to work on /home/rodrigo/Escritorio/BBDDAvanzadas/.venv/lib/python3.12/site-packages/airflow/example_dags/example_datasets.py
[2026-05-07T19:50:55.108+0200] {processor.py:914} INFO - Processing file /home/rodrigo/Escritorio/BBDDAvanzadas/.venv/lib/python3.12/site-packages/airflow/example_dags/example_datasets.py for tasks to queue
[2026-05-07T19:50:55.109+0200] {logging_mixin.py:190} INFO - [2026-05-07T19:50:55.109+0200] {dagbag.py:588} INFO - Filling up the DagBag from /home/rodrigo/Escritorio/BBDDAvanzadas/.venv/lib/python3.12/site-packages/airflow/example_dags/example_datasets.py
[2026-05-07T19:50:55.120+0200] {processor.py:925} INFO - DAG(s) 'dataset_consumes_1_never_scheduled', 'conditional_dataset_and_time_based_timetable', 'dataset_consumes_unknown_never_scheduled', 'consume_1_and_2_with_dataset_expressions', 'dataset_produces_1', 'consume_1_or_both_2_and_3_with_dataset_expressions', 'consume_1_or_2_with_dataset_expressions', 'dataset_consumes_1_and_2', 'dataset_consumes_1', 'dataset_produces_2' retrieved from /home/rodrigo/Escritorio/BBDDAvanzadas/.venv/lib/python3.12/site-packages/airflow/example_dags/example_datasets.py
[2026-05-07T19:50:55.139+0200] {logging_mixin.py:190} INFO - [2026-05-07T19:50:55.139+0200] {dag.py:3239} INFO - Sync 10 DAGs
[2026-05-07T19:50:55.154+0200] {logging_mixin.py:190} INFO - [2026-05-07T19:50:55.153+0200] {dag.py:4180} INFO - Setting next_dagrun for conditional_dataset_and_time_based_timetable to 2026-05-06 01:00:00+00:00, run_after=2026-05-06 01:00:00+00:00
[2026-05-07T19:50:55.156+0200] {logging_mixin.py:190} INFO - [2026-05-07T19:50:55.156+0200] {dag.py:4180} INFO - Setting next_dagrun for consume_1_and_2_with_dataset_expressions to None, run_after=None
[2026-05-07T19:50:55.156+0200] {logging_mixin.py:190} INFO - [2026-05-07T19:50:55.156+0200] {dag.py:4180} INFO - Setting next_dagrun for consume_1_or_2_with_dataset_expressions to None, run_after=None
[2026-05-07T19:50:55.157+0200] {logging_mixin.py:190} INFO - [2026-05-07T19:50:55.157+0200] {dag.py:4180} INFO - Setting next_dagrun for consume_1_or_both_2_and_3_with_dataset_expressions to None, run_after=None
[2026-05-07T19:50:55.157+0200] {logging_mixin.py:190} INFO - [2026-05-07T19:50:55.157+0200] {dag.py:4180} INFO - Setting next_dagrun for dataset_consumes_1 to None, run_after=None
[2026-05-07T19:50:55.158+0200] {logging_mixin.py:190} INFO - [2026-05-07T19:50:55.158+0200] {dag.py:4180} INFO - Setting next_dagrun for dataset_consumes_1_and_2 to None, run_after=None
[2026-05-07T19:50:55.158+0200] {logging_mixin.py:190} INFO - [2026-05-07T19:50:55.158+0200] {dag.py:4180} INFO - Setting next_dagrun for dataset_consumes_1_never_scheduled to None, run_after=None
[2026-05-07T19:50:55.158+0200] {logging_mixin.py:190} INFO - [2026-05-07T19:50:55.158+0200] {dag.py:4180} INFO - Setting next_dagrun for dataset_consumes_unknown_never_scheduled to None, run_after=None
[2026-05-07T19:50:55.160+0200] {logging_mixin.py:190} INFO - [2026-05-07T19:50:55.159+0200] {dag.py:4180} INFO - Setting next_dagrun for dataset_produces_1 to 2026-05-06 00:00:00+00:00, run_after=2026-05-07 00:00:00+00:00
[2026-05-07T19:50:55.160+0200] {logging_mixin.py:190} INFO - [2026-05-07T19:50:55.160+0200] {dag.py:4180} INFO - Setting next_dagrun for dataset_produces_2 to None, run_after=None
[2026-05-07T19:50:55.180+0200] {processor.py:208} INFO - Processing /home/rodrigo/Escritorio/BBDDAvanzadas/.venv/lib/python3.12/site-packages/airflow/example_dags/example_datasets.py took 0.078 seconds
