[2026-05-07T19:31:43.127+0200] {processor.py:186} INFO - Started process (PID=14254) to work on /home/rodrigo/Escritorio/BBDDAvanzadas/.venv/lib/python3.12/site-packages/airflow/example_dags/example_xcomargs.py
[2026-05-07T19:31:43.128+0200] {processor.py:914} INFO - Processing file /home/rodrigo/Escritorio/BBDDAvanzadas/.venv/lib/python3.12/site-packages/airflow/example_dags/example_xcomargs.py for tasks to queue
[2026-05-07T19:31:43.130+0200] {logging_mixin.py:190} INFO - [2026-05-07T19:31:43.130+0200] {dagbag.py:588} INFO - Filling up the DagBag from /home/rodrigo/Escritorio/BBDDAvanzadas/.venv/lib/python3.12/site-packages/airflow/example_dags/example_xcomargs.py
[2026-05-07T19:31:43.139+0200] {processor.py:925} INFO - DAG(s) 'example_xcom_args', 'example_xcom_args_with_operators' retrieved from /home/rodrigo/Escritorio/BBDDAvanzadas/.venv/lib/python3.12/site-packages/airflow/example_dags/example_xcomargs.py
[2026-05-07T19:31:43.330+0200] {logging_mixin.py:190} INFO - [2026-05-07T19:31:43.327+0200] {override.py:1930} INFO - Created Permission View: can delete on DAG:example_xcom_args
[2026-05-07T19:31:43.358+0200] {logging_mixin.py:190} INFO - [2026-05-07T19:31:43.358+0200] {override.py:1930} INFO - Created Permission View: can edit on DAG:example_xcom_args
[2026-05-07T19:31:43.376+0200] {logging_mixin.py:190} INFO - [2026-05-07T19:31:43.375+0200] {override.py:1930} INFO - Created Permission View: can read on DAG:example_xcom_args
[2026-05-07T19:31:43.401+0200] {logging_mixin.py:190} INFO - [2026-05-07T19:31:43.401+0200] {override.py:1930} INFO - Created Permission View: can delete on DAG Run:example_xcom_args
[2026-05-07T19:31:43.412+0200] {logging_mixin.py:190} INFO - [2026-05-07T19:31:43.412+0200] {override.py:1930} INFO - Created Permission View: can create on DAG Run:example_xcom_args
[2026-05-07T19:31:43.422+0200] {logging_mixin.py:190} INFO - [2026-05-07T19:31:43.422+0200] {override.py:1930} INFO - Created Permission View: menu access on DAG Run:example_xcom_args
[2026-05-07T19:31:43.430+0200] {logging_mixin.py:190} INFO - [2026-05-07T19:31:43.430+0200] {override.py:1930} INFO - Created Permission View: can read on DAG Run:example_xcom_args
[2026-05-07T19:31:43.507+0200] {logging_mixin.py:190} INFO - [2026-05-07T19:31:43.507+0200] {override.py:1930} INFO - Created Permission View: can delete on DAG:example_xcom_args_with_operators
[2026-05-07T19:31:43.550+0200] {logging_mixin.py:190} INFO - [2026-05-07T19:31:43.549+0200] {override.py:1930} INFO - Created Permission View: can edit on DAG:example_xcom_args_with_operators
[2026-05-07T19:31:43.582+0200] {logging_mixin.py:190} INFO - [2026-05-07T19:31:43.582+0200] {override.py:1930} INFO - Created Permission View: can read on DAG:example_xcom_args_with_operators
[2026-05-07T19:31:43.609+0200] {logging_mixin.py:190} INFO - [2026-05-07T19:31:43.609+0200] {override.py:1930} INFO - Created Permission View: can delete on DAG Run:example_xcom_args_with_operators
[2026-05-07T19:31:43.636+0200] {logging_mixin.py:190} INFO - [2026-05-07T19:31:43.632+0200] {override.py:1930} INFO - Created Permission View: can create on DAG Run:example_xcom_args_with_operators
[2026-05-07T19:31:43.681+0200] {logging_mixin.py:190} INFO - [2026-05-07T19:31:43.681+0200] {override.py:1930} INFO - Created Permission View: menu access on DAG Run:example_xcom_args_with_operators
[2026-05-07T19:31:43.692+0200] {logging_mixin.py:190} INFO - [2026-05-07T19:31:43.692+0200] {override.py:1930} INFO - Created Permission View: can read on DAG Run:example_xcom_args_with_operators
[2026-05-07T19:31:43.692+0200] {logging_mixin.py:190} INFO - [2026-05-07T19:31:43.692+0200] {dag.py:3239} INFO - Sync 2 DAGs
[2026-05-07T19:31:43.701+0200] {logging_mixin.py:190} INFO - [2026-05-07T19:31:43.701+0200] {dag.py:3262} INFO - Creating ORM DAG for example_xcom_args_with_operators
[2026-05-07T19:31:43.701+0200] {logging_mixin.py:190} INFO - [2026-05-07T19:31:43.701+0200] {dag.py:3262} INFO - Creating ORM DAG for example_xcom_args
[2026-05-07T19:31:43.702+0200] {logging_mixin.py:190} INFO - [2026-05-07T19:31:43.702+0200] {dag.py:4180} INFO - Setting next_dagrun for example_xcom_args to None, run_after=None
[2026-05-07T19:31:43.702+0200] {logging_mixin.py:190} INFO - [2026-05-07T19:31:43.702+0200] {dag.py:4180} INFO - Setting next_dagrun for example_xcom_args_with_operators to None, run_after=None
[2026-05-07T19:31:43.722+0200] {processor.py:208} INFO - Processing /home/rodrigo/Escritorio/BBDDAvanzadas/.venv/lib/python3.12/site-packages/airflow/example_dags/example_xcomargs.py took 0.600 seconds
[2026-05-07T19:32:17.115+0200] {processor.py:186} INFO - Started process (PID=14322) to work on /home/rodrigo/Escritorio/BBDDAvanzadas/.venv/lib/python3.12/site-packages/airflow/example_dags/example_xcomargs.py
[2026-05-07T19:32:17.120+0200] {processor.py:914} INFO - Processing file /home/rodrigo/Escritorio/BBDDAvanzadas/.venv/lib/python3.12/site-packages/airflow/example_dags/example_xcomargs.py for tasks to queue
[2026-05-07T19:32:17.122+0200] {logging_mixin.py:190} INFO - [2026-05-07T19:32:17.122+0200] {dagbag.py:588} INFO - Filling up the DagBag from /home/rodrigo/Escritorio/BBDDAvanzadas/.venv/lib/python3.12/site-packages/airflow/example_dags/example_xcomargs.py
[2026-05-07T19:32:17.131+0200] {processor.py:925} INFO - DAG(s) 'example_xcom_args', 'example_xcom_args_with_operators' retrieved from /home/rodrigo/Escritorio/BBDDAvanzadas/.venv/lib/python3.12/site-packages/airflow/example_dags/example_xcomargs.py
[2026-05-07T19:32:17.167+0200] {logging_mixin.py:190} INFO - [2026-05-07T19:32:17.166+0200] {dag.py:3239} INFO - Sync 2 DAGs
[2026-05-07T19:32:17.176+0200] {logging_mixin.py:190} INFO - [2026-05-07T19:32:17.176+0200] {dag.py:4180} INFO - Setting next_dagrun for example_xcom_args to None, run_after=None
[2026-05-07T19:32:17.178+0200] {logging_mixin.py:190} INFO - [2026-05-07T19:32:17.178+0200] {dag.py:4180} INFO - Setting next_dagrun for example_xcom_args_with_operators to None, run_after=None
[2026-05-07T19:32:17.201+0200] {processor.py:208} INFO - Processing /home/rodrigo/Escritorio/BBDDAvanzadas/.venv/lib/python3.12/site-packages/airflow/example_dags/example_xcomargs.py took 0.091 seconds
[2026-05-07T19:35:19.369+0200] {processor.py:186} INFO - Started process (PID=14703) to work on /home/rodrigo/Escritorio/BBDDAvanzadas/.venv/lib/python3.12/site-packages/airflow/example_dags/example_xcomargs.py
[2026-05-07T19:35:19.381+0200] {processor.py:914} INFO - Processing file /home/rodrigo/Escritorio/BBDDAvanzadas/.venv/lib/python3.12/site-packages/airflow/example_dags/example_xcomargs.py for tasks to queue
[2026-05-07T19:35:19.386+0200] {logging_mixin.py:190} INFO - [2026-05-07T19:35:19.384+0200] {dagbag.py:588} INFO - Filling up the DagBag from /home/rodrigo/Escritorio/BBDDAvanzadas/.venv/lib/python3.12/site-packages/airflow/example_dags/example_xcomargs.py
[2026-05-07T19:35:19.424+0200] {processor.py:925} INFO - DAG(s) 'example_xcom_args_with_operators', 'example_xcom_args' retrieved from /home/rodrigo/Escritorio/BBDDAvanzadas/.venv/lib/python3.12/site-packages/airflow/example_dags/example_xcomargs.py
[2026-05-07T19:35:19.488+0200] {logging_mixin.py:190} INFO - [2026-05-07T19:35:19.487+0200] {dag.py:3239} INFO - Sync 2 DAGs
[2026-05-07T19:35:19.499+0200] {logging_mixin.py:190} INFO - [2026-05-07T19:35:19.498+0200] {dag.py:4180} INFO - Setting next_dagrun for example_xcom_args to None, run_after=None
[2026-05-07T19:35:19.501+0200] {logging_mixin.py:190} INFO - [2026-05-07T19:35:19.501+0200] {dag.py:4180} INFO - Setting next_dagrun for example_xcom_args_with_operators to None, run_after=None
[2026-05-07T19:35:19.571+0200] {processor.py:208} INFO - Processing /home/rodrigo/Escritorio/BBDDAvanzadas/.venv/lib/python3.12/site-packages/airflow/example_dags/example_xcomargs.py took 0.218 seconds
[2026-05-07T19:37:11.467+0200] {processor.py:186} INFO - Started process (PID=14825) to work on /home/rodrigo/Escritorio/BBDDAvanzadas/.venv/lib/python3.12/site-packages/airflow/example_dags/example_xcomargs.py
[2026-05-07T19:37:11.468+0200] {processor.py:914} INFO - Processing file /home/rodrigo/Escritorio/BBDDAvanzadas/.venv/lib/python3.12/site-packages/airflow/example_dags/example_xcomargs.py for tasks to queue
[2026-05-07T19:37:11.470+0200] {logging_mixin.py:190} INFO - [2026-05-07T19:37:11.469+0200] {dagbag.py:588} INFO - Filling up the DagBag from /home/rodrigo/Escritorio/BBDDAvanzadas/.venv/lib/python3.12/site-packages/airflow/example_dags/example_xcomargs.py
[2026-05-07T19:37:11.478+0200] {processor.py:925} INFO - DAG(s) 'example_xcom_args', 'example_xcom_args_with_operators' retrieved from /home/rodrigo/Escritorio/BBDDAvanzadas/.venv/lib/python3.12/site-packages/airflow/example_dags/example_xcomargs.py
[2026-05-07T19:37:11.495+0200] {logging_mixin.py:190} INFO - [2026-05-07T19:37:11.495+0200] {dag.py:3239} INFO - Sync 2 DAGs
[2026-05-07T19:37:11.504+0200] {logging_mixin.py:190} INFO - [2026-05-07T19:37:11.504+0200] {dag.py:4180} INFO - Setting next_dagrun for example_xcom_args to None, run_after=None
[2026-05-07T19:37:11.506+0200] {logging_mixin.py:190} INFO - [2026-05-07T19:37:11.506+0200] {dag.py:4180} INFO - Setting next_dagrun for example_xcom_args_with_operators to None, run_after=None
[2026-05-07T19:37:11.520+0200] {processor.py:208} INFO - Processing /home/rodrigo/Escritorio/BBDDAvanzadas/.venv/lib/python3.12/site-packages/airflow/example_dags/example_xcomargs.py took 0.057 seconds
[2026-05-07T19:38:14.650+0200] {processor.py:186} INFO - Started process (PID=14956) to work on /home/rodrigo/Escritorio/BBDDAvanzadas/.venv/lib/python3.12/site-packages/airflow/example_dags/example_xcomargs.py
[2026-05-07T19:38:14.683+0200] {processor.py:914} INFO - Processing file /home/rodrigo/Escritorio/BBDDAvanzadas/.venv/lib/python3.12/site-packages/airflow/example_dags/example_xcomargs.py for tasks to queue
[2026-05-07T19:38:14.685+0200] {logging_mixin.py:190} INFO - [2026-05-07T19:38:14.685+0200] {dagbag.py:588} INFO - Filling up the DagBag from /home/rodrigo/Escritorio/BBDDAvanzadas/.venv/lib/python3.12/site-packages/airflow/example_dags/example_xcomargs.py
[2026-05-07T19:38:14.693+0200] {processor.py:925} INFO - DAG(s) 'example_xcom_args', 'example_xcom_args_with_operators' retrieved from /home/rodrigo/Escritorio/BBDDAvanzadas/.venv/lib/python3.12/site-packages/airflow/example_dags/example_xcomargs.py
[2026-05-07T19:38:14.707+0200] {logging_mixin.py:190} INFO - [2026-05-07T19:38:14.707+0200] {dag.py:3239} INFO - Sync 2 DAGs
[2026-05-07T19:38:14.724+0200] {logging_mixin.py:190} INFO - [2026-05-07T19:38:14.723+0200] {dag.py:4180} INFO - Setting next_dagrun for example_xcom_args to None, run_after=None
[2026-05-07T19:38:14.727+0200] {logging_mixin.py:190} INFO - [2026-05-07T19:38:14.727+0200] {dag.py:4180} INFO - Setting next_dagrun for example_xcom_args_with_operators to None, run_after=None
[2026-05-07T19:38:14.793+0200] {processor.py:208} INFO - Processing /home/rodrigo/Escritorio/BBDDAvanzadas/.venv/lib/python3.12/site-packages/airflow/example_dags/example_xcomargs.py took 0.153 seconds
[2026-05-07T19:39:38.115+0200] {processor.py:186} INFO - Started process (PID=15054) to work on /home/rodrigo/Escritorio/BBDDAvanzadas/.venv/lib/python3.12/site-packages/airflow/example_dags/example_xcomargs.py
[2026-05-07T19:39:38.117+0200] {processor.py:914} INFO - Processing file /home/rodrigo/Escritorio/BBDDAvanzadas/.venv/lib/python3.12/site-packages/airflow/example_dags/example_xcomargs.py for tasks to queue
[2026-05-07T19:39:38.120+0200] {logging_mixin.py:190} INFO - [2026-05-07T19:39:38.119+0200] {dagbag.py:588} INFO - Filling up the DagBag from /home/rodrigo/Escritorio/BBDDAvanzadas/.venv/lib/python3.12/site-packages/airflow/example_dags/example_xcomargs.py
[2026-05-07T19:39:38.141+0200] {processor.py:925} INFO - DAG(s) 'example_xcom_args_with_operators', 'example_xcom_args' retrieved from /home/rodrigo/Escritorio/BBDDAvanzadas/.venv/lib/python3.12/site-packages/airflow/example_dags/example_xcomargs.py
[2026-05-07T19:39:38.173+0200] {logging_mixin.py:190} INFO - [2026-05-07T19:39:38.173+0200] {dag.py:3239} INFO - Sync 2 DAGs
[2026-05-07T19:39:38.187+0200] {logging_mixin.py:190} INFO - [2026-05-07T19:39:38.187+0200] {dag.py:4180} INFO - Setting next_dagrun for example_xcom_args to None, run_after=None
[2026-05-07T19:39:38.189+0200] {logging_mixin.py:190} INFO - [2026-05-07T19:39:38.189+0200] {dag.py:4180} INFO - Setting next_dagrun for example_xcom_args_with_operators to None, run_after=None
[2026-05-07T19:39:38.227+0200] {processor.py:208} INFO - Processing /home/rodrigo/Escritorio/BBDDAvanzadas/.venv/lib/python3.12/site-packages/airflow/example_dags/example_xcomargs.py took 0.118 seconds
[2026-05-07T19:41:07.175+0200] {processor.py:186} INFO - Started process (PID=15172) to work on /home/rodrigo/Escritorio/BBDDAvanzadas/.venv/lib/python3.12/site-packages/airflow/example_dags/example_xcomargs.py
[2026-05-07T19:41:07.182+0200] {processor.py:914} INFO - Processing file /home/rodrigo/Escritorio/BBDDAvanzadas/.venv/lib/python3.12/site-packages/airflow/example_dags/example_xcomargs.py for tasks to queue
[2026-05-07T19:41:07.184+0200] {logging_mixin.py:190} INFO - [2026-05-07T19:41:07.184+0200] {dagbag.py:588} INFO - Filling up the DagBag from /home/rodrigo/Escritorio/BBDDAvanzadas/.venv/lib/python3.12/site-packages/airflow/example_dags/example_xcomargs.py
[2026-05-07T19:41:07.194+0200] {processor.py:925} INFO - DAG(s) 'example_xcom_args_with_operators', 'example_xcom_args' retrieved from /home/rodrigo/Escritorio/BBDDAvanzadas/.venv/lib/python3.12/site-packages/airflow/example_dags/example_xcomargs.py
[2026-05-07T19:41:07.216+0200] {logging_mixin.py:190} INFO - [2026-05-07T19:41:07.215+0200] {dag.py:3239} INFO - Sync 2 DAGs
[2026-05-07T19:41:07.233+0200] {logging_mixin.py:190} INFO - [2026-05-07T19:41:07.232+0200] {dag.py:4180} INFO - Setting next_dagrun for example_xcom_args to None, run_after=None
[2026-05-07T19:41:07.244+0200] {logging_mixin.py:190} INFO - [2026-05-07T19:41:07.244+0200] {dag.py:4180} INFO - Setting next_dagrun for example_xcom_args_with_operators to None, run_after=None
[2026-05-07T19:41:07.290+0200] {processor.py:208} INFO - Processing /home/rodrigo/Escritorio/BBDDAvanzadas/.venv/lib/python3.12/site-packages/airflow/example_dags/example_xcomargs.py took 0.118 seconds
[2026-05-07T19:41:54.211+0200] {processor.py:186} INFO - Started process (PID=15263) to work on /home/rodrigo/Escritorio/BBDDAvanzadas/.venv/lib/python3.12/site-packages/airflow/example_dags/example_xcomargs.py
[2026-05-07T19:41:54.215+0200] {processor.py:914} INFO - Processing file /home/rodrigo/Escritorio/BBDDAvanzadas/.venv/lib/python3.12/site-packages/airflow/example_dags/example_xcomargs.py for tasks to queue
[2026-05-07T19:41:54.218+0200] {logging_mixin.py:190} INFO - [2026-05-07T19:41:54.217+0200] {dagbag.py:588} INFO - Filling up the DagBag from /home/rodrigo/Escritorio/BBDDAvanzadas/.venv/lib/python3.12/site-packages/airflow/example_dags/example_xcomargs.py
[2026-05-07T19:41:54.231+0200] {processor.py:925} INFO - DAG(s) 'example_xcom_args_with_operators', 'example_xcom_args' retrieved from /home/rodrigo/Escritorio/BBDDAvanzadas/.venv/lib/python3.12/site-packages/airflow/example_dags/example_xcomargs.py
[2026-05-07T19:41:54.264+0200] {logging_mixin.py:190} INFO - [2026-05-07T19:41:54.264+0200] {dag.py:3239} INFO - Sync 2 DAGs
[2026-05-07T19:41:54.275+0200] {logging_mixin.py:190} INFO - [2026-05-07T19:41:54.275+0200] {dag.py:4180} INFO - Setting next_dagrun for example_xcom_args to None, run_after=None
[2026-05-07T19:41:54.277+0200] {logging_mixin.py:190} INFO - [2026-05-07T19:41:54.277+0200] {dag.py:4180} INFO - Setting next_dagrun for example_xcom_args_with_operators to None, run_after=None
[2026-05-07T19:41:54.342+0200] {processor.py:208} INFO - Processing /home/rodrigo/Escritorio/BBDDAvanzadas/.venv/lib/python3.12/site-packages/airflow/example_dags/example_xcomargs.py took 0.138 seconds
[2026-05-07T19:43:09.473+0200] {processor.py:186} INFO - Started process (PID=15532) to work on /home/rodrigo/Escritorio/BBDDAvanzadas/.venv/lib/python3.12/site-packages/airflow/example_dags/example_xcomargs.py
[2026-05-07T19:43:09.475+0200] {processor.py:914} INFO - Processing file /home/rodrigo/Escritorio/BBDDAvanzadas/.venv/lib/python3.12/site-packages/airflow/example_dags/example_xcomargs.py for tasks to queue
[2026-05-07T19:43:09.480+0200] {logging_mixin.py:190} INFO - [2026-05-07T19:43:09.478+0200] {dagbag.py:588} INFO - Filling up the DagBag from /home/rodrigo/Escritorio/BBDDAvanzadas/.venv/lib/python3.12/site-packages/airflow/example_dags/example_xcomargs.py
[2026-05-07T19:43:09.492+0200] {processor.py:925} INFO - DAG(s) 'example_xcom_args', 'example_xcom_args_with_operators' retrieved from /home/rodrigo/Escritorio/BBDDAvanzadas/.venv/lib/python3.12/site-packages/airflow/example_dags/example_xcomargs.py
[2026-05-07T19:43:09.505+0200] {logging_mixin.py:190} INFO - [2026-05-07T19:43:09.505+0200] {dag.py:3239} INFO - Sync 2 DAGs
[2026-05-07T19:43:09.514+0200] {logging_mixin.py:190} INFO - [2026-05-07T19:43:09.513+0200] {dag.py:4180} INFO - Setting next_dagrun for example_xcom_args to None, run_after=None
[2026-05-07T19:43:09.515+0200] {logging_mixin.py:190} INFO - [2026-05-07T19:43:09.515+0200] {dag.py:4180} INFO - Setting next_dagrun for example_xcom_args_with_operators to None, run_after=None
[2026-05-07T19:43:09.531+0200] {processor.py:208} INFO - Processing /home/rodrigo/Escritorio/BBDDAvanzadas/.venv/lib/python3.12/site-packages/airflow/example_dags/example_xcomargs.py took 0.070 seconds
[2026-05-07T19:44:28.155+0200] {processor.py:186} INFO - Started process (PID=15693) to work on /home/rodrigo/Escritorio/BBDDAvanzadas/.venv/lib/python3.12/site-packages/airflow/example_dags/example_xcomargs.py
[2026-05-07T19:44:28.157+0200] {processor.py:914} INFO - Processing file /home/rodrigo/Escritorio/BBDDAvanzadas/.venv/lib/python3.12/site-packages/airflow/example_dags/example_xcomargs.py for tasks to queue
[2026-05-07T19:44:28.160+0200] {logging_mixin.py:190} INFO - [2026-05-07T19:44:28.160+0200] {dagbag.py:588} INFO - Filling up the DagBag from /home/rodrigo/Escritorio/BBDDAvanzadas/.venv/lib/python3.12/site-packages/airflow/example_dags/example_xcomargs.py
[2026-05-07T19:44:28.168+0200] {processor.py:925} INFO - DAG(s) 'example_xcom_args', 'example_xcom_args_with_operators' retrieved from /home/rodrigo/Escritorio/BBDDAvanzadas/.venv/lib/python3.12/site-packages/airflow/example_dags/example_xcomargs.py
[2026-05-07T19:44:28.180+0200] {logging_mixin.py:190} INFO - [2026-05-07T19:44:28.180+0200] {dag.py:3239} INFO - Sync 2 DAGs
[2026-05-07T19:44:28.189+0200] {logging_mixin.py:190} INFO - [2026-05-07T19:44:28.189+0200] {dag.py:4180} INFO - Setting next_dagrun for example_xcom_args to None, run_after=None
[2026-05-07T19:44:28.191+0200] {logging_mixin.py:190} INFO - [2026-05-07T19:44:28.191+0200] {dag.py:4180} INFO - Setting next_dagrun for example_xcom_args_with_operators to None, run_after=None
[2026-05-07T19:44:28.214+0200] {processor.py:208} INFO - Processing /home/rodrigo/Escritorio/BBDDAvanzadas/.venv/lib/python3.12/site-packages/airflow/example_dags/example_xcomargs.py took 0.062 seconds
[2026-05-07T19:45:21.074+0200] {processor.py:186} INFO - Started process (PID=15879) to work on /home/rodrigo/Escritorio/BBDDAvanzadas/.venv/lib/python3.12/site-packages/airflow/example_dags/example_xcomargs.py
[2026-05-07T19:45:21.076+0200] {processor.py:914} INFO - Processing file /home/rodrigo/Escritorio/BBDDAvanzadas/.venv/lib/python3.12/site-packages/airflow/example_dags/example_xcomargs.py for tasks to queue
[2026-05-07T19:45:21.078+0200] {logging_mixin.py:190} INFO - [2026-05-07T19:45:21.078+0200] {dagbag.py:588} INFO - Filling up the DagBag from /home/rodrigo/Escritorio/BBDDAvanzadas/.venv/lib/python3.12/site-packages/airflow/example_dags/example_xcomargs.py
[2026-05-07T19:45:21.089+0200] {processor.py:925} INFO - DAG(s) 'example_xcom_args', 'example_xcom_args_with_operators' retrieved from /home/rodrigo/Escritorio/BBDDAvanzadas/.venv/lib/python3.12/site-packages/airflow/example_dags/example_xcomargs.py
[2026-05-07T19:45:21.108+0200] {logging_mixin.py:190} INFO - [2026-05-07T19:45:21.108+0200] {dag.py:3239} INFO - Sync 2 DAGs
[2026-05-07T19:45:21.118+0200] {logging_mixin.py:190} INFO - [2026-05-07T19:45:21.118+0200] {dag.py:4180} INFO - Setting next_dagrun for example_xcom_args to None, run_after=None
[2026-05-07T19:45:21.120+0200] {logging_mixin.py:190} INFO - [2026-05-07T19:45:21.120+0200] {dag.py:4180} INFO - Setting next_dagrun for example_xcom_args_with_operators to None, run_after=None
[2026-05-07T19:45:21.135+0200] {processor.py:208} INFO - Processing /home/rodrigo/Escritorio/BBDDAvanzadas/.venv/lib/python3.12/site-packages/airflow/example_dags/example_xcomargs.py took 0.066 seconds
[2026-05-07T19:46:10.912+0200] {processor.py:186} INFO - Started process (PID=15922) to work on /home/rodrigo/Escritorio/BBDDAvanzadas/.venv/lib/python3.12/site-packages/airflow/example_dags/example_xcomargs.py
[2026-05-07T19:46:10.913+0200] {processor.py:914} INFO - Processing file /home/rodrigo/Escritorio/BBDDAvanzadas/.venv/lib/python3.12/site-packages/airflow/example_dags/example_xcomargs.py for tasks to queue
[2026-05-07T19:46:10.915+0200] {logging_mixin.py:190} INFO - [2026-05-07T19:46:10.915+0200] {dagbag.py:588} INFO - Filling up the DagBag from /home/rodrigo/Escritorio/BBDDAvanzadas/.venv/lib/python3.12/site-packages/airflow/example_dags/example_xcomargs.py
[2026-05-07T19:46:10.923+0200] {processor.py:925} INFO - DAG(s) 'example_xcom_args_with_operators', 'example_xcom_args' retrieved from /home/rodrigo/Escritorio/BBDDAvanzadas/.venv/lib/python3.12/site-packages/airflow/example_dags/example_xcomargs.py
[2026-05-07T19:46:10.936+0200] {logging_mixin.py:190} INFO - [2026-05-07T19:46:10.936+0200] {dag.py:3239} INFO - Sync 2 DAGs
[2026-05-07T19:46:10.944+0200] {logging_mixin.py:190} INFO - [2026-05-07T19:46:10.944+0200] {dag.py:4180} INFO - Setting next_dagrun for example_xcom_args to None, run_after=None
[2026-05-07T19:46:10.946+0200] {logging_mixin.py:190} INFO - [2026-05-07T19:46:10.946+0200] {dag.py:4180} INFO - Setting next_dagrun for example_xcom_args_with_operators to None, run_after=None
[2026-05-07T19:46:10.962+0200] {processor.py:208} INFO - Processing /home/rodrigo/Escritorio/BBDDAvanzadas/.venv/lib/python3.12/site-packages/airflow/example_dags/example_xcomargs.py took 0.054 seconds
[2026-05-07T19:46:58.719+0200] {processor.py:186} INFO - Started process (PID=16015) to work on /home/rodrigo/Escritorio/BBDDAvanzadas/.venv/lib/python3.12/site-packages/airflow/example_dags/example_xcomargs.py
[2026-05-07T19:46:58.721+0200] {processor.py:914} INFO - Processing file /home/rodrigo/Escritorio/BBDDAvanzadas/.venv/lib/python3.12/site-packages/airflow/example_dags/example_xcomargs.py for tasks to queue
[2026-05-07T19:46:58.722+0200] {logging_mixin.py:190} INFO - [2026-05-07T19:46:58.722+0200] {dagbag.py:588} INFO - Filling up the DagBag from /home/rodrigo/Escritorio/BBDDAvanzadas/.venv/lib/python3.12/site-packages/airflow/example_dags/example_xcomargs.py
[2026-05-07T19:46:58.730+0200] {processor.py:925} INFO - DAG(s) 'example_xcom_args_with_operators', 'example_xcom_args' retrieved from /home/rodrigo/Escritorio/BBDDAvanzadas/.venv/lib/python3.12/site-packages/airflow/example_dags/example_xcomargs.py
[2026-05-07T19:46:58.743+0200] {logging_mixin.py:190} INFO - [2026-05-07T19:46:58.743+0200] {dag.py:3239} INFO - Sync 2 DAGs
[2026-05-07T19:46:58.751+0200] {logging_mixin.py:190} INFO - [2026-05-07T19:46:58.751+0200] {dag.py:4180} INFO - Setting next_dagrun for example_xcom_args to None, run_after=None
[2026-05-07T19:46:58.753+0200] {logging_mixin.py:190} INFO - [2026-05-07T19:46:58.753+0200] {dag.py:4180} INFO - Setting next_dagrun for example_xcom_args_with_operators to None, run_after=None
[2026-05-07T19:46:58.768+0200] {processor.py:208} INFO - Processing /home/rodrigo/Escritorio/BBDDAvanzadas/.venv/lib/python3.12/site-packages/airflow/example_dags/example_xcomargs.py took 0.055 seconds
[2026-05-07T19:48:02.863+0200] {processor.py:186} INFO - Started process (PID=16156) to work on /home/rodrigo/Escritorio/BBDDAvanzadas/.venv/lib/python3.12/site-packages/airflow/example_dags/example_xcomargs.py
[2026-05-07T19:48:02.865+0200] {processor.py:914} INFO - Processing file /home/rodrigo/Escritorio/BBDDAvanzadas/.venv/lib/python3.12/site-packages/airflow/example_dags/example_xcomargs.py for tasks to queue
[2026-05-07T19:48:02.867+0200] {logging_mixin.py:190} INFO - [2026-05-07T19:48:02.867+0200] {dagbag.py:588} INFO - Filling up the DagBag from /home/rodrigo/Escritorio/BBDDAvanzadas/.venv/lib/python3.12/site-packages/airflow/example_dags/example_xcomargs.py
[2026-05-07T19:48:02.877+0200] {processor.py:925} INFO - DAG(s) 'example_xcom_args_with_operators', 'example_xcom_args' retrieved from /home/rodrigo/Escritorio/BBDDAvanzadas/.venv/lib/python3.12/site-packages/airflow/example_dags/example_xcomargs.py
[2026-05-07T19:48:02.891+0200] {logging_mixin.py:190} INFO - [2026-05-07T19:48:02.891+0200] {dag.py:3239} INFO - Sync 2 DAGs
[2026-05-07T19:48:02.901+0200] {logging_mixin.py:190} INFO - [2026-05-07T19:48:02.900+0200] {dag.py:4180} INFO - Setting next_dagrun for example_xcom_args to None, run_after=None
[2026-05-07T19:48:02.903+0200] {logging_mixin.py:190} INFO - [2026-05-07T19:48:02.903+0200] {dag.py:4180} INFO - Setting next_dagrun for example_xcom_args_with_operators to None, run_after=None
[2026-05-07T19:48:02.925+0200] {processor.py:208} INFO - Processing /home/rodrigo/Escritorio/BBDDAvanzadas/.venv/lib/python3.12/site-packages/airflow/example_dags/example_xcomargs.py took 0.068 seconds
[2026-05-07T19:48:55.264+0200] {processor.py:186} INFO - Started process (PID=16227) to work on /home/rodrigo/Escritorio/BBDDAvanzadas/.venv/lib/python3.12/site-packages/airflow/example_dags/example_xcomargs.py
[2026-05-07T19:48:55.266+0200] {processor.py:914} INFO - Processing file /home/rodrigo/Escritorio/BBDDAvanzadas/.venv/lib/python3.12/site-packages/airflow/example_dags/example_xcomargs.py for tasks to queue
[2026-05-07T19:48:55.268+0200] {logging_mixin.py:190} INFO - [2026-05-07T19:48:55.267+0200] {dagbag.py:588} INFO - Filling up the DagBag from /home/rodrigo/Escritorio/BBDDAvanzadas/.venv/lib/python3.12/site-packages/airflow/example_dags/example_xcomargs.py
[2026-05-07T19:48:55.276+0200] {processor.py:925} INFO - DAG(s) 'example_xcom_args_with_operators', 'example_xcom_args' retrieved from /home/rodrigo/Escritorio/BBDDAvanzadas/.venv/lib/python3.12/site-packages/airflow/example_dags/example_xcomargs.py
[2026-05-07T19:48:55.287+0200] {logging_mixin.py:190} INFO - [2026-05-07T19:48:55.287+0200] {dag.py:3239} INFO - Sync 2 DAGs
[2026-05-07T19:48:55.296+0200] {logging_mixin.py:190} INFO - [2026-05-07T19:48:55.296+0200] {dag.py:4180} INFO - Setting next_dagrun for example_xcom_args to None, run_after=None
[2026-05-07T19:48:55.298+0200] {logging_mixin.py:190} INFO - [2026-05-07T19:48:55.298+0200] {dag.py:4180} INFO - Setting next_dagrun for example_xcom_args_with_operators to None, run_after=None
[2026-05-07T19:48:55.312+0200] {processor.py:208} INFO - Processing /home/rodrigo/Escritorio/BBDDAvanzadas/.venv/lib/python3.12/site-packages/airflow/example_dags/example_xcomargs.py took 0.053 seconds
[2026-05-07T19:49:47.407+0200] {processor.py:186} INFO - Started process (PID=16291) to work on /home/rodrigo/Escritorio/BBDDAvanzadas/.venv/lib/python3.12/site-packages/airflow/example_dags/example_xcomargs.py
[2026-05-07T19:49:47.408+0200] {processor.py:914} INFO - Processing file /home/rodrigo/Escritorio/BBDDAvanzadas/.venv/lib/python3.12/site-packages/airflow/example_dags/example_xcomargs.py for tasks to queue
[2026-05-07T19:49:47.409+0200] {logging_mixin.py:190} INFO - [2026-05-07T19:49:47.409+0200] {dagbag.py:588} INFO - Filling up the DagBag from /home/rodrigo/Escritorio/BBDDAvanzadas/.venv/lib/python3.12/site-packages/airflow/example_dags/example_xcomargs.py
[2026-05-07T19:49:47.418+0200] {processor.py:925} INFO - DAG(s) 'example_xcom_args', 'example_xcom_args_with_operators' retrieved from /home/rodrigo/Escritorio/BBDDAvanzadas/.venv/lib/python3.12/site-packages/airflow/example_dags/example_xcomargs.py
[2026-05-07T19:49:47.430+0200] {logging_mixin.py:190} INFO - [2026-05-07T19:49:47.430+0200] {dag.py:3239} INFO - Sync 2 DAGs
[2026-05-07T19:49:47.438+0200] {logging_mixin.py:190} INFO - [2026-05-07T19:49:47.438+0200] {dag.py:4180} INFO - Setting next_dagrun for example_xcom_args to None, run_after=None
[2026-05-07T19:49:47.440+0200] {logging_mixin.py:190} INFO - [2026-05-07T19:49:47.440+0200] {dag.py:4180} INFO - Setting next_dagrun for example_xcom_args_with_operators to None, run_after=None
[2026-05-07T19:49:47.455+0200] {processor.py:208} INFO - Processing /home/rodrigo/Escritorio/BBDDAvanzadas/.venv/lib/python3.12/site-packages/airflow/example_dags/example_xcomargs.py took 0.052 seconds
[2026-05-07T19:51:26.927+0200] {processor.py:186} INFO - Started process (PID=16389) to work on /home/rodrigo/Escritorio/BBDDAvanzadas/.venv/lib/python3.12/site-packages/airflow/example_dags/example_xcomargs.py
[2026-05-07T19:51:26.929+0200] {processor.py:914} INFO - Processing file /home/rodrigo/Escritorio/BBDDAvanzadas/.venv/lib/python3.12/site-packages/airflow/example_dags/example_xcomargs.py for tasks to queue
[2026-05-07T19:51:26.930+0200] {logging_mixin.py:190} INFO - [2026-05-07T19:51:26.930+0200] {dagbag.py:588} INFO - Filling up the DagBag from /home/rodrigo/Escritorio/BBDDAvanzadas/.venv/lib/python3.12/site-packages/airflow/example_dags/example_xcomargs.py
[2026-05-07T19:51:26.938+0200] {processor.py:925} INFO - DAG(s) 'example_xcom_args', 'example_xcom_args_with_operators' retrieved from /home/rodrigo/Escritorio/BBDDAvanzadas/.venv/lib/python3.12/site-packages/airflow/example_dags/example_xcomargs.py
[2026-05-07T19:51:26.950+0200] {logging_mixin.py:190} INFO - [2026-05-07T19:51:26.950+0200] {dag.py:3239} INFO - Sync 2 DAGs
[2026-05-07T19:51:26.958+0200] {logging_mixin.py:190} INFO - [2026-05-07T19:51:26.957+0200] {dag.py:4180} INFO - Setting next_dagrun for example_xcom_args to None, run_after=None
[2026-05-07T19:51:26.959+0200] {logging_mixin.py:190} INFO - [2026-05-07T19:51:26.959+0200] {dag.py:4180} INFO - Setting next_dagrun for example_xcom_args_with_operators to None, run_after=None
[2026-05-07T19:51:26.981+0200] {processor.py:208} INFO - Processing /home/rodrigo/Escritorio/BBDDAvanzadas/.venv/lib/python3.12/site-packages/airflow/example_dags/example_xcomargs.py took 0.059 seconds
[2026-05-07T19:52:37.202+0200] {processor.py:186} INFO - Started process (PID=16634) to work on /home/rodrigo/Escritorio/BBDDAvanzadas/.venv/lib/python3.12/site-packages/airflow/example_dags/example_xcomargs.py
[2026-05-07T19:52:37.204+0200] {processor.py:914} INFO - Processing file /home/rodrigo/Escritorio/BBDDAvanzadas/.venv/lib/python3.12/site-packages/airflow/example_dags/example_xcomargs.py for tasks to queue
[2026-05-07T19:52:37.207+0200] {logging_mixin.py:190} INFO - [2026-05-07T19:52:37.207+0200] {dagbag.py:588} INFO - Filling up the DagBag from /home/rodrigo/Escritorio/BBDDAvanzadas/.venv/lib/python3.12/site-packages/airflow/example_dags/example_xcomargs.py
[2026-05-07T19:52:37.219+0200] {processor.py:925} INFO - DAG(s) 'example_xcom_args', 'example_xcom_args_with_operators' retrieved from /home/rodrigo/Escritorio/BBDDAvanzadas/.venv/lib/python3.12/site-packages/airflow/example_dags/example_xcomargs.py
[2026-05-07T19:52:37.239+0200] {logging_mixin.py:190} INFO - [2026-05-07T19:52:37.239+0200] {dag.py:3239} INFO - Sync 2 DAGs
[2026-05-07T19:52:37.253+0200] {logging_mixin.py:190} INFO - [2026-05-07T19:52:37.253+0200] {dag.py:4180} INFO - Setting next_dagrun for example_xcom_args to None, run_after=None
[2026-05-07T19:52:37.256+0200] {logging_mixin.py:190} INFO - [2026-05-07T19:52:37.256+0200] {dag.py:4180} INFO - Setting next_dagrun for example_xcom_args_with_operators to None, run_after=None
[2026-05-07T19:52:37.329+0200] {processor.py:208} INFO - Processing /home/rodrigo/Escritorio/BBDDAvanzadas/.venv/lib/python3.12/site-packages/airflow/example_dags/example_xcomargs.py took 0.133 seconds
[2026-05-07T19:53:48.993+0200] {processor.py:186} INFO - Started process (PID=16791) to work on /home/rodrigo/Escritorio/BBDDAvanzadas/.venv/lib/python3.12/site-packages/airflow/example_dags/example_xcomargs.py
[2026-05-07T19:53:48.996+0200] {processor.py:914} INFO - Processing file /home/rodrigo/Escritorio/BBDDAvanzadas/.venv/lib/python3.12/site-packages/airflow/example_dags/example_xcomargs.py for tasks to queue
[2026-05-07T19:53:49.000+0200] {logging_mixin.py:190} INFO - [2026-05-07T19:53:49.000+0200] {dagbag.py:588} INFO - Filling up the DagBag from /home/rodrigo/Escritorio/BBDDAvanzadas/.venv/lib/python3.12/site-packages/airflow/example_dags/example_xcomargs.py
[2026-05-07T19:53:49.009+0200] {processor.py:925} INFO - DAG(s) 'example_xcom_args_with_operators', 'example_xcom_args' retrieved from /home/rodrigo/Escritorio/BBDDAvanzadas/.venv/lib/python3.12/site-packages/airflow/example_dags/example_xcomargs.py
[2026-05-07T19:53:49.032+0200] {logging_mixin.py:190} INFO - [2026-05-07T19:53:49.031+0200] {dag.py:3239} INFO - Sync 2 DAGs
[2026-05-07T19:53:49.043+0200] {logging_mixin.py:190} INFO - [2026-05-07T19:53:49.042+0200] {dag.py:4180} INFO - Setting next_dagrun for example_xcom_args to None, run_after=None
[2026-05-07T19:53:49.045+0200] {logging_mixin.py:190} INFO - [2026-05-07T19:53:49.044+0200] {dag.py:4180} INFO - Setting next_dagrun for example_xcom_args_with_operators to None, run_after=None
[2026-05-07T19:53:49.098+0200] {processor.py:208} INFO - Processing /home/rodrigo/Escritorio/BBDDAvanzadas/.venv/lib/python3.12/site-packages/airflow/example_dags/example_xcomargs.py took 0.126 seconds
[2026-05-07T19:54:59.945+0200] {processor.py:186} INFO - Started process (PID=16932) to work on /home/rodrigo/Escritorio/BBDDAvanzadas/.venv/lib/python3.12/site-packages/airflow/example_dags/example_xcomargs.py
[2026-05-07T19:54:59.946+0200] {processor.py:914} INFO - Processing file /home/rodrigo/Escritorio/BBDDAvanzadas/.venv/lib/python3.12/site-packages/airflow/example_dags/example_xcomargs.py for tasks to queue
[2026-05-07T19:54:59.947+0200] {logging_mixin.py:190} INFO - [2026-05-07T19:54:59.947+0200] {dagbag.py:588} INFO - Filling up the DagBag from /home/rodrigo/Escritorio/BBDDAvanzadas/.venv/lib/python3.12/site-packages/airflow/example_dags/example_xcomargs.py
[2026-05-07T19:54:59.954+0200] {processor.py:925} INFO - DAG(s) 'example_xcom_args_with_operators', 'example_xcom_args' retrieved from /home/rodrigo/Escritorio/BBDDAvanzadas/.venv/lib/python3.12/site-packages/airflow/example_dags/example_xcomargs.py
[2026-05-07T19:54:59.965+0200] {logging_mixin.py:190} INFO - [2026-05-07T19:54:59.965+0200] {dag.py:3239} INFO - Sync 2 DAGs
[2026-05-07T19:54:59.973+0200] {logging_mixin.py:190} INFO - [2026-05-07T19:54:59.973+0200] {dag.py:4180} INFO - Setting next_dagrun for example_xcom_args to None, run_after=None
[2026-05-07T19:54:59.974+0200] {logging_mixin.py:190} INFO - [2026-05-07T19:54:59.974+0200] {dag.py:4180} INFO - Setting next_dagrun for example_xcom_args_with_operators to None, run_after=None
[2026-05-07T19:54:59.988+0200] {processor.py:208} INFO - Processing /home/rodrigo/Escritorio/BBDDAvanzadas/.venv/lib/python3.12/site-packages/airflow/example_dags/example_xcomargs.py took 0.047 seconds
[2026-05-07T19:55:49.565+0200] {processor.py:186} INFO - Started process (PID=16991) to work on /home/rodrigo/Escritorio/BBDDAvanzadas/.venv/lib/python3.12/site-packages/airflow/example_dags/example_xcomargs.py
[2026-05-07T19:55:49.566+0200] {processor.py:914} INFO - Processing file /home/rodrigo/Escritorio/BBDDAvanzadas/.venv/lib/python3.12/site-packages/airflow/example_dags/example_xcomargs.py for tasks to queue
[2026-05-07T19:55:49.568+0200] {logging_mixin.py:190} INFO - [2026-05-07T19:55:49.567+0200] {dagbag.py:588} INFO - Filling up the DagBag from /home/rodrigo/Escritorio/BBDDAvanzadas/.venv/lib/python3.12/site-packages/airflow/example_dags/example_xcomargs.py
[2026-05-07T19:55:49.575+0200] {processor.py:925} INFO - DAG(s) 'example_xcom_args_with_operators', 'example_xcom_args' retrieved from /home/rodrigo/Escritorio/BBDDAvanzadas/.venv/lib/python3.12/site-packages/airflow/example_dags/example_xcomargs.py
[2026-05-07T19:55:49.587+0200] {logging_mixin.py:190} INFO - [2026-05-07T19:55:49.587+0200] {dag.py:3239} INFO - Sync 2 DAGs
[2026-05-07T19:55:49.595+0200] {logging_mixin.py:190} INFO - [2026-05-07T19:55:49.595+0200] {dag.py:4180} INFO - Setting next_dagrun for example_xcom_args to None, run_after=None
[2026-05-07T19:55:49.596+0200] {logging_mixin.py:190} INFO - [2026-05-07T19:55:49.596+0200] {dag.py:4180} INFO - Setting next_dagrun for example_xcom_args_with_operators to None, run_after=None
[2026-05-07T19:55:49.617+0200] {processor.py:208} INFO - Processing /home/rodrigo/Escritorio/BBDDAvanzadas/.venv/lib/python3.12/site-packages/airflow/example_dags/example_xcomargs.py took 0.056 seconds
[2026-05-07T19:56:51.813+0200] {processor.py:186} INFO - Started process (PID=17038) to work on /home/rodrigo/Escritorio/BBDDAvanzadas/.venv/lib/python3.12/site-packages/airflow/example_dags/example_xcomargs.py
[2026-05-07T19:56:51.814+0200] {processor.py:914} INFO - Processing file /home/rodrigo/Escritorio/BBDDAvanzadas/.venv/lib/python3.12/site-packages/airflow/example_dags/example_xcomargs.py for tasks to queue
[2026-05-07T19:56:51.815+0200] {logging_mixin.py:190} INFO - [2026-05-07T19:56:51.815+0200] {dagbag.py:588} INFO - Filling up the DagBag from /home/rodrigo/Escritorio/BBDDAvanzadas/.venv/lib/python3.12/site-packages/airflow/example_dags/example_xcomargs.py
[2026-05-07T19:56:51.822+0200] {processor.py:925} INFO - DAG(s) 'example_xcom_args', 'example_xcom_args_with_operators' retrieved from /home/rodrigo/Escritorio/BBDDAvanzadas/.venv/lib/python3.12/site-packages/airflow/example_dags/example_xcomargs.py
[2026-05-07T19:56:51.833+0200] {logging_mixin.py:190} INFO - [2026-05-07T19:56:51.833+0200] {dag.py:3239} INFO - Sync 2 DAGs
[2026-05-07T19:56:51.841+0200] {logging_mixin.py:190} INFO - [2026-05-07T19:56:51.841+0200] {dag.py:4180} INFO - Setting next_dagrun for example_xcom_args to None, run_after=None
[2026-05-07T19:56:51.843+0200] {logging_mixin.py:190} INFO - [2026-05-07T19:56:51.843+0200] {dag.py:4180} INFO - Setting next_dagrun for example_xcom_args_with_operators to None, run_after=None
[2026-05-07T19:56:51.857+0200] {processor.py:208} INFO - Processing /home/rodrigo/Escritorio/BBDDAvanzadas/.venv/lib/python3.12/site-packages/airflow/example_dags/example_xcomargs.py took 0.048 seconds
[2026-05-07T19:57:52.722+0200] {processor.py:186} INFO - Started process (PID=17084) to work on /home/rodrigo/Escritorio/BBDDAvanzadas/.venv/lib/python3.12/site-packages/airflow/example_dags/example_xcomargs.py
[2026-05-07T19:57:52.723+0200] {processor.py:914} INFO - Processing file /home/rodrigo/Escritorio/BBDDAvanzadas/.venv/lib/python3.12/site-packages/airflow/example_dags/example_xcomargs.py for tasks to queue
[2026-05-07T19:57:52.725+0200] {logging_mixin.py:190} INFO - [2026-05-07T19:57:52.724+0200] {dagbag.py:588} INFO - Filling up the DagBag from /home/rodrigo/Escritorio/BBDDAvanzadas/.venv/lib/python3.12/site-packages/airflow/example_dags/example_xcomargs.py
[2026-05-07T19:57:52.735+0200] {processor.py:925} INFO - DAG(s) 'example_xcom_args_with_operators', 'example_xcom_args' retrieved from /home/rodrigo/Escritorio/BBDDAvanzadas/.venv/lib/python3.12/site-packages/airflow/example_dags/example_xcomargs.py
[2026-05-07T19:57:52.749+0200] {logging_mixin.py:190} INFO - [2026-05-07T19:57:52.749+0200] {dag.py:3239} INFO - Sync 2 DAGs
[2026-05-07T19:57:52.758+0200] {logging_mixin.py:190} INFO - [2026-05-07T19:57:52.758+0200] {dag.py:4180} INFO - Setting next_dagrun for example_xcom_args to None, run_after=None
[2026-05-07T19:57:52.760+0200] {logging_mixin.py:190} INFO - [2026-05-07T19:57:52.760+0200] {dag.py:4180} INFO - Setting next_dagrun for example_xcom_args_with_operators to None, run_after=None
[2026-05-07T19:57:52.775+0200] {processor.py:208} INFO - Processing /home/rodrigo/Escritorio/BBDDAvanzadas/.venv/lib/python3.12/site-packages/airflow/example_dags/example_xcomargs.py took 0.058 seconds
[2026-05-07T19:58:57.908+0200] {processor.py:186} INFO - Started process (PID=17138) to work on /home/rodrigo/Escritorio/BBDDAvanzadas/.venv/lib/python3.12/site-packages/airflow/example_dags/example_xcomargs.py
[2026-05-07T19:58:57.909+0200] {processor.py:914} INFO - Processing file /home/rodrigo/Escritorio/BBDDAvanzadas/.venv/lib/python3.12/site-packages/airflow/example_dags/example_xcomargs.py for tasks to queue
[2026-05-07T19:58:57.911+0200] {logging_mixin.py:190} INFO - [2026-05-07T19:58:57.910+0200] {dagbag.py:588} INFO - Filling up the DagBag from /home/rodrigo/Escritorio/BBDDAvanzadas/.venv/lib/python3.12/site-packages/airflow/example_dags/example_xcomargs.py
[2026-05-07T19:58:57.918+0200] {processor.py:925} INFO - DAG(s) 'example_xcom_args_with_operators', 'example_xcom_args' retrieved from /home/rodrigo/Escritorio/BBDDAvanzadas/.venv/lib/python3.12/site-packages/airflow/example_dags/example_xcomargs.py
[2026-05-07T19:58:57.930+0200] {logging_mixin.py:190} INFO - [2026-05-07T19:58:57.930+0200] {dag.py:3239} INFO - Sync 2 DAGs
[2026-05-07T19:58:57.938+0200] {logging_mixin.py:190} INFO - [2026-05-07T19:58:57.938+0200] {dag.py:4180} INFO - Setting next_dagrun for example_xcom_args to None, run_after=None
[2026-05-07T19:58:57.940+0200] {logging_mixin.py:190} INFO - [2026-05-07T19:58:57.940+0200] {dag.py:4180} INFO - Setting next_dagrun for example_xcom_args_with_operators to None, run_after=None
[2026-05-07T19:58:57.954+0200] {processor.py:208} INFO - Processing /home/rodrigo/Escritorio/BBDDAvanzadas/.venv/lib/python3.12/site-packages/airflow/example_dags/example_xcomargs.py took 0.050 seconds
[2026-05-07T19:59:53.566+0200] {processor.py:186} INFO - Started process (PID=17187) to work on /home/rodrigo/Escritorio/BBDDAvanzadas/.venv/lib/python3.12/site-packages/airflow/example_dags/example_xcomargs.py
[2026-05-07T19:59:53.567+0200] {processor.py:914} INFO - Processing file /home/rodrigo/Escritorio/BBDDAvanzadas/.venv/lib/python3.12/site-packages/airflow/example_dags/example_xcomargs.py for tasks to queue
[2026-05-07T19:59:53.568+0200] {logging_mixin.py:190} INFO - [2026-05-07T19:59:53.568+0200] {dagbag.py:588} INFO - Filling up the DagBag from /home/rodrigo/Escritorio/BBDDAvanzadas/.venv/lib/python3.12/site-packages/airflow/example_dags/example_xcomargs.py
[2026-05-07T19:59:53.576+0200] {processor.py:925} INFO - DAG(s) 'example_xcom_args_with_operators', 'example_xcom_args' retrieved from /home/rodrigo/Escritorio/BBDDAvanzadas/.venv/lib/python3.12/site-packages/airflow/example_dags/example_xcomargs.py
[2026-05-07T19:59:53.589+0200] {logging_mixin.py:190} INFO - [2026-05-07T19:59:53.588+0200] {dag.py:3239} INFO - Sync 2 DAGs
[2026-05-07T19:59:53.597+0200] {logging_mixin.py:190} INFO - [2026-05-07T19:59:53.597+0200] {dag.py:4180} INFO - Setting next_dagrun for example_xcom_args to None, run_after=None
[2026-05-07T19:59:53.599+0200] {logging_mixin.py:190} INFO - [2026-05-07T19:59:53.599+0200] {dag.py:4180} INFO - Setting next_dagrun for example_xcom_args_with_operators to None, run_after=None
[2026-05-07T19:59:53.646+0200] {processor.py:208} INFO - Processing /home/rodrigo/Escritorio/BBDDAvanzadas/.venv/lib/python3.12/site-packages/airflow/example_dags/example_xcomargs.py took 0.084 seconds
[2026-05-07T20:00:49.409+0200] {processor.py:186} INFO - Started process (PID=17347) to work on /home/rodrigo/Escritorio/BBDDAvanzadas/.venv/lib/python3.12/site-packages/airflow/example_dags/example_xcomargs.py
[2026-05-07T20:00:49.410+0200] {processor.py:914} INFO - Processing file /home/rodrigo/Escritorio/BBDDAvanzadas/.venv/lib/python3.12/site-packages/airflow/example_dags/example_xcomargs.py for tasks to queue
[2026-05-07T20:00:49.412+0200] {logging_mixin.py:190} INFO - [2026-05-07T20:00:49.412+0200] {dagbag.py:588} INFO - Filling up the DagBag from /home/rodrigo/Escritorio/BBDDAvanzadas/.venv/lib/python3.12/site-packages/airflow/example_dags/example_xcomargs.py
[2026-05-07T20:00:49.420+0200] {processor.py:925} INFO - DAG(s) 'example_xcom_args_with_operators', 'example_xcom_args' retrieved from /home/rodrigo/Escritorio/BBDDAvanzadas/.venv/lib/python3.12/site-packages/airflow/example_dags/example_xcomargs.py
[2026-05-07T20:00:49.433+0200] {logging_mixin.py:190} INFO - [2026-05-07T20:00:49.433+0200] {dag.py:3239} INFO - Sync 2 DAGs
[2026-05-07T20:00:49.441+0200] {logging_mixin.py:190} INFO - [2026-05-07T20:00:49.441+0200] {dag.py:4180} INFO - Setting next_dagrun for example_xcom_args to None, run_after=None
[2026-05-07T20:00:49.443+0200] {logging_mixin.py:190} INFO - [2026-05-07T20:00:49.443+0200] {dag.py:4180} INFO - Setting next_dagrun for example_xcom_args_with_operators to None, run_after=None
[2026-05-07T20:00:49.457+0200] {processor.py:208} INFO - Processing /home/rodrigo/Escritorio/BBDDAvanzadas/.venv/lib/python3.12/site-packages/airflow/example_dags/example_xcomargs.py took 0.052 seconds
[2026-05-07T20:01:54.525+0200] {processor.py:186} INFO - Started process (PID=17519) to work on /home/rodrigo/Escritorio/BBDDAvanzadas/.venv/lib/python3.12/site-packages/airflow/example_dags/example_xcomargs.py
[2026-05-07T20:01:54.527+0200] {processor.py:914} INFO - Processing file /home/rodrigo/Escritorio/BBDDAvanzadas/.venv/lib/python3.12/site-packages/airflow/example_dags/example_xcomargs.py for tasks to queue
[2026-05-07T20:01:54.528+0200] {logging_mixin.py:190} INFO - [2026-05-07T20:01:54.528+0200] {dagbag.py:588} INFO - Filling up the DagBag from /home/rodrigo/Escritorio/BBDDAvanzadas/.venv/lib/python3.12/site-packages/airflow/example_dags/example_xcomargs.py
[2026-05-07T20:01:54.536+0200] {processor.py:925} INFO - DAG(s) 'example_xcom_args_with_operators', 'example_xcom_args' retrieved from /home/rodrigo/Escritorio/BBDDAvanzadas/.venv/lib/python3.12/site-packages/airflow/example_dags/example_xcomargs.py
[2026-05-07T20:01:54.550+0200] {logging_mixin.py:190} INFO - [2026-05-07T20:01:54.550+0200] {dag.py:3239} INFO - Sync 2 DAGs
[2026-05-07T20:01:54.558+0200] {logging_mixin.py:190} INFO - [2026-05-07T20:01:54.558+0200] {dag.py:4180} INFO - Setting next_dagrun for example_xcom_args to None, run_after=None
[2026-05-07T20:01:54.560+0200] {logging_mixin.py:190} INFO - [2026-05-07T20:01:54.560+0200] {dag.py:4180} INFO - Setting next_dagrun for example_xcom_args_with_operators to None, run_after=None
[2026-05-07T20:01:54.575+0200] {processor.py:208} INFO - Processing /home/rodrigo/Escritorio/BBDDAvanzadas/.venv/lib/python3.12/site-packages/airflow/example_dags/example_xcomargs.py took 0.055 seconds
[2026-05-07T20:02:53.757+0200] {processor.py:186} INFO - Started process (PID=17671) to work on /home/rodrigo/Escritorio/BBDDAvanzadas/.venv/lib/python3.12/site-packages/airflow/example_dags/example_xcomargs.py
[2026-05-07T20:02:53.759+0200] {processor.py:914} INFO - Processing file /home/rodrigo/Escritorio/BBDDAvanzadas/.venv/lib/python3.12/site-packages/airflow/example_dags/example_xcomargs.py for tasks to queue
[2026-05-07T20:02:53.760+0200] {logging_mixin.py:190} INFO - [2026-05-07T20:02:53.760+0200] {dagbag.py:588} INFO - Filling up the DagBag from /home/rodrigo/Escritorio/BBDDAvanzadas/.venv/lib/python3.12/site-packages/airflow/example_dags/example_xcomargs.py
[2026-05-07T20:02:53.768+0200] {processor.py:925} INFO - DAG(s) 'example_xcom_args_with_operators', 'example_xcom_args' retrieved from /home/rodrigo/Escritorio/BBDDAvanzadas/.venv/lib/python3.12/site-packages/airflow/example_dags/example_xcomargs.py
[2026-05-07T20:02:53.780+0200] {logging_mixin.py:190} INFO - [2026-05-07T20:02:53.780+0200] {dag.py:3239} INFO - Sync 2 DAGs
[2026-05-07T20:02:53.788+0200] {logging_mixin.py:190} INFO - [2026-05-07T20:02:53.788+0200] {dag.py:4180} INFO - Setting next_dagrun for example_xcom_args to None, run_after=None
[2026-05-07T20:02:53.790+0200] {logging_mixin.py:190} INFO - [2026-05-07T20:02:53.790+0200] {dag.py:4180} INFO - Setting next_dagrun for example_xcom_args_with_operators to None, run_after=None
[2026-05-07T20:02:53.805+0200] {processor.py:208} INFO - Processing /home/rodrigo/Escritorio/BBDDAvanzadas/.venv/lib/python3.12/site-packages/airflow/example_dags/example_xcomargs.py took 0.052 seconds
[2026-05-07T20:03:51.143+0200] {processor.py:186} INFO - Started process (PID=17792) to work on /home/rodrigo/Escritorio/BBDDAvanzadas/.venv/lib/python3.12/site-packages/airflow/example_dags/example_xcomargs.py
[2026-05-07T20:03:51.144+0200] {processor.py:914} INFO - Processing file /home/rodrigo/Escritorio/BBDDAvanzadas/.venv/lib/python3.12/site-packages/airflow/example_dags/example_xcomargs.py for tasks to queue
[2026-05-07T20:03:51.146+0200] {logging_mixin.py:190} INFO - [2026-05-07T20:03:51.145+0200] {dagbag.py:588} INFO - Filling up the DagBag from /home/rodrigo/Escritorio/BBDDAvanzadas/.venv/lib/python3.12/site-packages/airflow/example_dags/example_xcomargs.py
[2026-05-07T20:03:51.153+0200] {processor.py:925} INFO - DAG(s) 'example_xcom_args_with_operators', 'example_xcom_args' retrieved from /home/rodrigo/Escritorio/BBDDAvanzadas/.venv/lib/python3.12/site-packages/airflow/example_dags/example_xcomargs.py
[2026-05-07T20:03:51.165+0200] {logging_mixin.py:190} INFO - [2026-05-07T20:03:51.165+0200] {dag.py:3239} INFO - Sync 2 DAGs
[2026-05-07T20:03:51.173+0200] {logging_mixin.py:190} INFO - [2026-05-07T20:03:51.173+0200] {dag.py:4180} INFO - Setting next_dagrun for example_xcom_args to None, run_after=None
[2026-05-07T20:03:51.175+0200] {logging_mixin.py:190} INFO - [2026-05-07T20:03:51.175+0200] {dag.py:4180} INFO - Setting next_dagrun for example_xcom_args_with_operators to None, run_after=None
[2026-05-07T20:03:51.204+0200] {processor.py:208} INFO - Processing /home/rodrigo/Escritorio/BBDDAvanzadas/.venv/lib/python3.12/site-packages/airflow/example_dags/example_xcomargs.py took 0.065 seconds
[2026-05-07T20:04:56.154+0200] {processor.py:186} INFO - Started process (PID=17916) to work on /home/rodrigo/Escritorio/BBDDAvanzadas/.venv/lib/python3.12/site-packages/airflow/example_dags/example_xcomargs.py
[2026-05-07T20:04:56.167+0200] {processor.py:914} INFO - Processing file /home/rodrigo/Escritorio/BBDDAvanzadas/.venv/lib/python3.12/site-packages/airflow/example_dags/example_xcomargs.py for tasks to queue
[2026-05-07T20:04:56.171+0200] {logging_mixin.py:190} INFO - [2026-05-07T20:04:56.171+0200] {dagbag.py:588} INFO - Filling up the DagBag from /home/rodrigo/Escritorio/BBDDAvanzadas/.venv/lib/python3.12/site-packages/airflow/example_dags/example_xcomargs.py
[2026-05-07T20:04:56.197+0200] {processor.py:925} INFO - DAG(s) 'example_xcom_args', 'example_xcom_args_with_operators' retrieved from /home/rodrigo/Escritorio/BBDDAvanzadas/.venv/lib/python3.12/site-packages/airflow/example_dags/example_xcomargs.py
[2026-05-07T20:04:56.210+0200] {logging_mixin.py:190} INFO - [2026-05-07T20:04:56.209+0200] {dag.py:3239} INFO - Sync 2 DAGs
[2026-05-07T20:04:56.219+0200] {logging_mixin.py:190} INFO - [2026-05-07T20:04:56.219+0200] {dag.py:4180} INFO - Setting next_dagrun for example_xcom_args to None, run_after=None
[2026-05-07T20:04:56.221+0200] {logging_mixin.py:190} INFO - [2026-05-07T20:04:56.221+0200] {dag.py:4180} INFO - Setting next_dagrun for example_xcom_args_with_operators to None, run_after=None
[2026-05-07T20:04:56.235+0200] {processor.py:208} INFO - Processing /home/rodrigo/Escritorio/BBDDAvanzadas/.venv/lib/python3.12/site-packages/airflow/example_dags/example_xcomargs.py took 0.089 seconds
[2026-05-07T20:05:57.040+0200] {processor.py:186} INFO - Started process (PID=18040) to work on /home/rodrigo/Escritorio/BBDDAvanzadas/.venv/lib/python3.12/site-packages/airflow/example_dags/example_xcomargs.py
[2026-05-07T20:05:57.041+0200] {processor.py:914} INFO - Processing file /home/rodrigo/Escritorio/BBDDAvanzadas/.venv/lib/python3.12/site-packages/airflow/example_dags/example_xcomargs.py for tasks to queue
[2026-05-07T20:05:57.042+0200] {logging_mixin.py:190} INFO - [2026-05-07T20:05:57.042+0200] {dagbag.py:588} INFO - Filling up the DagBag from /home/rodrigo/Escritorio/BBDDAvanzadas/.venv/lib/python3.12/site-packages/airflow/example_dags/example_xcomargs.py
[2026-05-07T20:05:57.050+0200] {processor.py:925} INFO - DAG(s) 'example_xcom_args', 'example_xcom_args_with_operators' retrieved from /home/rodrigo/Escritorio/BBDDAvanzadas/.venv/lib/python3.12/site-packages/airflow/example_dags/example_xcomargs.py
[2026-05-07T20:05:57.062+0200] {logging_mixin.py:190} INFO - [2026-05-07T20:05:57.062+0200] {dag.py:3239} INFO - Sync 2 DAGs
[2026-05-07T20:05:57.070+0200] {logging_mixin.py:190} INFO - [2026-05-07T20:05:57.070+0200] {dag.py:4180} INFO - Setting next_dagrun for example_xcom_args to None, run_after=None
[2026-05-07T20:05:57.072+0200] {logging_mixin.py:190} INFO - [2026-05-07T20:05:57.072+0200] {dag.py:4180} INFO - Setting next_dagrun for example_xcom_args_with_operators to None, run_after=None
[2026-05-07T20:05:57.088+0200] {processor.py:208} INFO - Processing /home/rodrigo/Escritorio/BBDDAvanzadas/.venv/lib/python3.12/site-packages/airflow/example_dags/example_xcomargs.py took 0.052 seconds
[2026-05-07T20:06:55.844+0200] {processor.py:186} INFO - Started process (PID=18160) to work on /home/rodrigo/Escritorio/BBDDAvanzadas/.venv/lib/python3.12/site-packages/airflow/example_dags/example_xcomargs.py
[2026-05-07T20:06:55.845+0200] {processor.py:914} INFO - Processing file /home/rodrigo/Escritorio/BBDDAvanzadas/.venv/lib/python3.12/site-packages/airflow/example_dags/example_xcomargs.py for tasks to queue
[2026-05-07T20:06:55.847+0200] {logging_mixin.py:190} INFO - [2026-05-07T20:06:55.847+0200] {dagbag.py:588} INFO - Filling up the DagBag from /home/rodrigo/Escritorio/BBDDAvanzadas/.venv/lib/python3.12/site-packages/airflow/example_dags/example_xcomargs.py
[2026-05-07T20:06:55.855+0200] {processor.py:925} INFO - DAG(s) 'example_xcom_args', 'example_xcom_args_with_operators' retrieved from /home/rodrigo/Escritorio/BBDDAvanzadas/.venv/lib/python3.12/site-packages/airflow/example_dags/example_xcomargs.py
[2026-05-07T20:06:55.879+0200] {logging_mixin.py:190} INFO - [2026-05-07T20:06:55.878+0200] {dag.py:3239} INFO - Sync 2 DAGs
[2026-05-07T20:06:55.895+0200] {logging_mixin.py:190} INFO - [2026-05-07T20:06:55.894+0200] {dag.py:4180} INFO - Setting next_dagrun for example_xcom_args to None, run_after=None
[2026-05-07T20:06:55.897+0200] {logging_mixin.py:190} INFO - [2026-05-07T20:06:55.897+0200] {dag.py:4180} INFO - Setting next_dagrun for example_xcom_args_with_operators to None, run_after=None
[2026-05-07T20:06:55.915+0200] {processor.py:208} INFO - Processing /home/rodrigo/Escritorio/BBDDAvanzadas/.venv/lib/python3.12/site-packages/airflow/example_dags/example_xcomargs.py took 0.075 seconds
[2026-05-07T20:07:54.339+0200] {processor.py:186} INFO - Started process (PID=18288) to work on /home/rodrigo/Escritorio/BBDDAvanzadas/.venv/lib/python3.12/site-packages/airflow/example_dags/example_xcomargs.py
[2026-05-07T20:07:54.340+0200] {processor.py:914} INFO - Processing file /home/rodrigo/Escritorio/BBDDAvanzadas/.venv/lib/python3.12/site-packages/airflow/example_dags/example_xcomargs.py for tasks to queue
[2026-05-07T20:07:54.341+0200] {logging_mixin.py:190} INFO - [2026-05-07T20:07:54.341+0200] {dagbag.py:588} INFO - Filling up the DagBag from /home/rodrigo/Escritorio/BBDDAvanzadas/.venv/lib/python3.12/site-packages/airflow/example_dags/example_xcomargs.py
[2026-05-07T20:07:54.349+0200] {processor.py:925} INFO - DAG(s) 'example_xcom_args', 'example_xcom_args_with_operators' retrieved from /home/rodrigo/Escritorio/BBDDAvanzadas/.venv/lib/python3.12/site-packages/airflow/example_dags/example_xcomargs.py
[2026-05-07T20:07:54.362+0200] {logging_mixin.py:190} INFO - [2026-05-07T20:07:54.362+0200] {dag.py:3239} INFO - Sync 2 DAGs
[2026-05-07T20:07:54.371+0200] {logging_mixin.py:190} INFO - [2026-05-07T20:07:54.371+0200] {dag.py:4180} INFO - Setting next_dagrun for example_xcom_args to None, run_after=None
[2026-05-07T20:07:54.373+0200] {logging_mixin.py:190} INFO - [2026-05-07T20:07:54.373+0200] {dag.py:4180} INFO - Setting next_dagrun for example_xcom_args_with_operators to None, run_after=None
[2026-05-07T20:07:54.392+0200] {processor.py:208} INFO - Processing /home/rodrigo/Escritorio/BBDDAvanzadas/.venv/lib/python3.12/site-packages/airflow/example_dags/example_xcomargs.py took 0.057 seconds
[2026-05-07T20:09:05.726+0200] {processor.py:186} INFO - Started process (PID=18482) to work on /home/rodrigo/Escritorio/BBDDAvanzadas/.venv/lib/python3.12/site-packages/airflow/example_dags/example_xcomargs.py
[2026-05-07T20:09:05.727+0200] {processor.py:914} INFO - Processing file /home/rodrigo/Escritorio/BBDDAvanzadas/.venv/lib/python3.12/site-packages/airflow/example_dags/example_xcomargs.py for tasks to queue
[2026-05-07T20:09:05.729+0200] {logging_mixin.py:190} INFO - [2026-05-07T20:09:05.729+0200] {dagbag.py:588} INFO - Filling up the DagBag from /home/rodrigo/Escritorio/BBDDAvanzadas/.venv/lib/python3.12/site-packages/airflow/example_dags/example_xcomargs.py
[2026-05-07T20:09:05.739+0200] {processor.py:925} INFO - DAG(s) 'example_xcom_args_with_operators', 'example_xcom_args' retrieved from /home/rodrigo/Escritorio/BBDDAvanzadas/.venv/lib/python3.12/site-packages/airflow/example_dags/example_xcomargs.py
[2026-05-07T20:09:05.755+0200] {logging_mixin.py:190} INFO - [2026-05-07T20:09:05.755+0200] {dag.py:3239} INFO - Sync 2 DAGs
[2026-05-07T20:09:05.767+0200] {logging_mixin.py:190} INFO - [2026-05-07T20:09:05.766+0200] {dag.py:4180} INFO - Setting next_dagrun for example_xcom_args to None, run_after=None
[2026-05-07T20:09:05.769+0200] {logging_mixin.py:190} INFO - [2026-05-07T20:09:05.769+0200] {dag.py:4180} INFO - Setting next_dagrun for example_xcom_args_with_operators to None, run_after=None
[2026-05-07T20:09:05.790+0200] {processor.py:208} INFO - Processing /home/rodrigo/Escritorio/BBDDAvanzadas/.venv/lib/python3.12/site-packages/airflow/example_dags/example_xcomargs.py took 0.073 seconds
[2026-05-07T20:10:13.651+0200] {processor.py:186} INFO - Started process (PID=18615) to work on /home/rodrigo/Escritorio/BBDDAvanzadas/.venv/lib/python3.12/site-packages/airflow/example_dags/example_xcomargs.py
[2026-05-07T20:10:13.652+0200] {processor.py:914} INFO - Processing file /home/rodrigo/Escritorio/BBDDAvanzadas/.venv/lib/python3.12/site-packages/airflow/example_dags/example_xcomargs.py for tasks to queue
[2026-05-07T20:10:13.653+0200] {logging_mixin.py:190} INFO - [2026-05-07T20:10:13.653+0200] {dagbag.py:588} INFO - Filling up the DagBag from /home/rodrigo/Escritorio/BBDDAvanzadas/.venv/lib/python3.12/site-packages/airflow/example_dags/example_xcomargs.py
[2026-05-07T20:10:13.661+0200] {processor.py:925} INFO - DAG(s) 'example_xcom_args', 'example_xcom_args_with_operators' retrieved from /home/rodrigo/Escritorio/BBDDAvanzadas/.venv/lib/python3.12/site-packages/airflow/example_dags/example_xcomargs.py
[2026-05-07T20:10:13.674+0200] {logging_mixin.py:190} INFO - [2026-05-07T20:10:13.674+0200] {dag.py:3239} INFO - Sync 2 DAGs
[2026-05-07T20:10:13.682+0200] {logging_mixin.py:190} INFO - [2026-05-07T20:10:13.682+0200] {dag.py:4180} INFO - Setting next_dagrun for example_xcom_args to None, run_after=None
[2026-05-07T20:10:13.684+0200] {logging_mixin.py:190} INFO - [2026-05-07T20:10:13.684+0200] {dag.py:4180} INFO - Setting next_dagrun for example_xcom_args_with_operators to None, run_after=None
[2026-05-07T20:10:13.700+0200] {processor.py:208} INFO - Processing /home/rodrigo/Escritorio/BBDDAvanzadas/.venv/lib/python3.12/site-packages/airflow/example_dags/example_xcomargs.py took 0.054 seconds
