[2026-05-07T19:32:48.470+0200] {processor.py:186} INFO - Started process (PID=14400) to work on /home/rodrigo/Escritorio/BBDDAvanzadas/.venv/lib/python3.12/site-packages/airflow/example_dags/example_local_kubernetes_executor.py
[2026-05-07T19:32:48.470+0200] {processor.py:914} INFO - Processing file /home/rodrigo/Escritorio/BBDDAvanzadas/.venv/lib/python3.12/site-packages/airflow/example_dags/example_local_kubernetes_executor.py for tasks to queue
[2026-05-07T19:32:48.472+0200] {logging_mixin.py:190} INFO - [2026-05-07T19:32:48.472+0200] {dagbag.py:588} INFO - Filling up the DagBag from /home/rodrigo/Escritorio/BBDDAvanzadas/.venv/lib/python3.12/site-packages/airflow/example_dags/example_local_kubernetes_executor.py
[2026-05-07T19:32:48.475+0200] {logging_mixin.py:190} INFO - [2026-05-07T19:32:48.474+0200] {example_local_kubernetes_executor.py:40} WARNING - Could not import DAGs in example_local_kubernetes_executor.py
Traceback (most recent call last):
  File "/home/rodrigo/Escritorio/BBDDAvanzadas/.venv/lib/python3.12/site-packages/airflow/example_dags/example_local_kubernetes_executor.py", line 38, in <module>
    from kubernetes.client import models as k8s
ModuleNotFoundError: No module named 'kubernetes'
[2026-05-07T19:32:48.475+0200] {logging_mixin.py:190} INFO - [2026-05-07T19:32:48.475+0200] {example_local_kubernetes_executor.py:41} WARNING - Install Kubernetes dependencies with: pip install apache-airflow[cncf.kubernetes]
[2026-05-07T19:32:48.475+0200] {processor.py:927} WARNING - No viable dags retrieved from /home/rodrigo/Escritorio/BBDDAvanzadas/.venv/lib/python3.12/site-packages/airflow/example_dags/example_local_kubernetes_executor.py
[2026-05-07T19:32:48.485+0200] {processor.py:208} INFO - Processing /home/rodrigo/Escritorio/BBDDAvanzadas/.venv/lib/python3.12/site-packages/airflow/example_dags/example_local_kubernetes_executor.py took 0.021 seconds
[2026-05-07T19:37:36.589+0200] {processor.py:186} INFO - Started process (PID=14914) to work on /home/rodrigo/Escritorio/BBDDAvanzadas/.venv/lib/python3.12/site-packages/airflow/example_dags/example_local_kubernetes_executor.py
[2026-05-07T19:37:36.598+0200] {processor.py:914} INFO - Processing file /home/rodrigo/Escritorio/BBDDAvanzadas/.venv/lib/python3.12/site-packages/airflow/example_dags/example_local_kubernetes_executor.py for tasks to queue
[2026-05-07T19:37:36.600+0200] {logging_mixin.py:190} INFO - [2026-05-07T19:37:36.599+0200] {dagbag.py:588} INFO - Filling up the DagBag from /home/rodrigo/Escritorio/BBDDAvanzadas/.venv/lib/python3.12/site-packages/airflow/example_dags/example_local_kubernetes_executor.py
[2026-05-07T19:37:36.603+0200] {logging_mixin.py:190} INFO - [2026-05-07T19:37:36.602+0200] {example_local_kubernetes_executor.py:40} WARNING - Could not import DAGs in example_local_kubernetes_executor.py
Traceback (most recent call last):
  File "/home/rodrigo/Escritorio/BBDDAvanzadas/.venv/lib/python3.12/site-packages/airflow/example_dags/example_local_kubernetes_executor.py", line 38, in <module>
    from kubernetes.client import models as k8s
ModuleNotFoundError: No module named 'kubernetes'
[2026-05-07T19:37:36.603+0200] {logging_mixin.py:190} INFO - [2026-05-07T19:37:36.603+0200] {example_local_kubernetes_executor.py:41} WARNING - Install Kubernetes dependencies with: pip install apache-airflow[cncf.kubernetes]
[2026-05-07T19:37:36.603+0200] {processor.py:927} WARNING - No viable dags retrieved from /home/rodrigo/Escritorio/BBDDAvanzadas/.venv/lib/python3.12/site-packages/airflow/example_dags/example_local_kubernetes_executor.py
[2026-05-07T19:37:36.611+0200] {processor.py:208} INFO - Processing /home/rodrigo/Escritorio/BBDDAvanzadas/.venv/lib/python3.12/site-packages/airflow/example_dags/example_local_kubernetes_executor.py took 0.027 seconds
[2026-05-07T19:38:47.651+0200] {processor.py:186} INFO - Started process (PID=14992) to work on /home/rodrigo/Escritorio/BBDDAvanzadas/.venv/lib/python3.12/site-packages/airflow/example_dags/example_local_kubernetes_executor.py
[2026-05-07T19:38:47.654+0200] {processor.py:914} INFO - Processing file /home/rodrigo/Escritorio/BBDDAvanzadas/.venv/lib/python3.12/site-packages/airflow/example_dags/example_local_kubernetes_executor.py for tasks to queue
[2026-05-07T19:38:47.657+0200] {logging_mixin.py:190} INFO - [2026-05-07T19:38:47.657+0200] {dagbag.py:588} INFO - Filling up the DagBag from /home/rodrigo/Escritorio/BBDDAvanzadas/.venv/lib/python3.12/site-packages/airflow/example_dags/example_local_kubernetes_executor.py
[2026-05-07T19:38:47.660+0200] {logging_mixin.py:190} INFO - [2026-05-07T19:38:47.660+0200] {example_local_kubernetes_executor.py:40} WARNING - Could not import DAGs in example_local_kubernetes_executor.py
Traceback (most recent call last):
  File "/home/rodrigo/Escritorio/BBDDAvanzadas/.venv/lib/python3.12/site-packages/airflow/example_dags/example_local_kubernetes_executor.py", line 38, in <module>
    from kubernetes.client import models as k8s
ModuleNotFoundError: No module named 'kubernetes'
[2026-05-07T19:38:47.661+0200] {logging_mixin.py:190} INFO - [2026-05-07T19:38:47.660+0200] {example_local_kubernetes_executor.py:41} WARNING - Install Kubernetes dependencies with: pip install apache-airflow[cncf.kubernetes]
[2026-05-07T19:38:47.661+0200] {processor.py:927} WARNING - No viable dags retrieved from /home/rodrigo/Escritorio/BBDDAvanzadas/.venv/lib/python3.12/site-packages/airflow/example_dags/example_local_kubernetes_executor.py
[2026-05-07T19:38:47.684+0200] {processor.py:208} INFO - Processing /home/rodrigo/Escritorio/BBDDAvanzadas/.venv/lib/python3.12/site-packages/airflow/example_dags/example_local_kubernetes_executor.py took 0.038 seconds
[2026-05-07T19:40:05.023+0200] {processor.py:186} INFO - Started process (PID=15085) to work on /home/rodrigo/Escritorio/BBDDAvanzadas/.venv/lib/python3.12/site-packages/airflow/example_dags/example_local_kubernetes_executor.py
[2026-05-07T19:40:05.025+0200] {processor.py:914} INFO - Processing file /home/rodrigo/Escritorio/BBDDAvanzadas/.venv/lib/python3.12/site-packages/airflow/example_dags/example_local_kubernetes_executor.py for tasks to queue
[2026-05-07T19:40:05.026+0200] {logging_mixin.py:190} INFO - [2026-05-07T19:40:05.026+0200] {dagbag.py:588} INFO - Filling up the DagBag from /home/rodrigo/Escritorio/BBDDAvanzadas/.venv/lib/python3.12/site-packages/airflow/example_dags/example_local_kubernetes_executor.py
[2026-05-07T19:40:05.030+0200] {logging_mixin.py:190} INFO - [2026-05-07T19:40:05.029+0200] {example_local_kubernetes_executor.py:40} WARNING - Could not import DAGs in example_local_kubernetes_executor.py
Traceback (most recent call last):
  File "/home/rodrigo/Escritorio/BBDDAvanzadas/.venv/lib/python3.12/site-packages/airflow/example_dags/example_local_kubernetes_executor.py", line 38, in <module>
    from kubernetes.client import models as k8s
ModuleNotFoundError: No module named 'kubernetes'
[2026-05-07T19:40:05.030+0200] {logging_mixin.py:190} INFO - [2026-05-07T19:40:05.030+0200] {example_local_kubernetes_executor.py:41} WARNING - Install Kubernetes dependencies with: pip install apache-airflow[cncf.kubernetes]
[2026-05-07T19:40:05.030+0200] {processor.py:927} WARNING - No viable dags retrieved from /home/rodrigo/Escritorio/BBDDAvanzadas/.venv/lib/python3.12/site-packages/airflow/example_dags/example_local_kubernetes_executor.py
[2026-05-07T19:40:05.038+0200] {processor.py:208} INFO - Processing /home/rodrigo/Escritorio/BBDDAvanzadas/.venv/lib/python3.12/site-packages/airflow/example_dags/example_local_kubernetes_executor.py took 0.028 seconds
[2026-05-07T19:41:33.393+0200] {processor.py:186} INFO - Started process (PID=15225) to work on /home/rodrigo/Escritorio/BBDDAvanzadas/.venv/lib/python3.12/site-packages/airflow/example_dags/example_local_kubernetes_executor.py
[2026-05-07T19:41:33.396+0200] {processor.py:914} INFO - Processing file /home/rodrigo/Escritorio/BBDDAvanzadas/.venv/lib/python3.12/site-packages/airflow/example_dags/example_local_kubernetes_executor.py for tasks to queue
[2026-05-07T19:41:33.398+0200] {logging_mixin.py:190} INFO - [2026-05-07T19:41:33.398+0200] {dagbag.py:588} INFO - Filling up the DagBag from /home/rodrigo/Escritorio/BBDDAvanzadas/.venv/lib/python3.12/site-packages/airflow/example_dags/example_local_kubernetes_executor.py
[2026-05-07T19:41:33.401+0200] {logging_mixin.py:190} INFO - [2026-05-07T19:41:33.400+0200] {example_local_kubernetes_executor.py:40} WARNING - Could not import DAGs in example_local_kubernetes_executor.py
Traceback (most recent call last):
  File "/home/rodrigo/Escritorio/BBDDAvanzadas/.venv/lib/python3.12/site-packages/airflow/example_dags/example_local_kubernetes_executor.py", line 38, in <module>
    from kubernetes.client import models as k8s
ModuleNotFoundError: No module named 'kubernetes'
[2026-05-07T19:41:33.401+0200] {logging_mixin.py:190} INFO - [2026-05-07T19:41:33.401+0200] {example_local_kubernetes_executor.py:41} WARNING - Install Kubernetes dependencies with: pip install apache-airflow[cncf.kubernetes]
[2026-05-07T19:41:33.401+0200] {processor.py:927} WARNING - No viable dags retrieved from /home/rodrigo/Escritorio/BBDDAvanzadas/.venv/lib/python3.12/site-packages/airflow/example_dags/example_local_kubernetes_executor.py
[2026-05-07T19:41:33.412+0200] {processor.py:208} INFO - Processing /home/rodrigo/Escritorio/BBDDAvanzadas/.venv/lib/python3.12/site-packages/airflow/example_dags/example_local_kubernetes_executor.py took 0.033 seconds
[2026-05-07T19:42:51.978+0200] {processor.py:186} INFO - Started process (PID=15466) to work on /home/rodrigo/Escritorio/BBDDAvanzadas/.venv/lib/python3.12/site-packages/airflow/example_dags/example_local_kubernetes_executor.py
[2026-05-07T19:42:51.981+0200] {processor.py:914} INFO - Processing file /home/rodrigo/Escritorio/BBDDAvanzadas/.venv/lib/python3.12/site-packages/airflow/example_dags/example_local_kubernetes_executor.py for tasks to queue
[2026-05-07T19:42:51.983+0200] {logging_mixin.py:190} INFO - [2026-05-07T19:42:51.982+0200] {dagbag.py:588} INFO - Filling up the DagBag from /home/rodrigo/Escritorio/BBDDAvanzadas/.venv/lib/python3.12/site-packages/airflow/example_dags/example_local_kubernetes_executor.py
[2026-05-07T19:42:51.986+0200] {logging_mixin.py:190} INFO - [2026-05-07T19:42:51.986+0200] {example_local_kubernetes_executor.py:40} WARNING - Could not import DAGs in example_local_kubernetes_executor.py
Traceback (most recent call last):
  File "/home/rodrigo/Escritorio/BBDDAvanzadas/.venv/lib/python3.12/site-packages/airflow/example_dags/example_local_kubernetes_executor.py", line 38, in <module>
    from kubernetes.client import models as k8s
ModuleNotFoundError: No module named 'kubernetes'
[2026-05-07T19:42:51.986+0200] {logging_mixin.py:190} INFO - [2026-05-07T19:42:51.986+0200] {example_local_kubernetes_executor.py:41} WARNING - Install Kubernetes dependencies with: pip install apache-airflow[cncf.kubernetes]
[2026-05-07T19:42:51.987+0200] {processor.py:927} WARNING - No viable dags retrieved from /home/rodrigo/Escritorio/BBDDAvanzadas/.venv/lib/python3.12/site-packages/airflow/example_dags/example_local_kubernetes_executor.py
[2026-05-07T19:42:51.996+0200] {processor.py:208} INFO - Processing /home/rodrigo/Escritorio/BBDDAvanzadas/.venv/lib/python3.12/site-packages/airflow/example_dags/example_local_kubernetes_executor.py took 0.028 seconds
[2026-05-07T19:44:04.017+0200] {processor.py:186} INFO - Started process (PID=15656) to work on /home/rodrigo/Escritorio/BBDDAvanzadas/.venv/lib/python3.12/site-packages/airflow/example_dags/example_local_kubernetes_executor.py
[2026-05-07T19:44:04.019+0200] {processor.py:914} INFO - Processing file /home/rodrigo/Escritorio/BBDDAvanzadas/.venv/lib/python3.12/site-packages/airflow/example_dags/example_local_kubernetes_executor.py for tasks to queue
[2026-05-07T19:44:04.020+0200] {logging_mixin.py:190} INFO - [2026-05-07T19:44:04.020+0200] {dagbag.py:588} INFO - Filling up the DagBag from /home/rodrigo/Escritorio/BBDDAvanzadas/.venv/lib/python3.12/site-packages/airflow/example_dags/example_local_kubernetes_executor.py
[2026-05-07T19:44:04.023+0200] {logging_mixin.py:190} INFO - [2026-05-07T19:44:04.022+0200] {example_local_kubernetes_executor.py:40} WARNING - Could not import DAGs in example_local_kubernetes_executor.py
Traceback (most recent call last):
  File "/home/rodrigo/Escritorio/BBDDAvanzadas/.venv/lib/python3.12/site-packages/airflow/example_dags/example_local_kubernetes_executor.py", line 38, in <module>
    from kubernetes.client import models as k8s
ModuleNotFoundError: No module named 'kubernetes'
[2026-05-07T19:44:04.023+0200] {logging_mixin.py:190} INFO - [2026-05-07T19:44:04.023+0200] {example_local_kubernetes_executor.py:41} WARNING - Install Kubernetes dependencies with: pip install apache-airflow[cncf.kubernetes]
[2026-05-07T19:44:04.023+0200] {processor.py:927} WARNING - No viable dags retrieved from /home/rodrigo/Escritorio/BBDDAvanzadas/.venv/lib/python3.12/site-packages/airflow/example_dags/example_local_kubernetes_executor.py
[2026-05-07T19:44:04.032+0200] {processor.py:208} INFO - Processing /home/rodrigo/Escritorio/BBDDAvanzadas/.venv/lib/python3.12/site-packages/airflow/example_dags/example_local_kubernetes_executor.py took 0.019 seconds
[2026-05-07T19:45:44.452+0200] {processor.py:186} INFO - Started process (PID=15901) to work on /home/rodrigo/Escritorio/BBDDAvanzadas/.venv/lib/python3.12/site-packages/airflow/example_dags/example_local_kubernetes_executor.py
[2026-05-07T19:45:44.454+0200] {processor.py:914} INFO - Processing file /home/rodrigo/Escritorio/BBDDAvanzadas/.venv/lib/python3.12/site-packages/airflow/example_dags/example_local_kubernetes_executor.py for tasks to queue
[2026-05-07T19:45:44.456+0200] {logging_mixin.py:190} INFO - [2026-05-07T19:45:44.455+0200] {dagbag.py:588} INFO - Filling up the DagBag from /home/rodrigo/Escritorio/BBDDAvanzadas/.venv/lib/python3.12/site-packages/airflow/example_dags/example_local_kubernetes_executor.py
[2026-05-07T19:45:44.458+0200] {logging_mixin.py:190} INFO - [2026-05-07T19:45:44.458+0200] {example_local_kubernetes_executor.py:40} WARNING - Could not import DAGs in example_local_kubernetes_executor.py
Traceback (most recent call last):
  File "/home/rodrigo/Escritorio/BBDDAvanzadas/.venv/lib/python3.12/site-packages/airflow/example_dags/example_local_kubernetes_executor.py", line 38, in <module>
    from kubernetes.client import models as k8s
ModuleNotFoundError: No module named 'kubernetes'
[2026-05-07T19:45:44.458+0200] {logging_mixin.py:190} INFO - [2026-05-07T19:45:44.458+0200] {example_local_kubernetes_executor.py:41} WARNING - Install Kubernetes dependencies with: pip install apache-airflow[cncf.kubernetes]
[2026-05-07T19:45:44.458+0200] {processor.py:927} WARNING - No viable dags retrieved from /home/rodrigo/Escritorio/BBDDAvanzadas/.venv/lib/python3.12/site-packages/airflow/example_dags/example_local_kubernetes_executor.py
[2026-05-07T19:45:44.467+0200] {processor.py:208} INFO - Processing /home/rodrigo/Escritorio/BBDDAvanzadas/.venv/lib/python3.12/site-packages/airflow/example_dags/example_local_kubernetes_executor.py took 0.020 seconds
[2026-05-07T19:47:18.016+0200] {processor.py:186} INFO - Started process (PID=16055) to work on /home/rodrigo/Escritorio/BBDDAvanzadas/.venv/lib/python3.12/site-packages/airflow/example_dags/example_local_kubernetes_executor.py
[2026-05-07T19:47:18.018+0200] {processor.py:914} INFO - Processing file /home/rodrigo/Escritorio/BBDDAvanzadas/.venv/lib/python3.12/site-packages/airflow/example_dags/example_local_kubernetes_executor.py for tasks to queue
[2026-05-07T19:47:18.021+0200] {logging_mixin.py:190} INFO - [2026-05-07T19:47:18.020+0200] {dagbag.py:588} INFO - Filling up the DagBag from /home/rodrigo/Escritorio/BBDDAvanzadas/.venv/lib/python3.12/site-packages/airflow/example_dags/example_local_kubernetes_executor.py
[2026-05-07T19:47:18.024+0200] {logging_mixin.py:190} INFO - [2026-05-07T19:47:18.023+0200] {example_local_kubernetes_executor.py:40} WARNING - Could not import DAGs in example_local_kubernetes_executor.py
Traceback (most recent call last):
  File "/home/rodrigo/Escritorio/BBDDAvanzadas/.venv/lib/python3.12/site-packages/airflow/example_dags/example_local_kubernetes_executor.py", line 38, in <module>
    from kubernetes.client import models as k8s
ModuleNotFoundError: No module named 'kubernetes'
[2026-05-07T19:47:18.024+0200] {logging_mixin.py:190} INFO - [2026-05-07T19:47:18.024+0200] {example_local_kubernetes_executor.py:41} WARNING - Install Kubernetes dependencies with: pip install apache-airflow[cncf.kubernetes]
[2026-05-07T19:47:18.024+0200] {processor.py:927} WARNING - No viable dags retrieved from /home/rodrigo/Escritorio/BBDDAvanzadas/.venv/lib/python3.12/site-packages/airflow/example_dags/example_local_kubernetes_executor.py
[2026-05-07T19:47:18.034+0200] {processor.py:208} INFO - Processing /home/rodrigo/Escritorio/BBDDAvanzadas/.venv/lib/python3.12/site-packages/airflow/example_dags/example_local_kubernetes_executor.py took 0.024 seconds
[2026-05-07T19:48:28.066+0200] {processor.py:186} INFO - Started process (PID=16191) to work on /home/rodrigo/Escritorio/BBDDAvanzadas/.venv/lib/python3.12/site-packages/airflow/example_dags/example_local_kubernetes_executor.py
[2026-05-07T19:48:28.068+0200] {processor.py:914} INFO - Processing file /home/rodrigo/Escritorio/BBDDAvanzadas/.venv/lib/python3.12/site-packages/airflow/example_dags/example_local_kubernetes_executor.py for tasks to queue
[2026-05-07T19:48:28.070+0200] {logging_mixin.py:190} INFO - [2026-05-07T19:48:28.069+0200] {dagbag.py:588} INFO - Filling up the DagBag from /home/rodrigo/Escritorio/BBDDAvanzadas/.venv/lib/python3.12/site-packages/airflow/example_dags/example_local_kubernetes_executor.py
[2026-05-07T19:48:28.072+0200] {logging_mixin.py:190} INFO - [2026-05-07T19:48:28.072+0200] {example_local_kubernetes_executor.py:40} WARNING - Could not import DAGs in example_local_kubernetes_executor.py
Traceback (most recent call last):
  File "/home/rodrigo/Escritorio/BBDDAvanzadas/.venv/lib/python3.12/site-packages/airflow/example_dags/example_local_kubernetes_executor.py", line 38, in <module>
    from kubernetes.client import models as k8s
ModuleNotFoundError: No module named 'kubernetes'
[2026-05-07T19:48:28.072+0200] {logging_mixin.py:190} INFO - [2026-05-07T19:48:28.072+0200] {example_local_kubernetes_executor.py:41} WARNING - Install Kubernetes dependencies with: pip install apache-airflow[cncf.kubernetes]
[2026-05-07T19:48:28.072+0200] {processor.py:927} WARNING - No viable dags retrieved from /home/rodrigo/Escritorio/BBDDAvanzadas/.venv/lib/python3.12/site-packages/airflow/example_dags/example_local_kubernetes_executor.py
[2026-05-07T19:48:28.080+0200] {processor.py:208} INFO - Processing /home/rodrigo/Escritorio/BBDDAvanzadas/.venv/lib/python3.12/site-packages/airflow/example_dags/example_local_kubernetes_executor.py took 0.019 seconds
[2026-05-07T19:50:08.947+0200] {processor.py:186} INFO - Started process (PID=16318) to work on /home/rodrigo/Escritorio/BBDDAvanzadas/.venv/lib/python3.12/site-packages/airflow/example_dags/example_local_kubernetes_executor.py
[2026-05-07T19:50:08.948+0200] {processor.py:914} INFO - Processing file /home/rodrigo/Escritorio/BBDDAvanzadas/.venv/lib/python3.12/site-packages/airflow/example_dags/example_local_kubernetes_executor.py for tasks to queue
[2026-05-07T19:50:08.949+0200] {logging_mixin.py:190} INFO - [2026-05-07T19:50:08.949+0200] {dagbag.py:588} INFO - Filling up the DagBag from /home/rodrigo/Escritorio/BBDDAvanzadas/.venv/lib/python3.12/site-packages/airflow/example_dags/example_local_kubernetes_executor.py
[2026-05-07T19:50:08.951+0200] {logging_mixin.py:190} INFO - [2026-05-07T19:50:08.951+0200] {example_local_kubernetes_executor.py:40} WARNING - Could not import DAGs in example_local_kubernetes_executor.py
Traceback (most recent call last):
  File "/home/rodrigo/Escritorio/BBDDAvanzadas/.venv/lib/python3.12/site-packages/airflow/example_dags/example_local_kubernetes_executor.py", line 38, in <module>
    from kubernetes.client import models as k8s
ModuleNotFoundError: No module named 'kubernetes'
[2026-05-07T19:50:08.952+0200] {logging_mixin.py:190} INFO - [2026-05-07T19:50:08.952+0200] {example_local_kubernetes_executor.py:41} WARNING - Install Kubernetes dependencies with: pip install apache-airflow[cncf.kubernetes]
[2026-05-07T19:50:08.952+0200] {processor.py:927} WARNING - No viable dags retrieved from /home/rodrigo/Escritorio/BBDDAvanzadas/.venv/lib/python3.12/site-packages/airflow/example_dags/example_local_kubernetes_executor.py
[2026-05-07T19:50:08.959+0200] {processor.py:208} INFO - Processing /home/rodrigo/Escritorio/BBDDAvanzadas/.venv/lib/python3.12/site-packages/airflow/example_dags/example_local_kubernetes_executor.py took 0.016 seconds
[2026-05-07T19:51:46.559+0200] {processor.py:186} INFO - Started process (PID=16413) to work on /home/rodrigo/Escritorio/BBDDAvanzadas/.venv/lib/python3.12/site-packages/airflow/example_dags/example_local_kubernetes_executor.py
[2026-05-07T19:51:46.561+0200] {processor.py:914} INFO - Processing file /home/rodrigo/Escritorio/BBDDAvanzadas/.venv/lib/python3.12/site-packages/airflow/example_dags/example_local_kubernetes_executor.py for tasks to queue
[2026-05-07T19:51:46.562+0200] {logging_mixin.py:190} INFO - [2026-05-07T19:51:46.562+0200] {dagbag.py:588} INFO - Filling up the DagBag from /home/rodrigo/Escritorio/BBDDAvanzadas/.venv/lib/python3.12/site-packages/airflow/example_dags/example_local_kubernetes_executor.py
[2026-05-07T19:51:46.564+0200] {logging_mixin.py:190} INFO - [2026-05-07T19:51:46.564+0200] {example_local_kubernetes_executor.py:40} WARNING - Could not import DAGs in example_local_kubernetes_executor.py
Traceback (most recent call last):
  File "/home/rodrigo/Escritorio/BBDDAvanzadas/.venv/lib/python3.12/site-packages/airflow/example_dags/example_local_kubernetes_executor.py", line 38, in <module>
    from kubernetes.client import models as k8s
ModuleNotFoundError: No module named 'kubernetes'
[2026-05-07T19:51:46.565+0200] {logging_mixin.py:190} INFO - [2026-05-07T19:51:46.565+0200] {example_local_kubernetes_executor.py:41} WARNING - Install Kubernetes dependencies with: pip install apache-airflow[cncf.kubernetes]
[2026-05-07T19:51:46.565+0200] {processor.py:927} WARNING - No viable dags retrieved from /home/rodrigo/Escritorio/BBDDAvanzadas/.venv/lib/python3.12/site-packages/airflow/example_dags/example_local_kubernetes_executor.py
[2026-05-07T19:51:46.572+0200] {processor.py:208} INFO - Processing /home/rodrigo/Escritorio/BBDDAvanzadas/.venv/lib/python3.12/site-packages/airflow/example_dags/example_local_kubernetes_executor.py took 0.017 seconds
[2026-05-07T19:52:56.766+0200] {processor.py:186} INFO - Started process (PID=16678) to work on /home/rodrigo/Escritorio/BBDDAvanzadas/.venv/lib/python3.12/site-packages/airflow/example_dags/example_local_kubernetes_executor.py
[2026-05-07T19:52:56.768+0200] {processor.py:914} INFO - Processing file /home/rodrigo/Escritorio/BBDDAvanzadas/.venv/lib/python3.12/site-packages/airflow/example_dags/example_local_kubernetes_executor.py for tasks to queue
[2026-05-07T19:52:56.771+0200] {logging_mixin.py:190} INFO - [2026-05-07T19:52:56.770+0200] {dagbag.py:588} INFO - Filling up the DagBag from /home/rodrigo/Escritorio/BBDDAvanzadas/.venv/lib/python3.12/site-packages/airflow/example_dags/example_local_kubernetes_executor.py
[2026-05-07T19:52:56.774+0200] {logging_mixin.py:190} INFO - [2026-05-07T19:52:56.773+0200] {example_local_kubernetes_executor.py:40} WARNING - Could not import DAGs in example_local_kubernetes_executor.py
Traceback (most recent call last):
  File "/home/rodrigo/Escritorio/BBDDAvanzadas/.venv/lib/python3.12/site-packages/airflow/example_dags/example_local_kubernetes_executor.py", line 38, in <module>
    from kubernetes.client import models as k8s
ModuleNotFoundError: No module named 'kubernetes'
[2026-05-07T19:52:56.775+0200] {logging_mixin.py:190} INFO - [2026-05-07T19:52:56.774+0200] {example_local_kubernetes_executor.py:41} WARNING - Install Kubernetes dependencies with: pip install apache-airflow[cncf.kubernetes]
[2026-05-07T19:52:56.775+0200] {processor.py:927} WARNING - No viable dags retrieved from /home/rodrigo/Escritorio/BBDDAvanzadas/.venv/lib/python3.12/site-packages/airflow/example_dags/example_local_kubernetes_executor.py
[2026-05-07T19:52:56.789+0200] {processor.py:208} INFO - Processing /home/rodrigo/Escritorio/BBDDAvanzadas/.venv/lib/python3.12/site-packages/airflow/example_dags/example_local_kubernetes_executor.py took 0.028 seconds
[2026-05-07T19:54:09.572+0200] {processor.py:186} INFO - Started process (PID=16811) to work on /home/rodrigo/Escritorio/BBDDAvanzadas/.venv/lib/python3.12/site-packages/airflow/example_dags/example_local_kubernetes_executor.py
[2026-05-07T19:54:09.580+0200] {processor.py:914} INFO - Processing file /home/rodrigo/Escritorio/BBDDAvanzadas/.venv/lib/python3.12/site-packages/airflow/example_dags/example_local_kubernetes_executor.py for tasks to queue
[2026-05-07T19:54:09.592+0200] {logging_mixin.py:190} INFO - [2026-05-07T19:54:09.592+0200] {dagbag.py:588} INFO - Filling up the DagBag from /home/rodrigo/Escritorio/BBDDAvanzadas/.venv/lib/python3.12/site-packages/airflow/example_dags/example_local_kubernetes_executor.py
[2026-05-07T19:54:09.612+0200] {logging_mixin.py:190} INFO - [2026-05-07T19:54:09.610+0200] {example_local_kubernetes_executor.py:40} WARNING - Could not import DAGs in example_local_kubernetes_executor.py
Traceback (most recent call last):
  File "/home/rodrigo/Escritorio/BBDDAvanzadas/.venv/lib/python3.12/site-packages/airflow/example_dags/example_local_kubernetes_executor.py", line 38, in <module>
    from kubernetes.client import models as k8s
ModuleNotFoundError: No module named 'kubernetes'
[2026-05-07T19:54:09.612+0200] {logging_mixin.py:190} INFO - [2026-05-07T19:54:09.612+0200] {example_local_kubernetes_executor.py:41} WARNING - Install Kubernetes dependencies with: pip install apache-airflow[cncf.kubernetes]
[2026-05-07T19:54:09.612+0200] {processor.py:927} WARNING - No viable dags retrieved from /home/rodrigo/Escritorio/BBDDAvanzadas/.venv/lib/python3.12/site-packages/airflow/example_dags/example_local_kubernetes_executor.py
[2026-05-07T19:54:09.626+0200] {processor.py:208} INFO - Processing /home/rodrigo/Escritorio/BBDDAvanzadas/.venv/lib/python3.12/site-packages/airflow/example_dags/example_local_kubernetes_executor.py took 0.062 seconds
[2026-05-07T19:55:22.843+0200] {processor.py:186} INFO - Started process (PID=16965) to work on /home/rodrigo/Escritorio/BBDDAvanzadas/.venv/lib/python3.12/site-packages/airflow/example_dags/example_local_kubernetes_executor.py
[2026-05-07T19:55:22.845+0200] {processor.py:914} INFO - Processing file /home/rodrigo/Escritorio/BBDDAvanzadas/.venv/lib/python3.12/site-packages/airflow/example_dags/example_local_kubernetes_executor.py for tasks to queue
[2026-05-07T19:55:22.847+0200] {logging_mixin.py:190} INFO - [2026-05-07T19:55:22.846+0200] {dagbag.py:588} INFO - Filling up the DagBag from /home/rodrigo/Escritorio/BBDDAvanzadas/.venv/lib/python3.12/site-packages/airflow/example_dags/example_local_kubernetes_executor.py
[2026-05-07T19:55:22.849+0200] {logging_mixin.py:190} INFO - [2026-05-07T19:55:22.848+0200] {example_local_kubernetes_executor.py:40} WARNING - Could not import DAGs in example_local_kubernetes_executor.py
Traceback (most recent call last):
  File "/home/rodrigo/Escritorio/BBDDAvanzadas/.venv/lib/python3.12/site-packages/airflow/example_dags/example_local_kubernetes_executor.py", line 38, in <module>
    from kubernetes.client import models as k8s
ModuleNotFoundError: No module named 'kubernetes'
[2026-05-07T19:55:22.849+0200] {logging_mixin.py:190} INFO - [2026-05-07T19:55:22.849+0200] {example_local_kubernetes_executor.py:41} WARNING - Install Kubernetes dependencies with: pip install apache-airflow[cncf.kubernetes]
[2026-05-07T19:55:22.849+0200] {processor.py:927} WARNING - No viable dags retrieved from /home/rodrigo/Escritorio/BBDDAvanzadas/.venv/lib/python3.12/site-packages/airflow/example_dags/example_local_kubernetes_executor.py
[2026-05-07T19:55:22.856+0200] {processor.py:208} INFO - Processing /home/rodrigo/Escritorio/BBDDAvanzadas/.venv/lib/python3.12/site-packages/airflow/example_dags/example_local_kubernetes_executor.py took 0.017 seconds
[2026-05-07T19:57:25.469+0200] {processor.py:186} INFO - Started process (PID=17059) to work on /home/rodrigo/Escritorio/BBDDAvanzadas/.venv/lib/python3.12/site-packages/airflow/example_dags/example_local_kubernetes_executor.py
[2026-05-07T19:57:25.470+0200] {processor.py:914} INFO - Processing file /home/rodrigo/Escritorio/BBDDAvanzadas/.venv/lib/python3.12/site-packages/airflow/example_dags/example_local_kubernetes_executor.py for tasks to queue
[2026-05-07T19:57:25.472+0200] {logging_mixin.py:190} INFO - [2026-05-07T19:57:25.471+0200] {dagbag.py:588} INFO - Filling up the DagBag from /home/rodrigo/Escritorio/BBDDAvanzadas/.venv/lib/python3.12/site-packages/airflow/example_dags/example_local_kubernetes_executor.py
[2026-05-07T19:57:25.474+0200] {logging_mixin.py:190} INFO - [2026-05-07T19:57:25.474+0200] {example_local_kubernetes_executor.py:40} WARNING - Could not import DAGs in example_local_kubernetes_executor.py
Traceback (most recent call last):
  File "/home/rodrigo/Escritorio/BBDDAvanzadas/.venv/lib/python3.12/site-packages/airflow/example_dags/example_local_kubernetes_executor.py", line 38, in <module>
    from kubernetes.client import models as k8s
ModuleNotFoundError: No module named 'kubernetes'
[2026-05-07T19:57:25.474+0200] {logging_mixin.py:190} INFO - [2026-05-07T19:57:25.474+0200] {example_local_kubernetes_executor.py:41} WARNING - Install Kubernetes dependencies with: pip install apache-airflow[cncf.kubernetes]
[2026-05-07T19:57:25.475+0200] {processor.py:927} WARNING - No viable dags retrieved from /home/rodrigo/Escritorio/BBDDAvanzadas/.venv/lib/python3.12/site-packages/airflow/example_dags/example_local_kubernetes_executor.py
[2026-05-07T19:57:25.485+0200] {processor.py:208} INFO - Processing /home/rodrigo/Escritorio/BBDDAvanzadas/.venv/lib/python3.12/site-packages/airflow/example_dags/example_local_kubernetes_executor.py took 0.022 seconds
[2026-05-07T19:59:32.804+0200] {processor.py:186} INFO - Started process (PID=17162) to work on /home/rodrigo/Escritorio/BBDDAvanzadas/.venv/lib/python3.12/site-packages/airflow/example_dags/example_local_kubernetes_executor.py
[2026-05-07T19:59:32.807+0200] {processor.py:914} INFO - Processing file /home/rodrigo/Escritorio/BBDDAvanzadas/.venv/lib/python3.12/site-packages/airflow/example_dags/example_local_kubernetes_executor.py for tasks to queue
[2026-05-07T19:59:32.810+0200] {logging_mixin.py:190} INFO - [2026-05-07T19:59:32.809+0200] {dagbag.py:588} INFO - Filling up the DagBag from /home/rodrigo/Escritorio/BBDDAvanzadas/.venv/lib/python3.12/site-packages/airflow/example_dags/example_local_kubernetes_executor.py
[2026-05-07T19:59:32.814+0200] {logging_mixin.py:190} INFO - [2026-05-07T19:59:32.813+0200] {example_local_kubernetes_executor.py:40} WARNING - Could not import DAGs in example_local_kubernetes_executor.py
Traceback (most recent call last):
  File "/home/rodrigo/Escritorio/BBDDAvanzadas/.venv/lib/python3.12/site-packages/airflow/example_dags/example_local_kubernetes_executor.py", line 38, in <module>
    from kubernetes.client import models as k8s
ModuleNotFoundError: No module named 'kubernetes'
[2026-05-07T19:59:32.814+0200] {logging_mixin.py:190} INFO - [2026-05-07T19:59:32.814+0200] {example_local_kubernetes_executor.py:41} WARNING - Install Kubernetes dependencies with: pip install apache-airflow[cncf.kubernetes]
[2026-05-07T19:59:32.814+0200] {processor.py:927} WARNING - No viable dags retrieved from /home/rodrigo/Escritorio/BBDDAvanzadas/.venv/lib/python3.12/site-packages/airflow/example_dags/example_local_kubernetes_executor.py
[2026-05-07T19:59:32.827+0200] {processor.py:208} INFO - Processing /home/rodrigo/Escritorio/BBDDAvanzadas/.venv/lib/python3.12/site-packages/airflow/example_dags/example_local_kubernetes_executor.py took 0.028 seconds
[2026-05-07T20:01:07.966+0200] {processor.py:186} INFO - Started process (PID=17388) to work on /home/rodrigo/Escritorio/BBDDAvanzadas/.venv/lib/python3.12/site-packages/airflow/example_dags/example_local_kubernetes_executor.py
[2026-05-07T20:01:07.966+0200] {processor.py:914} INFO - Processing file /home/rodrigo/Escritorio/BBDDAvanzadas/.venv/lib/python3.12/site-packages/airflow/example_dags/example_local_kubernetes_executor.py for tasks to queue
[2026-05-07T20:01:07.968+0200] {logging_mixin.py:190} INFO - [2026-05-07T20:01:07.968+0200] {dagbag.py:588} INFO - Filling up the DagBag from /home/rodrigo/Escritorio/BBDDAvanzadas/.venv/lib/python3.12/site-packages/airflow/example_dags/example_local_kubernetes_executor.py
[2026-05-07T20:01:07.970+0200] {logging_mixin.py:190} INFO - [2026-05-07T20:01:07.970+0200] {example_local_kubernetes_executor.py:40} WARNING - Could not import DAGs in example_local_kubernetes_executor.py
Traceback (most recent call last):
  File "/home/rodrigo/Escritorio/BBDDAvanzadas/.venv/lib/python3.12/site-packages/airflow/example_dags/example_local_kubernetes_executor.py", line 38, in <module>
    from kubernetes.client import models as k8s
ModuleNotFoundError: No module named 'kubernetes'
[2026-05-07T20:01:07.970+0200] {logging_mixin.py:190} INFO - [2026-05-07T20:01:07.970+0200] {example_local_kubernetes_executor.py:41} WARNING - Install Kubernetes dependencies with: pip install apache-airflow[cncf.kubernetes]
[2026-05-07T20:01:07.971+0200] {processor.py:927} WARNING - No viable dags retrieved from /home/rodrigo/Escritorio/BBDDAvanzadas/.venv/lib/python3.12/site-packages/airflow/example_dags/example_local_kubernetes_executor.py
[2026-05-07T20:01:07.978+0200] {processor.py:208} INFO - Processing /home/rodrigo/Escritorio/BBDDAvanzadas/.venv/lib/python3.12/site-packages/airflow/example_dags/example_local_kubernetes_executor.py took 0.017 seconds
[2026-05-07T20:02:11.235+0200] {processor.py:186} INFO - Started process (PID=17551) to work on /home/rodrigo/Escritorio/BBDDAvanzadas/.venv/lib/python3.12/site-packages/airflow/example_dags/example_local_kubernetes_executor.py
[2026-05-07T20:02:11.248+0200] {processor.py:914} INFO - Processing file /home/rodrigo/Escritorio/BBDDAvanzadas/.venv/lib/python3.12/site-packages/airflow/example_dags/example_local_kubernetes_executor.py for tasks to queue
[2026-05-07T20:02:11.250+0200] {logging_mixin.py:190} INFO - [2026-05-07T20:02:11.250+0200] {dagbag.py:588} INFO - Filling up the DagBag from /home/rodrigo/Escritorio/BBDDAvanzadas/.venv/lib/python3.12/site-packages/airflow/example_dags/example_local_kubernetes_executor.py
[2026-05-07T20:02:11.253+0200] {logging_mixin.py:190} INFO - [2026-05-07T20:02:11.252+0200] {example_local_kubernetes_executor.py:40} WARNING - Could not import DAGs in example_local_kubernetes_executor.py
Traceback (most recent call last):
  File "/home/rodrigo/Escritorio/BBDDAvanzadas/.venv/lib/python3.12/site-packages/airflow/example_dags/example_local_kubernetes_executor.py", line 38, in <module>
    from kubernetes.client import models as k8s
ModuleNotFoundError: No module named 'kubernetes'
[2026-05-07T20:02:11.253+0200] {logging_mixin.py:190} INFO - [2026-05-07T20:02:11.253+0200] {example_local_kubernetes_executor.py:41} WARNING - Install Kubernetes dependencies with: pip install apache-airflow[cncf.kubernetes]
[2026-05-07T20:02:11.253+0200] {processor.py:927} WARNING - No viable dags retrieved from /home/rodrigo/Escritorio/BBDDAvanzadas/.venv/lib/python3.12/site-packages/airflow/example_dags/example_local_kubernetes_executor.py
[2026-05-07T20:02:11.274+0200] {processor.py:208} INFO - Processing /home/rodrigo/Escritorio/BBDDAvanzadas/.venv/lib/python3.12/site-packages/airflow/example_dags/example_local_kubernetes_executor.py took 0.059 seconds
[2026-05-07T20:03:09.751+0200] {processor.py:186} INFO - Started process (PID=17701) to work on /home/rodrigo/Escritorio/BBDDAvanzadas/.venv/lib/python3.12/site-packages/airflow/example_dags/example_local_kubernetes_executor.py
[2026-05-07T20:03:09.752+0200] {processor.py:914} INFO - Processing file /home/rodrigo/Escritorio/BBDDAvanzadas/.venv/lib/python3.12/site-packages/airflow/example_dags/example_local_kubernetes_executor.py for tasks to queue
[2026-05-07T20:03:09.753+0200] {logging_mixin.py:190} INFO - [2026-05-07T20:03:09.753+0200] {dagbag.py:588} INFO - Filling up the DagBag from /home/rodrigo/Escritorio/BBDDAvanzadas/.venv/lib/python3.12/site-packages/airflow/example_dags/example_local_kubernetes_executor.py
[2026-05-07T20:03:09.756+0200] {logging_mixin.py:190} INFO - [2026-05-07T20:03:09.755+0200] {example_local_kubernetes_executor.py:40} WARNING - Could not import DAGs in example_local_kubernetes_executor.py
Traceback (most recent call last):
  File "/home/rodrigo/Escritorio/BBDDAvanzadas/.venv/lib/python3.12/site-packages/airflow/example_dags/example_local_kubernetes_executor.py", line 38, in <module>
    from kubernetes.client import models as k8s
ModuleNotFoundError: No module named 'kubernetes'
[2026-05-07T20:03:09.756+0200] {logging_mixin.py:190} INFO - [2026-05-07T20:03:09.756+0200] {example_local_kubernetes_executor.py:41} WARNING - Install Kubernetes dependencies with: pip install apache-airflow[cncf.kubernetes]
[2026-05-07T20:03:09.756+0200] {processor.py:927} WARNING - No viable dags retrieved from /home/rodrigo/Escritorio/BBDDAvanzadas/.venv/lib/python3.12/site-packages/airflow/example_dags/example_local_kubernetes_executor.py
[2026-05-07T20:03:09.765+0200] {processor.py:208} INFO - Processing /home/rodrigo/Escritorio/BBDDAvanzadas/.venv/lib/python3.12/site-packages/airflow/example_dags/example_local_kubernetes_executor.py took 0.019 seconds
[2026-05-07T20:04:08.827+0200] {processor.py:186} INFO - Started process (PID=17827) to work on /home/rodrigo/Escritorio/BBDDAvanzadas/.venv/lib/python3.12/site-packages/airflow/example_dags/example_local_kubernetes_executor.py
[2026-05-07T20:04:08.829+0200] {processor.py:914} INFO - Processing file /home/rodrigo/Escritorio/BBDDAvanzadas/.venv/lib/python3.12/site-packages/airflow/example_dags/example_local_kubernetes_executor.py for tasks to queue
[2026-05-07T20:04:08.830+0200] {logging_mixin.py:190} INFO - [2026-05-07T20:04:08.830+0200] {dagbag.py:588} INFO - Filling up the DagBag from /home/rodrigo/Escritorio/BBDDAvanzadas/.venv/lib/python3.12/site-packages/airflow/example_dags/example_local_kubernetes_executor.py
[2026-05-07T20:04:08.832+0200] {logging_mixin.py:190} INFO - [2026-05-07T20:04:08.832+0200] {example_local_kubernetes_executor.py:40} WARNING - Could not import DAGs in example_local_kubernetes_executor.py
Traceback (most recent call last):
  File "/home/rodrigo/Escritorio/BBDDAvanzadas/.venv/lib/python3.12/site-packages/airflow/example_dags/example_local_kubernetes_executor.py", line 38, in <module>
    from kubernetes.client import models as k8s
ModuleNotFoundError: No module named 'kubernetes'
[2026-05-07T20:04:08.833+0200] {logging_mixin.py:190} INFO - [2026-05-07T20:04:08.833+0200] {example_local_kubernetes_executor.py:41} WARNING - Install Kubernetes dependencies with: pip install apache-airflow[cncf.kubernetes]
[2026-05-07T20:04:08.833+0200] {processor.py:927} WARNING - No viable dags retrieved from /home/rodrigo/Escritorio/BBDDAvanzadas/.venv/lib/python3.12/site-packages/airflow/example_dags/example_local_kubernetes_executor.py
[2026-05-07T20:04:08.840+0200] {processor.py:208} INFO - Processing /home/rodrigo/Escritorio/BBDDAvanzadas/.venv/lib/python3.12/site-packages/airflow/example_dags/example_local_kubernetes_executor.py took 0.017 seconds
[2026-05-07T20:05:13.020+0200] {processor.py:186} INFO - Started process (PID=17951) to work on /home/rodrigo/Escritorio/BBDDAvanzadas/.venv/lib/python3.12/site-packages/airflow/example_dags/example_local_kubernetes_executor.py
[2026-05-07T20:05:13.022+0200] {processor.py:914} INFO - Processing file /home/rodrigo/Escritorio/BBDDAvanzadas/.venv/lib/python3.12/site-packages/airflow/example_dags/example_local_kubernetes_executor.py for tasks to queue
[2026-05-07T20:05:13.024+0200] {logging_mixin.py:190} INFO - [2026-05-07T20:05:13.023+0200] {dagbag.py:588} INFO - Filling up the DagBag from /home/rodrigo/Escritorio/BBDDAvanzadas/.venv/lib/python3.12/site-packages/airflow/example_dags/example_local_kubernetes_executor.py
[2026-05-07T20:05:13.027+0200] {logging_mixin.py:190} INFO - [2026-05-07T20:05:13.026+0200] {example_local_kubernetes_executor.py:40} WARNING - Could not import DAGs in example_local_kubernetes_executor.py
Traceback (most recent call last):
  File "/home/rodrigo/Escritorio/BBDDAvanzadas/.venv/lib/python3.12/site-packages/airflow/example_dags/example_local_kubernetes_executor.py", line 38, in <module>
    from kubernetes.client import models as k8s
ModuleNotFoundError: No module named 'kubernetes'
[2026-05-07T20:05:13.027+0200] {logging_mixin.py:190} INFO - [2026-05-07T20:05:13.027+0200] {example_local_kubernetes_executor.py:41} WARNING - Install Kubernetes dependencies with: pip install apache-airflow[cncf.kubernetes]
[2026-05-07T20:05:13.027+0200] {processor.py:927} WARNING - No viable dags retrieved from /home/rodrigo/Escritorio/BBDDAvanzadas/.venv/lib/python3.12/site-packages/airflow/example_dags/example_local_kubernetes_executor.py
[2026-05-07T20:05:13.036+0200] {processor.py:208} INFO - Processing /home/rodrigo/Escritorio/BBDDAvanzadas/.venv/lib/python3.12/site-packages/airflow/example_dags/example_local_kubernetes_executor.py took 0.025 seconds
[2026-05-07T20:06:14.213+0200] {processor.py:186} INFO - Started process (PID=18070) to work on /home/rodrigo/Escritorio/BBDDAvanzadas/.venv/lib/python3.12/site-packages/airflow/example_dags/example_local_kubernetes_executor.py
[2026-05-07T20:06:14.215+0200] {processor.py:914} INFO - Processing file /home/rodrigo/Escritorio/BBDDAvanzadas/.venv/lib/python3.12/site-packages/airflow/example_dags/example_local_kubernetes_executor.py for tasks to queue
[2026-05-07T20:06:14.217+0200] {logging_mixin.py:190} INFO - [2026-05-07T20:06:14.216+0200] {dagbag.py:588} INFO - Filling up the DagBag from /home/rodrigo/Escritorio/BBDDAvanzadas/.venv/lib/python3.12/site-packages/airflow/example_dags/example_local_kubernetes_executor.py
[2026-05-07T20:06:14.219+0200] {logging_mixin.py:190} INFO - [2026-05-07T20:06:14.219+0200] {example_local_kubernetes_executor.py:40} WARNING - Could not import DAGs in example_local_kubernetes_executor.py
Traceback (most recent call last):
  File "/home/rodrigo/Escritorio/BBDDAvanzadas/.venv/lib/python3.12/site-packages/airflow/example_dags/example_local_kubernetes_executor.py", line 38, in <module>
    from kubernetes.client import models as k8s
ModuleNotFoundError: No module named 'kubernetes'
[2026-05-07T20:06:14.219+0200] {logging_mixin.py:190} INFO - [2026-05-07T20:06:14.219+0200] {example_local_kubernetes_executor.py:41} WARNING - Install Kubernetes dependencies with: pip install apache-airflow[cncf.kubernetes]
[2026-05-07T20:06:14.220+0200] {processor.py:927} WARNING - No viable dags retrieved from /home/rodrigo/Escritorio/BBDDAvanzadas/.venv/lib/python3.12/site-packages/airflow/example_dags/example_local_kubernetes_executor.py
[2026-05-07T20:06:14.227+0200] {processor.py:208} INFO - Processing /home/rodrigo/Escritorio/BBDDAvanzadas/.venv/lib/python3.12/site-packages/airflow/example_dags/example_local_kubernetes_executor.py took 0.018 seconds
[2026-05-07T20:07:13.279+0200] {processor.py:186} INFO - Started process (PID=18190) to work on /home/rodrigo/Escritorio/BBDDAvanzadas/.venv/lib/python3.12/site-packages/airflow/example_dags/example_local_kubernetes_executor.py
[2026-05-07T20:07:13.280+0200] {processor.py:914} INFO - Processing file /home/rodrigo/Escritorio/BBDDAvanzadas/.venv/lib/python3.12/site-packages/airflow/example_dags/example_local_kubernetes_executor.py for tasks to queue
[2026-05-07T20:07:13.282+0200] {logging_mixin.py:190} INFO - [2026-05-07T20:07:13.281+0200] {dagbag.py:588} INFO - Filling up the DagBag from /home/rodrigo/Escritorio/BBDDAvanzadas/.venv/lib/python3.12/site-packages/airflow/example_dags/example_local_kubernetes_executor.py
[2026-05-07T20:07:13.284+0200] {logging_mixin.py:190} INFO - [2026-05-07T20:07:13.284+0200] {example_local_kubernetes_executor.py:40} WARNING - Could not import DAGs in example_local_kubernetes_executor.py
Traceback (most recent call last):
  File "/home/rodrigo/Escritorio/BBDDAvanzadas/.venv/lib/python3.12/site-packages/airflow/example_dags/example_local_kubernetes_executor.py", line 38, in <module>
    from kubernetes.client import models as k8s
ModuleNotFoundError: No module named 'kubernetes'
[2026-05-07T20:07:13.285+0200] {logging_mixin.py:190} INFO - [2026-05-07T20:07:13.285+0200] {example_local_kubernetes_executor.py:41} WARNING - Install Kubernetes dependencies with: pip install apache-airflow[cncf.kubernetes]
[2026-05-07T20:07:13.285+0200] {processor.py:927} WARNING - No viable dags retrieved from /home/rodrigo/Escritorio/BBDDAvanzadas/.venv/lib/python3.12/site-packages/airflow/example_dags/example_local_kubernetes_executor.py
[2026-05-07T20:07:13.293+0200] {processor.py:208} INFO - Processing /home/rodrigo/Escritorio/BBDDAvanzadas/.venv/lib/python3.12/site-packages/airflow/example_dags/example_local_kubernetes_executor.py took 0.025 seconds
[2026-05-07T20:08:11.524+0200] {processor.py:186} INFO - Started process (PID=18322) to work on /home/rodrigo/Escritorio/BBDDAvanzadas/.venv/lib/python3.12/site-packages/airflow/example_dags/example_local_kubernetes_executor.py
[2026-05-07T20:08:11.525+0200] {processor.py:914} INFO - Processing file /home/rodrigo/Escritorio/BBDDAvanzadas/.venv/lib/python3.12/site-packages/airflow/example_dags/example_local_kubernetes_executor.py for tasks to queue
[2026-05-07T20:08:11.526+0200] {logging_mixin.py:190} INFO - [2026-05-07T20:08:11.526+0200] {dagbag.py:588} INFO - Filling up the DagBag from /home/rodrigo/Escritorio/BBDDAvanzadas/.venv/lib/python3.12/site-packages/airflow/example_dags/example_local_kubernetes_executor.py
[2026-05-07T20:08:11.529+0200] {logging_mixin.py:190} INFO - [2026-05-07T20:08:11.529+0200] {example_local_kubernetes_executor.py:40} WARNING - Could not import DAGs in example_local_kubernetes_executor.py
Traceback (most recent call last):
  File "/home/rodrigo/Escritorio/BBDDAvanzadas/.venv/lib/python3.12/site-packages/airflow/example_dags/example_local_kubernetes_executor.py", line 38, in <module>
    from kubernetes.client import models as k8s
ModuleNotFoundError: No module named 'kubernetes'
[2026-05-07T20:08:11.530+0200] {logging_mixin.py:190} INFO - [2026-05-07T20:08:11.530+0200] {example_local_kubernetes_executor.py:41} WARNING - Install Kubernetes dependencies with: pip install apache-airflow[cncf.kubernetes]
[2026-05-07T20:08:11.530+0200] {processor.py:927} WARNING - No viable dags retrieved from /home/rodrigo/Escritorio/BBDDAvanzadas/.venv/lib/python3.12/site-packages/airflow/example_dags/example_local_kubernetes_executor.py
[2026-05-07T20:08:11.543+0200] {processor.py:208} INFO - Processing /home/rodrigo/Escritorio/BBDDAvanzadas/.venv/lib/python3.12/site-packages/airflow/example_dags/example_local_kubernetes_executor.py took 0.024 seconds
[2026-05-07T20:09:22.897+0200] {processor.py:186} INFO - Started process (PID=18521) to work on /home/rodrigo/Escritorio/BBDDAvanzadas/.venv/lib/python3.12/site-packages/airflow/example_dags/example_local_kubernetes_executor.py
[2026-05-07T20:09:22.910+0200] {processor.py:914} INFO - Processing file /home/rodrigo/Escritorio/BBDDAvanzadas/.venv/lib/python3.12/site-packages/airflow/example_dags/example_local_kubernetes_executor.py for tasks to queue
[2026-05-07T20:09:22.916+0200] {logging_mixin.py:190} INFO - [2026-05-07T20:09:22.916+0200] {dagbag.py:588} INFO - Filling up the DagBag from /home/rodrigo/Escritorio/BBDDAvanzadas/.venv/lib/python3.12/site-packages/airflow/example_dags/example_local_kubernetes_executor.py
[2026-05-07T20:09:22.922+0200] {logging_mixin.py:190} INFO - [2026-05-07T20:09:22.920+0200] {example_local_kubernetes_executor.py:40} WARNING - Could not import DAGs in example_local_kubernetes_executor.py
Traceback (most recent call last):
  File "/home/rodrigo/Escritorio/BBDDAvanzadas/.venv/lib/python3.12/site-packages/airflow/example_dags/example_local_kubernetes_executor.py", line 38, in <module>
    from kubernetes.client import models as k8s
ModuleNotFoundError: No module named 'kubernetes'
[2026-05-07T20:09:22.923+0200] {logging_mixin.py:190} INFO - [2026-05-07T20:09:22.923+0200] {example_local_kubernetes_executor.py:41} WARNING - Install Kubernetes dependencies with: pip install apache-airflow[cncf.kubernetes]
[2026-05-07T20:09:22.923+0200] {processor.py:927} WARNING - No viable dags retrieved from /home/rodrigo/Escritorio/BBDDAvanzadas/.venv/lib/python3.12/site-packages/airflow/example_dags/example_local_kubernetes_executor.py
[2026-05-07T20:09:22.946+0200] {processor.py:208} INFO - Processing /home/rodrigo/Escritorio/BBDDAvanzadas/.venv/lib/python3.12/site-packages/airflow/example_dags/example_local_kubernetes_executor.py took 0.075 seconds
