[2026-05-07T19:32:37.911+0200] {processor.py:186} INFO - Started process (PID=14385) to work on /home/rodrigo/Escritorio/BBDDAvanzadas/.venv/lib/python3.12/site-packages/airflow/example_dags/example_sensor_decorator.py
[2026-05-07T19:32:37.912+0200] {processor.py:914} INFO - Processing file /home/rodrigo/Escritorio/BBDDAvanzadas/.venv/lib/python3.12/site-packages/airflow/example_dags/example_sensor_decorator.py for tasks to queue
[2026-05-07T19:32:37.913+0200] {logging_mixin.py:190} INFO - [2026-05-07T19:32:37.913+0200] {dagbag.py:588} INFO - Filling up the DagBag from /home/rodrigo/Escritorio/BBDDAvanzadas/.venv/lib/python3.12/site-packages/airflow/example_dags/example_sensor_decorator.py
[2026-05-07T19:32:37.920+0200] {processor.py:925} INFO - DAG(s) 'example_sensor_decorator' retrieved from /home/rodrigo/Escritorio/BBDDAvanzadas/.venv/lib/python3.12/site-packages/airflow/example_dags/example_sensor_decorator.py
[2026-05-07T19:32:37.999+0200] {logging_mixin.py:190} INFO - [2026-05-07T19:32:37.998+0200] {override.py:1930} INFO - Created Permission View: can read on DAG:example_sensor_decorator
[2026-05-07T19:32:38.011+0200] {logging_mixin.py:190} INFO - [2026-05-07T19:32:38.011+0200] {override.py:1930} INFO - Created Permission View: can edit on DAG:example_sensor_decorator
[2026-05-07T19:32:38.020+0200] {logging_mixin.py:190} INFO - [2026-05-07T19:32:38.019+0200] {override.py:1930} INFO - Created Permission View: can delete on DAG:example_sensor_decorator
[2026-05-07T19:32:38.033+0200] {logging_mixin.py:190} INFO - [2026-05-07T19:32:38.033+0200] {override.py:1930} INFO - Created Permission View: can create on DAG Run:example_sensor_decorator
[2026-05-07T19:32:38.041+0200] {logging_mixin.py:190} INFO - [2026-05-07T19:32:38.041+0200] {override.py:1930} INFO - Created Permission View: can read on DAG Run:example_sensor_decorator
[2026-05-07T19:32:38.049+0200] {logging_mixin.py:190} INFO - [2026-05-07T19:32:38.049+0200] {override.py:1930} INFO - Created Permission View: menu access on DAG Run:example_sensor_decorator
[2026-05-07T19:32:38.059+0200] {logging_mixin.py:190} INFO - [2026-05-07T19:32:38.059+0200] {override.py:1930} INFO - Created Permission View: can delete on DAG Run:example_sensor_decorator
[2026-05-07T19:32:38.060+0200] {logging_mixin.py:190} INFO - [2026-05-07T19:32:38.059+0200] {dag.py:3239} INFO - Sync 1 DAGs
[2026-05-07T19:32:38.067+0200] {logging_mixin.py:190} INFO - [2026-05-07T19:32:38.067+0200] {dag.py:3262} INFO - Creating ORM DAG for example_sensor_decorator
[2026-05-07T19:32:38.068+0200] {logging_mixin.py:190} INFO - [2026-05-07T19:32:38.068+0200] {dag.py:4180} INFO - Setting next_dagrun for example_sensor_decorator to None, run_after=None
[2026-05-07T19:32:38.103+0200] {processor.py:208} INFO - Processing /home/rodrigo/Escritorio/BBDDAvanzadas/.venv/lib/python3.12/site-packages/airflow/example_dags/example_sensor_decorator.py took 0.196 seconds
[2026-05-07T19:37:27.741+0200] {processor.py:186} INFO - Started process (PID=14861) to work on /home/rodrigo/Escritorio/BBDDAvanzadas/.venv/lib/python3.12/site-packages/airflow/example_dags/example_sensor_decorator.py
[2026-05-07T19:37:27.743+0200] {processor.py:914} INFO - Processing file /home/rodrigo/Escritorio/BBDDAvanzadas/.venv/lib/python3.12/site-packages/airflow/example_dags/example_sensor_decorator.py for tasks to queue
[2026-05-07T19:37:27.744+0200] {logging_mixin.py:190} INFO - [2026-05-07T19:37:27.744+0200] {dagbag.py:588} INFO - Filling up the DagBag from /home/rodrigo/Escritorio/BBDDAvanzadas/.venv/lib/python3.12/site-packages/airflow/example_dags/example_sensor_decorator.py
[2026-05-07T19:37:27.750+0200] {processor.py:925} INFO - DAG(s) 'example_sensor_decorator' retrieved from /home/rodrigo/Escritorio/BBDDAvanzadas/.venv/lib/python3.12/site-packages/airflow/example_dags/example_sensor_decorator.py
[2026-05-07T19:37:27.761+0200] {logging_mixin.py:190} INFO - [2026-05-07T19:37:27.761+0200] {dag.py:3239} INFO - Sync 1 DAGs
[2026-05-07T19:37:27.770+0200] {logging_mixin.py:190} INFO - [2026-05-07T19:37:27.770+0200] {dag.py:4180} INFO - Setting next_dagrun for example_sensor_decorator to None, run_after=None
[2026-05-07T19:37:27.784+0200] {processor.py:208} INFO - Processing /home/rodrigo/Escritorio/BBDDAvanzadas/.venv/lib/python3.12/site-packages/airflow/example_dags/example_sensor_decorator.py took 0.047 seconds
[2026-05-07T19:38:32.074+0200] {processor.py:186} INFO - Started process (PID=14977) to work on /home/rodrigo/Escritorio/BBDDAvanzadas/.venv/lib/python3.12/site-packages/airflow/example_dags/example_sensor_decorator.py
[2026-05-07T19:38:32.077+0200] {processor.py:914} INFO - Processing file /home/rodrigo/Escritorio/BBDDAvanzadas/.venv/lib/python3.12/site-packages/airflow/example_dags/example_sensor_decorator.py for tasks to queue
[2026-05-07T19:38:32.078+0200] {logging_mixin.py:190} INFO - [2026-05-07T19:38:32.078+0200] {dagbag.py:588} INFO - Filling up the DagBag from /home/rodrigo/Escritorio/BBDDAvanzadas/.venv/lib/python3.12/site-packages/airflow/example_dags/example_sensor_decorator.py
[2026-05-07T19:38:32.086+0200] {processor.py:925} INFO - DAG(s) 'example_sensor_decorator' retrieved from /home/rodrigo/Escritorio/BBDDAvanzadas/.venv/lib/python3.12/site-packages/airflow/example_dags/example_sensor_decorator.py
[2026-05-07T19:38:32.112+0200] {logging_mixin.py:190} INFO - [2026-05-07T19:38:32.111+0200] {dag.py:3239} INFO - Sync 1 DAGs
[2026-05-07T19:38:32.131+0200] {logging_mixin.py:190} INFO - [2026-05-07T19:38:32.131+0200] {dag.py:4180} INFO - Setting next_dagrun for example_sensor_decorator to None, run_after=None
[2026-05-07T19:38:32.238+0200] {processor.py:208} INFO - Processing /home/rodrigo/Escritorio/BBDDAvanzadas/.venv/lib/python3.12/site-packages/airflow/example_dags/example_sensor_decorator.py took 0.171 seconds
[2026-05-07T19:39:56.247+0200] {processor.py:186} INFO - Started process (PID=15073) to work on /home/rodrigo/Escritorio/BBDDAvanzadas/.venv/lib/python3.12/site-packages/airflow/example_dags/example_sensor_decorator.py
[2026-05-07T19:39:56.250+0200] {processor.py:914} INFO - Processing file /home/rodrigo/Escritorio/BBDDAvanzadas/.venv/lib/python3.12/site-packages/airflow/example_dags/example_sensor_decorator.py for tasks to queue
[2026-05-07T19:39:56.252+0200] {logging_mixin.py:190} INFO - [2026-05-07T19:39:56.251+0200] {dagbag.py:588} INFO - Filling up the DagBag from /home/rodrigo/Escritorio/BBDDAvanzadas/.venv/lib/python3.12/site-packages/airflow/example_dags/example_sensor_decorator.py
[2026-05-07T19:39:56.258+0200] {processor.py:925} INFO - DAG(s) 'example_sensor_decorator' retrieved from /home/rodrigo/Escritorio/BBDDAvanzadas/.venv/lib/python3.12/site-packages/airflow/example_dags/example_sensor_decorator.py
[2026-05-07T19:39:56.274+0200] {logging_mixin.py:190} INFO - [2026-05-07T19:39:56.274+0200] {dag.py:3239} INFO - Sync 1 DAGs
[2026-05-07T19:39:56.294+0200] {logging_mixin.py:190} INFO - [2026-05-07T19:39:56.293+0200] {dag.py:4180} INFO - Setting next_dagrun for example_sensor_decorator to None, run_after=None
[2026-05-07T19:39:56.337+0200] {processor.py:208} INFO - Processing /home/rodrigo/Escritorio/BBDDAvanzadas/.venv/lib/python3.12/site-packages/airflow/example_dags/example_sensor_decorator.py took 0.095 seconds
[2026-05-07T19:41:24.207+0200] {processor.py:186} INFO - Started process (PID=15191) to work on /home/rodrigo/Escritorio/BBDDAvanzadas/.venv/lib/python3.12/site-packages/airflow/example_dags/example_sensor_decorator.py
[2026-05-07T19:41:24.214+0200] {processor.py:914} INFO - Processing file /home/rodrigo/Escritorio/BBDDAvanzadas/.venv/lib/python3.12/site-packages/airflow/example_dags/example_sensor_decorator.py for tasks to queue
[2026-05-07T19:41:24.218+0200] {logging_mixin.py:190} INFO - [2026-05-07T19:41:24.217+0200] {dagbag.py:588} INFO - Filling up the DagBag from /home/rodrigo/Escritorio/BBDDAvanzadas/.venv/lib/python3.12/site-packages/airflow/example_dags/example_sensor_decorator.py
[2026-05-07T19:41:24.249+0200] {processor.py:925} INFO - DAG(s) 'example_sensor_decorator' retrieved from /home/rodrigo/Escritorio/BBDDAvanzadas/.venv/lib/python3.12/site-packages/airflow/example_dags/example_sensor_decorator.py
[2026-05-07T19:41:24.264+0200] {logging_mixin.py:190} INFO - [2026-05-07T19:41:24.263+0200] {dag.py:3239} INFO - Sync 1 DAGs
[2026-05-07T19:41:24.286+0200] {logging_mixin.py:190} INFO - [2026-05-07T19:41:24.284+0200] {dag.py:4180} INFO - Setting next_dagrun for example_sensor_decorator to None, run_after=None
[2026-05-07T19:41:24.339+0200] {processor.py:208} INFO - Processing /home/rodrigo/Escritorio/BBDDAvanzadas/.venv/lib/python3.12/site-packages/airflow/example_dags/example_sensor_decorator.py took 0.136 seconds
[2026-05-07T19:42:42.869+0200] {processor.py:186} INFO - Started process (PID=15445) to work on /home/rodrigo/Escritorio/BBDDAvanzadas/.venv/lib/python3.12/site-packages/airflow/example_dags/example_sensor_decorator.py
[2026-05-07T19:42:42.871+0200] {processor.py:914} INFO - Processing file /home/rodrigo/Escritorio/BBDDAvanzadas/.venv/lib/python3.12/site-packages/airflow/example_dags/example_sensor_decorator.py for tasks to queue
[2026-05-07T19:42:42.873+0200] {logging_mixin.py:190} INFO - [2026-05-07T19:42:42.872+0200] {dagbag.py:588} INFO - Filling up the DagBag from /home/rodrigo/Escritorio/BBDDAvanzadas/.venv/lib/python3.12/site-packages/airflow/example_dags/example_sensor_decorator.py
[2026-05-07T19:42:42.879+0200] {processor.py:925} INFO - DAG(s) 'example_sensor_decorator' retrieved from /home/rodrigo/Escritorio/BBDDAvanzadas/.venv/lib/python3.12/site-packages/airflow/example_dags/example_sensor_decorator.py
[2026-05-07T19:42:42.889+0200] {logging_mixin.py:190} INFO - [2026-05-07T19:42:42.889+0200] {dag.py:3239} INFO - Sync 1 DAGs
[2026-05-07T19:42:42.897+0200] {logging_mixin.py:190} INFO - [2026-05-07T19:42:42.896+0200] {dag.py:4180} INFO - Setting next_dagrun for example_sensor_decorator to None, run_after=None
[2026-05-07T19:42:42.911+0200] {processor.py:208} INFO - Processing /home/rodrigo/Escritorio/BBDDAvanzadas/.venv/lib/python3.12/site-packages/airflow/example_dags/example_sensor_decorator.py took 0.046 seconds
[2026-05-07T19:43:53.653+0200] {processor.py:186} INFO - Started process (PID=15640) to work on /home/rodrigo/Escritorio/BBDDAvanzadas/.venv/lib/python3.12/site-packages/airflow/example_dags/example_sensor_decorator.py
[2026-05-07T19:43:53.654+0200] {processor.py:914} INFO - Processing file /home/rodrigo/Escritorio/BBDDAvanzadas/.venv/lib/python3.12/site-packages/airflow/example_dags/example_sensor_decorator.py for tasks to queue
[2026-05-07T19:43:53.655+0200] {logging_mixin.py:190} INFO - [2026-05-07T19:43:53.655+0200] {dagbag.py:588} INFO - Filling up the DagBag from /home/rodrigo/Escritorio/BBDDAvanzadas/.venv/lib/python3.12/site-packages/airflow/example_dags/example_sensor_decorator.py
[2026-05-07T19:43:53.661+0200] {processor.py:925} INFO - DAG(s) 'example_sensor_decorator' retrieved from /home/rodrigo/Escritorio/BBDDAvanzadas/.venv/lib/python3.12/site-packages/airflow/example_dags/example_sensor_decorator.py
[2026-05-07T19:43:53.672+0200] {logging_mixin.py:190} INFO - [2026-05-07T19:43:53.671+0200] {dag.py:3239} INFO - Sync 1 DAGs
[2026-05-07T19:43:53.790+0200] {logging_mixin.py:190} INFO - [2026-05-07T19:43:53.790+0200] {dag.py:4180} INFO - Setting next_dagrun for example_sensor_decorator to None, run_after=None
[2026-05-07T19:43:53.808+0200] {processor.py:208} INFO - Processing /home/rodrigo/Escritorio/BBDDAvanzadas/.venv/lib/python3.12/site-packages/airflow/example_dags/example_sensor_decorator.py took 0.160 seconds
[2026-05-07T19:45:35.838+0200] {processor.py:186} INFO - Started process (PID=15893) to work on /home/rodrigo/Escritorio/BBDDAvanzadas/.venv/lib/python3.12/site-packages/airflow/example_dags/example_sensor_decorator.py
[2026-05-07T19:45:35.840+0200] {processor.py:914} INFO - Processing file /home/rodrigo/Escritorio/BBDDAvanzadas/.venv/lib/python3.12/site-packages/airflow/example_dags/example_sensor_decorator.py for tasks to queue
[2026-05-07T19:45:35.842+0200] {logging_mixin.py:190} INFO - [2026-05-07T19:45:35.842+0200] {dagbag.py:588} INFO - Filling up the DagBag from /home/rodrigo/Escritorio/BBDDAvanzadas/.venv/lib/python3.12/site-packages/airflow/example_dags/example_sensor_decorator.py
[2026-05-07T19:45:35.848+0200] {processor.py:925} INFO - DAG(s) 'example_sensor_decorator' retrieved from /home/rodrigo/Escritorio/BBDDAvanzadas/.venv/lib/python3.12/site-packages/airflow/example_dags/example_sensor_decorator.py
[2026-05-07T19:45:35.859+0200] {logging_mixin.py:190} INFO - [2026-05-07T19:45:35.859+0200] {dag.py:3239} INFO - Sync 1 DAGs
[2026-05-07T19:45:35.869+0200] {logging_mixin.py:190} INFO - [2026-05-07T19:45:35.869+0200] {dag.py:4180} INFO - Setting next_dagrun for example_sensor_decorator to None, run_after=None
[2026-05-07T19:45:35.887+0200] {processor.py:208} INFO - Processing /home/rodrigo/Escritorio/BBDDAvanzadas/.venv/lib/python3.12/site-packages/airflow/example_dags/example_sensor_decorator.py took 0.053 seconds
[2026-05-07T19:47:09.339+0200] {processor.py:186} INFO - Started process (PID=16035) to work on /home/rodrigo/Escritorio/BBDDAvanzadas/.venv/lib/python3.12/site-packages/airflow/example_dags/example_sensor_decorator.py
[2026-05-07T19:47:09.341+0200] {processor.py:914} INFO - Processing file /home/rodrigo/Escritorio/BBDDAvanzadas/.venv/lib/python3.12/site-packages/airflow/example_dags/example_sensor_decorator.py for tasks to queue
[2026-05-07T19:47:09.342+0200] {logging_mixin.py:190} INFO - [2026-05-07T19:47:09.342+0200] {dagbag.py:588} INFO - Filling up the DagBag from /home/rodrigo/Escritorio/BBDDAvanzadas/.venv/lib/python3.12/site-packages/airflow/example_dags/example_sensor_decorator.py
[2026-05-07T19:47:09.349+0200] {processor.py:925} INFO - DAG(s) 'example_sensor_decorator' retrieved from /home/rodrigo/Escritorio/BBDDAvanzadas/.venv/lib/python3.12/site-packages/airflow/example_dags/example_sensor_decorator.py
[2026-05-07T19:47:09.360+0200] {logging_mixin.py:190} INFO - [2026-05-07T19:47:09.360+0200] {dag.py:3239} INFO - Sync 1 DAGs
[2026-05-07T19:47:09.369+0200] {logging_mixin.py:190} INFO - [2026-05-07T19:47:09.368+0200] {dag.py:4180} INFO - Setting next_dagrun for example_sensor_decorator to None, run_after=None
[2026-05-07T19:47:09.393+0200] {processor.py:208} INFO - Processing /home/rodrigo/Escritorio/BBDDAvanzadas/.venv/lib/python3.12/site-packages/airflow/example_dags/example_sensor_decorator.py took 0.059 seconds
[2026-05-07T19:48:16.343+0200] {processor.py:186} INFO - Started process (PID=16183) to work on /home/rodrigo/Escritorio/BBDDAvanzadas/.venv/lib/python3.12/site-packages/airflow/example_dags/example_sensor_decorator.py
[2026-05-07T19:48:16.346+0200] {processor.py:914} INFO - Processing file /home/rodrigo/Escritorio/BBDDAvanzadas/.venv/lib/python3.12/site-packages/airflow/example_dags/example_sensor_decorator.py for tasks to queue
[2026-05-07T19:48:16.348+0200] {logging_mixin.py:190} INFO - [2026-05-07T19:48:16.347+0200] {dagbag.py:588} INFO - Filling up the DagBag from /home/rodrigo/Escritorio/BBDDAvanzadas/.venv/lib/python3.12/site-packages/airflow/example_dags/example_sensor_decorator.py
[2026-05-07T19:48:16.354+0200] {processor.py:925} INFO - DAG(s) 'example_sensor_decorator' retrieved from /home/rodrigo/Escritorio/BBDDAvanzadas/.venv/lib/python3.12/site-packages/airflow/example_dags/example_sensor_decorator.py
[2026-05-07T19:48:16.366+0200] {logging_mixin.py:190} INFO - [2026-05-07T19:48:16.366+0200] {dag.py:3239} INFO - Sync 1 DAGs
[2026-05-07T19:48:16.375+0200] {logging_mixin.py:190} INFO - [2026-05-07T19:48:16.375+0200] {dag.py:4180} INFO - Setting next_dagrun for example_sensor_decorator to None, run_after=None
[2026-05-07T19:48:16.397+0200] {processor.py:208} INFO - Processing /home/rodrigo/Escritorio/BBDDAvanzadas/.venv/lib/python3.12/site-packages/airflow/example_dags/example_sensor_decorator.py took 0.062 seconds
[2026-05-07T19:49:59.161+0200] {processor.py:186} INFO - Started process (PID=16310) to work on /home/rodrigo/Escritorio/BBDDAvanzadas/.venv/lib/python3.12/site-packages/airflow/example_dags/example_sensor_decorator.py
[2026-05-07T19:49:59.163+0200] {processor.py:914} INFO - Processing file /home/rodrigo/Escritorio/BBDDAvanzadas/.venv/lib/python3.12/site-packages/airflow/example_dags/example_sensor_decorator.py for tasks to queue
[2026-05-07T19:49:59.164+0200] {logging_mixin.py:190} INFO - [2026-05-07T19:49:59.164+0200] {dagbag.py:588} INFO - Filling up the DagBag from /home/rodrigo/Escritorio/BBDDAvanzadas/.venv/lib/python3.12/site-packages/airflow/example_dags/example_sensor_decorator.py
[2026-05-07T19:49:59.170+0200] {processor.py:925} INFO - DAG(s) 'example_sensor_decorator' retrieved from /home/rodrigo/Escritorio/BBDDAvanzadas/.venv/lib/python3.12/site-packages/airflow/example_dags/example_sensor_decorator.py
[2026-05-07T19:49:59.181+0200] {logging_mixin.py:190} INFO - [2026-05-07T19:49:59.181+0200] {dag.py:3239} INFO - Sync 1 DAGs
[2026-05-07T19:49:59.189+0200] {logging_mixin.py:190} INFO - [2026-05-07T19:49:59.189+0200] {dag.py:4180} INFO - Setting next_dagrun for example_sensor_decorator to None, run_after=None
[2026-05-07T19:49:59.205+0200] {processor.py:208} INFO - Processing /home/rodrigo/Escritorio/BBDDAvanzadas/.venv/lib/python3.12/site-packages/airflow/example_dags/example_sensor_decorator.py took 0.047 seconds
[2026-05-07T19:51:38.501+0200] {processor.py:186} INFO - Started process (PID=16404) to work on /home/rodrigo/Escritorio/BBDDAvanzadas/.venv/lib/python3.12/site-packages/airflow/example_dags/example_sensor_decorator.py
[2026-05-07T19:51:38.503+0200] {processor.py:914} INFO - Processing file /home/rodrigo/Escritorio/BBDDAvanzadas/.venv/lib/python3.12/site-packages/airflow/example_dags/example_sensor_decorator.py for tasks to queue
[2026-05-07T19:51:38.505+0200] {logging_mixin.py:190} INFO - [2026-05-07T19:51:38.504+0200] {dagbag.py:588} INFO - Filling up the DagBag from /home/rodrigo/Escritorio/BBDDAvanzadas/.venv/lib/python3.12/site-packages/airflow/example_dags/example_sensor_decorator.py
[2026-05-07T19:51:38.511+0200] {processor.py:925} INFO - DAG(s) 'example_sensor_decorator' retrieved from /home/rodrigo/Escritorio/BBDDAvanzadas/.venv/lib/python3.12/site-packages/airflow/example_dags/example_sensor_decorator.py
[2026-05-07T19:51:38.522+0200] {logging_mixin.py:190} INFO - [2026-05-07T19:51:38.522+0200] {dag.py:3239} INFO - Sync 1 DAGs
[2026-05-07T19:51:38.530+0200] {logging_mixin.py:190} INFO - [2026-05-07T19:51:38.530+0200] {dag.py:4180} INFO - Setting next_dagrun for example_sensor_decorator to None, run_after=None
[2026-05-07T19:51:38.550+0200] {processor.py:208} INFO - Processing /home/rodrigo/Escritorio/BBDDAvanzadas/.venv/lib/python3.12/site-packages/airflow/example_dags/example_sensor_decorator.py took 0.053 seconds
