[2026-05-07T19:32:45.327+0200] {processor.py:186} INFO - Started process (PID=14398) to work on /home/rodrigo/Escritorio/BBDDAvanzadas/.venv/lib/python3.12/site-packages/airflow/example_dags/example_outlet_event_extra.py
[2026-05-07T19:32:45.328+0200] {processor.py:914} INFO - Processing file /home/rodrigo/Escritorio/BBDDAvanzadas/.venv/lib/python3.12/site-packages/airflow/example_dags/example_outlet_event_extra.py for tasks to queue
[2026-05-07T19:32:45.330+0200] {logging_mixin.py:190} INFO - [2026-05-07T19:32:45.330+0200] {dagbag.py:588} INFO - Filling up the DagBag from /home/rodrigo/Escritorio/BBDDAvanzadas/.venv/lib/python3.12/site-packages/airflow/example_dags/example_outlet_event_extra.py
[2026-05-07T19:32:45.346+0200] {processor.py:925} INFO - DAG(s) 'dataset_with_extra_from_classic_operator', 'dataset_with_extra_by_context', 'dataset_with_extra_by_yield' retrieved from /home/rodrigo/Escritorio/BBDDAvanzadas/.venv/lib/python3.12/site-packages/airflow/example_dags/example_outlet_event_extra.py
[2026-05-07T19:32:45.472+0200] {logging_mixin.py:190} INFO - [2026-05-07T19:32:45.470+0200] {override.py:1930} INFO - Created Permission View: can read on DAG:dataset_with_extra_from_classic_operator
[2026-05-07T19:32:45.499+0200] {logging_mixin.py:190} INFO - [2026-05-07T19:32:45.499+0200] {override.py:1930} INFO - Created Permission View: can edit on DAG:dataset_with_extra_from_classic_operator
[2026-05-07T19:32:45.510+0200] {logging_mixin.py:190} INFO - [2026-05-07T19:32:45.510+0200] {override.py:1930} INFO - Created Permission View: can delete on DAG:dataset_with_extra_from_classic_operator
[2026-05-07T19:32:45.556+0200] {logging_mixin.py:190} INFO - [2026-05-07T19:32:45.556+0200] {override.py:1930} INFO - Created Permission View: can create on DAG Run:dataset_with_extra_from_classic_operator
[2026-05-07T19:32:45.565+0200] {logging_mixin.py:190} INFO - [2026-05-07T19:32:45.565+0200] {override.py:1930} INFO - Created Permission View: can read on DAG Run:dataset_with_extra_from_classic_operator
[2026-05-07T19:32:45.573+0200] {logging_mixin.py:190} INFO - [2026-05-07T19:32:45.573+0200] {override.py:1930} INFO - Created Permission View: menu access on DAG Run:dataset_with_extra_from_classic_operator
[2026-05-07T19:32:45.582+0200] {logging_mixin.py:190} INFO - [2026-05-07T19:32:45.582+0200] {override.py:1930} INFO - Created Permission View: can delete on DAG Run:dataset_with_extra_from_classic_operator
[2026-05-07T19:32:45.604+0200] {logging_mixin.py:190} INFO - [2026-05-07T19:32:45.603+0200] {override.py:1930} INFO - Created Permission View: can read on DAG:dataset_with_extra_by_context
[2026-05-07T19:32:45.612+0200] {logging_mixin.py:190} INFO - [2026-05-07T19:32:45.612+0200] {override.py:1930} INFO - Created Permission View: can edit on DAG:dataset_with_extra_by_context
[2026-05-07T19:32:45.620+0200] {logging_mixin.py:190} INFO - [2026-05-07T19:32:45.620+0200] {override.py:1930} INFO - Created Permission View: can delete on DAG:dataset_with_extra_by_context
[2026-05-07T19:32:45.635+0200] {logging_mixin.py:190} INFO - [2026-05-07T19:32:45.635+0200] {override.py:1930} INFO - Created Permission View: can create on DAG Run:dataset_with_extra_by_context
[2026-05-07T19:32:45.655+0200] {logging_mixin.py:190} INFO - [2026-05-07T19:32:45.653+0200] {override.py:1930} INFO - Created Permission View: can read on DAG Run:dataset_with_extra_by_context
[2026-05-07T19:32:45.674+0200] {logging_mixin.py:190} INFO - [2026-05-07T19:32:45.673+0200] {override.py:1930} INFO - Created Permission View: menu access on DAG Run:dataset_with_extra_by_context
[2026-05-07T19:32:45.703+0200] {logging_mixin.py:190} INFO - [2026-05-07T19:32:45.703+0200] {override.py:1930} INFO - Created Permission View: can delete on DAG Run:dataset_with_extra_by_context
[2026-05-07T19:32:45.751+0200] {logging_mixin.py:190} INFO - [2026-05-07T19:32:45.751+0200] {override.py:1930} INFO - Created Permission View: can read on DAG:dataset_with_extra_by_yield
[2026-05-07T19:32:45.782+0200] {logging_mixin.py:190} INFO - [2026-05-07T19:32:45.782+0200] {override.py:1930} INFO - Created Permission View: can edit on DAG:dataset_with_extra_by_yield
[2026-05-07T19:32:45.823+0200] {logging_mixin.py:190} INFO - [2026-05-07T19:32:45.823+0200] {override.py:1930} INFO - Created Permission View: can delete on DAG:dataset_with_extra_by_yield
[2026-05-07T19:32:45.958+0200] {logging_mixin.py:190} INFO - [2026-05-07T19:32:45.953+0200] {override.py:1930} INFO - Created Permission View: can create on DAG Run:dataset_with_extra_by_yield
[2026-05-07T19:32:46.011+0200] {logging_mixin.py:190} INFO - [2026-05-07T19:32:46.011+0200] {override.py:1930} INFO - Created Permission View: can read on DAG Run:dataset_with_extra_by_yield
[2026-05-07T19:32:46.023+0200] {logging_mixin.py:190} INFO - [2026-05-07T19:32:46.023+0200] {override.py:1930} INFO - Created Permission View: menu access on DAG Run:dataset_with_extra_by_yield
[2026-05-07T19:32:46.045+0200] {logging_mixin.py:190} INFO - [2026-05-07T19:32:46.045+0200] {override.py:1930} INFO - Created Permission View: can delete on DAG Run:dataset_with_extra_by_yield
[2026-05-07T19:32:46.045+0200] {logging_mixin.py:190} INFO - [2026-05-07T19:32:46.045+0200] {dag.py:3239} INFO - Sync 3 DAGs
[2026-05-07T19:32:46.054+0200] {logging_mixin.py:190} INFO - [2026-05-07T19:32:46.054+0200] {dag.py:3262} INFO - Creating ORM DAG for dataset_with_extra_by_yield
[2026-05-07T19:32:46.055+0200] {logging_mixin.py:190} INFO - [2026-05-07T19:32:46.055+0200] {dag.py:3262} INFO - Creating ORM DAG for dataset_with_extra_by_context
[2026-05-07T19:32:46.056+0200] {logging_mixin.py:190} INFO - [2026-05-07T19:32:46.055+0200] {dag.py:3262} INFO - Creating ORM DAG for dataset_with_extra_from_classic_operator
[2026-05-07T19:32:46.062+0200] {logging_mixin.py:190} INFO - [2026-05-07T19:32:46.061+0200] {dag.py:4180} INFO - Setting next_dagrun for dataset_with_extra_by_context to 2026-05-06 00:00:00+00:00, run_after=2026-05-07 00:00:00+00:00
[2026-05-07T19:32:46.063+0200] {logging_mixin.py:190} INFO - [2026-05-07T19:32:46.062+0200] {dag.py:4180} INFO - Setting next_dagrun for dataset_with_extra_by_yield to 2026-05-06 00:00:00+00:00, run_after=2026-05-07 00:00:00+00:00
[2026-05-07T19:32:46.063+0200] {logging_mixin.py:190} INFO - [2026-05-07T19:32:46.063+0200] {dag.py:4180} INFO - Setting next_dagrun for dataset_with_extra_from_classic_operator to 2026-05-06 00:00:00+00:00, run_after=2026-05-07 00:00:00+00:00
[2026-05-07T19:32:46.086+0200] {processor.py:208} INFO - Processing /home/rodrigo/Escritorio/BBDDAvanzadas/.venv/lib/python3.12/site-packages/airflow/example_dags/example_outlet_event_extra.py took 0.766 seconds
[2026-05-07T19:37:33.810+0200] {processor.py:186} INFO - Started process (PID=14884) to work on /home/rodrigo/Escritorio/BBDDAvanzadas/.venv/lib/python3.12/site-packages/airflow/example_dags/example_outlet_event_extra.py
[2026-05-07T19:37:33.819+0200] {processor.py:914} INFO - Processing file /home/rodrigo/Escritorio/BBDDAvanzadas/.venv/lib/python3.12/site-packages/airflow/example_dags/example_outlet_event_extra.py for tasks to queue
[2026-05-07T19:37:33.823+0200] {logging_mixin.py:190} INFO - [2026-05-07T19:37:33.823+0200] {dagbag.py:588} INFO - Filling up the DagBag from /home/rodrigo/Escritorio/BBDDAvanzadas/.venv/lib/python3.12/site-packages/airflow/example_dags/example_outlet_event_extra.py
[2026-05-07T19:37:33.842+0200] {processor.py:925} INFO - DAG(s) 'dataset_with_extra_by_context', 'dataset_with_extra_by_yield', 'dataset_with_extra_from_classic_operator' retrieved from /home/rodrigo/Escritorio/BBDDAvanzadas/.venv/lib/python3.12/site-packages/airflow/example_dags/example_outlet_event_extra.py
[2026-05-07T19:37:33.892+0200] {logging_mixin.py:190} INFO - [2026-05-07T19:37:33.892+0200] {dag.py:3239} INFO - Sync 3 DAGs
[2026-05-07T19:37:33.916+0200] {logging_mixin.py:190} INFO - [2026-05-07T19:37:33.916+0200] {dag.py:4180} INFO - Setting next_dagrun for dataset_with_extra_by_context to 2026-05-06 00:00:00+00:00, run_after=2026-05-07 00:00:00+00:00
[2026-05-07T19:37:33.964+0200] {logging_mixin.py:190} INFO - [2026-05-07T19:37:33.964+0200] {dag.py:4180} INFO - Setting next_dagrun for dataset_with_extra_by_yield to 2026-05-06 00:00:00+00:00, run_after=2026-05-07 00:00:00+00:00
[2026-05-07T19:37:33.966+0200] {logging_mixin.py:190} INFO - [2026-05-07T19:37:33.966+0200] {dag.py:4180} INFO - Setting next_dagrun for dataset_with_extra_from_classic_operator to 2026-05-06 00:00:00+00:00, run_after=2026-05-07 00:00:00+00:00
[2026-05-07T19:37:34.021+0200] {processor.py:208} INFO - Processing /home/rodrigo/Escritorio/BBDDAvanzadas/.venv/lib/python3.12/site-packages/airflow/example_dags/example_outlet_event_extra.py took 0.218 seconds
[2026-05-07T19:38:45.094+0200] {processor.py:186} INFO - Started process (PID=14990) to work on /home/rodrigo/Escritorio/BBDDAvanzadas/.venv/lib/python3.12/site-packages/airflow/example_dags/example_outlet_event_extra.py
[2026-05-07T19:38:45.096+0200] {processor.py:914} INFO - Processing file /home/rodrigo/Escritorio/BBDDAvanzadas/.venv/lib/python3.12/site-packages/airflow/example_dags/example_outlet_event_extra.py for tasks to queue
[2026-05-07T19:38:45.099+0200] {logging_mixin.py:190} INFO - [2026-05-07T19:38:45.099+0200] {dagbag.py:588} INFO - Filling up the DagBag from /home/rodrigo/Escritorio/BBDDAvanzadas/.venv/lib/python3.12/site-packages/airflow/example_dags/example_outlet_event_extra.py
[2026-05-07T19:38:45.134+0200] {processor.py:925} INFO - DAG(s) 'dataset_with_extra_by_yield', 'dataset_with_extra_by_context', 'dataset_with_extra_from_classic_operator' retrieved from /home/rodrigo/Escritorio/BBDDAvanzadas/.venv/lib/python3.12/site-packages/airflow/example_dags/example_outlet_event_extra.py
[2026-05-07T19:38:45.158+0200] {logging_mixin.py:190} INFO - [2026-05-07T19:38:45.158+0200] {dag.py:3239} INFO - Sync 3 DAGs
[2026-05-07T19:38:45.181+0200] {logging_mixin.py:190} INFO - [2026-05-07T19:38:45.181+0200] {dag.py:4180} INFO - Setting next_dagrun for dataset_with_extra_by_context to 2026-05-06 00:00:00+00:00, run_after=2026-05-07 00:00:00+00:00
[2026-05-07T19:38:45.184+0200] {logging_mixin.py:190} INFO - [2026-05-07T19:38:45.184+0200] {dag.py:4180} INFO - Setting next_dagrun for dataset_with_extra_by_yield to 2026-05-06 00:00:00+00:00, run_after=2026-05-07 00:00:00+00:00
[2026-05-07T19:38:45.185+0200] {logging_mixin.py:190} INFO - [2026-05-07T19:38:45.185+0200] {dag.py:4180} INFO - Setting next_dagrun for dataset_with_extra_from_classic_operator to 2026-05-06 00:00:00+00:00, run_after=2026-05-07 00:00:00+00:00
[2026-05-07T19:38:45.244+0200] {processor.py:208} INFO - Processing /home/rodrigo/Escritorio/BBDDAvanzadas/.venv/lib/python3.12/site-packages/airflow/example_dags/example_outlet_event_extra.py took 0.156 seconds
[2026-05-07T19:40:02.872+0200] {processor.py:186} INFO - Started process (PID=15079) to work on /home/rodrigo/Escritorio/BBDDAvanzadas/.venv/lib/python3.12/site-packages/airflow/example_dags/example_outlet_event_extra.py
[2026-05-07T19:40:02.875+0200] {processor.py:914} INFO - Processing file /home/rodrigo/Escritorio/BBDDAvanzadas/.venv/lib/python3.12/site-packages/airflow/example_dags/example_outlet_event_extra.py for tasks to queue
[2026-05-07T19:40:02.876+0200] {logging_mixin.py:190} INFO - [2026-05-07T19:40:02.876+0200] {dagbag.py:588} INFO - Filling up the DagBag from /home/rodrigo/Escritorio/BBDDAvanzadas/.venv/lib/python3.12/site-packages/airflow/example_dags/example_outlet_event_extra.py
[2026-05-07T19:40:02.906+0200] {processor.py:925} INFO - DAG(s) 'dataset_with_extra_by_context', 'dataset_with_extra_from_classic_operator', 'dataset_with_extra_by_yield' retrieved from /home/rodrigo/Escritorio/BBDDAvanzadas/.venv/lib/python3.12/site-packages/airflow/example_dags/example_outlet_event_extra.py
[2026-05-07T19:40:02.923+0200] {logging_mixin.py:190} INFO - [2026-05-07T19:40:02.923+0200] {dag.py:3239} INFO - Sync 3 DAGs
[2026-05-07T19:40:02.942+0200] {logging_mixin.py:190} INFO - [2026-05-07T19:40:02.942+0200] {dag.py:4180} INFO - Setting next_dagrun for dataset_with_extra_by_context to 2026-05-06 00:00:00+00:00, run_after=2026-05-07 00:00:00+00:00
[2026-05-07T19:40:02.945+0200] {logging_mixin.py:190} INFO - [2026-05-07T19:40:02.944+0200] {dag.py:4180} INFO - Setting next_dagrun for dataset_with_extra_by_yield to 2026-05-06 00:00:00+00:00, run_after=2026-05-07 00:00:00+00:00
[2026-05-07T19:40:02.946+0200] {logging_mixin.py:190} INFO - [2026-05-07T19:40:02.946+0200] {dag.py:4180} INFO - Setting next_dagrun for dataset_with_extra_from_classic_operator to 2026-05-06 00:00:00+00:00, run_after=2026-05-07 00:00:00+00:00
[2026-05-07T19:40:03.013+0200] {processor.py:208} INFO - Processing /home/rodrigo/Escritorio/BBDDAvanzadas/.venv/lib/python3.12/site-packages/airflow/example_dags/example_outlet_event_extra.py took 0.146 seconds
[2026-05-07T19:41:31.057+0200] {processor.py:186} INFO - Started process (PID=15199) to work on /home/rodrigo/Escritorio/BBDDAvanzadas/.venv/lib/python3.12/site-packages/airflow/example_dags/example_outlet_event_extra.py
[2026-05-07T19:41:31.062+0200] {processor.py:914} INFO - Processing file /home/rodrigo/Escritorio/BBDDAvanzadas/.venv/lib/python3.12/site-packages/airflow/example_dags/example_outlet_event_extra.py for tasks to queue
[2026-05-07T19:41:31.066+0200] {logging_mixin.py:190} INFO - [2026-05-07T19:41:31.066+0200] {dagbag.py:588} INFO - Filling up the DagBag from /home/rodrigo/Escritorio/BBDDAvanzadas/.venv/lib/python3.12/site-packages/airflow/example_dags/example_outlet_event_extra.py
[2026-05-07T19:41:31.095+0200] {processor.py:925} INFO - DAG(s) 'dataset_with_extra_by_yield', 'dataset_with_extra_by_context', 'dataset_with_extra_from_classic_operator' retrieved from /home/rodrigo/Escritorio/BBDDAvanzadas/.venv/lib/python3.12/site-packages/airflow/example_dags/example_outlet_event_extra.py
[2026-05-07T19:41:31.112+0200] {logging_mixin.py:190} INFO - [2026-05-07T19:41:31.112+0200] {dag.py:3239} INFO - Sync 3 DAGs
[2026-05-07T19:41:31.132+0200] {logging_mixin.py:190} INFO - [2026-05-07T19:41:31.132+0200] {dag.py:4180} INFO - Setting next_dagrun for dataset_with_extra_by_context to 2026-05-06 00:00:00+00:00, run_after=2026-05-07 00:00:00+00:00
[2026-05-07T19:41:31.140+0200] {logging_mixin.py:190} INFO - [2026-05-07T19:41:31.140+0200] {dag.py:4180} INFO - Setting next_dagrun for dataset_with_extra_by_yield to 2026-05-06 00:00:00+00:00, run_after=2026-05-07 00:00:00+00:00
[2026-05-07T19:41:31.143+0200] {logging_mixin.py:190} INFO - [2026-05-07T19:41:31.142+0200] {dag.py:4180} INFO - Setting next_dagrun for dataset_with_extra_from_classic_operator to 2026-05-06 00:00:00+00:00, run_after=2026-05-07 00:00:00+00:00
[2026-05-07T19:41:31.209+0200] {processor.py:208} INFO - Processing /home/rodrigo/Escritorio/BBDDAvanzadas/.venv/lib/python3.12/site-packages/airflow/example_dags/example_outlet_event_extra.py took 0.159 seconds
[2026-05-07T19:42:49.388+0200] {processor.py:186} INFO - Started process (PID=15459) to work on /home/rodrigo/Escritorio/BBDDAvanzadas/.venv/lib/python3.12/site-packages/airflow/example_dags/example_outlet_event_extra.py
[2026-05-07T19:42:49.390+0200] {processor.py:914} INFO - Processing file /home/rodrigo/Escritorio/BBDDAvanzadas/.venv/lib/python3.12/site-packages/airflow/example_dags/example_outlet_event_extra.py for tasks to queue
[2026-05-07T19:42:49.391+0200] {logging_mixin.py:190} INFO - [2026-05-07T19:42:49.391+0200] {dagbag.py:588} INFO - Filling up the DagBag from /home/rodrigo/Escritorio/BBDDAvanzadas/.venv/lib/python3.12/site-packages/airflow/example_dags/example_outlet_event_extra.py
[2026-05-07T19:42:49.404+0200] {processor.py:925} INFO - DAG(s) 'dataset_with_extra_by_context', 'dataset_with_extra_by_yield', 'dataset_with_extra_from_classic_operator' retrieved from /home/rodrigo/Escritorio/BBDDAvanzadas/.venv/lib/python3.12/site-packages/airflow/example_dags/example_outlet_event_extra.py
[2026-05-07T19:42:49.427+0200] {logging_mixin.py:190} INFO - [2026-05-07T19:42:49.426+0200] {dag.py:3239} INFO - Sync 3 DAGs
[2026-05-07T19:42:49.451+0200] {logging_mixin.py:190} INFO - [2026-05-07T19:42:49.450+0200] {dag.py:4180} INFO - Setting next_dagrun for dataset_with_extra_by_context to 2026-05-06 00:00:00+00:00, run_after=2026-05-07 00:00:00+00:00
[2026-05-07T19:42:49.453+0200] {logging_mixin.py:190} INFO - [2026-05-07T19:42:49.453+0200] {dag.py:4180} INFO - Setting next_dagrun for dataset_with_extra_by_yield to 2026-05-06 00:00:00+00:00, run_after=2026-05-07 00:00:00+00:00
[2026-05-07T19:42:49.455+0200] {logging_mixin.py:190} INFO - [2026-05-07T19:42:49.455+0200] {dag.py:4180} INFO - Setting next_dagrun for dataset_with_extra_from_classic_operator to 2026-05-06 00:00:00+00:00, run_after=2026-05-07 00:00:00+00:00
[2026-05-07T19:42:49.482+0200] {processor.py:208} INFO - Processing /home/rodrigo/Escritorio/BBDDAvanzadas/.venv/lib/python3.12/site-packages/airflow/example_dags/example_outlet_event_extra.py took 0.101 seconds
[2026-05-07T19:44:02.019+0200] {processor.py:186} INFO - Started process (PID=15652) to work on /home/rodrigo/Escritorio/BBDDAvanzadas/.venv/lib/python3.12/site-packages/airflow/example_dags/example_outlet_event_extra.py
[2026-05-07T19:44:02.021+0200] {processor.py:914} INFO - Processing file /home/rodrigo/Escritorio/BBDDAvanzadas/.venv/lib/python3.12/site-packages/airflow/example_dags/example_outlet_event_extra.py for tasks to queue
[2026-05-07T19:44:02.023+0200] {logging_mixin.py:190} INFO - [2026-05-07T19:44:02.022+0200] {dagbag.py:588} INFO - Filling up the DagBag from /home/rodrigo/Escritorio/BBDDAvanzadas/.venv/lib/python3.12/site-packages/airflow/example_dags/example_outlet_event_extra.py
[2026-05-07T19:44:02.033+0200] {processor.py:925} INFO - DAG(s) 'dataset_with_extra_by_yield', 'dataset_with_extra_from_classic_operator', 'dataset_with_extra_by_context' retrieved from /home/rodrigo/Escritorio/BBDDAvanzadas/.venv/lib/python3.12/site-packages/airflow/example_dags/example_outlet_event_extra.py
[2026-05-07T19:44:02.150+0200] {logging_mixin.py:190} INFO - [2026-05-07T19:44:02.150+0200] {dag.py:3239} INFO - Sync 3 DAGs
[2026-05-07T19:44:02.161+0200] {logging_mixin.py:190} INFO - [2026-05-07T19:44:02.161+0200] {dag.py:4180} INFO - Setting next_dagrun for dataset_with_extra_by_context to 2026-05-06 00:00:00+00:00, run_after=2026-05-07 00:00:00+00:00
[2026-05-07T19:44:02.164+0200] {logging_mixin.py:190} INFO - [2026-05-07T19:44:02.164+0200] {dag.py:4180} INFO - Setting next_dagrun for dataset_with_extra_by_yield to 2026-05-06 00:00:00+00:00, run_after=2026-05-07 00:00:00+00:00
[2026-05-07T19:44:02.165+0200] {logging_mixin.py:190} INFO - [2026-05-07T19:44:02.165+0200] {dag.py:4180} INFO - Setting next_dagrun for dataset_with_extra_from_classic_operator to 2026-05-06 00:00:00+00:00, run_after=2026-05-07 00:00:00+00:00
[2026-05-07T19:44:02.181+0200] {processor.py:208} INFO - Processing /home/rodrigo/Escritorio/BBDDAvanzadas/.venv/lib/python3.12/site-packages/airflow/example_dags/example_outlet_event_extra.py took 0.167 seconds
[2026-05-07T19:45:42.802+0200] {processor.py:186} INFO - Started process (PID=15899) to work on /home/rodrigo/Escritorio/BBDDAvanzadas/.venv/lib/python3.12/site-packages/airflow/example_dags/example_outlet_event_extra.py
[2026-05-07T19:45:42.805+0200] {processor.py:914} INFO - Processing file /home/rodrigo/Escritorio/BBDDAvanzadas/.venv/lib/python3.12/site-packages/airflow/example_dags/example_outlet_event_extra.py for tasks to queue
[2026-05-07T19:45:42.806+0200] {logging_mixin.py:190} INFO - [2026-05-07T19:45:42.806+0200] {dagbag.py:588} INFO - Filling up the DagBag from /home/rodrigo/Escritorio/BBDDAvanzadas/.venv/lib/python3.12/site-packages/airflow/example_dags/example_outlet_event_extra.py
[2026-05-07T19:45:42.818+0200] {processor.py:925} INFO - DAG(s) 'dataset_with_extra_from_classic_operator', 'dataset_with_extra_by_context', 'dataset_with_extra_by_yield' retrieved from /home/rodrigo/Escritorio/BBDDAvanzadas/.venv/lib/python3.12/site-packages/airflow/example_dags/example_outlet_event_extra.py
[2026-05-07T19:45:42.833+0200] {logging_mixin.py:190} INFO - [2026-05-07T19:45:42.833+0200] {dag.py:3239} INFO - Sync 3 DAGs
[2026-05-07T19:45:42.853+0200] {logging_mixin.py:190} INFO - [2026-05-07T19:45:42.852+0200] {dag.py:4180} INFO - Setting next_dagrun for dataset_with_extra_by_context to 2026-05-06 00:00:00+00:00, run_after=2026-05-07 00:00:00+00:00
[2026-05-07T19:45:42.863+0200] {logging_mixin.py:190} INFO - [2026-05-07T19:45:42.860+0200] {dag.py:4180} INFO - Setting next_dagrun for dataset_with_extra_by_yield to 2026-05-06 00:00:00+00:00, run_after=2026-05-07 00:00:00+00:00
[2026-05-07T19:45:42.865+0200] {logging_mixin.py:190} INFO - [2026-05-07T19:45:42.865+0200] {dag.py:4180} INFO - Setting next_dagrun for dataset_with_extra_from_classic_operator to 2026-05-06 00:00:00+00:00, run_after=2026-05-07 00:00:00+00:00
[2026-05-07T19:45:42.884+0200] {processor.py:208} INFO - Processing /home/rodrigo/Escritorio/BBDDAvanzadas/.venv/lib/python3.12/site-packages/airflow/example_dags/example_outlet_event_extra.py took 0.090 seconds
[2026-05-07T19:47:15.702+0200] {processor.py:186} INFO - Started process (PID=16053) to work on /home/rodrigo/Escritorio/BBDDAvanzadas/.venv/lib/python3.12/site-packages/airflow/example_dags/example_outlet_event_extra.py
[2026-05-07T19:47:15.707+0200] {processor.py:914} INFO - Processing file /home/rodrigo/Escritorio/BBDDAvanzadas/.venv/lib/python3.12/site-packages/airflow/example_dags/example_outlet_event_extra.py for tasks to queue
[2026-05-07T19:47:15.709+0200] {logging_mixin.py:190} INFO - [2026-05-07T19:47:15.709+0200] {dagbag.py:588} INFO - Filling up the DagBag from /home/rodrigo/Escritorio/BBDDAvanzadas/.venv/lib/python3.12/site-packages/airflow/example_dags/example_outlet_event_extra.py
[2026-05-07T19:47:15.724+0200] {processor.py:925} INFO - DAG(s) 'dataset_with_extra_by_context', 'dataset_with_extra_by_yield', 'dataset_with_extra_from_classic_operator' retrieved from /home/rodrigo/Escritorio/BBDDAvanzadas/.venv/lib/python3.12/site-packages/airflow/example_dags/example_outlet_event_extra.py
[2026-05-07T19:47:15.739+0200] {logging_mixin.py:190} INFO - [2026-05-07T19:47:15.738+0200] {dag.py:3239} INFO - Sync 3 DAGs
[2026-05-07T19:47:15.755+0200] {logging_mixin.py:190} INFO - [2026-05-07T19:47:15.755+0200] {dag.py:4180} INFO - Setting next_dagrun for dataset_with_extra_by_context to 2026-05-06 00:00:00+00:00, run_after=2026-05-07 00:00:00+00:00
[2026-05-07T19:47:15.758+0200] {logging_mixin.py:190} INFO - [2026-05-07T19:47:15.758+0200] {dag.py:4180} INFO - Setting next_dagrun for dataset_with_extra_by_yield to 2026-05-06 00:00:00+00:00, run_after=2026-05-07 00:00:00+00:00
[2026-05-07T19:47:15.759+0200] {logging_mixin.py:190} INFO - [2026-05-07T19:47:15.759+0200] {dag.py:4180} INFO - Setting next_dagrun for dataset_with_extra_from_classic_operator to 2026-05-06 00:00:00+00:00, run_after=2026-05-07 00:00:00+00:00
[2026-05-07T19:47:15.783+0200] {processor.py:208} INFO - Processing /home/rodrigo/Escritorio/BBDDAvanzadas/.venv/lib/python3.12/site-packages/airflow/example_dags/example_outlet_event_extra.py took 0.085 seconds
[2026-05-07T19:48:24.661+0200] {processor.py:186} INFO - Started process (PID=16189) to work on /home/rodrigo/Escritorio/BBDDAvanzadas/.venv/lib/python3.12/site-packages/airflow/example_dags/example_outlet_event_extra.py
[2026-05-07T19:48:24.663+0200] {processor.py:914} INFO - Processing file /home/rodrigo/Escritorio/BBDDAvanzadas/.venv/lib/python3.12/site-packages/airflow/example_dags/example_outlet_event_extra.py for tasks to queue
[2026-05-07T19:48:24.664+0200] {logging_mixin.py:190} INFO - [2026-05-07T19:48:24.664+0200] {dagbag.py:588} INFO - Filling up the DagBag from /home/rodrigo/Escritorio/BBDDAvanzadas/.venv/lib/python3.12/site-packages/airflow/example_dags/example_outlet_event_extra.py
[2026-05-07T19:48:24.675+0200] {processor.py:925} INFO - DAG(s) 'dataset_with_extra_from_classic_operator', 'dataset_with_extra_by_context', 'dataset_with_extra_by_yield' retrieved from /home/rodrigo/Escritorio/BBDDAvanzadas/.venv/lib/python3.12/site-packages/airflow/example_dags/example_outlet_event_extra.py
[2026-05-07T19:48:24.688+0200] {logging_mixin.py:190} INFO - [2026-05-07T19:48:24.688+0200] {dag.py:3239} INFO - Sync 3 DAGs
[2026-05-07T19:48:24.702+0200] {logging_mixin.py:190} INFO - [2026-05-07T19:48:24.702+0200] {dag.py:4180} INFO - Setting next_dagrun for dataset_with_extra_by_context to 2026-05-06 00:00:00+00:00, run_after=2026-05-07 00:00:00+00:00
[2026-05-07T19:48:24.705+0200] {logging_mixin.py:190} INFO - [2026-05-07T19:48:24.705+0200] {dag.py:4180} INFO - Setting next_dagrun for dataset_with_extra_by_yield to 2026-05-06 00:00:00+00:00, run_after=2026-05-07 00:00:00+00:00
[2026-05-07T19:48:24.706+0200] {logging_mixin.py:190} INFO - [2026-05-07T19:48:24.706+0200] {dag.py:4180} INFO - Setting next_dagrun for dataset_with_extra_from_classic_operator to 2026-05-06 00:00:00+00:00, run_after=2026-05-07 00:00:00+00:00
[2026-05-07T19:48:24.723+0200] {processor.py:208} INFO - Processing /home/rodrigo/Escritorio/BBDDAvanzadas/.venv/lib/python3.12/site-packages/airflow/example_dags/example_outlet_event_extra.py took 0.067 seconds
[2026-05-07T19:50:06.621+0200] {processor.py:186} INFO - Started process (PID=16316) to work on /home/rodrigo/Escritorio/BBDDAvanzadas/.venv/lib/python3.12/site-packages/airflow/example_dags/example_outlet_event_extra.py
[2026-05-07T19:50:06.623+0200] {processor.py:914} INFO - Processing file /home/rodrigo/Escritorio/BBDDAvanzadas/.venv/lib/python3.12/site-packages/airflow/example_dags/example_outlet_event_extra.py for tasks to queue
[2026-05-07T19:50:06.624+0200] {logging_mixin.py:190} INFO - [2026-05-07T19:50:06.624+0200] {dagbag.py:588} INFO - Filling up the DagBag from /home/rodrigo/Escritorio/BBDDAvanzadas/.venv/lib/python3.12/site-packages/airflow/example_dags/example_outlet_event_extra.py
[2026-05-07T19:50:06.633+0200] {processor.py:925} INFO - DAG(s) 'dataset_with_extra_by_context', 'dataset_with_extra_from_classic_operator', 'dataset_with_extra_by_yield' retrieved from /home/rodrigo/Escritorio/BBDDAvanzadas/.venv/lib/python3.12/site-packages/airflow/example_dags/example_outlet_event_extra.py
[2026-05-07T19:50:06.645+0200] {logging_mixin.py:190} INFO - [2026-05-07T19:50:06.645+0200] {dag.py:3239} INFO - Sync 3 DAGs
[2026-05-07T19:50:06.657+0200] {logging_mixin.py:190} INFO - [2026-05-07T19:50:06.657+0200] {dag.py:4180} INFO - Setting next_dagrun for dataset_with_extra_by_context to 2026-05-06 00:00:00+00:00, run_after=2026-05-07 00:00:00+00:00
[2026-05-07T19:50:06.660+0200] {logging_mixin.py:190} INFO - [2026-05-07T19:50:06.660+0200] {dag.py:4180} INFO - Setting next_dagrun for dataset_with_extra_by_yield to 2026-05-06 00:00:00+00:00, run_after=2026-05-07 00:00:00+00:00
[2026-05-07T19:50:06.662+0200] {logging_mixin.py:190} INFO - [2026-05-07T19:50:06.662+0200] {dag.py:4180} INFO - Setting next_dagrun for dataset_with_extra_from_classic_operator to 2026-05-06 00:00:00+00:00, run_after=2026-05-07 00:00:00+00:00
[2026-05-07T19:50:06.682+0200] {processor.py:208} INFO - Processing /home/rodrigo/Escritorio/BBDDAvanzadas/.venv/lib/python3.12/site-packages/airflow/example_dags/example_outlet_event_extra.py took 0.065 seconds
