[2026-05-07T19:31:50.328+0200] {processor.py:186} INFO - Started process (PID=14267) to work on /home/rodrigo/Escritorio/BBDDAvanzadas/.venv/lib/python3.12/site-packages/airflow/example_dags/example_time_delta_sensor_async.py
[2026-05-07T19:31:50.329+0200] {processor.py:914} INFO - Processing file /home/rodrigo/Escritorio/BBDDAvanzadas/.venv/lib/python3.12/site-packages/airflow/example_dags/example_time_delta_sensor_async.py for tasks to queue
[2026-05-07T19:31:50.330+0200] {logging_mixin.py:190} INFO - [2026-05-07T19:31:50.330+0200] {dagbag.py:588} INFO - Filling up the DagBag from /home/rodrigo/Escritorio/BBDDAvanzadas/.venv/lib/python3.12/site-packages/airflow/example_dags/example_time_delta_sensor_async.py
[2026-05-07T19:31:50.336+0200] {processor.py:925} INFO - DAG(s) 'example_time_delta_sensor_async' retrieved from /home/rodrigo/Escritorio/BBDDAvanzadas/.venv/lib/python3.12/site-packages/airflow/example_dags/example_time_delta_sensor_async.py
[2026-05-07T19:31:50.452+0200] {logging_mixin.py:190} INFO - [2026-05-07T19:31:50.452+0200] {override.py:1930} INFO - Created Permission View: can delete on DAG:example_time_delta_sensor_async
[2026-05-07T19:31:50.470+0200] {logging_mixin.py:190} INFO - [2026-05-07T19:31:50.469+0200] {override.py:1930} INFO - Created Permission View: can edit on DAG:example_time_delta_sensor_async
[2026-05-07T19:31:50.531+0200] {logging_mixin.py:190} INFO - [2026-05-07T19:31:50.531+0200] {override.py:1930} INFO - Created Permission View: can read on DAG:example_time_delta_sensor_async
[2026-05-07T19:31:50.619+0200] {logging_mixin.py:190} INFO - [2026-05-07T19:31:50.619+0200] {override.py:1930} INFO - Created Permission View: can delete on DAG Run:example_time_delta_sensor_async
[2026-05-07T19:31:50.652+0200] {logging_mixin.py:190} INFO - [2026-05-07T19:31:50.651+0200] {override.py:1930} INFO - Created Permission View: can create on DAG Run:example_time_delta_sensor_async
[2026-05-07T19:31:50.665+0200] {logging_mixin.py:190} INFO - [2026-05-07T19:31:50.665+0200] {override.py:1930} INFO - Created Permission View: menu access on DAG Run:example_time_delta_sensor_async
[2026-05-07T19:31:50.723+0200] {logging_mixin.py:190} INFO - [2026-05-07T19:31:50.723+0200] {override.py:1930} INFO - Created Permission View: can read on DAG Run:example_time_delta_sensor_async
[2026-05-07T19:31:50.723+0200] {logging_mixin.py:190} INFO - [2026-05-07T19:31:50.723+0200] {dag.py:3239} INFO - Sync 1 DAGs
[2026-05-07T19:31:50.734+0200] {logging_mixin.py:190} INFO - [2026-05-07T19:31:50.733+0200] {dag.py:3262} INFO - Creating ORM DAG for example_time_delta_sensor_async
[2026-05-07T19:31:50.735+0200] {logging_mixin.py:190} INFO - [2026-05-07T19:31:50.735+0200] {dag.py:4180} INFO - Setting next_dagrun for example_time_delta_sensor_async to None, run_after=None
[2026-05-07T19:31:50.764+0200] {processor.py:208} INFO - Processing /home/rodrigo/Escritorio/BBDDAvanzadas/.venv/lib/python3.12/site-packages/airflow/example_dags/example_time_delta_sensor_async.py took 0.440 seconds
[2026-05-07T19:32:22.166+0200] {processor.py:186} INFO - Started process (PID=14327) to work on /home/rodrigo/Escritorio/BBDDAvanzadas/.venv/lib/python3.12/site-packages/airflow/example_dags/example_time_delta_sensor_async.py
[2026-05-07T19:32:22.167+0200] {processor.py:914} INFO - Processing file /home/rodrigo/Escritorio/BBDDAvanzadas/.venv/lib/python3.12/site-packages/airflow/example_dags/example_time_delta_sensor_async.py for tasks to queue
[2026-05-07T19:32:22.168+0200] {logging_mixin.py:190} INFO - [2026-05-07T19:32:22.168+0200] {dagbag.py:588} INFO - Filling up the DagBag from /home/rodrigo/Escritorio/BBDDAvanzadas/.venv/lib/python3.12/site-packages/airflow/example_dags/example_time_delta_sensor_async.py
[2026-05-07T19:32:22.173+0200] {processor.py:925} INFO - DAG(s) 'example_time_delta_sensor_async' retrieved from /home/rodrigo/Escritorio/BBDDAvanzadas/.venv/lib/python3.12/site-packages/airflow/example_dags/example_time_delta_sensor_async.py
[2026-05-07T19:32:22.187+0200] {logging_mixin.py:190} INFO - [2026-05-07T19:32:22.187+0200] {dag.py:3239} INFO - Sync 1 DAGs
[2026-05-07T19:32:22.199+0200] {logging_mixin.py:190} INFO - [2026-05-07T19:32:22.198+0200] {dag.py:4180} INFO - Setting next_dagrun for example_time_delta_sensor_async to None, run_after=None
[2026-05-07T19:32:22.219+0200] {processor.py:208} INFO - Processing /home/rodrigo/Escritorio/BBDDAvanzadas/.venv/lib/python3.12/site-packages/airflow/example_dags/example_time_delta_sensor_async.py took 0.057 seconds
[2026-05-07T19:37:16.359+0200] {processor.py:186} INFO - Started process (PID=14834) to work on /home/rodrigo/Escritorio/BBDDAvanzadas/.venv/lib/python3.12/site-packages/airflow/example_dags/example_time_delta_sensor_async.py
[2026-05-07T19:37:16.361+0200] {processor.py:914} INFO - Processing file /home/rodrigo/Escritorio/BBDDAvanzadas/.venv/lib/python3.12/site-packages/airflow/example_dags/example_time_delta_sensor_async.py for tasks to queue
[2026-05-07T19:37:16.362+0200] {logging_mixin.py:190} INFO - [2026-05-07T19:37:16.362+0200] {dagbag.py:588} INFO - Filling up the DagBag from /home/rodrigo/Escritorio/BBDDAvanzadas/.venv/lib/python3.12/site-packages/airflow/example_dags/example_time_delta_sensor_async.py
[2026-05-07T19:37:16.367+0200] {processor.py:925} INFO - DAG(s) 'example_time_delta_sensor_async' retrieved from /home/rodrigo/Escritorio/BBDDAvanzadas/.venv/lib/python3.12/site-packages/airflow/example_dags/example_time_delta_sensor_async.py
[2026-05-07T19:37:16.379+0200] {logging_mixin.py:190} INFO - [2026-05-07T19:37:16.379+0200] {dag.py:3239} INFO - Sync 1 DAGs
[2026-05-07T19:37:16.387+0200] {logging_mixin.py:190} INFO - [2026-05-07T19:37:16.387+0200] {dag.py:4180} INFO - Setting next_dagrun for example_time_delta_sensor_async to None, run_after=None
[2026-05-07T19:37:16.402+0200] {processor.py:208} INFO - Processing /home/rodrigo/Escritorio/BBDDAvanzadas/.venv/lib/python3.12/site-packages/airflow/example_dags/example_time_delta_sensor_async.py took 0.047 seconds
[2026-05-07T19:38:19.204+0200] {processor.py:186} INFO - Started process (PID=14963) to work on /home/rodrigo/Escritorio/BBDDAvanzadas/.venv/lib/python3.12/site-packages/airflow/example_dags/example_time_delta_sensor_async.py
[2026-05-07T19:38:19.205+0200] {processor.py:914} INFO - Processing file /home/rodrigo/Escritorio/BBDDAvanzadas/.venv/lib/python3.12/site-packages/airflow/example_dags/example_time_delta_sensor_async.py for tasks to queue
[2026-05-07T19:38:19.209+0200] {logging_mixin.py:190} INFO - [2026-05-07T19:38:19.209+0200] {dagbag.py:588} INFO - Filling up the DagBag from /home/rodrigo/Escritorio/BBDDAvanzadas/.venv/lib/python3.12/site-packages/airflow/example_dags/example_time_delta_sensor_async.py
[2026-05-07T19:38:19.223+0200] {processor.py:925} INFO - DAG(s) 'example_time_delta_sensor_async' retrieved from /home/rodrigo/Escritorio/BBDDAvanzadas/.venv/lib/python3.12/site-packages/airflow/example_dags/example_time_delta_sensor_async.py
[2026-05-07T19:38:19.236+0200] {logging_mixin.py:190} INFO - [2026-05-07T19:38:19.236+0200] {dag.py:3239} INFO - Sync 1 DAGs
[2026-05-07T19:38:19.254+0200] {logging_mixin.py:190} INFO - [2026-05-07T19:38:19.254+0200] {dag.py:4180} INFO - Setting next_dagrun for example_time_delta_sensor_async to None, run_after=None
[2026-05-07T19:38:19.357+0200] {processor.py:208} INFO - Processing /home/rodrigo/Escritorio/BBDDAvanzadas/.venv/lib/python3.12/site-packages/airflow/example_dags/example_time_delta_sensor_async.py took 0.158 seconds
[2026-05-07T19:39:44.487+0200] {processor.py:186} INFO - Started process (PID=15060) to work on /home/rodrigo/Escritorio/BBDDAvanzadas/.venv/lib/python3.12/site-packages/airflow/example_dags/example_time_delta_sensor_async.py
[2026-05-07T19:39:44.490+0200] {processor.py:914} INFO - Processing file /home/rodrigo/Escritorio/BBDDAvanzadas/.venv/lib/python3.12/site-packages/airflow/example_dags/example_time_delta_sensor_async.py for tasks to queue
[2026-05-07T19:39:44.492+0200] {logging_mixin.py:190} INFO - [2026-05-07T19:39:44.492+0200] {dagbag.py:588} INFO - Filling up the DagBag from /home/rodrigo/Escritorio/BBDDAvanzadas/.venv/lib/python3.12/site-packages/airflow/example_dags/example_time_delta_sensor_async.py
[2026-05-07T19:39:44.499+0200] {processor.py:925} INFO - DAG(s) 'example_time_delta_sensor_async' retrieved from /home/rodrigo/Escritorio/BBDDAvanzadas/.venv/lib/python3.12/site-packages/airflow/example_dags/example_time_delta_sensor_async.py
[2026-05-07T19:39:44.511+0200] {logging_mixin.py:190} INFO - [2026-05-07T19:39:44.511+0200] {dag.py:3239} INFO - Sync 1 DAGs
[2026-05-07T19:39:44.527+0200] {logging_mixin.py:190} INFO - [2026-05-07T19:39:44.527+0200] {dag.py:4180} INFO - Setting next_dagrun for example_time_delta_sensor_async to None, run_after=None
[2026-05-07T19:39:44.571+0200] {processor.py:208} INFO - Processing /home/rodrigo/Escritorio/BBDDAvanzadas/.venv/lib/python3.12/site-packages/airflow/example_dags/example_time_delta_sensor_async.py took 0.089 seconds
[2026-05-07T19:41:11.169+0200] {processor.py:186} INFO - Started process (PID=15178) to work on /home/rodrigo/Escritorio/BBDDAvanzadas/.venv/lib/python3.12/site-packages/airflow/example_dags/example_time_delta_sensor_async.py
[2026-05-07T19:41:11.181+0200] {processor.py:914} INFO - Processing file /home/rodrigo/Escritorio/BBDDAvanzadas/.venv/lib/python3.12/site-packages/airflow/example_dags/example_time_delta_sensor_async.py for tasks to queue
[2026-05-07T19:41:11.184+0200] {logging_mixin.py:190} INFO - [2026-05-07T19:41:11.184+0200] {dagbag.py:588} INFO - Filling up the DagBag from /home/rodrigo/Escritorio/BBDDAvanzadas/.venv/lib/python3.12/site-packages/airflow/example_dags/example_time_delta_sensor_async.py
[2026-05-07T19:41:11.201+0200] {processor.py:925} INFO - DAG(s) 'example_time_delta_sensor_async' retrieved from /home/rodrigo/Escritorio/BBDDAvanzadas/.venv/lib/python3.12/site-packages/airflow/example_dags/example_time_delta_sensor_async.py
[2026-05-07T19:41:11.216+0200] {logging_mixin.py:190} INFO - [2026-05-07T19:41:11.216+0200] {dag.py:3239} INFO - Sync 1 DAGs
[2026-05-07T19:41:11.232+0200] {logging_mixin.py:190} INFO - [2026-05-07T19:41:11.232+0200] {dag.py:4180} INFO - Setting next_dagrun for example_time_delta_sensor_async to None, run_after=None
[2026-05-07T19:41:11.291+0200] {processor.py:208} INFO - Processing /home/rodrigo/Escritorio/BBDDAvanzadas/.venv/lib/python3.12/site-packages/airflow/example_dags/example_time_delta_sensor_async.py took 0.126 seconds
[2026-05-07T19:42:30.016+0200] {processor.py:186} INFO - Started process (PID=15424) to work on /home/rodrigo/Escritorio/BBDDAvanzadas/.venv/lib/python3.12/site-packages/airflow/example_dags/example_time_delta_sensor_async.py
[2026-05-07T19:42:30.018+0200] {processor.py:914} INFO - Processing file /home/rodrigo/Escritorio/BBDDAvanzadas/.venv/lib/python3.12/site-packages/airflow/example_dags/example_time_delta_sensor_async.py for tasks to queue
[2026-05-07T19:42:30.019+0200] {logging_mixin.py:190} INFO - [2026-05-07T19:42:30.019+0200] {dagbag.py:588} INFO - Filling up the DagBag from /home/rodrigo/Escritorio/BBDDAvanzadas/.venv/lib/python3.12/site-packages/airflow/example_dags/example_time_delta_sensor_async.py
[2026-05-07T19:42:30.024+0200] {processor.py:925} INFO - DAG(s) 'example_time_delta_sensor_async' retrieved from /home/rodrigo/Escritorio/BBDDAvanzadas/.venv/lib/python3.12/site-packages/airflow/example_dags/example_time_delta_sensor_async.py
[2026-05-07T19:42:30.034+0200] {logging_mixin.py:190} INFO - [2026-05-07T19:42:30.034+0200] {dag.py:3239} INFO - Sync 1 DAGs
[2026-05-07T19:42:30.042+0200] {logging_mixin.py:190} INFO - [2026-05-07T19:42:30.042+0200] {dag.py:4180} INFO - Setting next_dagrun for example_time_delta_sensor_async to None, run_after=None
[2026-05-07T19:42:30.057+0200] {processor.py:208} INFO - Processing /home/rodrigo/Escritorio/BBDDAvanzadas/.venv/lib/python3.12/site-packages/airflow/example_dags/example_time_delta_sensor_async.py took 0.045 seconds
[2026-05-07T19:43:39.769+0200] {processor.py:186} INFO - Started process (PID=15612) to work on /home/rodrigo/Escritorio/BBDDAvanzadas/.venv/lib/python3.12/site-packages/airflow/example_dags/example_time_delta_sensor_async.py
[2026-05-07T19:43:39.771+0200] {processor.py:914} INFO - Processing file /home/rodrigo/Escritorio/BBDDAvanzadas/.venv/lib/python3.12/site-packages/airflow/example_dags/example_time_delta_sensor_async.py for tasks to queue
[2026-05-07T19:43:39.773+0200] {logging_mixin.py:190} INFO - [2026-05-07T19:43:39.772+0200] {dagbag.py:588} INFO - Filling up the DagBag from /home/rodrigo/Escritorio/BBDDAvanzadas/.venv/lib/python3.12/site-packages/airflow/example_dags/example_time_delta_sensor_async.py
[2026-05-07T19:43:39.778+0200] {processor.py:925} INFO - DAG(s) 'example_time_delta_sensor_async' retrieved from /home/rodrigo/Escritorio/BBDDAvanzadas/.venv/lib/python3.12/site-packages/airflow/example_dags/example_time_delta_sensor_async.py
[2026-05-07T19:43:39.787+0200] {logging_mixin.py:190} INFO - [2026-05-07T19:43:39.787+0200] {dag.py:3239} INFO - Sync 1 DAGs
[2026-05-07T19:43:39.870+0200] {logging_mixin.py:190} INFO - [2026-05-07T19:43:39.870+0200] {dag.py:4180} INFO - Setting next_dagrun for example_time_delta_sensor_async to None, run_after=None
[2026-05-07T19:43:39.884+0200] {processor.py:208} INFO - Processing /home/rodrigo/Escritorio/BBDDAvanzadas/.venv/lib/python3.12/site-packages/airflow/example_dags/example_time_delta_sensor_async.py took 0.119 seconds
[2026-05-07T19:44:34.037+0200] {processor.py:186} INFO - Started process (PID=15821) to work on /home/rodrigo/Escritorio/BBDDAvanzadas/.venv/lib/python3.12/site-packages/airflow/example_dags/example_time_delta_sensor_async.py
[2026-05-07T19:44:34.044+0200] {processor.py:914} INFO - Processing file /home/rodrigo/Escritorio/BBDDAvanzadas/.venv/lib/python3.12/site-packages/airflow/example_dags/example_time_delta_sensor_async.py for tasks to queue
[2026-05-07T19:44:34.048+0200] {logging_mixin.py:190} INFO - [2026-05-07T19:44:34.048+0200] {dagbag.py:588} INFO - Filling up the DagBag from /home/rodrigo/Escritorio/BBDDAvanzadas/.venv/lib/python3.12/site-packages/airflow/example_dags/example_time_delta_sensor_async.py
[2026-05-07T19:44:34.055+0200] {processor.py:925} INFO - DAG(s) 'example_time_delta_sensor_async' retrieved from /home/rodrigo/Escritorio/BBDDAvanzadas/.venv/lib/python3.12/site-packages/airflow/example_dags/example_time_delta_sensor_async.py
[2026-05-07T19:44:34.070+0200] {logging_mixin.py:190} INFO - [2026-05-07T19:44:34.070+0200] {dag.py:3239} INFO - Sync 1 DAGs
[2026-05-07T19:44:34.079+0200] {logging_mixin.py:190} INFO - [2026-05-07T19:44:34.079+0200] {dag.py:4180} INFO - Setting next_dagrun for example_time_delta_sensor_async to None, run_after=None
[2026-05-07T19:44:34.100+0200] {processor.py:208} INFO - Processing /home/rodrigo/Escritorio/BBDDAvanzadas/.venv/lib/python3.12/site-packages/airflow/example_dags/example_time_delta_sensor_async.py took 0.067 seconds
[2026-05-07T19:46:19.565+0200] {processor.py:186} INFO - Started process (PID=15930) to work on /home/rodrigo/Escritorio/BBDDAvanzadas/.venv/lib/python3.12/site-packages/airflow/example_dags/example_time_delta_sensor_async.py
[2026-05-07T19:46:19.567+0200] {processor.py:914} INFO - Processing file /home/rodrigo/Escritorio/BBDDAvanzadas/.venv/lib/python3.12/site-packages/airflow/example_dags/example_time_delta_sensor_async.py for tasks to queue
[2026-05-07T19:46:19.570+0200] {logging_mixin.py:190} INFO - [2026-05-07T19:46:19.569+0200] {dagbag.py:588} INFO - Filling up the DagBag from /home/rodrigo/Escritorio/BBDDAvanzadas/.venv/lib/python3.12/site-packages/airflow/example_dags/example_time_delta_sensor_async.py
[2026-05-07T19:46:19.576+0200] {processor.py:925} INFO - DAG(s) 'example_time_delta_sensor_async' retrieved from /home/rodrigo/Escritorio/BBDDAvanzadas/.venv/lib/python3.12/site-packages/airflow/example_dags/example_time_delta_sensor_async.py
[2026-05-07T19:46:19.588+0200] {logging_mixin.py:190} INFO - [2026-05-07T19:46:19.588+0200] {dag.py:3239} INFO - Sync 1 DAGs
[2026-05-07T19:46:19.597+0200] {logging_mixin.py:190} INFO - [2026-05-07T19:46:19.597+0200] {dag.py:4180} INFO - Setting next_dagrun for example_time_delta_sensor_async to None, run_after=None
[2026-05-07T19:46:19.615+0200] {processor.py:208} INFO - Processing /home/rodrigo/Escritorio/BBDDAvanzadas/.venv/lib/python3.12/site-packages/airflow/example_dags/example_time_delta_sensor_async.py took 0.054 seconds
[2026-05-07T19:47:38.130+0200] {processor.py:186} INFO - Started process (PID=16098) to work on /home/rodrigo/Escritorio/BBDDAvanzadas/.venv/lib/python3.12/site-packages/airflow/example_dags/example_time_delta_sensor_async.py
[2026-05-07T19:47:38.132+0200] {processor.py:914} INFO - Processing file /home/rodrigo/Escritorio/BBDDAvanzadas/.venv/lib/python3.12/site-packages/airflow/example_dags/example_time_delta_sensor_async.py for tasks to queue
[2026-05-07T19:47:38.134+0200] {logging_mixin.py:190} INFO - [2026-05-07T19:47:38.134+0200] {dagbag.py:588} INFO - Filling up the DagBag from /home/rodrigo/Escritorio/BBDDAvanzadas/.venv/lib/python3.12/site-packages/airflow/example_dags/example_time_delta_sensor_async.py
[2026-05-07T19:47:38.140+0200] {processor.py:925} INFO - DAG(s) 'example_time_delta_sensor_async' retrieved from /home/rodrigo/Escritorio/BBDDAvanzadas/.venv/lib/python3.12/site-packages/airflow/example_dags/example_time_delta_sensor_async.py
[2026-05-07T19:47:38.152+0200] {logging_mixin.py:190} INFO - [2026-05-07T19:47:38.152+0200] {dag.py:3239} INFO - Sync 1 DAGs
[2026-05-07T19:47:38.161+0200] {logging_mixin.py:190} INFO - [2026-05-07T19:47:38.161+0200] {dag.py:4180} INFO - Setting next_dagrun for example_time_delta_sensor_async to None, run_after=None
[2026-05-07T19:47:38.177+0200] {processor.py:208} INFO - Processing /home/rodrigo/Escritorio/BBDDAvanzadas/.venv/lib/python3.12/site-packages/airflow/example_dags/example_time_delta_sensor_async.py took 0.053 seconds
[2026-05-07T19:49:01.016+0200] {processor.py:186} INFO - Started process (PID=16232) to work on /home/rodrigo/Escritorio/BBDDAvanzadas/.venv/lib/python3.12/site-packages/airflow/example_dags/example_time_delta_sensor_async.py
[2026-05-07T19:49:01.017+0200] {processor.py:914} INFO - Processing file /home/rodrigo/Escritorio/BBDDAvanzadas/.venv/lib/python3.12/site-packages/airflow/example_dags/example_time_delta_sensor_async.py for tasks to queue
[2026-05-07T19:49:01.019+0200] {logging_mixin.py:190} INFO - [2026-05-07T19:49:01.018+0200] {dagbag.py:588} INFO - Filling up the DagBag from /home/rodrigo/Escritorio/BBDDAvanzadas/.venv/lib/python3.12/site-packages/airflow/example_dags/example_time_delta_sensor_async.py
[2026-05-07T19:49:01.024+0200] {processor.py:925} INFO - DAG(s) 'example_time_delta_sensor_async' retrieved from /home/rodrigo/Escritorio/BBDDAvanzadas/.venv/lib/python3.12/site-packages/airflow/example_dags/example_time_delta_sensor_async.py
[2026-05-07T19:49:01.035+0200] {logging_mixin.py:190} INFO - [2026-05-07T19:49:01.035+0200] {dag.py:3239} INFO - Sync 1 DAGs
[2026-05-07T19:49:01.045+0200] {logging_mixin.py:190} INFO - [2026-05-07T19:49:01.044+0200] {dag.py:4180} INFO - Setting next_dagrun for example_time_delta_sensor_async to None, run_after=None
[2026-05-07T19:49:01.061+0200] {processor.py:208} INFO - Processing /home/rodrigo/Escritorio/BBDDAvanzadas/.venv/lib/python3.12/site-packages/airflow/example_dags/example_time_delta_sensor_async.py took 0.050 seconds
[2026-05-07T19:50:43.743+0200] {processor.py:186} INFO - Started process (PID=16349) to work on /home/rodrigo/Escritorio/BBDDAvanzadas/.venv/lib/python3.12/site-packages/airflow/example_dags/example_time_delta_sensor_async.py
[2026-05-07T19:50:43.745+0200] {processor.py:914} INFO - Processing file /home/rodrigo/Escritorio/BBDDAvanzadas/.venv/lib/python3.12/site-packages/airflow/example_dags/example_time_delta_sensor_async.py for tasks to queue
[2026-05-07T19:50:43.746+0200] {logging_mixin.py:190} INFO - [2026-05-07T19:50:43.746+0200] {dagbag.py:588} INFO - Filling up the DagBag from /home/rodrigo/Escritorio/BBDDAvanzadas/.venv/lib/python3.12/site-packages/airflow/example_dags/example_time_delta_sensor_async.py
[2026-05-07T19:50:43.752+0200] {processor.py:925} INFO - DAG(s) 'example_time_delta_sensor_async' retrieved from /home/rodrigo/Escritorio/BBDDAvanzadas/.venv/lib/python3.12/site-packages/airflow/example_dags/example_time_delta_sensor_async.py
[2026-05-07T19:50:43.762+0200] {logging_mixin.py:190} INFO - [2026-05-07T19:50:43.761+0200] {dag.py:3239} INFO - Sync 1 DAGs
[2026-05-07T19:50:43.770+0200] {logging_mixin.py:190} INFO - [2026-05-07T19:50:43.769+0200] {dag.py:4180} INFO - Setting next_dagrun for example_time_delta_sensor_async to None, run_after=None
[2026-05-07T19:50:43.786+0200] {processor.py:208} INFO - Processing /home/rodrigo/Escritorio/BBDDAvanzadas/.venv/lib/python3.12/site-packages/airflow/example_dags/example_time_delta_sensor_async.py took 0.047 seconds
