[2026-05-07T19:32:31.375+0200] {processor.py:186} INFO - Started process (PID=14345) to work on /home/rodrigo/Escritorio/BBDDAvanzadas/.venv/lib/python3.12/site-packages/airflow/example_dags/example_short_circuit_decorator.py
[2026-05-07T19:32:31.375+0200] {processor.py:914} INFO - Processing file /home/rodrigo/Escritorio/BBDDAvanzadas/.venv/lib/python3.12/site-packages/airflow/example_dags/example_short_circuit_decorator.py for tasks to queue
[2026-05-07T19:32:31.377+0200] {logging_mixin.py:190} INFO - [2026-05-07T19:32:31.377+0200] {dagbag.py:588} INFO - Filling up the DagBag from /home/rodrigo/Escritorio/BBDDAvanzadas/.venv/lib/python3.12/site-packages/airflow/example_dags/example_short_circuit_decorator.py
[2026-05-07T19:32:31.389+0200] {processor.py:925} INFO - DAG(s) 'example_short_circuit_decorator' retrieved from /home/rodrigo/Escritorio/BBDDAvanzadas/.venv/lib/python3.12/site-packages/airflow/example_dags/example_short_circuit_decorator.py
[2026-05-07T19:32:31.597+0200] {logging_mixin.py:190} INFO - [2026-05-07T19:32:31.593+0200] {override.py:1930} INFO - Created Permission View: can read on DAG:example_short_circuit_decorator
[2026-05-07T19:32:31.631+0200] {logging_mixin.py:190} INFO - [2026-05-07T19:32:31.630+0200] {override.py:1930} INFO - Created Permission View: can edit on DAG:example_short_circuit_decorator
[2026-05-07T19:32:31.673+0200] {logging_mixin.py:190} INFO - [2026-05-07T19:32:31.673+0200] {override.py:1930} INFO - Created Permission View: can delete on DAG:example_short_circuit_decorator
[2026-05-07T19:32:31.748+0200] {logging_mixin.py:190} INFO - [2026-05-07T19:32:31.747+0200] {override.py:1930} INFO - Created Permission View: can create on DAG Run:example_short_circuit_decorator
[2026-05-07T19:32:31.800+0200] {logging_mixin.py:190} INFO - [2026-05-07T19:32:31.796+0200] {override.py:1930} INFO - Created Permission View: can read on DAG Run:example_short_circuit_decorator
[2026-05-07T19:32:31.844+0200] {logging_mixin.py:190} INFO - [2026-05-07T19:32:31.843+0200] {override.py:1930} INFO - Created Permission View: menu access on DAG Run:example_short_circuit_decorator
[2026-05-07T19:32:31.908+0200] {logging_mixin.py:190} INFO - [2026-05-07T19:32:31.907+0200] {override.py:1930} INFO - Created Permission View: can delete on DAG Run:example_short_circuit_decorator
[2026-05-07T19:32:31.909+0200] {logging_mixin.py:190} INFO - [2026-05-07T19:32:31.908+0200] {dag.py:3239} INFO - Sync 1 DAGs
[2026-05-07T19:32:31.917+0200] {logging_mixin.py:190} INFO - [2026-05-07T19:32:31.917+0200] {dag.py:3262} INFO - Creating ORM DAG for example_short_circuit_decorator
[2026-05-07T19:32:31.917+0200] {logging_mixin.py:190} INFO - [2026-05-07T19:32:31.917+0200] {dag.py:4180} INFO - Setting next_dagrun for example_short_circuit_decorator to None, run_after=None
[2026-05-07T19:32:31.958+0200] {processor.py:208} INFO - Processing /home/rodrigo/Escritorio/BBDDAvanzadas/.venv/lib/python3.12/site-packages/airflow/example_dags/example_short_circuit_decorator.py took 0.588 seconds
[2026-05-07T19:37:23.191+0200] {processor.py:186} INFO - Started process (PID=14857) to work on /home/rodrigo/Escritorio/BBDDAvanzadas/.venv/lib/python3.12/site-packages/airflow/example_dags/example_short_circuit_decorator.py
[2026-05-07T19:37:23.213+0200] {processor.py:914} INFO - Processing file /home/rodrigo/Escritorio/BBDDAvanzadas/.venv/lib/python3.12/site-packages/airflow/example_dags/example_short_circuit_decorator.py for tasks to queue
[2026-05-07T19:37:23.229+0200] {logging_mixin.py:190} INFO - [2026-05-07T19:37:23.228+0200] {dagbag.py:588} INFO - Filling up the DagBag from /home/rodrigo/Escritorio/BBDDAvanzadas/.venv/lib/python3.12/site-packages/airflow/example_dags/example_short_circuit_decorator.py
[2026-05-07T19:37:23.283+0200] {processor.py:925} INFO - DAG(s) 'example_short_circuit_decorator' retrieved from /home/rodrigo/Escritorio/BBDDAvanzadas/.venv/lib/python3.12/site-packages/airflow/example_dags/example_short_circuit_decorator.py
[2026-05-07T19:37:23.311+0200] {logging_mixin.py:190} INFO - [2026-05-07T19:37:23.311+0200] {dag.py:3239} INFO - Sync 1 DAGs
[2026-05-07T19:37:23.329+0200] {logging_mixin.py:190} INFO - [2026-05-07T19:37:23.329+0200] {dag.py:4180} INFO - Setting next_dagrun for example_short_circuit_decorator to None, run_after=None
[2026-05-07T19:37:23.367+0200] {processor.py:208} INFO - Processing /home/rodrigo/Escritorio/BBDDAvanzadas/.venv/lib/python3.12/site-packages/airflow/example_dags/example_short_circuit_decorator.py took 0.191 seconds
[2026-05-07T19:38:28.063+0200] {processor.py:186} INFO - Started process (PID=14970) to work on /home/rodrigo/Escritorio/BBDDAvanzadas/.venv/lib/python3.12/site-packages/airflow/example_dags/example_short_circuit_decorator.py
[2026-05-07T19:38:28.071+0200] {processor.py:914} INFO - Processing file /home/rodrigo/Escritorio/BBDDAvanzadas/.venv/lib/python3.12/site-packages/airflow/example_dags/example_short_circuit_decorator.py for tasks to queue
[2026-05-07T19:38:28.074+0200] {logging_mixin.py:190} INFO - [2026-05-07T19:38:28.073+0200] {dagbag.py:588} INFO - Filling up the DagBag from /home/rodrigo/Escritorio/BBDDAvanzadas/.venv/lib/python3.12/site-packages/airflow/example_dags/example_short_circuit_decorator.py
[2026-05-07T19:38:28.090+0200] {processor.py:925} INFO - DAG(s) 'example_short_circuit_decorator' retrieved from /home/rodrigo/Escritorio/BBDDAvanzadas/.venv/lib/python3.12/site-packages/airflow/example_dags/example_short_circuit_decorator.py
[2026-05-07T19:38:28.140+0200] {logging_mixin.py:190} INFO - [2026-05-07T19:38:28.140+0200] {dag.py:3239} INFO - Sync 1 DAGs
[2026-05-07T19:38:28.154+0200] {logging_mixin.py:190} INFO - [2026-05-07T19:38:28.154+0200] {dag.py:4180} INFO - Setting next_dagrun for example_short_circuit_decorator to None, run_after=None
[2026-05-07T19:38:28.170+0200] {processor.py:208} INFO - Processing /home/rodrigo/Escritorio/BBDDAvanzadas/.venv/lib/python3.12/site-packages/airflow/example_dags/example_short_circuit_decorator.py took 0.112 seconds
[2026-05-07T19:39:52.267+0200] {processor.py:186} INFO - Started process (PID=15069) to work on /home/rodrigo/Escritorio/BBDDAvanzadas/.venv/lib/python3.12/site-packages/airflow/example_dags/example_short_circuit_decorator.py
[2026-05-07T19:39:52.273+0200] {processor.py:914} INFO - Processing file /home/rodrigo/Escritorio/BBDDAvanzadas/.venv/lib/python3.12/site-packages/airflow/example_dags/example_short_circuit_decorator.py for tasks to queue
[2026-05-07T19:39:52.275+0200] {logging_mixin.py:190} INFO - [2026-05-07T19:39:52.275+0200] {dagbag.py:588} INFO - Filling up the DagBag from /home/rodrigo/Escritorio/BBDDAvanzadas/.venv/lib/python3.12/site-packages/airflow/example_dags/example_short_circuit_decorator.py
[2026-05-07T19:39:52.287+0200] {processor.py:925} INFO - DAG(s) 'example_short_circuit_decorator' retrieved from /home/rodrigo/Escritorio/BBDDAvanzadas/.venv/lib/python3.12/site-packages/airflow/example_dags/example_short_circuit_decorator.py
[2026-05-07T19:39:52.319+0200] {logging_mixin.py:190} INFO - [2026-05-07T19:39:52.319+0200] {dag.py:3239} INFO - Sync 1 DAGs
[2026-05-07T19:39:52.327+0200] {logging_mixin.py:190} INFO - [2026-05-07T19:39:52.327+0200] {dag.py:4180} INFO - Setting next_dagrun for example_short_circuit_decorator to None, run_after=None
[2026-05-07T19:39:52.365+0200] {processor.py:208} INFO - Processing /home/rodrigo/Escritorio/BBDDAvanzadas/.venv/lib/python3.12/site-packages/airflow/example_dags/example_short_circuit_decorator.py took 0.103 seconds
[2026-05-07T19:41:20.106+0200] {processor.py:186} INFO - Started process (PID=15187) to work on /home/rodrigo/Escritorio/BBDDAvanzadas/.venv/lib/python3.12/site-packages/airflow/example_dags/example_short_circuit_decorator.py
[2026-05-07T19:41:20.108+0200] {processor.py:914} INFO - Processing file /home/rodrigo/Escritorio/BBDDAvanzadas/.venv/lib/python3.12/site-packages/airflow/example_dags/example_short_circuit_decorator.py for tasks to queue
[2026-05-07T19:41:20.117+0200] {logging_mixin.py:190} INFO - [2026-05-07T19:41:20.114+0200] {dagbag.py:588} INFO - Filling up the DagBag from /home/rodrigo/Escritorio/BBDDAvanzadas/.venv/lib/python3.12/site-packages/airflow/example_dags/example_short_circuit_decorator.py
[2026-05-07T19:41:20.130+0200] {processor.py:925} INFO - DAG(s) 'example_short_circuit_decorator' retrieved from /home/rodrigo/Escritorio/BBDDAvanzadas/.venv/lib/python3.12/site-packages/airflow/example_dags/example_short_circuit_decorator.py
[2026-05-07T19:41:20.174+0200] {logging_mixin.py:190} INFO - [2026-05-07T19:41:20.173+0200] {dag.py:3239} INFO - Sync 1 DAGs
[2026-05-07T19:41:20.189+0200] {logging_mixin.py:190} INFO - [2026-05-07T19:41:20.189+0200] {dag.py:4180} INFO - Setting next_dagrun for example_short_circuit_decorator to None, run_after=None
[2026-05-07T19:41:20.249+0200] {processor.py:208} INFO - Processing /home/rodrigo/Escritorio/BBDDAvanzadas/.venv/lib/python3.12/site-packages/airflow/example_dags/example_short_circuit_decorator.py took 0.148 seconds
[2026-05-07T19:42:38.875+0200] {processor.py:186} INFO - Started process (PID=15435) to work on /home/rodrigo/Escritorio/BBDDAvanzadas/.venv/lib/python3.12/site-packages/airflow/example_dags/example_short_circuit_decorator.py
[2026-05-07T19:42:38.877+0200] {processor.py:914} INFO - Processing file /home/rodrigo/Escritorio/BBDDAvanzadas/.venv/lib/python3.12/site-packages/airflow/example_dags/example_short_circuit_decorator.py for tasks to queue
[2026-05-07T19:42:38.882+0200] {logging_mixin.py:190} INFO - [2026-05-07T19:42:38.882+0200] {dagbag.py:588} INFO - Filling up the DagBag from /home/rodrigo/Escritorio/BBDDAvanzadas/.venv/lib/python3.12/site-packages/airflow/example_dags/example_short_circuit_decorator.py
[2026-05-07T19:42:38.893+0200] {processor.py:925} INFO - DAG(s) 'example_short_circuit_decorator' retrieved from /home/rodrigo/Escritorio/BBDDAvanzadas/.venv/lib/python3.12/site-packages/airflow/example_dags/example_short_circuit_decorator.py
[2026-05-07T19:42:38.911+0200] {logging_mixin.py:190} INFO - [2026-05-07T19:42:38.910+0200] {dag.py:3239} INFO - Sync 1 DAGs
[2026-05-07T19:42:38.919+0200] {logging_mixin.py:190} INFO - [2026-05-07T19:42:38.919+0200] {dag.py:4180} INFO - Setting next_dagrun for example_short_circuit_decorator to None, run_after=None
[2026-05-07T19:42:39.003+0200] {processor.py:208} INFO - Processing /home/rodrigo/Escritorio/BBDDAvanzadas/.venv/lib/python3.12/site-packages/airflow/example_dags/example_short_circuit_decorator.py took 0.134 seconds
[2026-05-07T19:43:48.659+0200] {processor.py:186} INFO - Started process (PID=15629) to work on /home/rodrigo/Escritorio/BBDDAvanzadas/.venv/lib/python3.12/site-packages/airflow/example_dags/example_short_circuit_decorator.py
[2026-05-07T19:43:48.661+0200] {processor.py:914} INFO - Processing file /home/rodrigo/Escritorio/BBDDAvanzadas/.venv/lib/python3.12/site-packages/airflow/example_dags/example_short_circuit_decorator.py for tasks to queue
[2026-05-07T19:43:48.663+0200] {logging_mixin.py:190} INFO - [2026-05-07T19:43:48.662+0200] {dagbag.py:588} INFO - Filling up the DagBag from /home/rodrigo/Escritorio/BBDDAvanzadas/.venv/lib/python3.12/site-packages/airflow/example_dags/example_short_circuit_decorator.py
[2026-05-07T19:43:48.670+0200] {processor.py:925} INFO - DAG(s) 'example_short_circuit_decorator' retrieved from /home/rodrigo/Escritorio/BBDDAvanzadas/.venv/lib/python3.12/site-packages/airflow/example_dags/example_short_circuit_decorator.py
[2026-05-07T19:43:48.684+0200] {logging_mixin.py:190} INFO - [2026-05-07T19:43:48.684+0200] {dag.py:3239} INFO - Sync 1 DAGs
[2026-05-07T19:43:48.796+0200] {logging_mixin.py:190} INFO - [2026-05-07T19:43:48.796+0200] {dag.py:4180} INFO - Setting next_dagrun for example_short_circuit_decorator to None, run_after=None
[2026-05-07T19:43:48.812+0200] {processor.py:208} INFO - Processing /home/rodrigo/Escritorio/BBDDAvanzadas/.venv/lib/python3.12/site-packages/airflow/example_dags/example_short_circuit_decorator.py took 0.156 seconds
[2026-05-07T19:45:30.038+0200] {processor.py:186} INFO - Started process (PID=15886) to work on /home/rodrigo/Escritorio/BBDDAvanzadas/.venv/lib/python3.12/site-packages/airflow/example_dags/example_short_circuit_decorator.py
[2026-05-07T19:45:30.040+0200] {processor.py:914} INFO - Processing file /home/rodrigo/Escritorio/BBDDAvanzadas/.venv/lib/python3.12/site-packages/airflow/example_dags/example_short_circuit_decorator.py for tasks to queue
[2026-05-07T19:45:30.042+0200] {logging_mixin.py:190} INFO - [2026-05-07T19:45:30.041+0200] {dagbag.py:588} INFO - Filling up the DagBag from /home/rodrigo/Escritorio/BBDDAvanzadas/.venv/lib/python3.12/site-packages/airflow/example_dags/example_short_circuit_decorator.py
[2026-05-07T19:45:30.050+0200] {processor.py:925} INFO - DAG(s) 'example_short_circuit_decorator' retrieved from /home/rodrigo/Escritorio/BBDDAvanzadas/.venv/lib/python3.12/site-packages/airflow/example_dags/example_short_circuit_decorator.py
[2026-05-07T19:45:30.063+0200] {logging_mixin.py:190} INFO - [2026-05-07T19:45:30.063+0200] {dag.py:3239} INFO - Sync 1 DAGs
[2026-05-07T19:45:30.073+0200] {logging_mixin.py:190} INFO - [2026-05-07T19:45:30.072+0200] {dag.py:4180} INFO - Setting next_dagrun for example_short_circuit_decorator to None, run_after=None
[2026-05-07T19:45:30.092+0200] {processor.py:208} INFO - Processing /home/rodrigo/Escritorio/BBDDAvanzadas/.venv/lib/python3.12/site-packages/airflow/example_dags/example_short_circuit_decorator.py took 0.060 seconds
[2026-05-07T19:47:05.290+0200] {processor.py:186} INFO - Started process (PID=16027) to work on /home/rodrigo/Escritorio/BBDDAvanzadas/.venv/lib/python3.12/site-packages/airflow/example_dags/example_short_circuit_decorator.py
[2026-05-07T19:47:05.294+0200] {processor.py:914} INFO - Processing file /home/rodrigo/Escritorio/BBDDAvanzadas/.venv/lib/python3.12/site-packages/airflow/example_dags/example_short_circuit_decorator.py for tasks to queue
[2026-05-07T19:47:05.296+0200] {logging_mixin.py:190} INFO - [2026-05-07T19:47:05.296+0200] {dagbag.py:588} INFO - Filling up the DagBag from /home/rodrigo/Escritorio/BBDDAvanzadas/.venv/lib/python3.12/site-packages/airflow/example_dags/example_short_circuit_decorator.py
[2026-05-07T19:47:05.308+0200] {processor.py:925} INFO - DAG(s) 'example_short_circuit_decorator' retrieved from /home/rodrigo/Escritorio/BBDDAvanzadas/.venv/lib/python3.12/site-packages/airflow/example_dags/example_short_circuit_decorator.py
[2026-05-07T19:47:05.328+0200] {logging_mixin.py:190} INFO - [2026-05-07T19:47:05.328+0200] {dag.py:3239} INFO - Sync 1 DAGs
[2026-05-07T19:47:05.339+0200] {logging_mixin.py:190} INFO - [2026-05-07T19:47:05.339+0200] {dag.py:4180} INFO - Setting next_dagrun for example_short_circuit_decorator to None, run_after=None
[2026-05-07T19:47:05.358+0200] {processor.py:208} INFO - Processing /home/rodrigo/Escritorio/BBDDAvanzadas/.venv/lib/python3.12/site-packages/airflow/example_dags/example_short_circuit_decorator.py took 0.083 seconds
[2026-05-07T19:48:10.014+0200] {processor.py:186} INFO - Started process (PID=16177) to work on /home/rodrigo/Escritorio/BBDDAvanzadas/.venv/lib/python3.12/site-packages/airflow/example_dags/example_short_circuit_decorator.py
[2026-05-07T19:48:10.016+0200] {processor.py:914} INFO - Processing file /home/rodrigo/Escritorio/BBDDAvanzadas/.venv/lib/python3.12/site-packages/airflow/example_dags/example_short_circuit_decorator.py for tasks to queue
[2026-05-07T19:48:10.017+0200] {logging_mixin.py:190} INFO - [2026-05-07T19:48:10.017+0200] {dagbag.py:588} INFO - Filling up the DagBag from /home/rodrigo/Escritorio/BBDDAvanzadas/.venv/lib/python3.12/site-packages/airflow/example_dags/example_short_circuit_decorator.py
[2026-05-07T19:48:10.027+0200] {processor.py:925} INFO - DAG(s) 'example_short_circuit_decorator' retrieved from /home/rodrigo/Escritorio/BBDDAvanzadas/.venv/lib/python3.12/site-packages/airflow/example_dags/example_short_circuit_decorator.py
[2026-05-07T19:48:10.041+0200] {logging_mixin.py:190} INFO - [2026-05-07T19:48:10.041+0200] {dag.py:3239} INFO - Sync 1 DAGs
[2026-05-07T19:48:10.050+0200] {logging_mixin.py:190} INFO - [2026-05-07T19:48:10.049+0200] {dag.py:4180} INFO - Setting next_dagrun for example_short_circuit_decorator to None, run_after=None
[2026-05-07T19:48:10.066+0200] {processor.py:208} INFO - Processing /home/rodrigo/Escritorio/BBDDAvanzadas/.venv/lib/python3.12/site-packages/airflow/example_dags/example_short_circuit_decorator.py took 0.056 seconds
[2026-05-07T19:49:54.984+0200] {processor.py:186} INFO - Started process (PID=16306) to work on /home/rodrigo/Escritorio/BBDDAvanzadas/.venv/lib/python3.12/site-packages/airflow/example_dags/example_short_circuit_decorator.py
[2026-05-07T19:49:54.987+0200] {processor.py:914} INFO - Processing file /home/rodrigo/Escritorio/BBDDAvanzadas/.venv/lib/python3.12/site-packages/airflow/example_dags/example_short_circuit_decorator.py for tasks to queue
[2026-05-07T19:49:54.990+0200] {logging_mixin.py:190} INFO - [2026-05-07T19:49:54.988+0200] {dagbag.py:588} INFO - Filling up the DagBag from /home/rodrigo/Escritorio/BBDDAvanzadas/.venv/lib/python3.12/site-packages/airflow/example_dags/example_short_circuit_decorator.py
[2026-05-07T19:49:54.998+0200] {processor.py:925} INFO - DAG(s) 'example_short_circuit_decorator' retrieved from /home/rodrigo/Escritorio/BBDDAvanzadas/.venv/lib/python3.12/site-packages/airflow/example_dags/example_short_circuit_decorator.py
[2026-05-07T19:49:55.012+0200] {logging_mixin.py:190} INFO - [2026-05-07T19:49:55.012+0200] {dag.py:3239} INFO - Sync 1 DAGs
[2026-05-07T19:49:55.020+0200] {logging_mixin.py:190} INFO - [2026-05-07T19:49:55.020+0200] {dag.py:4180} INFO - Setting next_dagrun for example_short_circuit_decorator to None, run_after=None
[2026-05-07T19:49:55.036+0200] {processor.py:208} INFO - Processing /home/rodrigo/Escritorio/BBDDAvanzadas/.venv/lib/python3.12/site-packages/airflow/example_dags/example_short_circuit_decorator.py took 0.056 seconds
[2026-05-07T19:51:33.908+0200] {processor.py:186} INFO - Started process (PID=16397) to work on /home/rodrigo/Escritorio/BBDDAvanzadas/.venv/lib/python3.12/site-packages/airflow/example_dags/example_short_circuit_decorator.py
[2026-05-07T19:51:33.910+0200] {processor.py:914} INFO - Processing file /home/rodrigo/Escritorio/BBDDAvanzadas/.venv/lib/python3.12/site-packages/airflow/example_dags/example_short_circuit_decorator.py for tasks to queue
[2026-05-07T19:51:33.912+0200] {logging_mixin.py:190} INFO - [2026-05-07T19:51:33.912+0200] {dagbag.py:588} INFO - Filling up the DagBag from /home/rodrigo/Escritorio/BBDDAvanzadas/.venv/lib/python3.12/site-packages/airflow/example_dags/example_short_circuit_decorator.py
[2026-05-07T19:51:33.920+0200] {processor.py:925} INFO - DAG(s) 'example_short_circuit_decorator' retrieved from /home/rodrigo/Escritorio/BBDDAvanzadas/.venv/lib/python3.12/site-packages/airflow/example_dags/example_short_circuit_decorator.py
[2026-05-07T19:51:33.934+0200] {logging_mixin.py:190} INFO - [2026-05-07T19:51:33.934+0200] {dag.py:3239} INFO - Sync 1 DAGs
[2026-05-07T19:51:33.943+0200] {logging_mixin.py:190} INFO - [2026-05-07T19:51:33.943+0200] {dag.py:4180} INFO - Setting next_dagrun for example_short_circuit_decorator to None, run_after=None
[2026-05-07T19:51:33.959+0200] {processor.py:208} INFO - Processing /home/rodrigo/Escritorio/BBDDAvanzadas/.venv/lib/python3.12/site-packages/airflow/example_dags/example_short_circuit_decorator.py took 0.055 seconds
[2026-05-07T19:52:43.860+0200] {processor.py:186} INFO - Started process (PID=16643) to work on /home/rodrigo/Escritorio/BBDDAvanzadas/.venv/lib/python3.12/site-packages/airflow/example_dags/example_short_circuit_decorator.py
[2026-05-07T19:52:43.862+0200] {processor.py:914} INFO - Processing file /home/rodrigo/Escritorio/BBDDAvanzadas/.venv/lib/python3.12/site-packages/airflow/example_dags/example_short_circuit_decorator.py for tasks to queue
[2026-05-07T19:52:43.865+0200] {logging_mixin.py:190} INFO - [2026-05-07T19:52:43.864+0200] {dagbag.py:588} INFO - Filling up the DagBag from /home/rodrigo/Escritorio/BBDDAvanzadas/.venv/lib/python3.12/site-packages/airflow/example_dags/example_short_circuit_decorator.py
[2026-05-07T19:52:43.895+0200] {processor.py:925} INFO - DAG(s) 'example_short_circuit_decorator' retrieved from /home/rodrigo/Escritorio/BBDDAvanzadas/.venv/lib/python3.12/site-packages/airflow/example_dags/example_short_circuit_decorator.py
[2026-05-07T19:52:43.912+0200] {logging_mixin.py:190} INFO - [2026-05-07T19:52:43.912+0200] {dag.py:3239} INFO - Sync 1 DAGs
[2026-05-07T19:52:43.932+0200] {logging_mixin.py:190} INFO - [2026-05-07T19:52:43.932+0200] {dag.py:4180} INFO - Setting next_dagrun for example_short_circuit_decorator to None, run_after=None
[2026-05-07T19:52:44.017+0200] {processor.py:208} INFO - Processing /home/rodrigo/Escritorio/BBDDAvanzadas/.venv/lib/python3.12/site-packages/airflow/example_dags/example_short_circuit_decorator.py took 0.184 seconds
[2026-05-07T19:53:55.693+0200] {processor.py:186} INFO - Started process (PID=16798) to work on /home/rodrigo/Escritorio/BBDDAvanzadas/.venv/lib/python3.12/site-packages/airflow/example_dags/example_short_circuit_decorator.py
[2026-05-07T19:53:55.700+0200] {processor.py:914} INFO - Processing file /home/rodrigo/Escritorio/BBDDAvanzadas/.venv/lib/python3.12/site-packages/airflow/example_dags/example_short_circuit_decorator.py for tasks to queue
[2026-05-07T19:53:55.703+0200] {logging_mixin.py:190} INFO - [2026-05-07T19:53:55.702+0200] {dagbag.py:588} INFO - Filling up the DagBag from /home/rodrigo/Escritorio/BBDDAvanzadas/.venv/lib/python3.12/site-packages/airflow/example_dags/example_short_circuit_decorator.py
[2026-05-07T19:53:55.714+0200] {processor.py:925} INFO - DAG(s) 'example_short_circuit_decorator' retrieved from /home/rodrigo/Escritorio/BBDDAvanzadas/.venv/lib/python3.12/site-packages/airflow/example_dags/example_short_circuit_decorator.py
[2026-05-07T19:53:55.757+0200] {logging_mixin.py:190} INFO - [2026-05-07T19:53:55.757+0200] {dag.py:3239} INFO - Sync 1 DAGs
[2026-05-07T19:53:55.771+0200] {logging_mixin.py:190} INFO - [2026-05-07T19:53:55.771+0200] {dag.py:4180} INFO - Setting next_dagrun for example_short_circuit_decorator to None, run_after=None
[2026-05-07T19:53:55.794+0200] {processor.py:208} INFO - Processing /home/rodrigo/Escritorio/BBDDAvanzadas/.venv/lib/python3.12/site-packages/airflow/example_dags/example_short_circuit_decorator.py took 0.109 seconds
[2026-05-07T19:55:06.019+0200] {processor.py:186} INFO - Started process (PID=16950) to work on /home/rodrigo/Escritorio/BBDDAvanzadas/.venv/lib/python3.12/site-packages/airflow/example_dags/example_short_circuit_decorator.py
[2026-05-07T19:55:06.020+0200] {processor.py:914} INFO - Processing file /home/rodrigo/Escritorio/BBDDAvanzadas/.venv/lib/python3.12/site-packages/airflow/example_dags/example_short_circuit_decorator.py for tasks to queue
[2026-05-07T19:55:06.021+0200] {logging_mixin.py:190} INFO - [2026-05-07T19:55:06.021+0200] {dagbag.py:588} INFO - Filling up the DagBag from /home/rodrigo/Escritorio/BBDDAvanzadas/.venv/lib/python3.12/site-packages/airflow/example_dags/example_short_circuit_decorator.py
[2026-05-07T19:55:06.029+0200] {processor.py:925} INFO - DAG(s) 'example_short_circuit_decorator' retrieved from /home/rodrigo/Escritorio/BBDDAvanzadas/.venv/lib/python3.12/site-packages/airflow/example_dags/example_short_circuit_decorator.py
[2026-05-07T19:55:06.041+0200] {logging_mixin.py:190} INFO - [2026-05-07T19:55:06.041+0200] {dag.py:3239} INFO - Sync 1 DAGs
[2026-05-07T19:55:06.049+0200] {logging_mixin.py:190} INFO - [2026-05-07T19:55:06.049+0200] {dag.py:4180} INFO - Setting next_dagrun for example_short_circuit_decorator to None, run_after=None
[2026-05-07T19:55:06.066+0200] {processor.py:208} INFO - Processing /home/rodrigo/Escritorio/BBDDAvanzadas/.venv/lib/python3.12/site-packages/airflow/example_dags/example_short_circuit_decorator.py took 0.051 seconds
[2026-05-07T19:57:08.383+0200] {processor.py:186} INFO - Started process (PID=17045) to work on /home/rodrigo/Escritorio/BBDDAvanzadas/.venv/lib/python3.12/site-packages/airflow/example_dags/example_short_circuit_decorator.py
[2026-05-07T19:57:08.384+0200] {processor.py:914} INFO - Processing file /home/rodrigo/Escritorio/BBDDAvanzadas/.venv/lib/python3.12/site-packages/airflow/example_dags/example_short_circuit_decorator.py for tasks to queue
[2026-05-07T19:57:08.386+0200] {logging_mixin.py:190} INFO - [2026-05-07T19:57:08.386+0200] {dagbag.py:588} INFO - Filling up the DagBag from /home/rodrigo/Escritorio/BBDDAvanzadas/.venv/lib/python3.12/site-packages/airflow/example_dags/example_short_circuit_decorator.py
[2026-05-07T19:57:08.395+0200] {processor.py:925} INFO - DAG(s) 'example_short_circuit_decorator' retrieved from /home/rodrigo/Escritorio/BBDDAvanzadas/.venv/lib/python3.12/site-packages/airflow/example_dags/example_short_circuit_decorator.py
[2026-05-07T19:57:08.418+0200] {logging_mixin.py:190} INFO - [2026-05-07T19:57:08.418+0200] {dag.py:3239} INFO - Sync 1 DAGs
[2026-05-07T19:57:08.431+0200] {logging_mixin.py:190} INFO - [2026-05-07T19:57:08.431+0200] {dag.py:4180} INFO - Setting next_dagrun for example_short_circuit_decorator to None, run_after=None
[2026-05-07T19:57:08.452+0200] {processor.py:208} INFO - Processing /home/rodrigo/Escritorio/BBDDAvanzadas/.venv/lib/python3.12/site-packages/airflow/example_dags/example_short_circuit_decorator.py took 0.074 seconds
[2026-05-07T19:59:09.384+0200] {processor.py:186} INFO - Started process (PID=17148) to work on /home/rodrigo/Escritorio/BBDDAvanzadas/.venv/lib/python3.12/site-packages/airflow/example_dags/example_short_circuit_decorator.py
[2026-05-07T19:59:09.386+0200] {processor.py:914} INFO - Processing file /home/rodrigo/Escritorio/BBDDAvanzadas/.venv/lib/python3.12/site-packages/airflow/example_dags/example_short_circuit_decorator.py for tasks to queue
[2026-05-07T19:59:09.388+0200] {logging_mixin.py:190} INFO - [2026-05-07T19:59:09.388+0200] {dagbag.py:588} INFO - Filling up the DagBag from /home/rodrigo/Escritorio/BBDDAvanzadas/.venv/lib/python3.12/site-packages/airflow/example_dags/example_short_circuit_decorator.py
[2026-05-07T19:59:09.395+0200] {processor.py:925} INFO - DAG(s) 'example_short_circuit_decorator' retrieved from /home/rodrigo/Escritorio/BBDDAvanzadas/.venv/lib/python3.12/site-packages/airflow/example_dags/example_short_circuit_decorator.py
[2026-05-07T19:59:09.408+0200] {logging_mixin.py:190} INFO - [2026-05-07T19:59:09.407+0200] {dag.py:3239} INFO - Sync 1 DAGs
[2026-05-07T19:59:09.416+0200] {logging_mixin.py:190} INFO - [2026-05-07T19:59:09.416+0200] {dag.py:4180} INFO - Setting next_dagrun for example_short_circuit_decorator to None, run_after=None
[2026-05-07T19:59:09.432+0200] {processor.py:208} INFO - Processing /home/rodrigo/Escritorio/BBDDAvanzadas/.venv/lib/python3.12/site-packages/airflow/example_dags/example_short_circuit_decorator.py took 0.052 seconds
[2026-05-07T20:00:09.914+0200] {processor.py:186} INFO - Started process (PID=17227) to work on /home/rodrigo/Escritorio/BBDDAvanzadas/.venv/lib/python3.12/site-packages/airflow/example_dags/example_short_circuit_decorator.py
[2026-05-07T20:00:09.915+0200] {processor.py:914} INFO - Processing file /home/rodrigo/Escritorio/BBDDAvanzadas/.venv/lib/python3.12/site-packages/airflow/example_dags/example_short_circuit_decorator.py for tasks to queue
[2026-05-07T20:00:09.917+0200] {logging_mixin.py:190} INFO - [2026-05-07T20:00:09.917+0200] {dagbag.py:588} INFO - Filling up the DagBag from /home/rodrigo/Escritorio/BBDDAvanzadas/.venv/lib/python3.12/site-packages/airflow/example_dags/example_short_circuit_decorator.py
[2026-05-07T20:00:09.925+0200] {processor.py:925} INFO - DAG(s) 'example_short_circuit_decorator' retrieved from /home/rodrigo/Escritorio/BBDDAvanzadas/.venv/lib/python3.12/site-packages/airflow/example_dags/example_short_circuit_decorator.py
[2026-05-07T20:00:09.937+0200] {logging_mixin.py:190} INFO - [2026-05-07T20:00:09.937+0200] {dag.py:3239} INFO - Sync 1 DAGs
[2026-05-07T20:00:09.945+0200] {logging_mixin.py:190} INFO - [2026-05-07T20:00:09.944+0200] {dag.py:4180} INFO - Setting next_dagrun for example_short_circuit_decorator to None, run_after=None
[2026-05-07T20:00:09.961+0200] {processor.py:208} INFO - Processing /home/rodrigo/Escritorio/BBDDAvanzadas/.venv/lib/python3.12/site-packages/airflow/example_dags/example_short_circuit_decorator.py took 0.051 seconds
[2026-05-07T20:01:32.340+0200] {processor.py:186} INFO - Started process (PID=17476) to work on /home/rodrigo/Escritorio/BBDDAvanzadas/.venv/lib/python3.12/site-packages/airflow/example_dags/example_short_circuit_decorator.py
[2026-05-07T20:01:32.342+0200] {processor.py:914} INFO - Processing file /home/rodrigo/Escritorio/BBDDAvanzadas/.venv/lib/python3.12/site-packages/airflow/example_dags/example_short_circuit_decorator.py for tasks to queue
[2026-05-07T20:01:32.343+0200] {logging_mixin.py:190} INFO - [2026-05-07T20:01:32.343+0200] {dagbag.py:588} INFO - Filling up the DagBag from /home/rodrigo/Escritorio/BBDDAvanzadas/.venv/lib/python3.12/site-packages/airflow/example_dags/example_short_circuit_decorator.py
[2026-05-07T20:01:32.353+0200] {processor.py:925} INFO - DAG(s) 'example_short_circuit_decorator' retrieved from /home/rodrigo/Escritorio/BBDDAvanzadas/.venv/lib/python3.12/site-packages/airflow/example_dags/example_short_circuit_decorator.py
[2026-05-07T20:01:32.381+0200] {logging_mixin.py:190} INFO - [2026-05-07T20:01:32.379+0200] {dag.py:3239} INFO - Sync 1 DAGs
[2026-05-07T20:01:32.389+0200] {logging_mixin.py:190} INFO - [2026-05-07T20:01:32.389+0200] {dag.py:4180} INFO - Setting next_dagrun for example_short_circuit_decorator to None, run_after=None
[2026-05-07T20:01:32.419+0200] {processor.py:208} INFO - Processing /home/rodrigo/Escritorio/BBDDAvanzadas/.venv/lib/python3.12/site-packages/airflow/example_dags/example_short_circuit_decorator.py took 0.082 seconds
[2026-05-07T20:02:31.825+0200] {processor.py:186} INFO - Started process (PID=17630) to work on /home/rodrigo/Escritorio/BBDDAvanzadas/.venv/lib/python3.12/site-packages/airflow/example_dags/example_short_circuit_decorator.py
[2026-05-07T20:02:31.826+0200] {processor.py:914} INFO - Processing file /home/rodrigo/Escritorio/BBDDAvanzadas/.venv/lib/python3.12/site-packages/airflow/example_dags/example_short_circuit_decorator.py for tasks to queue
[2026-05-07T20:02:31.828+0200] {logging_mixin.py:190} INFO - [2026-05-07T20:02:31.828+0200] {dagbag.py:588} INFO - Filling up the DagBag from /home/rodrigo/Escritorio/BBDDAvanzadas/.venv/lib/python3.12/site-packages/airflow/example_dags/example_short_circuit_decorator.py
[2026-05-07T20:02:31.849+0200] {processor.py:925} INFO - DAG(s) 'example_short_circuit_decorator' retrieved from /home/rodrigo/Escritorio/BBDDAvanzadas/.venv/lib/python3.12/site-packages/airflow/example_dags/example_short_circuit_decorator.py
[2026-05-07T20:02:31.865+0200] {logging_mixin.py:190} INFO - [2026-05-07T20:02:31.865+0200] {dag.py:3239} INFO - Sync 1 DAGs
[2026-05-07T20:02:31.874+0200] {logging_mixin.py:190} INFO - [2026-05-07T20:02:31.873+0200] {dag.py:4180} INFO - Setting next_dagrun for example_short_circuit_decorator to None, run_after=None
[2026-05-07T20:02:31.893+0200] {processor.py:208} INFO - Processing /home/rodrigo/Escritorio/BBDDAvanzadas/.venv/lib/python3.12/site-packages/airflow/example_dags/example_short_circuit_decorator.py took 0.072 seconds
[2026-05-07T20:03:31.044+0200] {processor.py:186} INFO - Started process (PID=17751) to work on /home/rodrigo/Escritorio/BBDDAvanzadas/.venv/lib/python3.12/site-packages/airflow/example_dags/example_short_circuit_decorator.py
[2026-05-07T20:03:31.046+0200] {processor.py:914} INFO - Processing file /home/rodrigo/Escritorio/BBDDAvanzadas/.venv/lib/python3.12/site-packages/airflow/example_dags/example_short_circuit_decorator.py for tasks to queue
[2026-05-07T20:03:31.047+0200] {logging_mixin.py:190} INFO - [2026-05-07T20:03:31.047+0200] {dagbag.py:588} INFO - Filling up the DagBag from /home/rodrigo/Escritorio/BBDDAvanzadas/.venv/lib/python3.12/site-packages/airflow/example_dags/example_short_circuit_decorator.py
[2026-05-07T20:03:31.055+0200] {processor.py:925} INFO - DAG(s) 'example_short_circuit_decorator' retrieved from /home/rodrigo/Escritorio/BBDDAvanzadas/.venv/lib/python3.12/site-packages/airflow/example_dags/example_short_circuit_decorator.py
[2026-05-07T20:03:31.067+0200] {logging_mixin.py:190} INFO - [2026-05-07T20:03:31.067+0200] {dag.py:3239} INFO - Sync 1 DAGs
[2026-05-07T20:03:31.075+0200] {logging_mixin.py:190} INFO - [2026-05-07T20:03:31.075+0200] {dag.py:4180} INFO - Setting next_dagrun for example_short_circuit_decorator to None, run_after=None
[2026-05-07T20:03:31.094+0200] {processor.py:208} INFO - Processing /home/rodrigo/Escritorio/BBDDAvanzadas/.venv/lib/python3.12/site-packages/airflow/example_dags/example_short_circuit_decorator.py took 0.053 seconds
[2026-05-07T20:04:33.038+0200] {processor.py:186} INFO - Started process (PID=17871) to work on /home/rodrigo/Escritorio/BBDDAvanzadas/.venv/lib/python3.12/site-packages/airflow/example_dags/example_short_circuit_decorator.py
[2026-05-07T20:04:33.039+0200] {processor.py:914} INFO - Processing file /home/rodrigo/Escritorio/BBDDAvanzadas/.venv/lib/python3.12/site-packages/airflow/example_dags/example_short_circuit_decorator.py for tasks to queue
[2026-05-07T20:04:33.040+0200] {logging_mixin.py:190} INFO - [2026-05-07T20:04:33.040+0200] {dagbag.py:588} INFO - Filling up the DagBag from /home/rodrigo/Escritorio/BBDDAvanzadas/.venv/lib/python3.12/site-packages/airflow/example_dags/example_short_circuit_decorator.py
[2026-05-07T20:04:33.048+0200] {processor.py:925} INFO - DAG(s) 'example_short_circuit_decorator' retrieved from /home/rodrigo/Escritorio/BBDDAvanzadas/.venv/lib/python3.12/site-packages/airflow/example_dags/example_short_circuit_decorator.py
[2026-05-07T20:04:33.061+0200] {logging_mixin.py:190} INFO - [2026-05-07T20:04:33.061+0200] {dag.py:3239} INFO - Sync 1 DAGs
[2026-05-07T20:04:33.070+0200] {logging_mixin.py:190} INFO - [2026-05-07T20:04:33.070+0200] {dag.py:4180} INFO - Setting next_dagrun for example_short_circuit_decorator to None, run_after=None
[2026-05-07T20:04:33.088+0200] {processor.py:208} INFO - Processing /home/rodrigo/Escritorio/BBDDAvanzadas/.venv/lib/python3.12/site-packages/airflow/example_dags/example_short_circuit_decorator.py took 0.054 seconds
[2026-05-07T20:05:36.406+0200] {processor.py:186} INFO - Started process (PID=18001) to work on /home/rodrigo/Escritorio/BBDDAvanzadas/.venv/lib/python3.12/site-packages/airflow/example_dags/example_short_circuit_decorator.py
[2026-05-07T20:05:36.407+0200] {processor.py:914} INFO - Processing file /home/rodrigo/Escritorio/BBDDAvanzadas/.venv/lib/python3.12/site-packages/airflow/example_dags/example_short_circuit_decorator.py for tasks to queue
[2026-05-07T20:05:36.409+0200] {logging_mixin.py:190} INFO - [2026-05-07T20:05:36.408+0200] {dagbag.py:588} INFO - Filling up the DagBag from /home/rodrigo/Escritorio/BBDDAvanzadas/.venv/lib/python3.12/site-packages/airflow/example_dags/example_short_circuit_decorator.py
[2026-05-07T20:05:36.416+0200] {processor.py:925} INFO - DAG(s) 'example_short_circuit_decorator' retrieved from /home/rodrigo/Escritorio/BBDDAvanzadas/.venv/lib/python3.12/site-packages/airflow/example_dags/example_short_circuit_decorator.py
[2026-05-07T20:05:36.432+0200] {logging_mixin.py:190} INFO - [2026-05-07T20:05:36.432+0200] {dag.py:3239} INFO - Sync 1 DAGs
[2026-05-07T20:05:36.440+0200] {logging_mixin.py:190} INFO - [2026-05-07T20:05:36.440+0200] {dag.py:4180} INFO - Setting next_dagrun for example_short_circuit_decorator to None, run_after=None
[2026-05-07T20:05:36.458+0200] {processor.py:208} INFO - Processing /home/rodrigo/Escritorio/BBDDAvanzadas/.venv/lib/python3.12/site-packages/airflow/example_dags/example_short_circuit_decorator.py took 0.056 seconds
[2026-05-07T20:06:37.281+0200] {processor.py:186} INFO - Started process (PID=18119) to work on /home/rodrigo/Escritorio/BBDDAvanzadas/.venv/lib/python3.12/site-packages/airflow/example_dags/example_short_circuit_decorator.py
[2026-05-07T20:06:37.283+0200] {processor.py:914} INFO - Processing file /home/rodrigo/Escritorio/BBDDAvanzadas/.venv/lib/python3.12/site-packages/airflow/example_dags/example_short_circuit_decorator.py for tasks to queue
[2026-05-07T20:06:37.284+0200] {logging_mixin.py:190} INFO - [2026-05-07T20:06:37.284+0200] {dagbag.py:588} INFO - Filling up the DagBag from /home/rodrigo/Escritorio/BBDDAvanzadas/.venv/lib/python3.12/site-packages/airflow/example_dags/example_short_circuit_decorator.py
[2026-05-07T20:06:37.292+0200] {processor.py:925} INFO - DAG(s) 'example_short_circuit_decorator' retrieved from /home/rodrigo/Escritorio/BBDDAvanzadas/.venv/lib/python3.12/site-packages/airflow/example_dags/example_short_circuit_decorator.py
[2026-05-07T20:06:37.305+0200] {logging_mixin.py:190} INFO - [2026-05-07T20:06:37.305+0200] {dag.py:3239} INFO - Sync 1 DAGs
[2026-05-07T20:06:37.313+0200] {logging_mixin.py:190} INFO - [2026-05-07T20:06:37.313+0200] {dag.py:4180} INFO - Setting next_dagrun for example_short_circuit_decorator to None, run_after=None
[2026-05-07T20:06:37.333+0200] {processor.py:208} INFO - Processing /home/rodrigo/Escritorio/BBDDAvanzadas/.venv/lib/python3.12/site-packages/airflow/example_dags/example_short_circuit_decorator.py took 0.056 seconds
[2026-05-07T20:07:34.698+0200] {processor.py:186} INFO - Started process (PID=18237) to work on /home/rodrigo/Escritorio/BBDDAvanzadas/.venv/lib/python3.12/site-packages/airflow/example_dags/example_short_circuit_decorator.py
[2026-05-07T20:07:34.699+0200] {processor.py:914} INFO - Processing file /home/rodrigo/Escritorio/BBDDAvanzadas/.venv/lib/python3.12/site-packages/airflow/example_dags/example_short_circuit_decorator.py for tasks to queue
[2026-05-07T20:07:34.701+0200] {logging_mixin.py:190} INFO - [2026-05-07T20:07:34.700+0200] {dagbag.py:588} INFO - Filling up the DagBag from /home/rodrigo/Escritorio/BBDDAvanzadas/.venv/lib/python3.12/site-packages/airflow/example_dags/example_short_circuit_decorator.py
[2026-05-07T20:07:34.709+0200] {processor.py:925} INFO - DAG(s) 'example_short_circuit_decorator' retrieved from /home/rodrigo/Escritorio/BBDDAvanzadas/.venv/lib/python3.12/site-packages/airflow/example_dags/example_short_circuit_decorator.py
[2026-05-07T20:07:34.722+0200] {logging_mixin.py:190} INFO - [2026-05-07T20:07:34.722+0200] {dag.py:3239} INFO - Sync 1 DAGs
[2026-05-07T20:07:34.732+0200] {logging_mixin.py:190} INFO - [2026-05-07T20:07:34.731+0200] {dag.py:4180} INFO - Setting next_dagrun for example_short_circuit_decorator to None, run_after=None
[2026-05-07T20:07:34.767+0200] {processor.py:208} INFO - Processing /home/rodrigo/Escritorio/BBDDAvanzadas/.venv/lib/python3.12/site-packages/airflow/example_dags/example_short_circuit_decorator.py took 0.076 seconds
[2026-05-07T20:08:38.953+0200] {processor.py:186} INFO - Started process (PID=18381) to work on /home/rodrigo/Escritorio/BBDDAvanzadas/.venv/lib/python3.12/site-packages/airflow/example_dags/example_short_circuit_decorator.py
[2026-05-07T20:08:38.954+0200] {processor.py:914} INFO - Processing file /home/rodrigo/Escritorio/BBDDAvanzadas/.venv/lib/python3.12/site-packages/airflow/example_dags/example_short_circuit_decorator.py for tasks to queue
[2026-05-07T20:08:38.956+0200] {logging_mixin.py:190} INFO - [2026-05-07T20:08:38.955+0200] {dagbag.py:588} INFO - Filling up the DagBag from /home/rodrigo/Escritorio/BBDDAvanzadas/.venv/lib/python3.12/site-packages/airflow/example_dags/example_short_circuit_decorator.py
[2026-05-07T20:08:38.964+0200] {processor.py:925} INFO - DAG(s) 'example_short_circuit_decorator' retrieved from /home/rodrigo/Escritorio/BBDDAvanzadas/.venv/lib/python3.12/site-packages/airflow/example_dags/example_short_circuit_decorator.py
[2026-05-07T20:08:38.976+0200] {logging_mixin.py:190} INFO - [2026-05-07T20:08:38.976+0200] {dag.py:3239} INFO - Sync 1 DAGs
[2026-05-07T20:08:38.984+0200] {logging_mixin.py:190} INFO - [2026-05-07T20:08:38.984+0200] {dag.py:4180} INFO - Setting next_dagrun for example_short_circuit_decorator to None, run_after=None
[2026-05-07T20:08:39.014+0200] {processor.py:208} INFO - Processing /home/rodrigo/Escritorio/BBDDAvanzadas/.venv/lib/python3.12/site-packages/airflow/example_dags/example_short_circuit_decorator.py took 0.064 seconds
[2026-05-07T20:09:46.976+0200] {processor.py:186} INFO - Started process (PID=18576) to work on /home/rodrigo/Escritorio/BBDDAvanzadas/.venv/lib/python3.12/site-packages/airflow/example_dags/example_short_circuit_decorator.py
[2026-05-07T20:09:46.977+0200] {processor.py:914} INFO - Processing file /home/rodrigo/Escritorio/BBDDAvanzadas/.venv/lib/python3.12/site-packages/airflow/example_dags/example_short_circuit_decorator.py for tasks to queue
[2026-05-07T20:09:46.981+0200] {logging_mixin.py:190} INFO - [2026-05-07T20:09:46.981+0200] {dagbag.py:588} INFO - Filling up the DagBag from /home/rodrigo/Escritorio/BBDDAvanzadas/.venv/lib/python3.12/site-packages/airflow/example_dags/example_short_circuit_decorator.py
[2026-05-07T20:09:47.016+0200] {processor.py:925} INFO - DAG(s) 'example_short_circuit_decorator' retrieved from /home/rodrigo/Escritorio/BBDDAvanzadas/.venv/lib/python3.12/site-packages/airflow/example_dags/example_short_circuit_decorator.py
[2026-05-07T20:09:47.047+0200] {logging_mixin.py:190} INFO - [2026-05-07T20:09:47.046+0200] {dag.py:3239} INFO - Sync 1 DAGs
[2026-05-07T20:09:47.056+0200] {logging_mixin.py:190} INFO - [2026-05-07T20:09:47.056+0200] {dag.py:4180} INFO - Setting next_dagrun for example_short_circuit_decorator to None, run_after=None
[2026-05-07T20:09:47.072+0200] {processor.py:208} INFO - Processing /home/rodrigo/Escritorio/BBDDAvanzadas/.venv/lib/python3.12/site-packages/airflow/example_dags/example_short_circuit_decorator.py took 0.130 seconds
