[2026-05-07T19:32:53.699+0200] {processor.py:186} INFO - Started process (PID=14407) to work on /home/rodrigo/Escritorio/BBDDAvanzadas/.venv/lib/python3.12/site-packages/airflow/example_dags/example_inlet_event_extra.py
[2026-05-07T19:32:53.699+0200] {processor.py:914} INFO - Processing file /home/rodrigo/Escritorio/BBDDAvanzadas/.venv/lib/python3.12/site-packages/airflow/example_dags/example_inlet_event_extra.py for tasks to queue
[2026-05-07T19:32:53.701+0200] {logging_mixin.py:190} INFO - [2026-05-07T19:32:53.700+0200] {dagbag.py:588} INFO - Filling up the DagBag from /home/rodrigo/Escritorio/BBDDAvanzadas/.venv/lib/python3.12/site-packages/airflow/example_dags/example_inlet_event_extra.py
[2026-05-07T19:32:53.709+0200] {processor.py:925} INFO - DAG(s) 'read_dataset_event_from_classic', 'read_dataset_event' retrieved from /home/rodrigo/Escritorio/BBDDAvanzadas/.venv/lib/python3.12/site-packages/airflow/example_dags/example_inlet_event_extra.py
[2026-05-07T19:32:53.804+0200] {logging_mixin.py:190} INFO - [2026-05-07T19:32:53.803+0200] {override.py:1930} INFO - Created Permission View: can read on DAG:read_dataset_event_from_classic
[2026-05-07T19:32:53.815+0200] {logging_mixin.py:190} INFO - [2026-05-07T19:32:53.815+0200] {override.py:1930} INFO - Created Permission View: can edit on DAG:read_dataset_event_from_classic
[2026-05-07T19:32:53.828+0200] {logging_mixin.py:190} INFO - [2026-05-07T19:32:53.827+0200] {override.py:1930} INFO - Created Permission View: can delete on DAG:read_dataset_event_from_classic
[2026-05-07T19:32:53.846+0200] {logging_mixin.py:190} INFO - [2026-05-07T19:32:53.846+0200] {override.py:1930} INFO - Created Permission View: can create on DAG Run:read_dataset_event_from_classic
[2026-05-07T19:32:53.854+0200] {logging_mixin.py:190} INFO - [2026-05-07T19:32:53.854+0200] {override.py:1930} INFO - Created Permission View: can read on DAG Run:read_dataset_event_from_classic
[2026-05-07T19:32:53.862+0200] {logging_mixin.py:190} INFO - [2026-05-07T19:32:53.862+0200] {override.py:1930} INFO - Created Permission View: menu access on DAG Run:read_dataset_event_from_classic
[2026-05-07T19:32:53.870+0200] {logging_mixin.py:190} INFO - [2026-05-07T19:32:53.870+0200] {override.py:1930} INFO - Created Permission View: can delete on DAG Run:read_dataset_event_from_classic
[2026-05-07T19:32:53.887+0200] {logging_mixin.py:190} INFO - [2026-05-07T19:32:53.887+0200] {override.py:1930} INFO - Created Permission View: can read on DAG:read_dataset_event
[2026-05-07T19:32:53.895+0200] {logging_mixin.py:190} INFO - [2026-05-07T19:32:53.894+0200] {override.py:1930} INFO - Created Permission View: can edit on DAG:read_dataset_event
[2026-05-07T19:32:53.904+0200] {logging_mixin.py:190} INFO - [2026-05-07T19:32:53.903+0200] {override.py:1930} INFO - Created Permission View: can delete on DAG:read_dataset_event
[2026-05-07T19:32:53.919+0200] {logging_mixin.py:190} INFO - [2026-05-07T19:32:53.918+0200] {override.py:1930} INFO - Created Permission View: can create on DAG Run:read_dataset_event
[2026-05-07T19:32:53.932+0200] {logging_mixin.py:190} INFO - [2026-05-07T19:32:53.931+0200] {override.py:1930} INFO - Created Permission View: can read on DAG Run:read_dataset_event
[2026-05-07T19:32:53.940+0200] {logging_mixin.py:190} INFO - [2026-05-07T19:32:53.940+0200] {override.py:1930} INFO - Created Permission View: menu access on DAG Run:read_dataset_event
[2026-05-07T19:32:53.949+0200] {logging_mixin.py:190} INFO - [2026-05-07T19:32:53.949+0200] {override.py:1930} INFO - Created Permission View: can delete on DAG Run:read_dataset_event
[2026-05-07T19:32:53.950+0200] {logging_mixin.py:190} INFO - [2026-05-07T19:32:53.950+0200] {dag.py:3239} INFO - Sync 2 DAGs
[2026-05-07T19:32:53.957+0200] {logging_mixin.py:190} INFO - [2026-05-07T19:32:53.957+0200] {dag.py:3262} INFO - Creating ORM DAG for read_dataset_event
[2026-05-07T19:32:53.957+0200] {logging_mixin.py:190} INFO - [2026-05-07T19:32:53.957+0200] {dag.py:3262} INFO - Creating ORM DAG for read_dataset_event_from_classic
[2026-05-07T19:32:53.964+0200] {logging_mixin.py:190} INFO - [2026-05-07T19:32:53.963+0200] {dag.py:4180} INFO - Setting next_dagrun for read_dataset_event to 2026-05-06 00:00:00+00:00, run_after=2026-05-07 00:00:00+00:00
[2026-05-07T19:32:53.965+0200] {logging_mixin.py:190} INFO - [2026-05-07T19:32:53.965+0200] {dag.py:4180} INFO - Setting next_dagrun for read_dataset_event_from_classic to 2026-05-06 00:00:00+00:00, run_after=2026-05-07 00:00:00+00:00
[2026-05-07T19:32:53.982+0200] {processor.py:208} INFO - Processing /home/rodrigo/Escritorio/BBDDAvanzadas/.venv/lib/python3.12/site-packages/airflow/example_dags/example_inlet_event_extra.py took 0.287 seconds
[2026-05-07T19:37:41.499+0200] {processor.py:186} INFO - Started process (PID=14918) to work on /home/rodrigo/Escritorio/BBDDAvanzadas/.venv/lib/python3.12/site-packages/airflow/example_dags/example_inlet_event_extra.py
[2026-05-07T19:37:41.510+0200] {processor.py:914} INFO - Processing file /home/rodrigo/Escritorio/BBDDAvanzadas/.venv/lib/python3.12/site-packages/airflow/example_dags/example_inlet_event_extra.py for tasks to queue
[2026-05-07T19:37:41.517+0200] {logging_mixin.py:190} INFO - [2026-05-07T19:37:41.517+0200] {dagbag.py:588} INFO - Filling up the DagBag from /home/rodrigo/Escritorio/BBDDAvanzadas/.venv/lib/python3.12/site-packages/airflow/example_dags/example_inlet_event_extra.py
[2026-05-07T19:37:41.547+0200] {processor.py:925} INFO - DAG(s) 'read_dataset_event_from_classic', 'read_dataset_event' retrieved from /home/rodrigo/Escritorio/BBDDAvanzadas/.venv/lib/python3.12/site-packages/airflow/example_dags/example_inlet_event_extra.py
[2026-05-07T19:37:41.569+0200] {logging_mixin.py:190} INFO - [2026-05-07T19:37:41.568+0200] {dag.py:3239} INFO - Sync 2 DAGs
[2026-05-07T19:37:41.584+0200] {logging_mixin.py:190} INFO - [2026-05-07T19:37:41.583+0200] {dag.py:4180} INFO - Setting next_dagrun for read_dataset_event to 2026-05-06 00:00:00+00:00, run_after=2026-05-07 00:00:00+00:00
[2026-05-07T19:37:41.586+0200] {logging_mixin.py:190} INFO - [2026-05-07T19:37:41.586+0200] {dag.py:4180} INFO - Setting next_dagrun for read_dataset_event_from_classic to 2026-05-06 00:00:00+00:00, run_after=2026-05-07 00:00:00+00:00
[2026-05-07T19:37:41.636+0200] {processor.py:208} INFO - Processing /home/rodrigo/Escritorio/BBDDAvanzadas/.venv/lib/python3.12/site-packages/airflow/example_dags/example_inlet_event_extra.py took 0.141 seconds
[2026-05-07T19:38:52.288+0200] {processor.py:186} INFO - Started process (PID=14997) to work on /home/rodrigo/Escritorio/BBDDAvanzadas/.venv/lib/python3.12/site-packages/airflow/example_dags/example_inlet_event_extra.py
[2026-05-07T19:38:52.298+0200] {processor.py:914} INFO - Processing file /home/rodrigo/Escritorio/BBDDAvanzadas/.venv/lib/python3.12/site-packages/airflow/example_dags/example_inlet_event_extra.py for tasks to queue
[2026-05-07T19:38:52.299+0200] {logging_mixin.py:190} INFO - [2026-05-07T19:38:52.299+0200] {dagbag.py:588} INFO - Filling up the DagBag from /home/rodrigo/Escritorio/BBDDAvanzadas/.venv/lib/python3.12/site-packages/airflow/example_dags/example_inlet_event_extra.py
[2026-05-07T19:38:52.318+0200] {processor.py:925} INFO - DAG(s) 'read_dataset_event_from_classic', 'read_dataset_event' retrieved from /home/rodrigo/Escritorio/BBDDAvanzadas/.venv/lib/python3.12/site-packages/airflow/example_dags/example_inlet_event_extra.py
[2026-05-07T19:38:52.335+0200] {logging_mixin.py:190} INFO - [2026-05-07T19:38:52.335+0200] {dag.py:3239} INFO - Sync 2 DAGs
[2026-05-07T19:38:52.392+0200] {logging_mixin.py:190} INFO - [2026-05-07T19:38:52.391+0200] {dag.py:4180} INFO - Setting next_dagrun for read_dataset_event to 2026-05-06 00:00:00+00:00, run_after=2026-05-07 00:00:00+00:00
[2026-05-07T19:38:52.396+0200] {logging_mixin.py:190} INFO - [2026-05-07T19:38:52.395+0200] {dag.py:4180} INFO - Setting next_dagrun for read_dataset_event_from_classic to 2026-05-06 00:00:00+00:00, run_after=2026-05-07 00:00:00+00:00
[2026-05-07T19:38:52.426+0200] {processor.py:208} INFO - Processing /home/rodrigo/Escritorio/BBDDAvanzadas/.venv/lib/python3.12/site-packages/airflow/example_dags/example_inlet_event_extra.py took 0.163 seconds
[2026-05-07T19:40:21.371+0200] {processor.py:186} INFO - Started process (PID=15110) to work on /home/rodrigo/Escritorio/BBDDAvanzadas/.venv/lib/python3.12/site-packages/airflow/example_dags/example_inlet_event_extra.py
[2026-05-07T19:40:21.372+0200] {processor.py:914} INFO - Processing file /home/rodrigo/Escritorio/BBDDAvanzadas/.venv/lib/python3.12/site-packages/airflow/example_dags/example_inlet_event_extra.py for tasks to queue
[2026-05-07T19:40:21.374+0200] {logging_mixin.py:190} INFO - [2026-05-07T19:40:21.373+0200] {dagbag.py:588} INFO - Filling up the DagBag from /home/rodrigo/Escritorio/BBDDAvanzadas/.venv/lib/python3.12/site-packages/airflow/example_dags/example_inlet_event_extra.py
[2026-05-07T19:40:21.388+0200] {processor.py:925} INFO - DAG(s) 'read_dataset_event_from_classic', 'read_dataset_event' retrieved from /home/rodrigo/Escritorio/BBDDAvanzadas/.venv/lib/python3.12/site-packages/airflow/example_dags/example_inlet_event_extra.py
[2026-05-07T19:40:21.402+0200] {logging_mixin.py:190} INFO - [2026-05-07T19:40:21.402+0200] {dag.py:3239} INFO - Sync 2 DAGs
[2026-05-07T19:40:21.418+0200] {logging_mixin.py:190} INFO - [2026-05-07T19:40:21.418+0200] {dag.py:4180} INFO - Setting next_dagrun for read_dataset_event to 2026-05-06 00:00:00+00:00, run_after=2026-05-07 00:00:00+00:00
[2026-05-07T19:40:21.421+0200] {logging_mixin.py:190} INFO - [2026-05-07T19:40:21.421+0200] {dag.py:4180} INFO - Setting next_dagrun for read_dataset_event_from_classic to 2026-05-06 00:00:00+00:00, run_after=2026-05-07 00:00:00+00:00
[2026-05-07T19:40:21.435+0200] {processor.py:208} INFO - Processing /home/rodrigo/Escritorio/BBDDAvanzadas/.venv/lib/python3.12/site-packages/airflow/example_dags/example_inlet_event_extra.py took 0.068 seconds
[2026-05-07T19:41:37.406+0200] {processor.py:186} INFO - Started process (PID=15232) to work on /home/rodrigo/Escritorio/BBDDAvanzadas/.venv/lib/python3.12/site-packages/airflow/example_dags/example_inlet_event_extra.py
[2026-05-07T19:41:37.409+0200] {processor.py:914} INFO - Processing file /home/rodrigo/Escritorio/BBDDAvanzadas/.venv/lib/python3.12/site-packages/airflow/example_dags/example_inlet_event_extra.py for tasks to queue
[2026-05-07T19:41:37.412+0200] {logging_mixin.py:190} INFO - [2026-05-07T19:41:37.411+0200] {dagbag.py:588} INFO - Filling up the DagBag from /home/rodrigo/Escritorio/BBDDAvanzadas/.venv/lib/python3.12/site-packages/airflow/example_dags/example_inlet_event_extra.py
[2026-05-07T19:41:37.422+0200] {processor.py:925} INFO - DAG(s) 'read_dataset_event', 'read_dataset_event_from_classic' retrieved from /home/rodrigo/Escritorio/BBDDAvanzadas/.venv/lib/python3.12/site-packages/airflow/example_dags/example_inlet_event_extra.py
[2026-05-07T19:41:37.446+0200] {logging_mixin.py:190} INFO - [2026-05-07T19:41:37.446+0200] {dag.py:3239} INFO - Sync 2 DAGs
[2026-05-07T19:41:37.464+0200] {logging_mixin.py:190} INFO - [2026-05-07T19:41:37.463+0200] {dag.py:4180} INFO - Setting next_dagrun for read_dataset_event to 2026-05-06 00:00:00+00:00, run_after=2026-05-07 00:00:00+00:00
[2026-05-07T19:41:37.467+0200] {logging_mixin.py:190} INFO - [2026-05-07T19:41:37.467+0200] {dag.py:4180} INFO - Setting next_dagrun for read_dataset_event_from_classic to 2026-05-06 00:00:00+00:00, run_after=2026-05-07 00:00:00+00:00
[2026-05-07T19:41:37.495+0200] {processor.py:208} INFO - Processing /home/rodrigo/Escritorio/BBDDAvanzadas/.venv/lib/python3.12/site-packages/airflow/example_dags/example_inlet_event_extra.py took 0.094 seconds
[2026-05-07T19:42:55.762+0200] {processor.py:186} INFO - Started process (PID=15478) to work on /home/rodrigo/Escritorio/BBDDAvanzadas/.venv/lib/python3.12/site-packages/airflow/example_dags/example_inlet_event_extra.py
[2026-05-07T19:42:55.765+0200] {processor.py:914} INFO - Processing file /home/rodrigo/Escritorio/BBDDAvanzadas/.venv/lib/python3.12/site-packages/airflow/example_dags/example_inlet_event_extra.py for tasks to queue
[2026-05-07T19:42:55.767+0200] {logging_mixin.py:190} INFO - [2026-05-07T19:42:55.767+0200] {dagbag.py:588} INFO - Filling up the DagBag from /home/rodrigo/Escritorio/BBDDAvanzadas/.venv/lib/python3.12/site-packages/airflow/example_dags/example_inlet_event_extra.py
[2026-05-07T19:42:55.788+0200] {processor.py:925} INFO - DAG(s) 'read_dataset_event_from_classic', 'read_dataset_event' retrieved from /home/rodrigo/Escritorio/BBDDAvanzadas/.venv/lib/python3.12/site-packages/airflow/example_dags/example_inlet_event_extra.py
[2026-05-07T19:42:55.813+0200] {logging_mixin.py:190} INFO - [2026-05-07T19:42:55.812+0200] {dag.py:3239} INFO - Sync 2 DAGs
[2026-05-07T19:42:55.857+0200] {logging_mixin.py:190} INFO - [2026-05-07T19:42:55.855+0200] {dag.py:4180} INFO - Setting next_dagrun for read_dataset_event to 2026-05-06 00:00:00+00:00, run_after=2026-05-07 00:00:00+00:00
[2026-05-07T19:42:55.869+0200] {logging_mixin.py:190} INFO - [2026-05-07T19:42:55.869+0200] {dag.py:4180} INFO - Setting next_dagrun for read_dataset_event_from_classic to 2026-05-06 00:00:00+00:00, run_after=2026-05-07 00:00:00+00:00
[2026-05-07T19:42:55.934+0200] {processor.py:208} INFO - Processing /home/rodrigo/Escritorio/BBDDAvanzadas/.venv/lib/python3.12/site-packages/airflow/example_dags/example_inlet_event_extra.py took 0.178 seconds
[2026-05-07T19:44:08.733+0200] {processor.py:186} INFO - Started process (PID=15662) to work on /home/rodrigo/Escritorio/BBDDAvanzadas/.venv/lib/python3.12/site-packages/airflow/example_dags/example_inlet_event_extra.py
[2026-05-07T19:44:08.734+0200] {processor.py:914} INFO - Processing file /home/rodrigo/Escritorio/BBDDAvanzadas/.venv/lib/python3.12/site-packages/airflow/example_dags/example_inlet_event_extra.py for tasks to queue
[2026-05-07T19:44:08.736+0200] {logging_mixin.py:190} INFO - [2026-05-07T19:44:08.735+0200] {dagbag.py:588} INFO - Filling up the DagBag from /home/rodrigo/Escritorio/BBDDAvanzadas/.venv/lib/python3.12/site-packages/airflow/example_dags/example_inlet_event_extra.py
[2026-05-07T19:44:08.746+0200] {processor.py:925} INFO - DAG(s) 'read_dataset_event', 'read_dataset_event_from_classic' retrieved from /home/rodrigo/Escritorio/BBDDAvanzadas/.venv/lib/python3.12/site-packages/airflow/example_dags/example_inlet_event_extra.py
[2026-05-07T19:44:08.855+0200] {logging_mixin.py:190} INFO - [2026-05-07T19:44:08.855+0200] {dag.py:3239} INFO - Sync 2 DAGs
[2026-05-07T19:44:08.867+0200] {logging_mixin.py:190} INFO - [2026-05-07T19:44:08.866+0200] {dag.py:4180} INFO - Setting next_dagrun for read_dataset_event to 2026-05-06 00:00:00+00:00, run_after=2026-05-07 00:00:00+00:00
[2026-05-07T19:44:08.869+0200] {logging_mixin.py:190} INFO - [2026-05-07T19:44:08.869+0200] {dag.py:4180} INFO - Setting next_dagrun for read_dataset_event_from_classic to 2026-05-06 00:00:00+00:00, run_after=2026-05-07 00:00:00+00:00
[2026-05-07T19:44:08.884+0200] {processor.py:208} INFO - Processing /home/rodrigo/Escritorio/BBDDAvanzadas/.venv/lib/python3.12/site-packages/airflow/example_dags/example_inlet_event_extra.py took 0.155 seconds
[2026-05-07T19:45:50.909+0200] {processor.py:186} INFO - Started process (PID=15906) to work on /home/rodrigo/Escritorio/BBDDAvanzadas/.venv/lib/python3.12/site-packages/airflow/example_dags/example_inlet_event_extra.py
[2026-05-07T19:45:50.911+0200] {processor.py:914} INFO - Processing file /home/rodrigo/Escritorio/BBDDAvanzadas/.venv/lib/python3.12/site-packages/airflow/example_dags/example_inlet_event_extra.py for tasks to queue
[2026-05-07T19:45:50.912+0200] {logging_mixin.py:190} INFO - [2026-05-07T19:45:50.912+0200] {dagbag.py:588} INFO - Filling up the DagBag from /home/rodrigo/Escritorio/BBDDAvanzadas/.venv/lib/python3.12/site-packages/airflow/example_dags/example_inlet_event_extra.py
[2026-05-07T19:45:50.921+0200] {processor.py:925} INFO - DAG(s) 'read_dataset_event', 'read_dataset_event_from_classic' retrieved from /home/rodrigo/Escritorio/BBDDAvanzadas/.venv/lib/python3.12/site-packages/airflow/example_dags/example_inlet_event_extra.py
[2026-05-07T19:45:50.932+0200] {logging_mixin.py:190} INFO - [2026-05-07T19:45:50.932+0200] {dag.py:3239} INFO - Sync 2 DAGs
[2026-05-07T19:45:50.946+0200] {logging_mixin.py:190} INFO - [2026-05-07T19:45:50.946+0200] {dag.py:4180} INFO - Setting next_dagrun for read_dataset_event to 2026-05-06 00:00:00+00:00, run_after=2026-05-07 00:00:00+00:00
[2026-05-07T19:45:50.949+0200] {logging_mixin.py:190} INFO - [2026-05-07T19:45:50.949+0200] {dag.py:4180} INFO - Setting next_dagrun for read_dataset_event_from_classic to 2026-05-06 00:00:00+00:00, run_after=2026-05-07 00:00:00+00:00
[2026-05-07T19:45:50.964+0200] {processor.py:208} INFO - Processing /home/rodrigo/Escritorio/BBDDAvanzadas/.venv/lib/python3.12/site-packages/airflow/example_dags/example_inlet_event_extra.py took 0.060 seconds
[2026-05-07T19:47:21.820+0200] {processor.py:186} INFO - Started process (PID=16067) to work on /home/rodrigo/Escritorio/BBDDAvanzadas/.venv/lib/python3.12/site-packages/airflow/example_dags/example_inlet_event_extra.py
[2026-05-07T19:47:21.822+0200] {processor.py:914} INFO - Processing file /home/rodrigo/Escritorio/BBDDAvanzadas/.venv/lib/python3.12/site-packages/airflow/example_dags/example_inlet_event_extra.py for tasks to queue
[2026-05-07T19:47:21.823+0200] {logging_mixin.py:190} INFO - [2026-05-07T19:47:21.823+0200] {dagbag.py:588} INFO - Filling up the DagBag from /home/rodrigo/Escritorio/BBDDAvanzadas/.venv/lib/python3.12/site-packages/airflow/example_dags/example_inlet_event_extra.py
[2026-05-07T19:47:21.833+0200] {processor.py:925} INFO - DAG(s) 'read_dataset_event', 'read_dataset_event_from_classic' retrieved from /home/rodrigo/Escritorio/BBDDAvanzadas/.venv/lib/python3.12/site-packages/airflow/example_dags/example_inlet_event_extra.py
[2026-05-07T19:47:21.845+0200] {logging_mixin.py:190} INFO - [2026-05-07T19:47:21.845+0200] {dag.py:3239} INFO - Sync 2 DAGs
[2026-05-07T19:47:21.859+0200] {logging_mixin.py:190} INFO - [2026-05-07T19:47:21.859+0200] {dag.py:4180} INFO - Setting next_dagrun for read_dataset_event to 2026-05-06 00:00:00+00:00, run_after=2026-05-07 00:00:00+00:00
[2026-05-07T19:47:21.862+0200] {logging_mixin.py:190} INFO - [2026-05-07T19:47:21.861+0200] {dag.py:4180} INFO - Setting next_dagrun for read_dataset_event_from_classic to 2026-05-06 00:00:00+00:00, run_after=2026-05-07 00:00:00+00:00
[2026-05-07T19:47:21.880+0200] {processor.py:208} INFO - Processing /home/rodrigo/Escritorio/BBDDAvanzadas/.venv/lib/python3.12/site-packages/airflow/example_dags/example_inlet_event_extra.py took 0.065 seconds
[2026-05-07T19:48:32.550+0200] {processor.py:186} INFO - Started process (PID=16197) to work on /home/rodrigo/Escritorio/BBDDAvanzadas/.venv/lib/python3.12/site-packages/airflow/example_dags/example_inlet_event_extra.py
[2026-05-07T19:48:32.552+0200] {processor.py:914} INFO - Processing file /home/rodrigo/Escritorio/BBDDAvanzadas/.venv/lib/python3.12/site-packages/airflow/example_dags/example_inlet_event_extra.py for tasks to queue
[2026-05-07T19:48:32.553+0200] {logging_mixin.py:190} INFO - [2026-05-07T19:48:32.553+0200] {dagbag.py:588} INFO - Filling up the DagBag from /home/rodrigo/Escritorio/BBDDAvanzadas/.venv/lib/python3.12/site-packages/airflow/example_dags/example_inlet_event_extra.py
[2026-05-07T19:48:32.563+0200] {processor.py:925} INFO - DAG(s) 'read_dataset_event_from_classic', 'read_dataset_event' retrieved from /home/rodrigo/Escritorio/BBDDAvanzadas/.venv/lib/python3.12/site-packages/airflow/example_dags/example_inlet_event_extra.py
[2026-05-07T19:48:32.574+0200] {logging_mixin.py:190} INFO - [2026-05-07T19:48:32.574+0200] {dag.py:3239} INFO - Sync 2 DAGs
[2026-05-07T19:48:32.589+0200] {logging_mixin.py:190} INFO - [2026-05-07T19:48:32.588+0200] {dag.py:4180} INFO - Setting next_dagrun for read_dataset_event to 2026-05-06 00:00:00+00:00, run_after=2026-05-07 00:00:00+00:00
[2026-05-07T19:48:32.592+0200] {logging_mixin.py:190} INFO - [2026-05-07T19:48:32.591+0200] {dag.py:4180} INFO - Setting next_dagrun for read_dataset_event_from_classic to 2026-05-06 00:00:00+00:00, run_after=2026-05-07 00:00:00+00:00
[2026-05-07T19:48:32.609+0200] {processor.py:208} INFO - Processing /home/rodrigo/Escritorio/BBDDAvanzadas/.venv/lib/python3.12/site-packages/airflow/example_dags/example_inlet_event_extra.py took 0.064 seconds
[2026-05-07T19:50:13.116+0200] {processor.py:186} INFO - Started process (PID=16323) to work on /home/rodrigo/Escritorio/BBDDAvanzadas/.venv/lib/python3.12/site-packages/airflow/example_dags/example_inlet_event_extra.py
[2026-05-07T19:50:13.118+0200] {processor.py:914} INFO - Processing file /home/rodrigo/Escritorio/BBDDAvanzadas/.venv/lib/python3.12/site-packages/airflow/example_dags/example_inlet_event_extra.py for tasks to queue
[2026-05-07T19:50:13.119+0200] {logging_mixin.py:190} INFO - [2026-05-07T19:50:13.119+0200] {dagbag.py:588} INFO - Filling up the DagBag from /home/rodrigo/Escritorio/BBDDAvanzadas/.venv/lib/python3.12/site-packages/airflow/example_dags/example_inlet_event_extra.py
[2026-05-07T19:50:13.128+0200] {processor.py:925} INFO - DAG(s) 'read_dataset_event_from_classic', 'read_dataset_event' retrieved from /home/rodrigo/Escritorio/BBDDAvanzadas/.venv/lib/python3.12/site-packages/airflow/example_dags/example_inlet_event_extra.py
[2026-05-07T19:50:13.139+0200] {logging_mixin.py:190} INFO - [2026-05-07T19:50:13.138+0200] {dag.py:3239} INFO - Sync 2 DAGs
[2026-05-07T19:50:13.151+0200] {logging_mixin.py:190} INFO - [2026-05-07T19:50:13.151+0200] {dag.py:4180} INFO - Setting next_dagrun for read_dataset_event to 2026-05-06 00:00:00+00:00, run_after=2026-05-07 00:00:00+00:00
[2026-05-07T19:50:13.153+0200] {logging_mixin.py:190} INFO - [2026-05-07T19:50:13.153+0200] {dag.py:4180} INFO - Setting next_dagrun for read_dataset_event_from_classic to 2026-05-06 00:00:00+00:00, run_after=2026-05-07 00:00:00+00:00
[2026-05-07T19:50:13.171+0200] {processor.py:208} INFO - Processing /home/rodrigo/Escritorio/BBDDAvanzadas/.venv/lib/python3.12/site-packages/airflow/example_dags/example_inlet_event_extra.py took 0.059 seconds
[2026-05-07T19:51:51.694+0200] {processor.py:186} INFO - Started process (PID=16421) to work on /home/rodrigo/Escritorio/BBDDAvanzadas/.venv/lib/python3.12/site-packages/airflow/example_dags/example_inlet_event_extra.py
[2026-05-07T19:51:51.696+0200] {processor.py:914} INFO - Processing file /home/rodrigo/Escritorio/BBDDAvanzadas/.venv/lib/python3.12/site-packages/airflow/example_dags/example_inlet_event_extra.py for tasks to queue
[2026-05-07T19:51:51.698+0200] {logging_mixin.py:190} INFO - [2026-05-07T19:51:51.698+0200] {dagbag.py:588} INFO - Filling up the DagBag from /home/rodrigo/Escritorio/BBDDAvanzadas/.venv/lib/python3.12/site-packages/airflow/example_dags/example_inlet_event_extra.py
[2026-05-07T19:51:51.708+0200] {processor.py:925} INFO - DAG(s) 'read_dataset_event_from_classic', 'read_dataset_event' retrieved from /home/rodrigo/Escritorio/BBDDAvanzadas/.venv/lib/python3.12/site-packages/airflow/example_dags/example_inlet_event_extra.py
[2026-05-07T19:51:51.721+0200] {logging_mixin.py:190} INFO - [2026-05-07T19:51:51.721+0200] {dag.py:3239} INFO - Sync 2 DAGs
[2026-05-07T19:51:51.735+0200] {logging_mixin.py:190} INFO - [2026-05-07T19:51:51.735+0200] {dag.py:4180} INFO - Setting next_dagrun for read_dataset_event to 2026-05-06 00:00:00+00:00, run_after=2026-05-07 00:00:00+00:00
[2026-05-07T19:51:51.737+0200] {logging_mixin.py:190} INFO - [2026-05-07T19:51:51.737+0200] {dag.py:4180} INFO - Setting next_dagrun for read_dataset_event_from_classic to 2026-05-06 00:00:00+00:00, run_after=2026-05-07 00:00:00+00:00
[2026-05-07T19:51:51.756+0200] {processor.py:208} INFO - Processing /home/rodrigo/Escritorio/BBDDAvanzadas/.venv/lib/python3.12/site-packages/airflow/example_dags/example_inlet_event_extra.py took 0.067 seconds
[2026-05-07T19:53:01.999+0200] {processor.py:186} INFO - Started process (PID=16696) to work on /home/rodrigo/Escritorio/BBDDAvanzadas/.venv/lib/python3.12/site-packages/airflow/example_dags/example_inlet_event_extra.py
[2026-05-07T19:53:02.002+0200] {processor.py:914} INFO - Processing file /home/rodrigo/Escritorio/BBDDAvanzadas/.venv/lib/python3.12/site-packages/airflow/example_dags/example_inlet_event_extra.py for tasks to queue
[2026-05-07T19:53:02.004+0200] {logging_mixin.py:190} INFO - [2026-05-07T19:53:02.003+0200] {dagbag.py:588} INFO - Filling up the DagBag from /home/rodrigo/Escritorio/BBDDAvanzadas/.venv/lib/python3.12/site-packages/airflow/example_dags/example_inlet_event_extra.py
[2026-05-07T19:53:02.013+0200] {processor.py:925} INFO - DAG(s) 'read_dataset_event_from_classic', 'read_dataset_event' retrieved from /home/rodrigo/Escritorio/BBDDAvanzadas/.venv/lib/python3.12/site-packages/airflow/example_dags/example_inlet_event_extra.py
[2026-05-07T19:53:02.035+0200] {logging_mixin.py:190} INFO - [2026-05-07T19:53:02.027+0200] {dag.py:3239} INFO - Sync 2 DAGs
[2026-05-07T19:53:02.049+0200] {logging_mixin.py:190} INFO - [2026-05-07T19:53:02.049+0200] {dag.py:4180} INFO - Setting next_dagrun for read_dataset_event to 2026-05-06 00:00:00+00:00, run_after=2026-05-07 00:00:00+00:00
[2026-05-07T19:53:02.052+0200] {logging_mixin.py:190} INFO - [2026-05-07T19:53:02.052+0200] {dag.py:4180} INFO - Setting next_dagrun for read_dataset_event_from_classic to 2026-05-06 00:00:00+00:00, run_after=2026-05-07 00:00:00+00:00
[2026-05-07T19:53:02.069+0200] {processor.py:208} INFO - Processing /home/rodrigo/Escritorio/BBDDAvanzadas/.venv/lib/python3.12/site-packages/airflow/example_dags/example_inlet_event_extra.py took 0.074 seconds
[2026-05-07T19:54:13.632+0200] {processor.py:186} INFO - Started process (PID=16816) to work on /home/rodrigo/Escritorio/BBDDAvanzadas/.venv/lib/python3.12/site-packages/airflow/example_dags/example_inlet_event_extra.py
[2026-05-07T19:54:13.642+0200] {processor.py:914} INFO - Processing file /home/rodrigo/Escritorio/BBDDAvanzadas/.venv/lib/python3.12/site-packages/airflow/example_dags/example_inlet_event_extra.py for tasks to queue
[2026-05-07T19:54:13.648+0200] {logging_mixin.py:190} INFO - [2026-05-07T19:54:13.648+0200] {dagbag.py:588} INFO - Filling up the DagBag from /home/rodrigo/Escritorio/BBDDAvanzadas/.venv/lib/python3.12/site-packages/airflow/example_dags/example_inlet_event_extra.py
[2026-05-07T19:54:13.688+0200] {processor.py:925} INFO - DAG(s) 'read_dataset_event_from_classic', 'read_dataset_event' retrieved from /home/rodrigo/Escritorio/BBDDAvanzadas/.venv/lib/python3.12/site-packages/airflow/example_dags/example_inlet_event_extra.py
[2026-05-07T19:54:13.703+0200] {logging_mixin.py:190} INFO - [2026-05-07T19:54:13.703+0200] {dag.py:3239} INFO - Sync 2 DAGs
[2026-05-07T19:54:13.722+0200] {logging_mixin.py:190} INFO - [2026-05-07T19:54:13.720+0200] {dag.py:4180} INFO - Setting next_dagrun for read_dataset_event to 2026-05-06 00:00:00+00:00, run_after=2026-05-07 00:00:00+00:00
[2026-05-07T19:54:13.732+0200] {logging_mixin.py:190} INFO - [2026-05-07T19:54:13.732+0200] {dag.py:4180} INFO - Setting next_dagrun for read_dataset_event_from_classic to 2026-05-06 00:00:00+00:00, run_after=2026-05-07 00:00:00+00:00
[2026-05-07T19:54:13.782+0200] {processor.py:208} INFO - Processing /home/rodrigo/Escritorio/BBDDAvanzadas/.venv/lib/python3.12/site-packages/airflow/example_dags/example_inlet_event_extra.py took 0.158 seconds
[2026-05-07T19:55:31.001+0200] {processor.py:186} INFO - Started process (PID=16969) to work on /home/rodrigo/Escritorio/BBDDAvanzadas/.venv/lib/python3.12/site-packages/airflow/example_dags/example_inlet_event_extra.py
[2026-05-07T19:55:31.004+0200] {processor.py:914} INFO - Processing file /home/rodrigo/Escritorio/BBDDAvanzadas/.venv/lib/python3.12/site-packages/airflow/example_dags/example_inlet_event_extra.py for tasks to queue
[2026-05-07T19:55:31.005+0200] {logging_mixin.py:190} INFO - [2026-05-07T19:55:31.005+0200] {dagbag.py:588} INFO - Filling up the DagBag from /home/rodrigo/Escritorio/BBDDAvanzadas/.venv/lib/python3.12/site-packages/airflow/example_dags/example_inlet_event_extra.py
[2026-05-07T19:55:31.014+0200] {processor.py:925} INFO - DAG(s) 'read_dataset_event_from_classic', 'read_dataset_event' retrieved from /home/rodrigo/Escritorio/BBDDAvanzadas/.venv/lib/python3.12/site-packages/airflow/example_dags/example_inlet_event_extra.py
[2026-05-07T19:55:31.025+0200] {logging_mixin.py:190} INFO - [2026-05-07T19:55:31.025+0200] {dag.py:3239} INFO - Sync 2 DAGs
[2026-05-07T19:55:31.038+0200] {logging_mixin.py:190} INFO - [2026-05-07T19:55:31.038+0200] {dag.py:4180} INFO - Setting next_dagrun for read_dataset_event to 2026-05-06 00:00:00+00:00, run_after=2026-05-07 00:00:00+00:00
[2026-05-07T19:55:31.040+0200] {logging_mixin.py:190} INFO - [2026-05-07T19:55:31.040+0200] {dag.py:4180} INFO - Setting next_dagrun for read_dataset_event_from_classic to 2026-05-06 00:00:00+00:00, run_after=2026-05-07 00:00:00+00:00
[2026-05-07T19:55:31.054+0200] {processor.py:208} INFO - Processing /home/rodrigo/Escritorio/BBDDAvanzadas/.venv/lib/python3.12/site-packages/airflow/example_dags/example_inlet_event_extra.py took 0.057 seconds
[2026-05-07T19:57:30.626+0200] {processor.py:186} INFO - Started process (PID=17064) to work on /home/rodrigo/Escritorio/BBDDAvanzadas/.venv/lib/python3.12/site-packages/airflow/example_dags/example_inlet_event_extra.py
[2026-05-07T19:57:30.628+0200] {processor.py:914} INFO - Processing file /home/rodrigo/Escritorio/BBDDAvanzadas/.venv/lib/python3.12/site-packages/airflow/example_dags/example_inlet_event_extra.py for tasks to queue
[2026-05-07T19:57:30.629+0200] {logging_mixin.py:190} INFO - [2026-05-07T19:57:30.629+0200] {dagbag.py:588} INFO - Filling up the DagBag from /home/rodrigo/Escritorio/BBDDAvanzadas/.venv/lib/python3.12/site-packages/airflow/example_dags/example_inlet_event_extra.py
[2026-05-07T19:57:30.637+0200] {processor.py:925} INFO - DAG(s) 'read_dataset_event_from_classic', 'read_dataset_event' retrieved from /home/rodrigo/Escritorio/BBDDAvanzadas/.venv/lib/python3.12/site-packages/airflow/example_dags/example_inlet_event_extra.py
[2026-05-07T19:57:30.648+0200] {logging_mixin.py:190} INFO - [2026-05-07T19:57:30.648+0200] {dag.py:3239} INFO - Sync 2 DAGs
[2026-05-07T19:57:30.661+0200] {logging_mixin.py:190} INFO - [2026-05-07T19:57:30.660+0200] {dag.py:4180} INFO - Setting next_dagrun for read_dataset_event to 2026-05-06 00:00:00+00:00, run_after=2026-05-07 00:00:00+00:00
[2026-05-07T19:57:30.663+0200] {logging_mixin.py:190} INFO - [2026-05-07T19:57:30.663+0200] {dag.py:4180} INFO - Setting next_dagrun for read_dataset_event_from_classic to 2026-05-06 00:00:00+00:00, run_after=2026-05-07 00:00:00+00:00
[2026-05-07T19:57:30.677+0200] {processor.py:208} INFO - Processing /home/rodrigo/Escritorio/BBDDAvanzadas/.venv/lib/python3.12/site-packages/airflow/example_dags/example_inlet_event_extra.py took 0.055 seconds
[2026-05-07T19:59:37.079+0200] {processor.py:186} INFO - Started process (PID=17168) to work on /home/rodrigo/Escritorio/BBDDAvanzadas/.venv/lib/python3.12/site-packages/airflow/example_dags/example_inlet_event_extra.py
[2026-05-07T19:59:37.080+0200] {processor.py:914} INFO - Processing file /home/rodrigo/Escritorio/BBDDAvanzadas/.venv/lib/python3.12/site-packages/airflow/example_dags/example_inlet_event_extra.py for tasks to queue
[2026-05-07T19:59:37.081+0200] {logging_mixin.py:190} INFO - [2026-05-07T19:59:37.081+0200] {dagbag.py:588} INFO - Filling up the DagBag from /home/rodrigo/Escritorio/BBDDAvanzadas/.venv/lib/python3.12/site-packages/airflow/example_dags/example_inlet_event_extra.py
[2026-05-07T19:59:37.090+0200] {processor.py:925} INFO - DAG(s) 'read_dataset_event', 'read_dataset_event_from_classic' retrieved from /home/rodrigo/Escritorio/BBDDAvanzadas/.venv/lib/python3.12/site-packages/airflow/example_dags/example_inlet_event_extra.py
[2026-05-07T19:59:37.102+0200] {logging_mixin.py:190} INFO - [2026-05-07T19:59:37.102+0200] {dag.py:3239} INFO - Sync 2 DAGs
[2026-05-07T19:59:37.116+0200] {logging_mixin.py:190} INFO - [2026-05-07T19:59:37.116+0200] {dag.py:4180} INFO - Setting next_dagrun for read_dataset_event to 2026-05-06 00:00:00+00:00, run_after=2026-05-07 00:00:00+00:00
[2026-05-07T19:59:37.118+0200] {logging_mixin.py:190} INFO - [2026-05-07T19:59:37.118+0200] {dag.py:4180} INFO - Setting next_dagrun for read_dataset_event_from_classic to 2026-05-06 00:00:00+00:00, run_after=2026-05-07 00:00:00+00:00
[2026-05-07T19:59:37.132+0200] {processor.py:208} INFO - Processing /home/rodrigo/Escritorio/BBDDAvanzadas/.venv/lib/python3.12/site-packages/airflow/example_dags/example_inlet_event_extra.py took 0.057 seconds
[2026-05-07T20:01:12.743+0200] {processor.py:186} INFO - Started process (PID=17400) to work on /home/rodrigo/Escritorio/BBDDAvanzadas/.venv/lib/python3.12/site-packages/airflow/example_dags/example_inlet_event_extra.py
[2026-05-07T20:01:12.745+0200] {processor.py:914} INFO - Processing file /home/rodrigo/Escritorio/BBDDAvanzadas/.venv/lib/python3.12/site-packages/airflow/example_dags/example_inlet_event_extra.py for tasks to queue
[2026-05-07T20:01:12.747+0200] {logging_mixin.py:190} INFO - [2026-05-07T20:01:12.746+0200] {dagbag.py:588} INFO - Filling up the DagBag from /home/rodrigo/Escritorio/BBDDAvanzadas/.venv/lib/python3.12/site-packages/airflow/example_dags/example_inlet_event_extra.py
[2026-05-07T20:01:12.756+0200] {processor.py:925} INFO - DAG(s) 'read_dataset_event_from_classic', 'read_dataset_event' retrieved from /home/rodrigo/Escritorio/BBDDAvanzadas/.venv/lib/python3.12/site-packages/airflow/example_dags/example_inlet_event_extra.py
[2026-05-07T20:01:12.767+0200] {logging_mixin.py:190} INFO - [2026-05-07T20:01:12.767+0200] {dag.py:3239} INFO - Sync 2 DAGs
[2026-05-07T20:01:12.780+0200] {logging_mixin.py:190} INFO - [2026-05-07T20:01:12.780+0200] {dag.py:4180} INFO - Setting next_dagrun for read_dataset_event to 2026-05-06 00:00:00+00:00, run_after=2026-05-07 00:00:00+00:00
[2026-05-07T20:01:12.782+0200] {logging_mixin.py:190} INFO - [2026-05-07T20:01:12.782+0200] {dag.py:4180} INFO - Setting next_dagrun for read_dataset_event_from_classic to 2026-05-06 00:00:00+00:00, run_after=2026-05-07 00:00:00+00:00
[2026-05-07T20:01:12.796+0200] {processor.py:208} INFO - Processing /home/rodrigo/Escritorio/BBDDAvanzadas/.venv/lib/python3.12/site-packages/airflow/example_dags/example_inlet_event_extra.py took 0.057 seconds
[2026-05-07T20:02:15.185+0200] {processor.py:186} INFO - Started process (PID=17571) to work on /home/rodrigo/Escritorio/BBDDAvanzadas/.venv/lib/python3.12/site-packages/airflow/example_dags/example_inlet_event_extra.py
[2026-05-07T20:02:15.187+0200] {processor.py:914} INFO - Processing file /home/rodrigo/Escritorio/BBDDAvanzadas/.venv/lib/python3.12/site-packages/airflow/example_dags/example_inlet_event_extra.py for tasks to queue
[2026-05-07T20:02:15.189+0200] {logging_mixin.py:190} INFO - [2026-05-07T20:02:15.188+0200] {dagbag.py:588} INFO - Filling up the DagBag from /home/rodrigo/Escritorio/BBDDAvanzadas/.venv/lib/python3.12/site-packages/airflow/example_dags/example_inlet_event_extra.py
[2026-05-07T20:02:15.198+0200] {processor.py:925} INFO - DAG(s) 'read_dataset_event', 'read_dataset_event_from_classic' retrieved from /home/rodrigo/Escritorio/BBDDAvanzadas/.venv/lib/python3.12/site-packages/airflow/example_dags/example_inlet_event_extra.py
[2026-05-07T20:02:15.209+0200] {logging_mixin.py:190} INFO - [2026-05-07T20:02:15.209+0200] {dag.py:3239} INFO - Sync 2 DAGs
[2026-05-07T20:02:15.223+0200] {logging_mixin.py:190} INFO - [2026-05-07T20:02:15.222+0200] {dag.py:4180} INFO - Setting next_dagrun for read_dataset_event to 2026-05-06 00:00:00+00:00, run_after=2026-05-07 00:00:00+00:00
[2026-05-07T20:02:15.225+0200] {logging_mixin.py:190} INFO - [2026-05-07T20:02:15.225+0200] {dag.py:4180} INFO - Setting next_dagrun for read_dataset_event_from_classic to 2026-05-06 00:00:00+00:00, run_after=2026-05-07 00:00:00+00:00
[2026-05-07T20:02:15.238+0200] {processor.py:208} INFO - Processing /home/rodrigo/Escritorio/BBDDAvanzadas/.venv/lib/python3.12/site-packages/airflow/example_dags/example_inlet_event_extra.py took 0.057 seconds
[2026-05-07T20:03:13.602+0200] {processor.py:186} INFO - Started process (PID=17709) to work on /home/rodrigo/Escritorio/BBDDAvanzadas/.venv/lib/python3.12/site-packages/airflow/example_dags/example_inlet_event_extra.py
[2026-05-07T20:03:13.603+0200] {processor.py:914} INFO - Processing file /home/rodrigo/Escritorio/BBDDAvanzadas/.venv/lib/python3.12/site-packages/airflow/example_dags/example_inlet_event_extra.py for tasks to queue
[2026-05-07T20:03:13.604+0200] {logging_mixin.py:190} INFO - [2026-05-07T20:03:13.604+0200] {dagbag.py:588} INFO - Filling up the DagBag from /home/rodrigo/Escritorio/BBDDAvanzadas/.venv/lib/python3.12/site-packages/airflow/example_dags/example_inlet_event_extra.py
[2026-05-07T20:03:13.613+0200] {processor.py:925} INFO - DAG(s) 'read_dataset_event', 'read_dataset_event_from_classic' retrieved from /home/rodrigo/Escritorio/BBDDAvanzadas/.venv/lib/python3.12/site-packages/airflow/example_dags/example_inlet_event_extra.py
[2026-05-07T20:03:13.626+0200] {logging_mixin.py:190} INFO - [2026-05-07T20:03:13.626+0200] {dag.py:3239} INFO - Sync 2 DAGs
[2026-05-07T20:03:13.639+0200] {logging_mixin.py:190} INFO - [2026-05-07T20:03:13.639+0200] {dag.py:4180} INFO - Setting next_dagrun for read_dataset_event to 2026-05-06 00:00:00+00:00, run_after=2026-05-07 00:00:00+00:00
[2026-05-07T20:03:13.642+0200] {logging_mixin.py:190} INFO - [2026-05-07T20:03:13.642+0200] {dag.py:4180} INFO - Setting next_dagrun for read_dataset_event_from_classic to 2026-05-06 00:00:00+00:00, run_after=2026-05-07 00:00:00+00:00
[2026-05-07T20:03:13.660+0200] {processor.py:208} INFO - Processing /home/rodrigo/Escritorio/BBDDAvanzadas/.venv/lib/python3.12/site-packages/airflow/example_dags/example_inlet_event_extra.py took 0.063 seconds
[2026-05-07T20:04:13.233+0200] {processor.py:186} INFO - Started process (PID=17833) to work on /home/rodrigo/Escritorio/BBDDAvanzadas/.venv/lib/python3.12/site-packages/airflow/example_dags/example_inlet_event_extra.py
[2026-05-07T20:04:13.234+0200] {processor.py:914} INFO - Processing file /home/rodrigo/Escritorio/BBDDAvanzadas/.venv/lib/python3.12/site-packages/airflow/example_dags/example_inlet_event_extra.py for tasks to queue
[2026-05-07T20:04:13.236+0200] {logging_mixin.py:190} INFO - [2026-05-07T20:04:13.235+0200] {dagbag.py:588} INFO - Filling up the DagBag from /home/rodrigo/Escritorio/BBDDAvanzadas/.venv/lib/python3.12/site-packages/airflow/example_dags/example_inlet_event_extra.py
[2026-05-07T20:04:13.251+0200] {processor.py:925} INFO - DAG(s) 'read_dataset_event_from_classic', 'read_dataset_event' retrieved from /home/rodrigo/Escritorio/BBDDAvanzadas/.venv/lib/python3.12/site-packages/airflow/example_dags/example_inlet_event_extra.py
[2026-05-07T20:04:13.275+0200] {logging_mixin.py:190} INFO - [2026-05-07T20:04:13.275+0200] {dag.py:3239} INFO - Sync 2 DAGs
[2026-05-07T20:04:13.288+0200] {logging_mixin.py:190} INFO - [2026-05-07T20:04:13.288+0200] {dag.py:4180} INFO - Setting next_dagrun for read_dataset_event to 2026-05-06 00:00:00+00:00, run_after=2026-05-07 00:00:00+00:00
[2026-05-07T20:04:13.291+0200] {logging_mixin.py:190} INFO - [2026-05-07T20:04:13.291+0200] {dag.py:4180} INFO - Setting next_dagrun for read_dataset_event_from_classic to 2026-05-06 00:00:00+00:00, run_after=2026-05-07 00:00:00+00:00
[2026-05-07T20:04:13.310+0200] {processor.py:208} INFO - Processing /home/rodrigo/Escritorio/BBDDAvanzadas/.venv/lib/python3.12/site-packages/airflow/example_dags/example_inlet_event_extra.py took 0.085 seconds
[2026-05-07T20:05:17.069+0200] {processor.py:186} INFO - Started process (PID=17963) to work on /home/rodrigo/Escritorio/BBDDAvanzadas/.venv/lib/python3.12/site-packages/airflow/example_dags/example_inlet_event_extra.py
[2026-05-07T20:05:17.070+0200] {processor.py:914} INFO - Processing file /home/rodrigo/Escritorio/BBDDAvanzadas/.venv/lib/python3.12/site-packages/airflow/example_dags/example_inlet_event_extra.py for tasks to queue
[2026-05-07T20:05:17.072+0200] {logging_mixin.py:190} INFO - [2026-05-07T20:05:17.071+0200] {dagbag.py:588} INFO - Filling up the DagBag from /home/rodrigo/Escritorio/BBDDAvanzadas/.venv/lib/python3.12/site-packages/airflow/example_dags/example_inlet_event_extra.py
[2026-05-07T20:05:17.082+0200] {processor.py:925} INFO - DAG(s) 'read_dataset_event_from_classic', 'read_dataset_event' retrieved from /home/rodrigo/Escritorio/BBDDAvanzadas/.venv/lib/python3.12/site-packages/airflow/example_dags/example_inlet_event_extra.py
[2026-05-07T20:05:17.094+0200] {logging_mixin.py:190} INFO - [2026-05-07T20:05:17.093+0200] {dag.py:3239} INFO - Sync 2 DAGs
[2026-05-07T20:05:17.107+0200] {logging_mixin.py:190} INFO - [2026-05-07T20:05:17.107+0200] {dag.py:4180} INFO - Setting next_dagrun for read_dataset_event to 2026-05-06 00:00:00+00:00, run_after=2026-05-07 00:00:00+00:00
[2026-05-07T20:05:17.109+0200] {logging_mixin.py:190} INFO - [2026-05-07T20:05:17.109+0200] {dag.py:4180} INFO - Setting next_dagrun for read_dataset_event_from_classic to 2026-05-06 00:00:00+00:00, run_after=2026-05-07 00:00:00+00:00
[2026-05-07T20:05:17.124+0200] {processor.py:208} INFO - Processing /home/rodrigo/Escritorio/BBDDAvanzadas/.venv/lib/python3.12/site-packages/airflow/example_dags/example_inlet_event_extra.py took 0.061 seconds
[2026-05-07T20:06:18.887+0200] {processor.py:186} INFO - Started process (PID=18081) to work on /home/rodrigo/Escritorio/BBDDAvanzadas/.venv/lib/python3.12/site-packages/airflow/example_dags/example_inlet_event_extra.py
[2026-05-07T20:06:18.889+0200] {processor.py:914} INFO - Processing file /home/rodrigo/Escritorio/BBDDAvanzadas/.venv/lib/python3.12/site-packages/airflow/example_dags/example_inlet_event_extra.py for tasks to queue
[2026-05-07T20:06:18.891+0200] {logging_mixin.py:190} INFO - [2026-05-07T20:06:18.890+0200] {dagbag.py:588} INFO - Filling up the DagBag from /home/rodrigo/Escritorio/BBDDAvanzadas/.venv/lib/python3.12/site-packages/airflow/example_dags/example_inlet_event_extra.py
[2026-05-07T20:06:18.900+0200] {processor.py:925} INFO - DAG(s) 'read_dataset_event', 'read_dataset_event_from_classic' retrieved from /home/rodrigo/Escritorio/BBDDAvanzadas/.venv/lib/python3.12/site-packages/airflow/example_dags/example_inlet_event_extra.py
[2026-05-07T20:06:18.913+0200] {logging_mixin.py:190} INFO - [2026-05-07T20:06:18.913+0200] {dag.py:3239} INFO - Sync 2 DAGs
[2026-05-07T20:06:18.927+0200] {logging_mixin.py:190} INFO - [2026-05-07T20:06:18.927+0200] {dag.py:4180} INFO - Setting next_dagrun for read_dataset_event to 2026-05-06 00:00:00+00:00, run_after=2026-05-07 00:00:00+00:00
[2026-05-07T20:06:18.929+0200] {logging_mixin.py:190} INFO - [2026-05-07T20:06:18.929+0200] {dag.py:4180} INFO - Setting next_dagrun for read_dataset_event_from_classic to 2026-05-06 00:00:00+00:00, run_after=2026-05-07 00:00:00+00:00
[2026-05-07T20:06:18.951+0200] {processor.py:208} INFO - Processing /home/rodrigo/Escritorio/BBDDAvanzadas/.venv/lib/python3.12/site-packages/airflow/example_dags/example_inlet_event_extra.py took 0.069 seconds
[2026-05-07T20:07:17.006+0200] {processor.py:186} INFO - Started process (PID=18201) to work on /home/rodrigo/Escritorio/BBDDAvanzadas/.venv/lib/python3.12/site-packages/airflow/example_dags/example_inlet_event_extra.py
[2026-05-07T20:07:17.007+0200] {processor.py:914} INFO - Processing file /home/rodrigo/Escritorio/BBDDAvanzadas/.venv/lib/python3.12/site-packages/airflow/example_dags/example_inlet_event_extra.py for tasks to queue
[2026-05-07T20:07:17.009+0200] {logging_mixin.py:190} INFO - [2026-05-07T20:07:17.009+0200] {dagbag.py:588} INFO - Filling up the DagBag from /home/rodrigo/Escritorio/BBDDAvanzadas/.venv/lib/python3.12/site-packages/airflow/example_dags/example_inlet_event_extra.py
[2026-05-07T20:07:17.018+0200] {processor.py:925} INFO - DAG(s) 'read_dataset_event_from_classic', 'read_dataset_event' retrieved from /home/rodrigo/Escritorio/BBDDAvanzadas/.venv/lib/python3.12/site-packages/airflow/example_dags/example_inlet_event_extra.py
[2026-05-07T20:07:17.031+0200] {logging_mixin.py:190} INFO - [2026-05-07T20:07:17.031+0200] {dag.py:3239} INFO - Sync 2 DAGs
[2026-05-07T20:07:17.050+0200] {logging_mixin.py:190} INFO - [2026-05-07T20:07:17.050+0200] {dag.py:4180} INFO - Setting next_dagrun for read_dataset_event to 2026-05-06 00:00:00+00:00, run_after=2026-05-07 00:00:00+00:00
[2026-05-07T20:07:17.053+0200] {logging_mixin.py:190} INFO - [2026-05-07T20:07:17.053+0200] {dag.py:4180} INFO - Setting next_dagrun for read_dataset_event_from_classic to 2026-05-06 00:00:00+00:00, run_after=2026-05-07 00:00:00+00:00
[2026-05-07T20:07:17.068+0200] {processor.py:208} INFO - Processing /home/rodrigo/Escritorio/BBDDAvanzadas/.venv/lib/python3.12/site-packages/airflow/example_dags/example_inlet_event_extra.py took 0.066 seconds
[2026-05-07T20:08:16.674+0200] {processor.py:186} INFO - Started process (PID=18330) to work on /home/rodrigo/Escritorio/BBDDAvanzadas/.venv/lib/python3.12/site-packages/airflow/example_dags/example_inlet_event_extra.py
[2026-05-07T20:08:16.676+0200] {processor.py:914} INFO - Processing file /home/rodrigo/Escritorio/BBDDAvanzadas/.venv/lib/python3.12/site-packages/airflow/example_dags/example_inlet_event_extra.py for tasks to queue
[2026-05-07T20:08:16.678+0200] {logging_mixin.py:190} INFO - [2026-05-07T20:08:16.677+0200] {dagbag.py:588} INFO - Filling up the DagBag from /home/rodrigo/Escritorio/BBDDAvanzadas/.venv/lib/python3.12/site-packages/airflow/example_dags/example_inlet_event_extra.py
[2026-05-07T20:08:16.691+0200] {processor.py:925} INFO - DAG(s) 'read_dataset_event', 'read_dataset_event_from_classic' retrieved from /home/rodrigo/Escritorio/BBDDAvanzadas/.venv/lib/python3.12/site-packages/airflow/example_dags/example_inlet_event_extra.py
[2026-05-07T20:08:16.705+0200] {logging_mixin.py:190} INFO - [2026-05-07T20:08:16.705+0200] {dag.py:3239} INFO - Sync 2 DAGs
[2026-05-07T20:08:16.719+0200] {logging_mixin.py:190} INFO - [2026-05-07T20:08:16.719+0200] {dag.py:4180} INFO - Setting next_dagrun for read_dataset_event to 2026-05-06 00:00:00+00:00, run_after=2026-05-07 00:00:00+00:00
[2026-05-07T20:08:16.721+0200] {logging_mixin.py:190} INFO - [2026-05-07T20:08:16.721+0200] {dag.py:4180} INFO - Setting next_dagrun for read_dataset_event_from_classic to 2026-05-06 00:00:00+00:00, run_after=2026-05-07 00:00:00+00:00
[2026-05-07T20:08:16.736+0200] {processor.py:208} INFO - Processing /home/rodrigo/Escritorio/BBDDAvanzadas/.venv/lib/python3.12/site-packages/airflow/example_dags/example_inlet_event_extra.py took 0.068 seconds
[2026-05-07T20:09:27.494+0200] {processor.py:186} INFO - Started process (PID=18527) to work on /home/rodrigo/Escritorio/BBDDAvanzadas/.venv/lib/python3.12/site-packages/airflow/example_dags/example_inlet_event_extra.py
[2026-05-07T20:09:27.502+0200] {processor.py:914} INFO - Processing file /home/rodrigo/Escritorio/BBDDAvanzadas/.venv/lib/python3.12/site-packages/airflow/example_dags/example_inlet_event_extra.py for tasks to queue
[2026-05-07T20:09:27.504+0200] {logging_mixin.py:190} INFO - [2026-05-07T20:09:27.504+0200] {dagbag.py:588} INFO - Filling up the DagBag from /home/rodrigo/Escritorio/BBDDAvanzadas/.venv/lib/python3.12/site-packages/airflow/example_dags/example_inlet_event_extra.py
[2026-05-07T20:09:27.516+0200] {processor.py:925} INFO - DAG(s) 'read_dataset_event', 'read_dataset_event_from_classic' retrieved from /home/rodrigo/Escritorio/BBDDAvanzadas/.venv/lib/python3.12/site-packages/airflow/example_dags/example_inlet_event_extra.py
[2026-05-07T20:09:27.530+0200] {logging_mixin.py:190} INFO - [2026-05-07T20:09:27.530+0200] {dag.py:3239} INFO - Sync 2 DAGs
[2026-05-07T20:09:27.555+0200] {logging_mixin.py:190} INFO - [2026-05-07T20:09:27.554+0200] {dag.py:4180} INFO - Setting next_dagrun for read_dataset_event to 2026-05-06 00:00:00+00:00, run_after=2026-05-07 00:00:00+00:00
[2026-05-07T20:09:27.560+0200] {logging_mixin.py:190} INFO - [2026-05-07T20:09:27.560+0200] {dag.py:4180} INFO - Setting next_dagrun for read_dataset_event_from_classic to 2026-05-06 00:00:00+00:00, run_after=2026-05-07 00:00:00+00:00
[2026-05-07T20:09:27.591+0200] {processor.py:208} INFO - Processing /home/rodrigo/Escritorio/BBDDAvanzadas/.venv/lib/python3.12/site-packages/airflow/example_dags/example_inlet_event_extra.py took 0.101 seconds
