[2026-05-07T19:33:16.176+0200] {processor.py:186} INFO - Started process (PID=14499) to work on /home/rodrigo/Escritorio/BBDDAvanzadas/.venv/lib/python3.12/site-packages/airflow/example_dags/example_branch_datetime_operator.py
[2026-05-07T19:33:16.177+0200] {processor.py:914} INFO - Processing file /home/rodrigo/Escritorio/BBDDAvanzadas/.venv/lib/python3.12/site-packages/airflow/example_dags/example_branch_datetime_operator.py for tasks to queue
[2026-05-07T19:33:16.179+0200] {logging_mixin.py:190} INFO - [2026-05-07T19:33:16.179+0200] {dagbag.py:588} INFO - Filling up the DagBag from /home/rodrigo/Escritorio/BBDDAvanzadas/.venv/lib/python3.12/site-packages/airflow/example_dags/example_branch_datetime_operator.py
[2026-05-07T19:33:16.190+0200] {processor.py:925} INFO - DAG(s) 'example_branch_datetime_operator', 'example_branch_datetime_operator_2', 'example_branch_datetime_operator_3' retrieved from /home/rodrigo/Escritorio/BBDDAvanzadas/.venv/lib/python3.12/site-packages/airflow/example_dags/example_branch_datetime_operator.py
[2026-05-07T19:33:16.323+0200] {logging_mixin.py:190} INFO - [2026-05-07T19:33:16.322+0200] {override.py:1930} INFO - Created Permission View: can read on DAG:example_branch_datetime_operator
[2026-05-07T19:33:16.347+0200] {logging_mixin.py:190} INFO - [2026-05-07T19:33:16.346+0200] {override.py:1930} INFO - Created Permission View: can edit on DAG:example_branch_datetime_operator
[2026-05-07T19:33:16.356+0200] {logging_mixin.py:190} INFO - [2026-05-07T19:33:16.355+0200] {override.py:1930} INFO - Created Permission View: can delete on DAG:example_branch_datetime_operator
[2026-05-07T19:33:16.371+0200] {logging_mixin.py:190} INFO - [2026-05-07T19:33:16.371+0200] {override.py:1930} INFO - Created Permission View: can create on DAG Run:example_branch_datetime_operator
[2026-05-07T19:33:16.380+0200] {logging_mixin.py:190} INFO - [2026-05-07T19:33:16.380+0200] {override.py:1930} INFO - Created Permission View: can read on DAG Run:example_branch_datetime_operator
[2026-05-07T19:33:16.389+0200] {logging_mixin.py:190} INFO - [2026-05-07T19:33:16.389+0200] {override.py:1930} INFO - Created Permission View: menu access on DAG Run:example_branch_datetime_operator
[2026-05-07T19:33:16.398+0200] {logging_mixin.py:190} INFO - [2026-05-07T19:33:16.397+0200] {override.py:1930} INFO - Created Permission View: can delete on DAG Run:example_branch_datetime_operator
[2026-05-07T19:33:16.421+0200] {logging_mixin.py:190} INFO - [2026-05-07T19:33:16.421+0200] {override.py:1930} INFO - Created Permission View: can read on DAG:example_branch_datetime_operator_2
[2026-05-07T19:33:16.430+0200] {logging_mixin.py:190} INFO - [2026-05-07T19:33:16.430+0200] {override.py:1930} INFO - Created Permission View: can edit on DAG:example_branch_datetime_operator_2
[2026-05-07T19:33:16.439+0200] {logging_mixin.py:190} INFO - [2026-05-07T19:33:16.438+0200] {override.py:1930} INFO - Created Permission View: can delete on DAG:example_branch_datetime_operator_2
[2026-05-07T19:33:16.452+0200] {logging_mixin.py:190} INFO - [2026-05-07T19:33:16.452+0200] {override.py:1930} INFO - Created Permission View: can create on DAG Run:example_branch_datetime_operator_2
[2026-05-07T19:33:16.460+0200] {logging_mixin.py:190} INFO - [2026-05-07T19:33:16.460+0200] {override.py:1930} INFO - Created Permission View: can read on DAG Run:example_branch_datetime_operator_2
[2026-05-07T19:33:16.468+0200] {logging_mixin.py:190} INFO - [2026-05-07T19:33:16.468+0200] {override.py:1930} INFO - Created Permission View: menu access on DAG Run:example_branch_datetime_operator_2
[2026-05-07T19:33:16.476+0200] {logging_mixin.py:190} INFO - [2026-05-07T19:33:16.476+0200] {override.py:1930} INFO - Created Permission View: can delete on DAG Run:example_branch_datetime_operator_2
[2026-05-07T19:33:16.494+0200] {logging_mixin.py:190} INFO - [2026-05-07T19:33:16.494+0200] {override.py:1930} INFO - Created Permission View: can read on DAG:example_branch_datetime_operator_3
[2026-05-07T19:33:16.509+0200] {logging_mixin.py:190} INFO - [2026-05-07T19:33:16.509+0200] {override.py:1930} INFO - Created Permission View: can edit on DAG:example_branch_datetime_operator_3
[2026-05-07T19:33:16.518+0200] {logging_mixin.py:190} INFO - [2026-05-07T19:33:16.518+0200] {override.py:1930} INFO - Created Permission View: can delete on DAG:example_branch_datetime_operator_3
[2026-05-07T19:33:16.534+0200] {logging_mixin.py:190} INFO - [2026-05-07T19:33:16.534+0200] {override.py:1930} INFO - Created Permission View: can create on DAG Run:example_branch_datetime_operator_3
[2026-05-07T19:33:16.542+0200] {logging_mixin.py:190} INFO - [2026-05-07T19:33:16.542+0200] {override.py:1930} INFO - Created Permission View: can read on DAG Run:example_branch_datetime_operator_3
[2026-05-07T19:33:16.550+0200] {logging_mixin.py:190} INFO - [2026-05-07T19:33:16.549+0200] {override.py:1930} INFO - Created Permission View: menu access on DAG Run:example_branch_datetime_operator_3
[2026-05-07T19:33:16.558+0200] {logging_mixin.py:190} INFO - [2026-05-07T19:33:16.557+0200] {override.py:1930} INFO - Created Permission View: can delete on DAG Run:example_branch_datetime_operator_3
[2026-05-07T19:33:16.558+0200] {logging_mixin.py:190} INFO - [2026-05-07T19:33:16.558+0200] {dag.py:3239} INFO - Sync 3 DAGs
[2026-05-07T19:33:16.565+0200] {logging_mixin.py:190} INFO - [2026-05-07T19:33:16.565+0200] {dag.py:3262} INFO - Creating ORM DAG for example_branch_datetime_operator_2
[2026-05-07T19:33:16.565+0200] {logging_mixin.py:190} INFO - [2026-05-07T19:33:16.565+0200] {dag.py:3262} INFO - Creating ORM DAG for example_branch_datetime_operator_3
[2026-05-07T19:33:16.565+0200] {logging_mixin.py:190} INFO - [2026-05-07T19:33:16.565+0200] {dag.py:3262} INFO - Creating ORM DAG for example_branch_datetime_operator
[2026-05-07T19:33:16.571+0200] {logging_mixin.py:190} INFO - [2026-05-07T19:33:16.571+0200] {dag.py:4180} INFO - Setting next_dagrun for example_branch_datetime_operator to 2026-05-06 00:00:00+00:00, run_after=2026-05-07 00:00:00+00:00
[2026-05-07T19:33:16.572+0200] {logging_mixin.py:190} INFO - [2026-05-07T19:33:16.572+0200] {dag.py:4180} INFO - Setting next_dagrun for example_branch_datetime_operator_2 to 2026-05-06 00:00:00+00:00, run_after=2026-05-07 00:00:00+00:00
[2026-05-07T19:33:16.573+0200] {logging_mixin.py:190} INFO - [2026-05-07T19:33:16.573+0200] {dag.py:4180} INFO - Setting next_dagrun for example_branch_datetime_operator_3 to 2026-05-06 00:00:00+00:00, run_after=2026-05-07 00:00:00+00:00
[2026-05-07T19:33:16.591+0200] {processor.py:208} INFO - Processing /home/rodrigo/Escritorio/BBDDAvanzadas/.venv/lib/python3.12/site-packages/airflow/example_dags/example_branch_datetime_operator.py took 0.419 seconds
[2026-05-07T19:37:57.220+0200] {processor.py:186} INFO - Started process (PID=14935) to work on /home/rodrigo/Escritorio/BBDDAvanzadas/.venv/lib/python3.12/site-packages/airflow/example_dags/example_branch_datetime_operator.py
[2026-05-07T19:37:57.222+0200] {processor.py:914} INFO - Processing file /home/rodrigo/Escritorio/BBDDAvanzadas/.venv/lib/python3.12/site-packages/airflow/example_dags/example_branch_datetime_operator.py for tasks to queue
[2026-05-07T19:37:57.224+0200] {logging_mixin.py:190} INFO - [2026-05-07T19:37:57.223+0200] {dagbag.py:588} INFO - Filling up the DagBag from /home/rodrigo/Escritorio/BBDDAvanzadas/.venv/lib/python3.12/site-packages/airflow/example_dags/example_branch_datetime_operator.py
[2026-05-07T19:37:57.232+0200] {processor.py:925} INFO - DAG(s) 'example_branch_datetime_operator_3', 'example_branch_datetime_operator', 'example_branch_datetime_operator_2' retrieved from /home/rodrigo/Escritorio/BBDDAvanzadas/.venv/lib/python3.12/site-packages/airflow/example_dags/example_branch_datetime_operator.py
[2026-05-07T19:37:57.246+0200] {logging_mixin.py:190} INFO - [2026-05-07T19:37:57.246+0200] {dag.py:3239} INFO - Sync 3 DAGs
[2026-05-07T19:37:57.261+0200] {logging_mixin.py:190} INFO - [2026-05-07T19:37:57.261+0200] {dag.py:4180} INFO - Setting next_dagrun for example_branch_datetime_operator to 2026-05-06 00:00:00+00:00, run_after=2026-05-07 00:00:00+00:00
[2026-05-07T19:37:57.263+0200] {logging_mixin.py:190} INFO - [2026-05-07T19:37:57.263+0200] {dag.py:4180} INFO - Setting next_dagrun for example_branch_datetime_operator_2 to 2026-05-06 00:00:00+00:00, run_after=2026-05-07 00:00:00+00:00
[2026-05-07T19:37:57.265+0200] {logging_mixin.py:190} INFO - [2026-05-07T19:37:57.265+0200] {dag.py:4180} INFO - Setting next_dagrun for example_branch_datetime_operator_3 to 2026-05-06 00:00:00+00:00, run_after=2026-05-07 00:00:00+00:00
[2026-05-07T19:37:57.285+0200] {processor.py:208} INFO - Processing /home/rodrigo/Escritorio/BBDDAvanzadas/.venv/lib/python3.12/site-packages/airflow/example_dags/example_branch_datetime_operator.py took 0.068 seconds
[2026-05-07T19:39:08.505+0200] {processor.py:186} INFO - Started process (PID=15012) to work on /home/rodrigo/Escritorio/BBDDAvanzadas/.venv/lib/python3.12/site-packages/airflow/example_dags/example_branch_datetime_operator.py
[2026-05-07T19:39:08.509+0200] {processor.py:914} INFO - Processing file /home/rodrigo/Escritorio/BBDDAvanzadas/.venv/lib/python3.12/site-packages/airflow/example_dags/example_branch_datetime_operator.py for tasks to queue
[2026-05-07T19:39:08.511+0200] {logging_mixin.py:190} INFO - [2026-05-07T19:39:08.511+0200] {dagbag.py:588} INFO - Filling up the DagBag from /home/rodrigo/Escritorio/BBDDAvanzadas/.venv/lib/python3.12/site-packages/airflow/example_dags/example_branch_datetime_operator.py
[2026-05-07T19:39:08.529+0200] {processor.py:925} INFO - DAG(s) 'example_branch_datetime_operator', 'example_branch_datetime_operator_3', 'example_branch_datetime_operator_2' retrieved from /home/rodrigo/Escritorio/BBDDAvanzadas/.venv/lib/python3.12/site-packages/airflow/example_dags/example_branch_datetime_operator.py
[2026-05-07T19:39:08.589+0200] {logging_mixin.py:190} INFO - [2026-05-07T19:39:08.589+0200] {dag.py:3239} INFO - Sync 3 DAGs
[2026-05-07T19:39:08.616+0200] {logging_mixin.py:190} INFO - [2026-05-07T19:39:08.616+0200] {dag.py:4180} INFO - Setting next_dagrun for example_branch_datetime_operator to 2026-05-06 00:00:00+00:00, run_after=2026-05-07 00:00:00+00:00
[2026-05-07T19:39:08.623+0200] {logging_mixin.py:190} INFO - [2026-05-07T19:39:08.623+0200] {dag.py:4180} INFO - Setting next_dagrun for example_branch_datetime_operator_2 to 2026-05-06 00:00:00+00:00, run_after=2026-05-07 00:00:00+00:00
[2026-05-07T19:39:08.625+0200] {logging_mixin.py:190} INFO - [2026-05-07T19:39:08.625+0200] {dag.py:4180} INFO - Setting next_dagrun for example_branch_datetime_operator_3 to 2026-05-06 00:00:00+00:00, run_after=2026-05-07 00:00:00+00:00
[2026-05-07T19:39:08.694+0200] {processor.py:208} INFO - Processing /home/rodrigo/Escritorio/BBDDAvanzadas/.venv/lib/python3.12/site-packages/airflow/example_dags/example_branch_datetime_operator.py took 0.200 seconds
[2026-05-07T19:40:50.324+0200] {processor.py:186} INFO - Started process (PID=15156) to work on /home/rodrigo/Escritorio/BBDDAvanzadas/.venv/lib/python3.12/site-packages/airflow/example_dags/example_branch_datetime_operator.py
[2026-05-07T19:40:50.331+0200] {processor.py:914} INFO - Processing file /home/rodrigo/Escritorio/BBDDAvanzadas/.venv/lib/python3.12/site-packages/airflow/example_dags/example_branch_datetime_operator.py for tasks to queue
[2026-05-07T19:40:50.337+0200] {logging_mixin.py:190} INFO - [2026-05-07T19:40:50.337+0200] {dagbag.py:588} INFO - Filling up the DagBag from /home/rodrigo/Escritorio/BBDDAvanzadas/.venv/lib/python3.12/site-packages/airflow/example_dags/example_branch_datetime_operator.py
[2026-05-07T19:40:50.349+0200] {processor.py:925} INFO - DAG(s) 'example_branch_datetime_operator_2', 'example_branch_datetime_operator', 'example_branch_datetime_operator_3' retrieved from /home/rodrigo/Escritorio/BBDDAvanzadas/.venv/lib/python3.12/site-packages/airflow/example_dags/example_branch_datetime_operator.py
[2026-05-07T19:40:50.396+0200] {logging_mixin.py:190} INFO - [2026-05-07T19:40:50.396+0200] {dag.py:3239} INFO - Sync 3 DAGs
[2026-05-07T19:40:50.413+0200] {logging_mixin.py:190} INFO - [2026-05-07T19:40:50.413+0200] {dag.py:4180} INFO - Setting next_dagrun for example_branch_datetime_operator to 2026-05-06 00:00:00+00:00, run_after=2026-05-07 00:00:00+00:00
[2026-05-07T19:40:50.416+0200] {logging_mixin.py:190} INFO - [2026-05-07T19:40:50.416+0200] {dag.py:4180} INFO - Setting next_dagrun for example_branch_datetime_operator_2 to 2026-05-06 00:00:00+00:00, run_after=2026-05-07 00:00:00+00:00
[2026-05-07T19:40:50.418+0200] {logging_mixin.py:190} INFO - [2026-05-07T19:40:50.418+0200] {dag.py:4180} INFO - Setting next_dagrun for example_branch_datetime_operator_3 to 2026-05-06 00:00:00+00:00, run_after=2026-05-07 00:00:00+00:00
[2026-05-07T19:40:50.474+0200] {processor.py:208} INFO - Processing /home/rodrigo/Escritorio/BBDDAvanzadas/.venv/lib/python3.12/site-packages/airflow/example_dags/example_branch_datetime_operator.py took 0.154 seconds
[2026-05-07T19:42:11.870+0200] {processor.py:186} INFO - Started process (PID=15414) to work on /home/rodrigo/Escritorio/BBDDAvanzadas/.venv/lib/python3.12/site-packages/airflow/example_dags/example_branch_datetime_operator.py
[2026-05-07T19:42:11.872+0200] {processor.py:914} INFO - Processing file /home/rodrigo/Escritorio/BBDDAvanzadas/.venv/lib/python3.12/site-packages/airflow/example_dags/example_branch_datetime_operator.py for tasks to queue
[2026-05-07T19:42:11.873+0200] {logging_mixin.py:190} INFO - [2026-05-07T19:42:11.873+0200] {dagbag.py:588} INFO - Filling up the DagBag from /home/rodrigo/Escritorio/BBDDAvanzadas/.venv/lib/python3.12/site-packages/airflow/example_dags/example_branch_datetime_operator.py
[2026-05-07T19:42:11.880+0200] {processor.py:925} INFO - DAG(s) 'example_branch_datetime_operator_3', 'example_branch_datetime_operator', 'example_branch_datetime_operator_2' retrieved from /home/rodrigo/Escritorio/BBDDAvanzadas/.venv/lib/python3.12/site-packages/airflow/example_dags/example_branch_datetime_operator.py
[2026-05-07T19:42:11.893+0200] {logging_mixin.py:190} INFO - [2026-05-07T19:42:11.893+0200] {dag.py:3239} INFO - Sync 3 DAGs
[2026-05-07T19:42:11.906+0200] {logging_mixin.py:190} INFO - [2026-05-07T19:42:11.906+0200] {dag.py:4180} INFO - Setting next_dagrun for example_branch_datetime_operator to 2026-05-06 00:00:00+00:00, run_after=2026-05-07 00:00:00+00:00
[2026-05-07T19:42:11.908+0200] {logging_mixin.py:190} INFO - [2026-05-07T19:42:11.908+0200] {dag.py:4180} INFO - Setting next_dagrun for example_branch_datetime_operator_2 to 2026-05-06 00:00:00+00:00, run_after=2026-05-07 00:00:00+00:00
[2026-05-07T19:42:11.909+0200] {logging_mixin.py:190} INFO - [2026-05-07T19:42:11.909+0200] {dag.py:4180} INFO - Setting next_dagrun for example_branch_datetime_operator_3 to 2026-05-06 00:00:00+00:00, run_after=2026-05-07 00:00:00+00:00
[2026-05-07T19:42:11.922+0200] {processor.py:208} INFO - Processing /home/rodrigo/Escritorio/BBDDAvanzadas/.venv/lib/python3.12/site-packages/airflow/example_dags/example_branch_datetime_operator.py took 0.056 seconds
[2026-05-07T19:43:29.207+0200] {processor.py:186} INFO - Started process (PID=15590) to work on /home/rodrigo/Escritorio/BBDDAvanzadas/.venv/lib/python3.12/site-packages/airflow/example_dags/example_branch_datetime_operator.py
[2026-05-07T19:43:29.209+0200] {processor.py:914} INFO - Processing file /home/rodrigo/Escritorio/BBDDAvanzadas/.venv/lib/python3.12/site-packages/airflow/example_dags/example_branch_datetime_operator.py for tasks to queue
[2026-05-07T19:43:29.211+0200] {logging_mixin.py:190} INFO - [2026-05-07T19:43:29.210+0200] {dagbag.py:588} INFO - Filling up the DagBag from /home/rodrigo/Escritorio/BBDDAvanzadas/.venv/lib/python3.12/site-packages/airflow/example_dags/example_branch_datetime_operator.py
[2026-05-07T19:43:29.219+0200] {processor.py:925} INFO - DAG(s) 'example_branch_datetime_operator_3', 'example_branch_datetime_operator', 'example_branch_datetime_operator_2' retrieved from /home/rodrigo/Escritorio/BBDDAvanzadas/.venv/lib/python3.12/site-packages/airflow/example_dags/example_branch_datetime_operator.py
[2026-05-07T19:43:29.233+0200] {logging_mixin.py:190} INFO - [2026-05-07T19:43:29.233+0200] {dag.py:3239} INFO - Sync 3 DAGs
[2026-05-07T19:43:29.247+0200] {logging_mixin.py:190} INFO - [2026-05-07T19:43:29.247+0200] {dag.py:4180} INFO - Setting next_dagrun for example_branch_datetime_operator to 2026-05-06 00:00:00+00:00, run_after=2026-05-07 00:00:00+00:00
[2026-05-07T19:43:29.335+0200] {logging_mixin.py:190} INFO - [2026-05-07T19:43:29.335+0200] {dag.py:4180} INFO - Setting next_dagrun for example_branch_datetime_operator_2 to 2026-05-06 00:00:00+00:00, run_after=2026-05-07 00:00:00+00:00
[2026-05-07T19:43:29.336+0200] {logging_mixin.py:190} INFO - [2026-05-07T19:43:29.336+0200] {dag.py:4180} INFO - Setting next_dagrun for example_branch_datetime_operator_3 to 2026-05-06 00:00:00+00:00, run_after=2026-05-07 00:00:00+00:00
[2026-05-07T19:43:29.350+0200] {processor.py:208} INFO - Processing /home/rodrigo/Escritorio/BBDDAvanzadas/.venv/lib/python3.12/site-packages/airflow/example_dags/example_branch_datetime_operator.py took 0.147 seconds
[2026-05-07T19:44:57.687+0200] {processor.py:186} INFO - Started process (PID=15855) to work on /home/rodrigo/Escritorio/BBDDAvanzadas/.venv/lib/python3.12/site-packages/airflow/example_dags/example_branch_datetime_operator.py
[2026-05-07T19:44:57.689+0200] {processor.py:914} INFO - Processing file /home/rodrigo/Escritorio/BBDDAvanzadas/.venv/lib/python3.12/site-packages/airflow/example_dags/example_branch_datetime_operator.py for tasks to queue
[2026-05-07T19:44:57.691+0200] {logging_mixin.py:190} INFO - [2026-05-07T19:44:57.690+0200] {dagbag.py:588} INFO - Filling up the DagBag from /home/rodrigo/Escritorio/BBDDAvanzadas/.venv/lib/python3.12/site-packages/airflow/example_dags/example_branch_datetime_operator.py
[2026-05-07T19:44:57.699+0200] {processor.py:925} INFO - DAG(s) 'example_branch_datetime_operator', 'example_branch_datetime_operator_3', 'example_branch_datetime_operator_2' retrieved from /home/rodrigo/Escritorio/BBDDAvanzadas/.venv/lib/python3.12/site-packages/airflow/example_dags/example_branch_datetime_operator.py
[2026-05-07T19:44:57.714+0200] {logging_mixin.py:190} INFO - [2026-05-07T19:44:57.714+0200] {dag.py:3239} INFO - Sync 3 DAGs
[2026-05-07T19:44:57.729+0200] {logging_mixin.py:190} INFO - [2026-05-07T19:44:57.729+0200] {dag.py:4180} INFO - Setting next_dagrun for example_branch_datetime_operator to 2026-05-06 00:00:00+00:00, run_after=2026-05-07 00:00:00+00:00
[2026-05-07T19:44:57.732+0200] {logging_mixin.py:190} INFO - [2026-05-07T19:44:57.732+0200] {dag.py:4180} INFO - Setting next_dagrun for example_branch_datetime_operator_2 to 2026-05-06 00:00:00+00:00, run_after=2026-05-07 00:00:00+00:00
[2026-05-07T19:44:57.733+0200] {logging_mixin.py:190} INFO - [2026-05-07T19:44:57.733+0200] {dag.py:4180} INFO - Setting next_dagrun for example_branch_datetime_operator_3 to 2026-05-06 00:00:00+00:00, run_after=2026-05-07 00:00:00+00:00
[2026-05-07T19:44:57.748+0200] {processor.py:208} INFO - Processing /home/rodrigo/Escritorio/BBDDAvanzadas/.venv/lib/python3.12/site-packages/airflow/example_dags/example_branch_datetime_operator.py took 0.066 seconds
[2026-05-07T19:46:42.488+0200] {processor.py:186} INFO - Started process (PID=15953) to work on /home/rodrigo/Escritorio/BBDDAvanzadas/.venv/lib/python3.12/site-packages/airflow/example_dags/example_branch_datetime_operator.py
[2026-05-07T19:46:42.491+0200] {processor.py:914} INFO - Processing file /home/rodrigo/Escritorio/BBDDAvanzadas/.venv/lib/python3.12/site-packages/airflow/example_dags/example_branch_datetime_operator.py for tasks to queue
[2026-05-07T19:46:42.492+0200] {logging_mixin.py:190} INFO - [2026-05-07T19:46:42.492+0200] {dagbag.py:588} INFO - Filling up the DagBag from /home/rodrigo/Escritorio/BBDDAvanzadas/.venv/lib/python3.12/site-packages/airflow/example_dags/example_branch_datetime_operator.py
[2026-05-07T19:46:42.502+0200] {processor.py:925} INFO - DAG(s) 'example_branch_datetime_operator_2', 'example_branch_datetime_operator', 'example_branch_datetime_operator_3' retrieved from /home/rodrigo/Escritorio/BBDDAvanzadas/.venv/lib/python3.12/site-packages/airflow/example_dags/example_branch_datetime_operator.py
[2026-05-07T19:46:42.516+0200] {logging_mixin.py:190} INFO - [2026-05-07T19:46:42.516+0200] {dag.py:3239} INFO - Sync 3 DAGs
[2026-05-07T19:46:42.531+0200] {logging_mixin.py:190} INFO - [2026-05-07T19:46:42.531+0200] {dag.py:4180} INFO - Setting next_dagrun for example_branch_datetime_operator to 2026-05-06 00:00:00+00:00, run_after=2026-05-07 00:00:00+00:00
[2026-05-07T19:46:42.533+0200] {logging_mixin.py:190} INFO - [2026-05-07T19:46:42.533+0200] {dag.py:4180} INFO - Setting next_dagrun for example_branch_datetime_operator_2 to 2026-05-06 00:00:00+00:00, run_after=2026-05-07 00:00:00+00:00
[2026-05-07T19:46:42.534+0200] {logging_mixin.py:190} INFO - [2026-05-07T19:46:42.534+0200] {dag.py:4180} INFO - Setting next_dagrun for example_branch_datetime_operator_3 to 2026-05-06 00:00:00+00:00, run_after=2026-05-07 00:00:00+00:00
[2026-05-07T19:46:42.551+0200] {processor.py:208} INFO - Processing /home/rodrigo/Escritorio/BBDDAvanzadas/.venv/lib/python3.12/site-packages/airflow/example_dags/example_branch_datetime_operator.py took 0.068 seconds
[2026-05-07T19:47:53.874+0200] {processor.py:186} INFO - Started process (PID=16142) to work on /home/rodrigo/Escritorio/BBDDAvanzadas/.venv/lib/python3.12/site-packages/airflow/example_dags/example_branch_datetime_operator.py
[2026-05-07T19:47:53.878+0200] {processor.py:914} INFO - Processing file /home/rodrigo/Escritorio/BBDDAvanzadas/.venv/lib/python3.12/site-packages/airflow/example_dags/example_branch_datetime_operator.py for tasks to queue
[2026-05-07T19:47:53.880+0200] {logging_mixin.py:190} INFO - [2026-05-07T19:47:53.879+0200] {dagbag.py:588} INFO - Filling up the DagBag from /home/rodrigo/Escritorio/BBDDAvanzadas/.venv/lib/python3.12/site-packages/airflow/example_dags/example_branch_datetime_operator.py
[2026-05-07T19:47:53.929+0200] {processor.py:925} INFO - DAG(s) 'example_branch_datetime_operator_3', 'example_branch_datetime_operator_2', 'example_branch_datetime_operator' retrieved from /home/rodrigo/Escritorio/BBDDAvanzadas/.venv/lib/python3.12/site-packages/airflow/example_dags/example_branch_datetime_operator.py
[2026-05-07T19:47:53.953+0200] {logging_mixin.py:190} INFO - [2026-05-07T19:47:53.953+0200] {dag.py:3239} INFO - Sync 3 DAGs
[2026-05-07T19:47:53.969+0200] {logging_mixin.py:190} INFO - [2026-05-07T19:47:53.969+0200] {dag.py:4180} INFO - Setting next_dagrun for example_branch_datetime_operator to 2026-05-06 00:00:00+00:00, run_after=2026-05-07 00:00:00+00:00
[2026-05-07T19:47:53.972+0200] {logging_mixin.py:190} INFO - [2026-05-07T19:47:53.972+0200] {dag.py:4180} INFO - Setting next_dagrun for example_branch_datetime_operator_2 to 2026-05-06 00:00:00+00:00, run_after=2026-05-07 00:00:00+00:00
[2026-05-07T19:47:53.973+0200] {logging_mixin.py:190} INFO - [2026-05-07T19:47:53.973+0200] {dag.py:4180} INFO - Setting next_dagrun for example_branch_datetime_operator_3 to 2026-05-06 00:00:00+00:00, run_after=2026-05-07 00:00:00+00:00
[2026-05-07T19:47:54.009+0200] {processor.py:208} INFO - Processing /home/rodrigo/Escritorio/BBDDAvanzadas/.venv/lib/python3.12/site-packages/airflow/example_dags/example_branch_datetime_operator.py took 0.162 seconds
[2026-05-07T19:49:24.103+0200] {processor.py:186} INFO - Started process (PID=16260) to work on /home/rodrigo/Escritorio/BBDDAvanzadas/.venv/lib/python3.12/site-packages/airflow/example_dags/example_branch_datetime_operator.py
[2026-05-07T19:49:24.105+0200] {processor.py:914} INFO - Processing file /home/rodrigo/Escritorio/BBDDAvanzadas/.venv/lib/python3.12/site-packages/airflow/example_dags/example_branch_datetime_operator.py for tasks to queue
[2026-05-07T19:49:24.106+0200] {logging_mixin.py:190} INFO - [2026-05-07T19:49:24.106+0200] {dagbag.py:588} INFO - Filling up the DagBag from /home/rodrigo/Escritorio/BBDDAvanzadas/.venv/lib/python3.12/site-packages/airflow/example_dags/example_branch_datetime_operator.py
[2026-05-07T19:49:24.114+0200] {processor.py:925} INFO - DAG(s) 'example_branch_datetime_operator_2', 'example_branch_datetime_operator_3', 'example_branch_datetime_operator' retrieved from /home/rodrigo/Escritorio/BBDDAvanzadas/.venv/lib/python3.12/site-packages/airflow/example_dags/example_branch_datetime_operator.py
[2026-05-07T19:49:24.129+0200] {logging_mixin.py:190} INFO - [2026-05-07T19:49:24.128+0200] {dag.py:3239} INFO - Sync 3 DAGs
[2026-05-07T19:49:24.142+0200] {logging_mixin.py:190} INFO - [2026-05-07T19:49:24.142+0200] {dag.py:4180} INFO - Setting next_dagrun for example_branch_datetime_operator to 2026-05-06 00:00:00+00:00, run_after=2026-05-07 00:00:00+00:00
[2026-05-07T19:49:24.145+0200] {logging_mixin.py:190} INFO - [2026-05-07T19:49:24.145+0200] {dag.py:4180} INFO - Setting next_dagrun for example_branch_datetime_operator_2 to 2026-05-06 00:00:00+00:00, run_after=2026-05-07 00:00:00+00:00
[2026-05-07T19:49:24.146+0200] {logging_mixin.py:190} INFO - [2026-05-07T19:49:24.146+0200] {dag.py:4180} INFO - Setting next_dagrun for example_branch_datetime_operator_3 to 2026-05-06 00:00:00+00:00, run_after=2026-05-07 00:00:00+00:00
[2026-05-07T19:49:24.162+0200] {processor.py:208} INFO - Processing /home/rodrigo/Escritorio/BBDDAvanzadas/.venv/lib/python3.12/site-packages/airflow/example_dags/example_branch_datetime_operator.py took 0.063 seconds
[2026-05-07T19:51:07.945+0200] {processor.py:186} INFO - Started process (PID=16369) to work on /home/rodrigo/Escritorio/BBDDAvanzadas/.venv/lib/python3.12/site-packages/airflow/example_dags/example_branch_datetime_operator.py
[2026-05-07T19:51:07.946+0200] {processor.py:914} INFO - Processing file /home/rodrigo/Escritorio/BBDDAvanzadas/.venv/lib/python3.12/site-packages/airflow/example_dags/example_branch_datetime_operator.py for tasks to queue
[2026-05-07T19:51:07.947+0200] {logging_mixin.py:190} INFO - [2026-05-07T19:51:07.947+0200] {dagbag.py:588} INFO - Filling up the DagBag from /home/rodrigo/Escritorio/BBDDAvanzadas/.venv/lib/python3.12/site-packages/airflow/example_dags/example_branch_datetime_operator.py
[2026-05-07T19:51:07.956+0200] {processor.py:925} INFO - DAG(s) 'example_branch_datetime_operator_3', 'example_branch_datetime_operator_2', 'example_branch_datetime_operator' retrieved from /home/rodrigo/Escritorio/BBDDAvanzadas/.venv/lib/python3.12/site-packages/airflow/example_dags/example_branch_datetime_operator.py
[2026-05-07T19:51:07.969+0200] {logging_mixin.py:190} INFO - [2026-05-07T19:51:07.969+0200] {dag.py:3239} INFO - Sync 3 DAGs
[2026-05-07T19:51:07.982+0200] {logging_mixin.py:190} INFO - [2026-05-07T19:51:07.982+0200] {dag.py:4180} INFO - Setting next_dagrun for example_branch_datetime_operator to 2026-05-06 00:00:00+00:00, run_after=2026-05-07 00:00:00+00:00
[2026-05-07T19:51:07.984+0200] {logging_mixin.py:190} INFO - [2026-05-07T19:51:07.984+0200] {dag.py:4180} INFO - Setting next_dagrun for example_branch_datetime_operator_2 to 2026-05-06 00:00:00+00:00, run_after=2026-05-07 00:00:00+00:00
[2026-05-07T19:51:07.986+0200] {logging_mixin.py:190} INFO - [2026-05-07T19:51:07.985+0200] {dag.py:4180} INFO - Setting next_dagrun for example_branch_datetime_operator_3 to 2026-05-06 00:00:00+00:00, run_after=2026-05-07 00:00:00+00:00
[2026-05-07T19:51:08.000+0200] {processor.py:208} INFO - Processing /home/rodrigo/Escritorio/BBDDAvanzadas/.venv/lib/python3.12/site-packages/airflow/example_dags/example_branch_datetime_operator.py took 0.059 seconds
