[2026-05-07T19:31:51.518+0200] {processor.py:186} INFO - Started process (PID=14279) to work on /home/rodrigo/Escritorio/BBDDAvanzadas/.venv/lib/python3.12/site-packages/airflow/example_dags/example_task_group_decorator.py
[2026-05-07T19:31:51.518+0200] {processor.py:914} INFO - Processing file /home/rodrigo/Escritorio/BBDDAvanzadas/.venv/lib/python3.12/site-packages/airflow/example_dags/example_task_group_decorator.py for tasks to queue
[2026-05-07T19:31:51.520+0200] {logging_mixin.py:190} INFO - [2026-05-07T19:31:51.520+0200] {dagbag.py:588} INFO - Filling up the DagBag from /home/rodrigo/Escritorio/BBDDAvanzadas/.venv/lib/python3.12/site-packages/airflow/example_dags/example_task_group_decorator.py
[2026-05-07T19:31:51.534+0200] {processor.py:925} INFO - DAG(s) 'example_task_group_decorator' retrieved from /home/rodrigo/Escritorio/BBDDAvanzadas/.venv/lib/python3.12/site-packages/airflow/example_dags/example_task_group_decorator.py
[2026-05-07T19:31:51.791+0200] {logging_mixin.py:190} INFO - [2026-05-07T19:31:51.786+0200] {override.py:1930} INFO - Created Permission View: can delete on DAG:example_task_group_decorator
[2026-05-07T19:31:51.850+0200] {logging_mixin.py:190} INFO - [2026-05-07T19:31:51.849+0200] {override.py:1930} INFO - Created Permission View: can edit on DAG:example_task_group_decorator
[2026-05-07T19:31:51.866+0200] {logging_mixin.py:190} INFO - [2026-05-07T19:31:51.864+0200] {override.py:1930} INFO - Created Permission View: can read on DAG:example_task_group_decorator
[2026-05-07T19:31:51.908+0200] {logging_mixin.py:190} INFO - [2026-05-07T19:31:51.908+0200] {override.py:1930} INFO - Created Permission View: can delete on DAG Run:example_task_group_decorator
[2026-05-07T19:31:51.938+0200] {logging_mixin.py:190} INFO - [2026-05-07T19:31:51.937+0200] {override.py:1930} INFO - Created Permission View: can create on DAG Run:example_task_group_decorator
[2026-05-07T19:31:51.965+0200] {logging_mixin.py:190} INFO - [2026-05-07T19:31:51.964+0200] {override.py:1930} INFO - Created Permission View: menu access on DAG Run:example_task_group_decorator
[2026-05-07T19:31:51.999+0200] {logging_mixin.py:190} INFO - [2026-05-07T19:31:51.999+0200] {override.py:1930} INFO - Created Permission View: can read on DAG Run:example_task_group_decorator
[2026-05-07T19:31:52.000+0200] {logging_mixin.py:190} INFO - [2026-05-07T19:31:52.000+0200] {dag.py:3239} INFO - Sync 1 DAGs
[2026-05-07T19:31:52.017+0200] {logging_mixin.py:190} INFO - [2026-05-07T19:31:52.016+0200] {dag.py:3262} INFO - Creating ORM DAG for example_task_group_decorator
[2026-05-07T19:31:52.017+0200] {logging_mixin.py:190} INFO - [2026-05-07T19:31:52.017+0200] {dag.py:4180} INFO - Setting next_dagrun for example_task_group_decorator to None, run_after=None
[2026-05-07T19:31:52.038+0200] {processor.py:208} INFO - Processing /home/rodrigo/Escritorio/BBDDAvanzadas/.venv/lib/python3.12/site-packages/airflow/example_dags/example_task_group_decorator.py took 0.525 seconds
[2026-05-07T19:32:22.598+0200] {processor.py:186} INFO - Started process (PID=14328) to work on /home/rodrigo/Escritorio/BBDDAvanzadas/.venv/lib/python3.12/site-packages/airflow/example_dags/example_task_group_decorator.py
[2026-05-07T19:32:22.599+0200] {processor.py:914} INFO - Processing file /home/rodrigo/Escritorio/BBDDAvanzadas/.venv/lib/python3.12/site-packages/airflow/example_dags/example_task_group_decorator.py for tasks to queue
[2026-05-07T19:32:22.601+0200] {logging_mixin.py:190} INFO - [2026-05-07T19:32:22.600+0200] {dagbag.py:588} INFO - Filling up the DagBag from /home/rodrigo/Escritorio/BBDDAvanzadas/.venv/lib/python3.12/site-packages/airflow/example_dags/example_task_group_decorator.py
[2026-05-07T19:32:22.612+0200] {processor.py:925} INFO - DAG(s) 'example_task_group_decorator' retrieved from /home/rodrigo/Escritorio/BBDDAvanzadas/.venv/lib/python3.12/site-packages/airflow/example_dags/example_task_group_decorator.py
[2026-05-07T19:32:22.629+0200] {logging_mixin.py:190} INFO - [2026-05-07T19:32:22.628+0200] {dag.py:3239} INFO - Sync 1 DAGs
[2026-05-07T19:32:22.638+0200] {logging_mixin.py:190} INFO - [2026-05-07T19:32:22.638+0200] {dag.py:4180} INFO - Setting next_dagrun for example_task_group_decorator to None, run_after=None
[2026-05-07T19:32:22.656+0200] {processor.py:208} INFO - Processing /home/rodrigo/Escritorio/BBDDAvanzadas/.venv/lib/python3.12/site-packages/airflow/example_dags/example_task_group_decorator.py took 0.083 seconds
[2026-05-07T19:37:17.497+0200] {processor.py:186} INFO - Started process (PID=14837) to work on /home/rodrigo/Escritorio/BBDDAvanzadas/.venv/lib/python3.12/site-packages/airflow/example_dags/example_task_group_decorator.py
[2026-05-07T19:37:17.500+0200] {processor.py:914} INFO - Processing file /home/rodrigo/Escritorio/BBDDAvanzadas/.venv/lib/python3.12/site-packages/airflow/example_dags/example_task_group_decorator.py for tasks to queue
[2026-05-07T19:37:17.501+0200] {logging_mixin.py:190} INFO - [2026-05-07T19:37:17.501+0200] {dagbag.py:588} INFO - Filling up the DagBag from /home/rodrigo/Escritorio/BBDDAvanzadas/.venv/lib/python3.12/site-packages/airflow/example_dags/example_task_group_decorator.py
[2026-05-07T19:37:17.513+0200] {processor.py:925} INFO - DAG(s) 'example_task_group_decorator' retrieved from /home/rodrigo/Escritorio/BBDDAvanzadas/.venv/lib/python3.12/site-packages/airflow/example_dags/example_task_group_decorator.py
[2026-05-07T19:37:17.530+0200] {logging_mixin.py:190} INFO - [2026-05-07T19:37:17.529+0200] {dag.py:3239} INFO - Sync 1 DAGs
[2026-05-07T19:37:17.548+0200] {logging_mixin.py:190} INFO - [2026-05-07T19:37:17.548+0200] {dag.py:4180} INFO - Setting next_dagrun for example_task_group_decorator to None, run_after=None
[2026-05-07T19:37:17.596+0200] {processor.py:208} INFO - Processing /home/rodrigo/Escritorio/BBDDAvanzadas/.venv/lib/python3.12/site-packages/airflow/example_dags/example_task_group_decorator.py took 0.103 seconds
[2026-05-07T19:38:20.490+0200] {processor.py:186} INFO - Started process (PID=14964) to work on /home/rodrigo/Escritorio/BBDDAvanzadas/.venv/lib/python3.12/site-packages/airflow/example_dags/example_task_group_decorator.py
[2026-05-07T19:38:20.505+0200] {processor.py:914} INFO - Processing file /home/rodrigo/Escritorio/BBDDAvanzadas/.venv/lib/python3.12/site-packages/airflow/example_dags/example_task_group_decorator.py for tasks to queue
[2026-05-07T19:38:20.508+0200] {logging_mixin.py:190} INFO - [2026-05-07T19:38:20.508+0200] {dagbag.py:588} INFO - Filling up the DagBag from /home/rodrigo/Escritorio/BBDDAvanzadas/.venv/lib/python3.12/site-packages/airflow/example_dags/example_task_group_decorator.py
[2026-05-07T19:38:20.548+0200] {processor.py:925} INFO - DAG(s) 'example_task_group_decorator' retrieved from /home/rodrigo/Escritorio/BBDDAvanzadas/.venv/lib/python3.12/site-packages/airflow/example_dags/example_task_group_decorator.py
[2026-05-07T19:38:20.575+0200] {logging_mixin.py:190} INFO - [2026-05-07T19:38:20.575+0200] {dag.py:3239} INFO - Sync 1 DAGs
[2026-05-07T19:38:20.600+0200] {logging_mixin.py:190} INFO - [2026-05-07T19:38:20.600+0200] {dag.py:4180} INFO - Setting next_dagrun for example_task_group_decorator to None, run_after=None
[2026-05-07T19:38:20.669+0200] {processor.py:208} INFO - Processing /home/rodrigo/Escritorio/BBDDAvanzadas/.venv/lib/python3.12/site-packages/airflow/example_dags/example_task_group_decorator.py took 0.188 seconds
[2026-05-07T19:39:45.726+0200] {processor.py:186} INFO - Started process (PID=15061) to work on /home/rodrigo/Escritorio/BBDDAvanzadas/.venv/lib/python3.12/site-packages/airflow/example_dags/example_task_group_decorator.py
[2026-05-07T19:39:45.729+0200] {processor.py:914} INFO - Processing file /home/rodrigo/Escritorio/BBDDAvanzadas/.venv/lib/python3.12/site-packages/airflow/example_dags/example_task_group_decorator.py for tasks to queue
[2026-05-07T19:39:45.731+0200] {logging_mixin.py:190} INFO - [2026-05-07T19:39:45.730+0200] {dagbag.py:588} INFO - Filling up the DagBag from /home/rodrigo/Escritorio/BBDDAvanzadas/.venv/lib/python3.12/site-packages/airflow/example_dags/example_task_group_decorator.py
[2026-05-07T19:39:45.756+0200] {processor.py:925} INFO - DAG(s) 'example_task_group_decorator' retrieved from /home/rodrigo/Escritorio/BBDDAvanzadas/.venv/lib/python3.12/site-packages/airflow/example_dags/example_task_group_decorator.py
[2026-05-07T19:39:45.771+0200] {logging_mixin.py:190} INFO - [2026-05-07T19:39:45.771+0200] {dag.py:3239} INFO - Sync 1 DAGs
[2026-05-07T19:39:45.782+0200] {logging_mixin.py:190} INFO - [2026-05-07T19:39:45.782+0200] {dag.py:4180} INFO - Setting next_dagrun for example_task_group_decorator to None, run_after=None
[2026-05-07T19:39:45.819+0200] {processor.py:208} INFO - Processing /home/rodrigo/Escritorio/BBDDAvanzadas/.venv/lib/python3.12/site-packages/airflow/example_dags/example_task_group_decorator.py took 0.103 seconds
[2026-05-07T19:41:12.522+0200] {processor.py:186} INFO - Started process (PID=15181) to work on /home/rodrigo/Escritorio/BBDDAvanzadas/.venv/lib/python3.12/site-packages/airflow/example_dags/example_task_group_decorator.py
[2026-05-07T19:41:12.527+0200] {processor.py:914} INFO - Processing file /home/rodrigo/Escritorio/BBDDAvanzadas/.venv/lib/python3.12/site-packages/airflow/example_dags/example_task_group_decorator.py for tasks to queue
[2026-05-07T19:41:12.532+0200] {logging_mixin.py:190} INFO - [2026-05-07T19:41:12.531+0200] {dagbag.py:588} INFO - Filling up the DagBag from /home/rodrigo/Escritorio/BBDDAvanzadas/.venv/lib/python3.12/site-packages/airflow/example_dags/example_task_group_decorator.py
[2026-05-07T19:41:12.543+0200] {processor.py:925} INFO - DAG(s) 'example_task_group_decorator' retrieved from /home/rodrigo/Escritorio/BBDDAvanzadas/.venv/lib/python3.12/site-packages/airflow/example_dags/example_task_group_decorator.py
[2026-05-07T19:41:12.570+0200] {logging_mixin.py:190} INFO - [2026-05-07T19:41:12.568+0200] {dag.py:3239} INFO - Sync 1 DAGs
[2026-05-07T19:41:12.589+0200] {logging_mixin.py:190} INFO - [2026-05-07T19:41:12.589+0200] {dag.py:4180} INFO - Setting next_dagrun for example_task_group_decorator to None, run_after=None
[2026-05-07T19:41:12.639+0200] {processor.py:208} INFO - Processing /home/rodrigo/Escritorio/BBDDAvanzadas/.venv/lib/python3.12/site-packages/airflow/example_dags/example_task_group_decorator.py took 0.125 seconds
[2026-05-07T19:42:31.153+0200] {processor.py:186} INFO - Started process (PID=15427) to work on /home/rodrigo/Escritorio/BBDDAvanzadas/.venv/lib/python3.12/site-packages/airflow/example_dags/example_task_group_decorator.py
[2026-05-07T19:42:31.156+0200] {processor.py:914} INFO - Processing file /home/rodrigo/Escritorio/BBDDAvanzadas/.venv/lib/python3.12/site-packages/airflow/example_dags/example_task_group_decorator.py for tasks to queue
[2026-05-07T19:42:31.157+0200] {logging_mixin.py:190} INFO - [2026-05-07T19:42:31.157+0200] {dagbag.py:588} INFO - Filling up the DagBag from /home/rodrigo/Escritorio/BBDDAvanzadas/.venv/lib/python3.12/site-packages/airflow/example_dags/example_task_group_decorator.py
[2026-05-07T19:42:31.168+0200] {processor.py:925} INFO - DAG(s) 'example_task_group_decorator' retrieved from /home/rodrigo/Escritorio/BBDDAvanzadas/.venv/lib/python3.12/site-packages/airflow/example_dags/example_task_group_decorator.py
[2026-05-07T19:42:31.182+0200] {logging_mixin.py:190} INFO - [2026-05-07T19:42:31.182+0200] {dag.py:3239} INFO - Sync 1 DAGs
[2026-05-07T19:42:31.190+0200] {logging_mixin.py:190} INFO - [2026-05-07T19:42:31.190+0200] {dag.py:4180} INFO - Setting next_dagrun for example_task_group_decorator to None, run_after=None
[2026-05-07T19:42:31.205+0200] {processor.py:208} INFO - Processing /home/rodrigo/Escritorio/BBDDAvanzadas/.venv/lib/python3.12/site-packages/airflow/example_dags/example_task_group_decorator.py took 0.056 seconds
[2026-05-07T19:43:41.111+0200] {processor.py:186} INFO - Started process (PID=15618) to work on /home/rodrigo/Escritorio/BBDDAvanzadas/.venv/lib/python3.12/site-packages/airflow/example_dags/example_task_group_decorator.py
[2026-05-07T19:43:41.112+0200] {processor.py:914} INFO - Processing file /home/rodrigo/Escritorio/BBDDAvanzadas/.venv/lib/python3.12/site-packages/airflow/example_dags/example_task_group_decorator.py for tasks to queue
[2026-05-07T19:43:41.113+0200] {logging_mixin.py:190} INFO - [2026-05-07T19:43:41.113+0200] {dagbag.py:588} INFO - Filling up the DagBag from /home/rodrigo/Escritorio/BBDDAvanzadas/.venv/lib/python3.12/site-packages/airflow/example_dags/example_task_group_decorator.py
[2026-05-07T19:43:41.124+0200] {processor.py:925} INFO - DAG(s) 'example_task_group_decorator' retrieved from /home/rodrigo/Escritorio/BBDDAvanzadas/.venv/lib/python3.12/site-packages/airflow/example_dags/example_task_group_decorator.py
[2026-05-07T19:43:41.138+0200] {logging_mixin.py:190} INFO - [2026-05-07T19:43:41.138+0200] {dag.py:3239} INFO - Sync 1 DAGs
[2026-05-07T19:43:41.238+0200] {logging_mixin.py:190} INFO - [2026-05-07T19:43:41.238+0200] {dag.py:4180} INFO - Setting next_dagrun for example_task_group_decorator to None, run_after=None
[2026-05-07T19:43:41.274+0200] {processor.py:208} INFO - Processing /home/rodrigo/Escritorio/BBDDAvanzadas/.venv/lib/python3.12/site-packages/airflow/example_dags/example_task_group_decorator.py took 0.167 seconds
[2026-05-07T19:44:35.048+0200] {processor.py:186} INFO - Started process (PID=15823) to work on /home/rodrigo/Escritorio/BBDDAvanzadas/.venv/lib/python3.12/site-packages/airflow/example_dags/example_task_group_decorator.py
[2026-05-07T19:44:35.050+0200] {processor.py:914} INFO - Processing file /home/rodrigo/Escritorio/BBDDAvanzadas/.venv/lib/python3.12/site-packages/airflow/example_dags/example_task_group_decorator.py for tasks to queue
[2026-05-07T19:44:35.051+0200] {logging_mixin.py:190} INFO - [2026-05-07T19:44:35.051+0200] {dagbag.py:588} INFO - Filling up the DagBag from /home/rodrigo/Escritorio/BBDDAvanzadas/.venv/lib/python3.12/site-packages/airflow/example_dags/example_task_group_decorator.py
[2026-05-07T19:44:35.062+0200] {processor.py:925} INFO - DAG(s) 'example_task_group_decorator' retrieved from /home/rodrigo/Escritorio/BBDDAvanzadas/.venv/lib/python3.12/site-packages/airflow/example_dags/example_task_group_decorator.py
[2026-05-07T19:44:35.075+0200] {logging_mixin.py:190} INFO - [2026-05-07T19:44:35.075+0200] {dag.py:3239} INFO - Sync 1 DAGs
[2026-05-07T19:44:35.084+0200] {logging_mixin.py:190} INFO - [2026-05-07T19:44:35.083+0200] {dag.py:4180} INFO - Setting next_dagrun for example_task_group_decorator to None, run_after=None
[2026-05-07T19:44:35.118+0200] {processor.py:208} INFO - Processing /home/rodrigo/Escritorio/BBDDAvanzadas/.venv/lib/python3.12/site-packages/airflow/example_dags/example_task_group_decorator.py took 0.074 seconds
[2026-05-07T19:46:20.734+0200] {processor.py:186} INFO - Started process (PID=15931) to work on /home/rodrigo/Escritorio/BBDDAvanzadas/.venv/lib/python3.12/site-packages/airflow/example_dags/example_task_group_decorator.py
[2026-05-07T19:46:20.736+0200] {processor.py:914} INFO - Processing file /home/rodrigo/Escritorio/BBDDAvanzadas/.venv/lib/python3.12/site-packages/airflow/example_dags/example_task_group_decorator.py for tasks to queue
[2026-05-07T19:46:20.738+0200] {logging_mixin.py:190} INFO - [2026-05-07T19:46:20.737+0200] {dagbag.py:588} INFO - Filling up the DagBag from /home/rodrigo/Escritorio/BBDDAvanzadas/.venv/lib/python3.12/site-packages/airflow/example_dags/example_task_group_decorator.py
[2026-05-07T19:46:20.748+0200] {processor.py:925} INFO - DAG(s) 'example_task_group_decorator' retrieved from /home/rodrigo/Escritorio/BBDDAvanzadas/.venv/lib/python3.12/site-packages/airflow/example_dags/example_task_group_decorator.py
[2026-05-07T19:46:20.763+0200] {logging_mixin.py:190} INFO - [2026-05-07T19:46:20.763+0200] {dag.py:3239} INFO - Sync 1 DAGs
[2026-05-07T19:46:20.772+0200] {logging_mixin.py:190} INFO - [2026-05-07T19:46:20.772+0200] {dag.py:4180} INFO - Setting next_dagrun for example_task_group_decorator to None, run_after=None
[2026-05-07T19:46:20.789+0200] {processor.py:208} INFO - Processing /home/rodrigo/Escritorio/BBDDAvanzadas/.venv/lib/python3.12/site-packages/airflow/example_dags/example_task_group_decorator.py took 0.060 seconds
[2026-05-07T19:47:39.290+0200] {processor.py:186} INFO - Started process (PID=16099) to work on /home/rodrigo/Escritorio/BBDDAvanzadas/.venv/lib/python3.12/site-packages/airflow/example_dags/example_task_group_decorator.py
[2026-05-07T19:47:39.300+0200] {processor.py:914} INFO - Processing file /home/rodrigo/Escritorio/BBDDAvanzadas/.venv/lib/python3.12/site-packages/airflow/example_dags/example_task_group_decorator.py for tasks to queue
[2026-05-07T19:47:39.302+0200] {logging_mixin.py:190} INFO - [2026-05-07T19:47:39.301+0200] {dagbag.py:588} INFO - Filling up the DagBag from /home/rodrigo/Escritorio/BBDDAvanzadas/.venv/lib/python3.12/site-packages/airflow/example_dags/example_task_group_decorator.py
[2026-05-07T19:47:39.315+0200] {processor.py:925} INFO - DAG(s) 'example_task_group_decorator' retrieved from /home/rodrigo/Escritorio/BBDDAvanzadas/.venv/lib/python3.12/site-packages/airflow/example_dags/example_task_group_decorator.py
[2026-05-07T19:47:39.349+0200] {logging_mixin.py:190} INFO - [2026-05-07T19:47:39.348+0200] {dag.py:3239} INFO - Sync 1 DAGs
[2026-05-07T19:47:39.367+0200] {logging_mixin.py:190} INFO - [2026-05-07T19:47:39.367+0200] {dag.py:4180} INFO - Setting next_dagrun for example_task_group_decorator to None, run_after=None
[2026-05-07T19:47:39.421+0200] {processor.py:208} INFO - Processing /home/rodrigo/Escritorio/BBDDAvanzadas/.venv/lib/python3.12/site-packages/airflow/example_dags/example_task_group_decorator.py took 0.136 seconds
[2026-05-07T19:49:01.340+0200] {processor.py:186} INFO - Started process (PID=16233) to work on /home/rodrigo/Escritorio/BBDDAvanzadas/.venv/lib/python3.12/site-packages/airflow/example_dags/example_task_group_decorator.py
[2026-05-07T19:49:01.342+0200] {processor.py:914} INFO - Processing file /home/rodrigo/Escritorio/BBDDAvanzadas/.venv/lib/python3.12/site-packages/airflow/example_dags/example_task_group_decorator.py for tasks to queue
[2026-05-07T19:49:01.344+0200] {logging_mixin.py:190} INFO - [2026-05-07T19:49:01.344+0200] {dagbag.py:588} INFO - Filling up the DagBag from /home/rodrigo/Escritorio/BBDDAvanzadas/.venv/lib/python3.12/site-packages/airflow/example_dags/example_task_group_decorator.py
[2026-05-07T19:49:01.354+0200] {processor.py:925} INFO - DAG(s) 'example_task_group_decorator' retrieved from /home/rodrigo/Escritorio/BBDDAvanzadas/.venv/lib/python3.12/site-packages/airflow/example_dags/example_task_group_decorator.py
[2026-05-07T19:49:01.366+0200] {logging_mixin.py:190} INFO - [2026-05-07T19:49:01.366+0200] {dag.py:3239} INFO - Sync 1 DAGs
[2026-05-07T19:49:01.375+0200] {logging_mixin.py:190} INFO - [2026-05-07T19:49:01.375+0200] {dag.py:4180} INFO - Setting next_dagrun for example_task_group_decorator to None, run_after=None
[2026-05-07T19:49:01.390+0200] {processor.py:208} INFO - Processing /home/rodrigo/Escritorio/BBDDAvanzadas/.venv/lib/python3.12/site-packages/airflow/example_dags/example_task_group_decorator.py took 0.053 seconds
[2026-05-07T19:50:46.325+0200] {processor.py:186} INFO - Started process (PID=16350) to work on /home/rodrigo/Escritorio/BBDDAvanzadas/.venv/lib/python3.12/site-packages/airflow/example_dags/example_task_group_decorator.py
[2026-05-07T19:50:46.327+0200] {processor.py:914} INFO - Processing file /home/rodrigo/Escritorio/BBDDAvanzadas/.venv/lib/python3.12/site-packages/airflow/example_dags/example_task_group_decorator.py for tasks to queue
[2026-05-07T19:50:46.329+0200] {logging_mixin.py:190} INFO - [2026-05-07T19:50:46.329+0200] {dagbag.py:588} INFO - Filling up the DagBag from /home/rodrigo/Escritorio/BBDDAvanzadas/.venv/lib/python3.12/site-packages/airflow/example_dags/example_task_group_decorator.py
[2026-05-07T19:50:46.339+0200] {processor.py:925} INFO - DAG(s) 'example_task_group_decorator' retrieved from /home/rodrigo/Escritorio/BBDDAvanzadas/.venv/lib/python3.12/site-packages/airflow/example_dags/example_task_group_decorator.py
[2026-05-07T19:50:46.351+0200] {logging_mixin.py:190} INFO - [2026-05-07T19:50:46.351+0200] {dag.py:3239} INFO - Sync 1 DAGs
[2026-05-07T19:50:46.359+0200] {logging_mixin.py:190} INFO - [2026-05-07T19:50:46.359+0200] {dag.py:4180} INFO - Setting next_dagrun for example_task_group_decorator to None, run_after=None
[2026-05-07T19:50:46.374+0200] {processor.py:208} INFO - Processing /home/rodrigo/Escritorio/BBDDAvanzadas/.venv/lib/python3.12/site-packages/airflow/example_dags/example_task_group_decorator.py took 0.054 seconds
