[2026-05-07T19:32:42.967+0200] {processor.py:186} INFO - Started process (PID=14395) to work on /home/rodrigo/Escritorio/BBDDAvanzadas/.venv/lib/python3.12/site-packages/airflow/example_dags/example_params_ui_tutorial.py
[2026-05-07T19:32:42.968+0200] {processor.py:914} INFO - Processing file /home/rodrigo/Escritorio/BBDDAvanzadas/.venv/lib/python3.12/site-packages/airflow/example_dags/example_params_ui_tutorial.py for tasks to queue
[2026-05-07T19:32:42.969+0200] {logging_mixin.py:190} INFO - [2026-05-07T19:32:42.969+0200] {dagbag.py:588} INFO - Filling up the DagBag from /home/rodrigo/Escritorio/BBDDAvanzadas/.venv/lib/python3.12/site-packages/airflow/example_dags/example_params_ui_tutorial.py
[2026-05-07T19:32:42.977+0200] {processor.py:925} INFO - DAG(s) 'example_params_ui_tutorial' retrieved from /home/rodrigo/Escritorio/BBDDAvanzadas/.venv/lib/python3.12/site-packages/airflow/example_dags/example_params_ui_tutorial.py
[2026-05-07T19:32:43.084+0200] {logging_mixin.py:190} INFO - [2026-05-07T19:32:43.083+0200] {override.py:1930} INFO - Created Permission View: can read on DAG:example_params_ui_tutorial
[2026-05-07T19:32:43.098+0200] {logging_mixin.py:190} INFO - [2026-05-07T19:32:43.098+0200] {override.py:1930} INFO - Created Permission View: can edit on DAG:example_params_ui_tutorial
[2026-05-07T19:32:43.107+0200] {logging_mixin.py:190} INFO - [2026-05-07T19:32:43.106+0200] {override.py:1930} INFO - Created Permission View: can delete on DAG:example_params_ui_tutorial
[2026-05-07T19:32:43.121+0200] {logging_mixin.py:190} INFO - [2026-05-07T19:32:43.120+0200] {override.py:1930} INFO - Created Permission View: can create on DAG Run:example_params_ui_tutorial
[2026-05-07T19:32:43.129+0200] {logging_mixin.py:190} INFO - [2026-05-07T19:32:43.129+0200] {override.py:1930} INFO - Created Permission View: can read on DAG Run:example_params_ui_tutorial
[2026-05-07T19:32:43.138+0200] {logging_mixin.py:190} INFO - [2026-05-07T19:32:43.138+0200] {override.py:1930} INFO - Created Permission View: menu access on DAG Run:example_params_ui_tutorial
[2026-05-07T19:32:43.150+0200] {logging_mixin.py:190} INFO - [2026-05-07T19:32:43.150+0200] {override.py:1930} INFO - Created Permission View: can delete on DAG Run:example_params_ui_tutorial
[2026-05-07T19:32:43.151+0200] {logging_mixin.py:190} INFO - [2026-05-07T19:32:43.150+0200] {dag.py:3239} INFO - Sync 1 DAGs
[2026-05-07T19:32:43.165+0200] {logging_mixin.py:190} INFO - [2026-05-07T19:32:43.165+0200] {dag.py:3262} INFO - Creating ORM DAG for example_params_ui_tutorial
[2026-05-07T19:32:43.165+0200] {logging_mixin.py:190} INFO - [2026-05-07T19:32:43.165+0200] {dag.py:4180} INFO - Setting next_dagrun for example_params_ui_tutorial to None, run_after=None
[2026-05-07T19:32:43.183+0200] {processor.py:208} INFO - Processing /home/rodrigo/Escritorio/BBDDAvanzadas/.venv/lib/python3.12/site-packages/airflow/example_dags/example_params_ui_tutorial.py took 0.220 seconds
[2026-05-07T19:37:32.178+0200] {processor.py:186} INFO - Started process (PID=14867) to work on /home/rodrigo/Escritorio/BBDDAvanzadas/.venv/lib/python3.12/site-packages/airflow/example_dags/example_params_ui_tutorial.py
[2026-05-07T19:37:32.180+0200] {processor.py:914} INFO - Processing file /home/rodrigo/Escritorio/BBDDAvanzadas/.venv/lib/python3.12/site-packages/airflow/example_dags/example_params_ui_tutorial.py for tasks to queue
[2026-05-07T19:37:32.181+0200] {logging_mixin.py:190} INFO - [2026-05-07T19:37:32.181+0200] {dagbag.py:588} INFO - Filling up the DagBag from /home/rodrigo/Escritorio/BBDDAvanzadas/.venv/lib/python3.12/site-packages/airflow/example_dags/example_params_ui_tutorial.py
[2026-05-07T19:37:32.188+0200] {processor.py:925} INFO - DAG(s) 'example_params_ui_tutorial' retrieved from /home/rodrigo/Escritorio/BBDDAvanzadas/.venv/lib/python3.12/site-packages/airflow/example_dags/example_params_ui_tutorial.py
[2026-05-07T19:37:32.218+0200] {logging_mixin.py:190} INFO - [2026-05-07T19:37:32.218+0200] {dag.py:3239} INFO - Sync 1 DAGs
[2026-05-07T19:37:32.228+0200] {logging_mixin.py:190} INFO - [2026-05-07T19:37:32.227+0200] {dag.py:4180} INFO - Setting next_dagrun for example_params_ui_tutorial to None, run_after=None
[2026-05-07T19:37:32.243+0200] {processor.py:208} INFO - Processing /home/rodrigo/Escritorio/BBDDAvanzadas/.venv/lib/python3.12/site-packages/airflow/example_dags/example_params_ui_tutorial.py took 0.069 seconds
[2026-05-07T19:38:42.464+0200] {processor.py:186} INFO - Started process (PID=14987) to work on /home/rodrigo/Escritorio/BBDDAvanzadas/.venv/lib/python3.12/site-packages/airflow/example_dags/example_params_ui_tutorial.py
[2026-05-07T19:38:42.474+0200] {processor.py:914} INFO - Processing file /home/rodrigo/Escritorio/BBDDAvanzadas/.venv/lib/python3.12/site-packages/airflow/example_dags/example_params_ui_tutorial.py for tasks to queue
[2026-05-07T19:38:42.477+0200] {logging_mixin.py:190} INFO - [2026-05-07T19:38:42.476+0200] {dagbag.py:588} INFO - Filling up the DagBag from /home/rodrigo/Escritorio/BBDDAvanzadas/.venv/lib/python3.12/site-packages/airflow/example_dags/example_params_ui_tutorial.py
[2026-05-07T19:38:42.488+0200] {processor.py:925} INFO - DAG(s) 'example_params_ui_tutorial' retrieved from /home/rodrigo/Escritorio/BBDDAvanzadas/.venv/lib/python3.12/site-packages/airflow/example_dags/example_params_ui_tutorial.py
[2026-05-07T19:38:42.535+0200] {logging_mixin.py:190} INFO - [2026-05-07T19:38:42.535+0200] {dag.py:3239} INFO - Sync 1 DAGs
[2026-05-07T19:38:42.545+0200] {logging_mixin.py:190} INFO - [2026-05-07T19:38:42.544+0200] {dag.py:4180} INFO - Setting next_dagrun for example_params_ui_tutorial to None, run_after=None
[2026-05-07T19:38:42.609+0200] {processor.py:208} INFO - Processing /home/rodrigo/Escritorio/BBDDAvanzadas/.venv/lib/python3.12/site-packages/airflow/example_dags/example_params_ui_tutorial.py took 0.149 seconds
[2026-05-07T19:40:00.243+0200] {processor.py:186} INFO - Started process (PID=15077) to work on /home/rodrigo/Escritorio/BBDDAvanzadas/.venv/lib/python3.12/site-packages/airflow/example_dags/example_params_ui_tutorial.py
[2026-05-07T19:40:00.246+0200] {processor.py:914} INFO - Processing file /home/rodrigo/Escritorio/BBDDAvanzadas/.venv/lib/python3.12/site-packages/airflow/example_dags/example_params_ui_tutorial.py for tasks to queue
[2026-05-07T19:40:00.253+0200] {logging_mixin.py:190} INFO - [2026-05-07T19:40:00.252+0200] {dagbag.py:588} INFO - Filling up the DagBag from /home/rodrigo/Escritorio/BBDDAvanzadas/.venv/lib/python3.12/site-packages/airflow/example_dags/example_params_ui_tutorial.py
[2026-05-07T19:40:00.262+0200] {processor.py:925} INFO - DAG(s) 'example_params_ui_tutorial' retrieved from /home/rodrigo/Escritorio/BBDDAvanzadas/.venv/lib/python3.12/site-packages/airflow/example_dags/example_params_ui_tutorial.py
[2026-05-07T19:40:00.314+0200] {logging_mixin.py:190} INFO - [2026-05-07T19:40:00.314+0200] {dag.py:3239} INFO - Sync 1 DAGs
[2026-05-07T19:40:00.323+0200] {logging_mixin.py:190} INFO - [2026-05-07T19:40:00.322+0200] {dag.py:4180} INFO - Setting next_dagrun for example_params_ui_tutorial to None, run_after=None
[2026-05-07T19:40:00.352+0200] {processor.py:208} INFO - Processing /home/rodrigo/Escritorio/BBDDAvanzadas/.venv/lib/python3.12/site-packages/airflow/example_dags/example_params_ui_tutorial.py took 0.114 seconds
[2026-05-07T19:41:29.326+0200] {processor.py:186} INFO - Started process (PID=15195) to work on /home/rodrigo/Escritorio/BBDDAvanzadas/.venv/lib/python3.12/site-packages/airflow/example_dags/example_params_ui_tutorial.py
[2026-05-07T19:41:29.332+0200] {processor.py:914} INFO - Processing file /home/rodrigo/Escritorio/BBDDAvanzadas/.venv/lib/python3.12/site-packages/airflow/example_dags/example_params_ui_tutorial.py for tasks to queue
[2026-05-07T19:41:29.333+0200] {logging_mixin.py:190} INFO - [2026-05-07T19:41:29.333+0200] {dagbag.py:588} INFO - Filling up the DagBag from /home/rodrigo/Escritorio/BBDDAvanzadas/.venv/lib/python3.12/site-packages/airflow/example_dags/example_params_ui_tutorial.py
[2026-05-07T19:41:29.356+0200] {processor.py:925} INFO - DAG(s) 'example_params_ui_tutorial' retrieved from /home/rodrigo/Escritorio/BBDDAvanzadas/.venv/lib/python3.12/site-packages/airflow/example_dags/example_params_ui_tutorial.py
[2026-05-07T19:41:29.408+0200] {logging_mixin.py:190} INFO - [2026-05-07T19:41:29.408+0200] {dag.py:3239} INFO - Sync 1 DAGs
[2026-05-07T19:41:29.442+0200] {logging_mixin.py:190} INFO - [2026-05-07T19:41:29.442+0200] {dag.py:4180} INFO - Setting next_dagrun for example_params_ui_tutorial to None, run_after=None
[2026-05-07T19:41:29.497+0200] {processor.py:208} INFO - Processing /home/rodrigo/Escritorio/BBDDAvanzadas/.venv/lib/python3.12/site-packages/airflow/example_dags/example_params_ui_tutorial.py took 0.176 seconds
[2026-05-07T19:42:47.605+0200] {processor.py:186} INFO - Started process (PID=15455) to work on /home/rodrigo/Escritorio/BBDDAvanzadas/.venv/lib/python3.12/site-packages/airflow/example_dags/example_params_ui_tutorial.py
[2026-05-07T19:42:47.607+0200] {processor.py:914} INFO - Processing file /home/rodrigo/Escritorio/BBDDAvanzadas/.venv/lib/python3.12/site-packages/airflow/example_dags/example_params_ui_tutorial.py for tasks to queue
[2026-05-07T19:42:47.609+0200] {logging_mixin.py:190} INFO - [2026-05-07T19:42:47.608+0200] {dagbag.py:588} INFO - Filling up the DagBag from /home/rodrigo/Escritorio/BBDDAvanzadas/.venv/lib/python3.12/site-packages/airflow/example_dags/example_params_ui_tutorial.py
[2026-05-07T19:42:47.615+0200] {processor.py:925} INFO - DAG(s) 'example_params_ui_tutorial' retrieved from /home/rodrigo/Escritorio/BBDDAvanzadas/.venv/lib/python3.12/site-packages/airflow/example_dags/example_params_ui_tutorial.py
[2026-05-07T19:42:47.660+0200] {logging_mixin.py:190} INFO - [2026-05-07T19:42:47.660+0200] {dag.py:3239} INFO - Sync 1 DAGs
[2026-05-07T19:42:47.669+0200] {logging_mixin.py:190} INFO - [2026-05-07T19:42:47.669+0200] {dag.py:4180} INFO - Setting next_dagrun for example_params_ui_tutorial to None, run_after=None
[2026-05-07T19:42:47.685+0200] {processor.py:208} INFO - Processing /home/rodrigo/Escritorio/BBDDAvanzadas/.venv/lib/python3.12/site-packages/airflow/example_dags/example_params_ui_tutorial.py took 0.084 seconds
[2026-05-07T19:43:59.120+0200] {processor.py:186} INFO - Started process (PID=15649) to work on /home/rodrigo/Escritorio/BBDDAvanzadas/.venv/lib/python3.12/site-packages/airflow/example_dags/example_params_ui_tutorial.py
[2026-05-07T19:43:59.121+0200] {processor.py:914} INFO - Processing file /home/rodrigo/Escritorio/BBDDAvanzadas/.venv/lib/python3.12/site-packages/airflow/example_dags/example_params_ui_tutorial.py for tasks to queue
[2026-05-07T19:43:59.123+0200] {logging_mixin.py:190} INFO - [2026-05-07T19:43:59.123+0200] {dagbag.py:588} INFO - Filling up the DagBag from /home/rodrigo/Escritorio/BBDDAvanzadas/.venv/lib/python3.12/site-packages/airflow/example_dags/example_params_ui_tutorial.py
[2026-05-07T19:43:59.131+0200] {processor.py:925} INFO - DAG(s) 'example_params_ui_tutorial' retrieved from /home/rodrigo/Escritorio/BBDDAvanzadas/.venv/lib/python3.12/site-packages/airflow/example_dags/example_params_ui_tutorial.py
[2026-05-07T19:43:59.377+0200] {logging_mixin.py:190} INFO - [2026-05-07T19:43:59.374+0200] {dag.py:3239} INFO - Sync 1 DAGs
[2026-05-07T19:43:59.413+0200] {logging_mixin.py:190} INFO - [2026-05-07T19:43:59.411+0200] {dag.py:4180} INFO - Setting next_dagrun for example_params_ui_tutorial to None, run_after=None
[2026-05-07T19:43:59.487+0200] {processor.py:208} INFO - Processing /home/rodrigo/Escritorio/BBDDAvanzadas/.venv/lib/python3.12/site-packages/airflow/example_dags/example_params_ui_tutorial.py took 0.371 seconds
[2026-05-07T19:45:40.457+0200] {processor.py:186} INFO - Started process (PID=15897) to work on /home/rodrigo/Escritorio/BBDDAvanzadas/.venv/lib/python3.12/site-packages/airflow/example_dags/example_params_ui_tutorial.py
[2026-05-07T19:45:40.459+0200] {processor.py:914} INFO - Processing file /home/rodrigo/Escritorio/BBDDAvanzadas/.venv/lib/python3.12/site-packages/airflow/example_dags/example_params_ui_tutorial.py for tasks to queue
[2026-05-07T19:45:40.460+0200] {logging_mixin.py:190} INFO - [2026-05-07T19:45:40.460+0200] {dagbag.py:588} INFO - Filling up the DagBag from /home/rodrigo/Escritorio/BBDDAvanzadas/.venv/lib/python3.12/site-packages/airflow/example_dags/example_params_ui_tutorial.py
[2026-05-07T19:45:40.468+0200] {processor.py:925} INFO - DAG(s) 'example_params_ui_tutorial' retrieved from /home/rodrigo/Escritorio/BBDDAvanzadas/.venv/lib/python3.12/site-packages/airflow/example_dags/example_params_ui_tutorial.py
[2026-05-07T19:45:40.495+0200] {logging_mixin.py:190} INFO - [2026-05-07T19:45:40.495+0200] {dag.py:3239} INFO - Sync 1 DAGs
[2026-05-07T19:45:40.504+0200] {logging_mixin.py:190} INFO - [2026-05-07T19:45:40.503+0200] {dag.py:4180} INFO - Setting next_dagrun for example_params_ui_tutorial to None, run_after=None
[2026-05-07T19:45:40.523+0200] {processor.py:208} INFO - Processing /home/rodrigo/Escritorio/BBDDAvanzadas/.venv/lib/python3.12/site-packages/airflow/example_dags/example_params_ui_tutorial.py took 0.070 seconds
[2026-05-07T19:47:13.320+0200] {processor.py:186} INFO - Started process (PID=16046) to work on /home/rodrigo/Escritorio/BBDDAvanzadas/.venv/lib/python3.12/site-packages/airflow/example_dags/example_params_ui_tutorial.py
[2026-05-07T19:47:13.323+0200] {processor.py:914} INFO - Processing file /home/rodrigo/Escritorio/BBDDAvanzadas/.venv/lib/python3.12/site-packages/airflow/example_dags/example_params_ui_tutorial.py for tasks to queue
[2026-05-07T19:47:13.324+0200] {logging_mixin.py:190} INFO - [2026-05-07T19:47:13.324+0200] {dagbag.py:588} INFO - Filling up the DagBag from /home/rodrigo/Escritorio/BBDDAvanzadas/.venv/lib/python3.12/site-packages/airflow/example_dags/example_params_ui_tutorial.py
[2026-05-07T19:47:13.332+0200] {processor.py:925} INFO - DAG(s) 'example_params_ui_tutorial' retrieved from /home/rodrigo/Escritorio/BBDDAvanzadas/.venv/lib/python3.12/site-packages/airflow/example_dags/example_params_ui_tutorial.py
[2026-05-07T19:47:13.365+0200] {logging_mixin.py:190} INFO - [2026-05-07T19:47:13.365+0200] {dag.py:3239} INFO - Sync 1 DAGs
[2026-05-07T19:47:13.374+0200] {logging_mixin.py:190} INFO - [2026-05-07T19:47:13.374+0200] {dag.py:4180} INFO - Setting next_dagrun for example_params_ui_tutorial to None, run_after=None
[2026-05-07T19:47:13.392+0200] {processor.py:208} INFO - Processing /home/rodrigo/Escritorio/BBDDAvanzadas/.venv/lib/python3.12/site-packages/airflow/example_dags/example_params_ui_tutorial.py took 0.076 seconds
[2026-05-07T19:48:21.745+0200] {processor.py:186} INFO - Started process (PID=16187) to work on /home/rodrigo/Escritorio/BBDDAvanzadas/.venv/lib/python3.12/site-packages/airflow/example_dags/example_params_ui_tutorial.py
[2026-05-07T19:48:21.747+0200] {processor.py:914} INFO - Processing file /home/rodrigo/Escritorio/BBDDAvanzadas/.venv/lib/python3.12/site-packages/airflow/example_dags/example_params_ui_tutorial.py for tasks to queue
[2026-05-07T19:48:21.749+0200] {logging_mixin.py:190} INFO - [2026-05-07T19:48:21.749+0200] {dagbag.py:588} INFO - Filling up the DagBag from /home/rodrigo/Escritorio/BBDDAvanzadas/.venv/lib/python3.12/site-packages/airflow/example_dags/example_params_ui_tutorial.py
[2026-05-07T19:48:21.757+0200] {processor.py:925} INFO - DAG(s) 'example_params_ui_tutorial' retrieved from /home/rodrigo/Escritorio/BBDDAvanzadas/.venv/lib/python3.12/site-packages/airflow/example_dags/example_params_ui_tutorial.py
[2026-05-07T19:48:21.783+0200] {logging_mixin.py:190} INFO - [2026-05-07T19:48:21.783+0200] {dag.py:3239} INFO - Sync 1 DAGs
[2026-05-07T19:48:21.792+0200] {logging_mixin.py:190} INFO - [2026-05-07T19:48:21.792+0200] {dag.py:4180} INFO - Setting next_dagrun for example_params_ui_tutorial to None, run_after=None
[2026-05-07T19:48:21.812+0200] {processor.py:208} INFO - Processing /home/rodrigo/Escritorio/BBDDAvanzadas/.venv/lib/python3.12/site-packages/airflow/example_dags/example_params_ui_tutorial.py took 0.072 seconds
[2026-05-07T19:50:04.685+0200] {processor.py:186} INFO - Started process (PID=16314) to work on /home/rodrigo/Escritorio/BBDDAvanzadas/.venv/lib/python3.12/site-packages/airflow/example_dags/example_params_ui_tutorial.py
[2026-05-07T19:50:04.686+0200] {processor.py:914} INFO - Processing file /home/rodrigo/Escritorio/BBDDAvanzadas/.venv/lib/python3.12/site-packages/airflow/example_dags/example_params_ui_tutorial.py for tasks to queue
[2026-05-07T19:50:04.687+0200] {logging_mixin.py:190} INFO - [2026-05-07T19:50:04.687+0200] {dagbag.py:588} INFO - Filling up the DagBag from /home/rodrigo/Escritorio/BBDDAvanzadas/.venv/lib/python3.12/site-packages/airflow/example_dags/example_params_ui_tutorial.py
[2026-05-07T19:50:04.694+0200] {processor.py:925} INFO - DAG(s) 'example_params_ui_tutorial' retrieved from /home/rodrigo/Escritorio/BBDDAvanzadas/.venv/lib/python3.12/site-packages/airflow/example_dags/example_params_ui_tutorial.py
[2026-05-07T19:50:04.717+0200] {logging_mixin.py:190} INFO - [2026-05-07T19:50:04.717+0200] {dag.py:3239} INFO - Sync 1 DAGs
[2026-05-07T19:50:04.725+0200] {logging_mixin.py:190} INFO - [2026-05-07T19:50:04.725+0200] {dag.py:4180} INFO - Setting next_dagrun for example_params_ui_tutorial to None, run_after=None
[2026-05-07T19:50:04.739+0200] {processor.py:208} INFO - Processing /home/rodrigo/Escritorio/BBDDAvanzadas/.venv/lib/python3.12/site-packages/airflow/example_dags/example_params_ui_tutorial.py took 0.058 seconds
[2026-05-07T19:51:41.884+0200] {processor.py:186} INFO - Started process (PID=16409) to work on /home/rodrigo/Escritorio/BBDDAvanzadas/.venv/lib/python3.12/site-packages/airflow/example_dags/example_params_ui_tutorial.py
[2026-05-07T19:51:41.886+0200] {processor.py:914} INFO - Processing file /home/rodrigo/Escritorio/BBDDAvanzadas/.venv/lib/python3.12/site-packages/airflow/example_dags/example_params_ui_tutorial.py for tasks to queue
[2026-05-07T19:51:41.888+0200] {logging_mixin.py:190} INFO - [2026-05-07T19:51:41.888+0200] {dagbag.py:588} INFO - Filling up the DagBag from /home/rodrigo/Escritorio/BBDDAvanzadas/.venv/lib/python3.12/site-packages/airflow/example_dags/example_params_ui_tutorial.py
[2026-05-07T19:51:41.895+0200] {processor.py:925} INFO - DAG(s) 'example_params_ui_tutorial' retrieved from /home/rodrigo/Escritorio/BBDDAvanzadas/.venv/lib/python3.12/site-packages/airflow/example_dags/example_params_ui_tutorial.py
[2026-05-07T19:51:41.921+0200] {logging_mixin.py:190} INFO - [2026-05-07T19:51:41.921+0200] {dag.py:3239} INFO - Sync 1 DAGs
[2026-05-07T19:51:41.930+0200] {logging_mixin.py:190} INFO - [2026-05-07T19:51:41.930+0200] {dag.py:4180} INFO - Setting next_dagrun for example_params_ui_tutorial to None, run_after=None
[2026-05-07T19:51:41.946+0200] {processor.py:208} INFO - Processing /home/rodrigo/Escritorio/BBDDAvanzadas/.venv/lib/python3.12/site-packages/airflow/example_dags/example_params_ui_tutorial.py took 0.066 seconds
[2026-05-07T19:52:52.287+0200] {processor.py:186} INFO - Started process (PID=16674) to work on /home/rodrigo/Escritorio/BBDDAvanzadas/.venv/lib/python3.12/site-packages/airflow/example_dags/example_params_ui_tutorial.py
[2026-05-07T19:52:52.289+0200] {processor.py:914} INFO - Processing file /home/rodrigo/Escritorio/BBDDAvanzadas/.venv/lib/python3.12/site-packages/airflow/example_dags/example_params_ui_tutorial.py for tasks to queue
[2026-05-07T19:52:52.291+0200] {logging_mixin.py:190} INFO - [2026-05-07T19:52:52.291+0200] {dagbag.py:588} INFO - Filling up the DagBag from /home/rodrigo/Escritorio/BBDDAvanzadas/.venv/lib/python3.12/site-packages/airflow/example_dags/example_params_ui_tutorial.py
[2026-05-07T19:52:52.309+0200] {processor.py:925} INFO - DAG(s) 'example_params_ui_tutorial' retrieved from /home/rodrigo/Escritorio/BBDDAvanzadas/.venv/lib/python3.12/site-packages/airflow/example_dags/example_params_ui_tutorial.py
[2026-05-07T19:52:52.343+0200] {logging_mixin.py:190} INFO - [2026-05-07T19:52:52.343+0200] {dag.py:3239} INFO - Sync 1 DAGs
[2026-05-07T19:52:52.360+0200] {logging_mixin.py:190} INFO - [2026-05-07T19:52:52.360+0200] {dag.py:4180} INFO - Setting next_dagrun for example_params_ui_tutorial to None, run_after=None
[2026-05-07T19:52:52.435+0200] {processor.py:208} INFO - Processing /home/rodrigo/Escritorio/BBDDAvanzadas/.venv/lib/python3.12/site-packages/airflow/example_dags/example_params_ui_tutorial.py took 0.152 seconds
[2026-05-07T19:54:04.707+0200] {processor.py:186} INFO - Started process (PID=16806) to work on /home/rodrigo/Escritorio/BBDDAvanzadas/.venv/lib/python3.12/site-packages/airflow/example_dags/example_params_ui_tutorial.py
[2026-05-07T19:54:04.716+0200] {processor.py:914} INFO - Processing file /home/rodrigo/Escritorio/BBDDAvanzadas/.venv/lib/python3.12/site-packages/airflow/example_dags/example_params_ui_tutorial.py for tasks to queue
[2026-05-07T19:54:04.725+0200] {logging_mixin.py:190} INFO - [2026-05-07T19:54:04.725+0200] {dagbag.py:588} INFO - Filling up the DagBag from /home/rodrigo/Escritorio/BBDDAvanzadas/.venv/lib/python3.12/site-packages/airflow/example_dags/example_params_ui_tutorial.py
[2026-05-07T19:54:04.735+0200] {processor.py:925} INFO - DAG(s) 'example_params_ui_tutorial' retrieved from /home/rodrigo/Escritorio/BBDDAvanzadas/.venv/lib/python3.12/site-packages/airflow/example_dags/example_params_ui_tutorial.py
[2026-05-07T19:54:04.773+0200] {logging_mixin.py:190} INFO - [2026-05-07T19:54:04.773+0200] {dag.py:3239} INFO - Sync 1 DAGs
[2026-05-07T19:54:04.781+0200] {logging_mixin.py:190} INFO - [2026-05-07T19:54:04.781+0200] {dag.py:4180} INFO - Setting next_dagrun for example_params_ui_tutorial to None, run_after=None
[2026-05-07T19:54:04.796+0200] {processor.py:208} INFO - Processing /home/rodrigo/Escritorio/BBDDAvanzadas/.venv/lib/python3.12/site-packages/airflow/example_dags/example_params_ui_tutorial.py took 0.114 seconds
[2026-05-07T19:55:16.183+0200] {processor.py:186} INFO - Started process (PID=16961) to work on /home/rodrigo/Escritorio/BBDDAvanzadas/.venv/lib/python3.12/site-packages/airflow/example_dags/example_params_ui_tutorial.py
[2026-05-07T19:55:16.184+0200] {processor.py:914} INFO - Processing file /home/rodrigo/Escritorio/BBDDAvanzadas/.venv/lib/python3.12/site-packages/airflow/example_dags/example_params_ui_tutorial.py for tasks to queue
[2026-05-07T19:55:16.186+0200] {logging_mixin.py:190} INFO - [2026-05-07T19:55:16.186+0200] {dagbag.py:588} INFO - Filling up the DagBag from /home/rodrigo/Escritorio/BBDDAvanzadas/.venv/lib/python3.12/site-packages/airflow/example_dags/example_params_ui_tutorial.py
[2026-05-07T19:55:16.195+0200] {processor.py:925} INFO - DAG(s) 'example_params_ui_tutorial' retrieved from /home/rodrigo/Escritorio/BBDDAvanzadas/.venv/lib/python3.12/site-packages/airflow/example_dags/example_params_ui_tutorial.py
[2026-05-07T19:55:16.220+0200] {logging_mixin.py:190} INFO - [2026-05-07T19:55:16.220+0200] {dag.py:3239} INFO - Sync 1 DAGs
[2026-05-07T19:55:16.230+0200] {logging_mixin.py:190} INFO - [2026-05-07T19:55:16.230+0200] {dag.py:4180} INFO - Setting next_dagrun for example_params_ui_tutorial to None, run_after=None
[2026-05-07T19:55:16.251+0200] {processor.py:208} INFO - Processing /home/rodrigo/Escritorio/BBDDAvanzadas/.venv/lib/python3.12/site-packages/airflow/example_dags/example_params_ui_tutorial.py took 0.073 seconds
[2026-05-07T19:57:21.464+0200] {processor.py:186} INFO - Started process (PID=17054) to work on /home/rodrigo/Escritorio/BBDDAvanzadas/.venv/lib/python3.12/site-packages/airflow/example_dags/example_params_ui_tutorial.py
[2026-05-07T19:57:21.466+0200] {processor.py:914} INFO - Processing file /home/rodrigo/Escritorio/BBDDAvanzadas/.venv/lib/python3.12/site-packages/airflow/example_dags/example_params_ui_tutorial.py for tasks to queue
[2026-05-07T19:57:21.468+0200] {logging_mixin.py:190} INFO - [2026-05-07T19:57:21.468+0200] {dagbag.py:588} INFO - Filling up the DagBag from /home/rodrigo/Escritorio/BBDDAvanzadas/.venv/lib/python3.12/site-packages/airflow/example_dags/example_params_ui_tutorial.py
[2026-05-07T19:57:21.474+0200] {processor.py:925} INFO - DAG(s) 'example_params_ui_tutorial' retrieved from /home/rodrigo/Escritorio/BBDDAvanzadas/.venv/lib/python3.12/site-packages/airflow/example_dags/example_params_ui_tutorial.py
[2026-05-07T19:57:21.498+0200] {logging_mixin.py:190} INFO - [2026-05-07T19:57:21.498+0200] {dag.py:3239} INFO - Sync 1 DAGs
[2026-05-07T19:57:21.505+0200] {logging_mixin.py:190} INFO - [2026-05-07T19:57:21.505+0200] {dag.py:4180} INFO - Setting next_dagrun for example_params_ui_tutorial to None, run_after=None
[2026-05-07T19:57:21.520+0200] {processor.py:208} INFO - Processing /home/rodrigo/Escritorio/BBDDAvanzadas/.venv/lib/python3.12/site-packages/airflow/example_dags/example_params_ui_tutorial.py took 0.060 seconds
[2026-05-07T19:59:28.043+0200] {processor.py:186} INFO - Started process (PID=17158) to work on /home/rodrigo/Escritorio/BBDDAvanzadas/.venv/lib/python3.12/site-packages/airflow/example_dags/example_params_ui_tutorial.py
[2026-05-07T19:59:28.045+0200] {processor.py:914} INFO - Processing file /home/rodrigo/Escritorio/BBDDAvanzadas/.venv/lib/python3.12/site-packages/airflow/example_dags/example_params_ui_tutorial.py for tasks to queue
[2026-05-07T19:59:28.047+0200] {logging_mixin.py:190} INFO - [2026-05-07T19:59:28.046+0200] {dagbag.py:588} INFO - Filling up the DagBag from /home/rodrigo/Escritorio/BBDDAvanzadas/.venv/lib/python3.12/site-packages/airflow/example_dags/example_params_ui_tutorial.py
[2026-05-07T19:59:28.053+0200] {processor.py:925} INFO - DAG(s) 'example_params_ui_tutorial' retrieved from /home/rodrigo/Escritorio/BBDDAvanzadas/.venv/lib/python3.12/site-packages/airflow/example_dags/example_params_ui_tutorial.py
[2026-05-07T19:59:28.076+0200] {logging_mixin.py:190} INFO - [2026-05-07T19:59:28.076+0200] {dag.py:3239} INFO - Sync 1 DAGs
[2026-05-07T19:59:28.084+0200] {logging_mixin.py:190} INFO - [2026-05-07T19:59:28.084+0200] {dag.py:4180} INFO - Setting next_dagrun for example_params_ui_tutorial to None, run_after=None
[2026-05-07T19:59:28.099+0200] {processor.py:208} INFO - Processing /home/rodrigo/Escritorio/BBDDAvanzadas/.venv/lib/python3.12/site-packages/airflow/example_dags/example_params_ui_tutorial.py took 0.060 seconds
[2026-05-07T20:01:03.793+0200] {processor.py:186} INFO - Started process (PID=17378) to work on /home/rodrigo/Escritorio/BBDDAvanzadas/.venv/lib/python3.12/site-packages/airflow/example_dags/example_params_ui_tutorial.py
[2026-05-07T20:01:03.794+0200] {processor.py:914} INFO - Processing file /home/rodrigo/Escritorio/BBDDAvanzadas/.venv/lib/python3.12/site-packages/airflow/example_dags/example_params_ui_tutorial.py for tasks to queue
[2026-05-07T20:01:03.796+0200] {logging_mixin.py:190} INFO - [2026-05-07T20:01:03.796+0200] {dagbag.py:588} INFO - Filling up the DagBag from /home/rodrigo/Escritorio/BBDDAvanzadas/.venv/lib/python3.12/site-packages/airflow/example_dags/example_params_ui_tutorial.py
[2026-05-07T20:01:03.803+0200] {processor.py:925} INFO - DAG(s) 'example_params_ui_tutorial' retrieved from /home/rodrigo/Escritorio/BBDDAvanzadas/.venv/lib/python3.12/site-packages/airflow/example_dags/example_params_ui_tutorial.py
[2026-05-07T20:01:03.842+0200] {logging_mixin.py:190} INFO - [2026-05-07T20:01:03.842+0200] {dag.py:3239} INFO - Sync 1 DAGs
[2026-05-07T20:01:03.851+0200] {logging_mixin.py:190} INFO - [2026-05-07T20:01:03.851+0200] {dag.py:4180} INFO - Setting next_dagrun for example_params_ui_tutorial to None, run_after=None
[2026-05-07T20:01:03.869+0200] {processor.py:208} INFO - Processing /home/rodrigo/Escritorio/BBDDAvanzadas/.venv/lib/python3.12/site-packages/airflow/example_dags/example_params_ui_tutorial.py took 0.080 seconds
[2026-05-07T20:02:06.259+0200] {processor.py:186} INFO - Started process (PID=17546) to work on /home/rodrigo/Escritorio/BBDDAvanzadas/.venv/lib/python3.12/site-packages/airflow/example_dags/example_params_ui_tutorial.py
[2026-05-07T20:02:06.260+0200] {processor.py:914} INFO - Processing file /home/rodrigo/Escritorio/BBDDAvanzadas/.venv/lib/python3.12/site-packages/airflow/example_dags/example_params_ui_tutorial.py for tasks to queue
[2026-05-07T20:02:06.265+0200] {logging_mixin.py:190} INFO - [2026-05-07T20:02:06.264+0200] {dagbag.py:588} INFO - Filling up the DagBag from /home/rodrigo/Escritorio/BBDDAvanzadas/.venv/lib/python3.12/site-packages/airflow/example_dags/example_params_ui_tutorial.py
[2026-05-07T20:02:06.286+0200] {processor.py:925} INFO - DAG(s) 'example_params_ui_tutorial' retrieved from /home/rodrigo/Escritorio/BBDDAvanzadas/.venv/lib/python3.12/site-packages/airflow/example_dags/example_params_ui_tutorial.py
[2026-05-07T20:02:06.366+0200] {logging_mixin.py:190} INFO - [2026-05-07T20:02:06.365+0200] {dag.py:3239} INFO - Sync 1 DAGs
[2026-05-07T20:02:06.391+0200] {logging_mixin.py:190} INFO - [2026-05-07T20:02:06.390+0200] {dag.py:4180} INFO - Setting next_dagrun for example_params_ui_tutorial to None, run_after=None
[2026-05-07T20:02:06.448+0200] {processor.py:208} INFO - Processing /home/rodrigo/Escritorio/BBDDAvanzadas/.venv/lib/python3.12/site-packages/airflow/example_dags/example_params_ui_tutorial.py took 0.195 seconds
[2026-05-07T20:03:06.765+0200] {processor.py:186} INFO - Started process (PID=17692) to work on /home/rodrigo/Escritorio/BBDDAvanzadas/.venv/lib/python3.12/site-packages/airflow/example_dags/example_params_ui_tutorial.py
[2026-05-07T20:03:06.766+0200] {processor.py:914} INFO - Processing file /home/rodrigo/Escritorio/BBDDAvanzadas/.venv/lib/python3.12/site-packages/airflow/example_dags/example_params_ui_tutorial.py for tasks to queue
[2026-05-07T20:03:06.768+0200] {logging_mixin.py:190} INFO - [2026-05-07T20:03:06.767+0200] {dagbag.py:588} INFO - Filling up the DagBag from /home/rodrigo/Escritorio/BBDDAvanzadas/.venv/lib/python3.12/site-packages/airflow/example_dags/example_params_ui_tutorial.py
[2026-05-07T20:03:06.774+0200] {processor.py:925} INFO - DAG(s) 'example_params_ui_tutorial' retrieved from /home/rodrigo/Escritorio/BBDDAvanzadas/.venv/lib/python3.12/site-packages/airflow/example_dags/example_params_ui_tutorial.py
[2026-05-07T20:03:06.799+0200] {logging_mixin.py:190} INFO - [2026-05-07T20:03:06.798+0200] {dag.py:3239} INFO - Sync 1 DAGs
[2026-05-07T20:03:06.806+0200] {logging_mixin.py:190} INFO - [2026-05-07T20:03:06.806+0200] {dag.py:4180} INFO - Setting next_dagrun for example_params_ui_tutorial to None, run_after=None
[2026-05-07T20:03:06.840+0200] {processor.py:208} INFO - Processing /home/rodrigo/Escritorio/BBDDAvanzadas/.venv/lib/python3.12/site-packages/airflow/example_dags/example_params_ui_tutorial.py took 0.079 seconds
[2026-05-07T20:04:04.357+0200] {processor.py:186} INFO - Started process (PID=17818) to work on /home/rodrigo/Escritorio/BBDDAvanzadas/.venv/lib/python3.12/site-packages/airflow/example_dags/example_params_ui_tutorial.py
[2026-05-07T20:04:04.358+0200] {processor.py:914} INFO - Processing file /home/rodrigo/Escritorio/BBDDAvanzadas/.venv/lib/python3.12/site-packages/airflow/example_dags/example_params_ui_tutorial.py for tasks to queue
[2026-05-07T20:04:04.360+0200] {logging_mixin.py:190} INFO - [2026-05-07T20:04:04.359+0200] {dagbag.py:588} INFO - Filling up the DagBag from /home/rodrigo/Escritorio/BBDDAvanzadas/.venv/lib/python3.12/site-packages/airflow/example_dags/example_params_ui_tutorial.py
[2026-05-07T20:04:04.366+0200] {processor.py:925} INFO - DAG(s) 'example_params_ui_tutorial' retrieved from /home/rodrigo/Escritorio/BBDDAvanzadas/.venv/lib/python3.12/site-packages/airflow/example_dags/example_params_ui_tutorial.py
[2026-05-07T20:04:04.389+0200] {logging_mixin.py:190} INFO - [2026-05-07T20:04:04.389+0200] {dag.py:3239} INFO - Sync 1 DAGs
[2026-05-07T20:04:04.397+0200] {logging_mixin.py:190} INFO - [2026-05-07T20:04:04.397+0200] {dag.py:4180} INFO - Setting next_dagrun for example_params_ui_tutorial to None, run_after=None
[2026-05-07T20:04:04.416+0200] {processor.py:208} INFO - Processing /home/rodrigo/Escritorio/BBDDAvanzadas/.venv/lib/python3.12/site-packages/airflow/example_dags/example_params_ui_tutorial.py took 0.063 seconds
[2026-05-07T20:05:08.926+0200] {processor.py:186} INFO - Started process (PID=17943) to work on /home/rodrigo/Escritorio/BBDDAvanzadas/.venv/lib/python3.12/site-packages/airflow/example_dags/example_params_ui_tutorial.py
[2026-05-07T20:05:08.927+0200] {processor.py:914} INFO - Processing file /home/rodrigo/Escritorio/BBDDAvanzadas/.venv/lib/python3.12/site-packages/airflow/example_dags/example_params_ui_tutorial.py for tasks to queue
[2026-05-07T20:05:08.928+0200] {logging_mixin.py:190} INFO - [2026-05-07T20:05:08.928+0200] {dagbag.py:588} INFO - Filling up the DagBag from /home/rodrigo/Escritorio/BBDDAvanzadas/.venv/lib/python3.12/site-packages/airflow/example_dags/example_params_ui_tutorial.py
[2026-05-07T20:05:08.936+0200] {processor.py:925} INFO - DAG(s) 'example_params_ui_tutorial' retrieved from /home/rodrigo/Escritorio/BBDDAvanzadas/.venv/lib/python3.12/site-packages/airflow/example_dags/example_params_ui_tutorial.py
[2026-05-07T20:05:08.962+0200] {logging_mixin.py:190} INFO - [2026-05-07T20:05:08.962+0200] {dag.py:3239} INFO - Sync 1 DAGs
[2026-05-07T20:05:08.970+0200] {logging_mixin.py:190} INFO - [2026-05-07T20:05:08.969+0200] {dag.py:4180} INFO - Setting next_dagrun for example_params_ui_tutorial to None, run_after=None
[2026-05-07T20:05:08.985+0200] {processor.py:208} INFO - Processing /home/rodrigo/Escritorio/BBDDAvanzadas/.venv/lib/python3.12/site-packages/airflow/example_dags/example_params_ui_tutorial.py took 0.064 seconds
[2026-05-07T20:06:10.206+0200] {processor.py:186} INFO - Started process (PID=18066) to work on /home/rodrigo/Escritorio/BBDDAvanzadas/.venv/lib/python3.12/site-packages/airflow/example_dags/example_params_ui_tutorial.py
[2026-05-07T20:06:10.208+0200] {processor.py:914} INFO - Processing file /home/rodrigo/Escritorio/BBDDAvanzadas/.venv/lib/python3.12/site-packages/airflow/example_dags/example_params_ui_tutorial.py for tasks to queue
[2026-05-07T20:06:10.209+0200] {logging_mixin.py:190} INFO - [2026-05-07T20:06:10.209+0200] {dagbag.py:588} INFO - Filling up the DagBag from /home/rodrigo/Escritorio/BBDDAvanzadas/.venv/lib/python3.12/site-packages/airflow/example_dags/example_params_ui_tutorial.py
[2026-05-07T20:06:10.217+0200] {processor.py:925} INFO - DAG(s) 'example_params_ui_tutorial' retrieved from /home/rodrigo/Escritorio/BBDDAvanzadas/.venv/lib/python3.12/site-packages/airflow/example_dags/example_params_ui_tutorial.py
[2026-05-07T20:06:10.244+0200] {logging_mixin.py:190} INFO - [2026-05-07T20:06:10.244+0200] {dag.py:3239} INFO - Sync 1 DAGs
[2026-05-07T20:06:10.252+0200] {logging_mixin.py:190} INFO - [2026-05-07T20:06:10.252+0200] {dag.py:4180} INFO - Setting next_dagrun for example_params_ui_tutorial to None, run_after=None
[2026-05-07T20:06:10.269+0200] {processor.py:208} INFO - Processing /home/rodrigo/Escritorio/BBDDAvanzadas/.venv/lib/python3.12/site-packages/airflow/example_dags/example_params_ui_tutorial.py took 0.067 seconds
[2026-05-07T20:07:09.587+0200] {processor.py:186} INFO - Started process (PID=18182) to work on /home/rodrigo/Escritorio/BBDDAvanzadas/.venv/lib/python3.12/site-packages/airflow/example_dags/example_params_ui_tutorial.py
[2026-05-07T20:07:09.588+0200] {processor.py:914} INFO - Processing file /home/rodrigo/Escritorio/BBDDAvanzadas/.venv/lib/python3.12/site-packages/airflow/example_dags/example_params_ui_tutorial.py for tasks to queue
[2026-05-07T20:07:09.589+0200] {logging_mixin.py:190} INFO - [2026-05-07T20:07:09.589+0200] {dagbag.py:588} INFO - Filling up the DagBag from /home/rodrigo/Escritorio/BBDDAvanzadas/.venv/lib/python3.12/site-packages/airflow/example_dags/example_params_ui_tutorial.py
[2026-05-07T20:07:09.600+0200] {processor.py:925} INFO - DAG(s) 'example_params_ui_tutorial' retrieved from /home/rodrigo/Escritorio/BBDDAvanzadas/.venv/lib/python3.12/site-packages/airflow/example_dags/example_params_ui_tutorial.py
[2026-05-07T20:07:09.626+0200] {logging_mixin.py:190} INFO - [2026-05-07T20:07:09.626+0200] {dag.py:3239} INFO - Sync 1 DAGs
[2026-05-07T20:07:09.634+0200] {logging_mixin.py:190} INFO - [2026-05-07T20:07:09.634+0200] {dag.py:4180} INFO - Setting next_dagrun for example_params_ui_tutorial to None, run_after=None
[2026-05-07T20:07:09.680+0200] {processor.py:208} INFO - Processing /home/rodrigo/Escritorio/BBDDAvanzadas/.venv/lib/python3.12/site-packages/airflow/example_dags/example_params_ui_tutorial.py took 0.098 seconds
[2026-05-07T20:08:06.279+0200] {processor.py:186} INFO - Started process (PID=18309) to work on /home/rodrigo/Escritorio/BBDDAvanzadas/.venv/lib/python3.12/site-packages/airflow/example_dags/example_params_ui_tutorial.py
[2026-05-07T20:08:06.280+0200] {processor.py:914} INFO - Processing file /home/rodrigo/Escritorio/BBDDAvanzadas/.venv/lib/python3.12/site-packages/airflow/example_dags/example_params_ui_tutorial.py for tasks to queue
[2026-05-07T20:08:06.283+0200] {logging_mixin.py:190} INFO - [2026-05-07T20:08:06.282+0200] {dagbag.py:588} INFO - Filling up the DagBag from /home/rodrigo/Escritorio/BBDDAvanzadas/.venv/lib/python3.12/site-packages/airflow/example_dags/example_params_ui_tutorial.py
[2026-05-07T20:08:06.300+0200] {processor.py:925} INFO - DAG(s) 'example_params_ui_tutorial' retrieved from /home/rodrigo/Escritorio/BBDDAvanzadas/.venv/lib/python3.12/site-packages/airflow/example_dags/example_params_ui_tutorial.py
[2026-05-07T20:08:06.324+0200] {logging_mixin.py:190} INFO - [2026-05-07T20:08:06.324+0200] {dag.py:3239} INFO - Sync 1 DAGs
[2026-05-07T20:08:06.332+0200] {logging_mixin.py:190} INFO - [2026-05-07T20:08:06.332+0200] {dag.py:4180} INFO - Setting next_dagrun for example_params_ui_tutorial to None, run_after=None
[2026-05-07T20:08:06.351+0200] {processor.py:208} INFO - Processing /home/rodrigo/Escritorio/BBDDAvanzadas/.venv/lib/python3.12/site-packages/airflow/example_dags/example_params_ui_tutorial.py took 0.081 seconds
[2026-05-07T20:09:18.864+0200] {processor.py:186} INFO - Started process (PID=18511) to work on /home/rodrigo/Escritorio/BBDDAvanzadas/.venv/lib/python3.12/site-packages/airflow/example_dags/example_params_ui_tutorial.py
[2026-05-07T20:09:18.866+0200] {processor.py:914} INFO - Processing file /home/rodrigo/Escritorio/BBDDAvanzadas/.venv/lib/python3.12/site-packages/airflow/example_dags/example_params_ui_tutorial.py for tasks to queue
[2026-05-07T20:09:18.868+0200] {logging_mixin.py:190} INFO - [2026-05-07T20:09:18.868+0200] {dagbag.py:588} INFO - Filling up the DagBag from /home/rodrigo/Escritorio/BBDDAvanzadas/.venv/lib/python3.12/site-packages/airflow/example_dags/example_params_ui_tutorial.py
[2026-05-07T20:09:18.875+0200] {processor.py:925} INFO - DAG(s) 'example_params_ui_tutorial' retrieved from /home/rodrigo/Escritorio/BBDDAvanzadas/.venv/lib/python3.12/site-packages/airflow/example_dags/example_params_ui_tutorial.py
[2026-05-07T20:09:18.902+0200] {logging_mixin.py:190} INFO - [2026-05-07T20:09:18.902+0200] {dag.py:3239} INFO - Sync 1 DAGs
[2026-05-07T20:09:18.910+0200] {logging_mixin.py:190} INFO - [2026-05-07T20:09:18.910+0200] {dag.py:4180} INFO - Setting next_dagrun for example_params_ui_tutorial to None, run_after=None
[2026-05-07T20:09:18.925+0200] {processor.py:208} INFO - Processing /home/rodrigo/Escritorio/BBDDAvanzadas/.venv/lib/python3.12/site-packages/airflow/example_dags/example_params_ui_tutorial.py took 0.065 seconds
[2026-05-07T20:10:28.004+0200] {processor.py:186} INFO - Started process (PID=18635) to work on /home/rodrigo/Escritorio/BBDDAvanzadas/.venv/lib/python3.12/site-packages/airflow/example_dags/example_params_ui_tutorial.py
[2026-05-07T20:10:28.006+0200] {processor.py:914} INFO - Processing file /home/rodrigo/Escritorio/BBDDAvanzadas/.venv/lib/python3.12/site-packages/airflow/example_dags/example_params_ui_tutorial.py for tasks to queue
[2026-05-07T20:10:28.010+0200] {logging_mixin.py:190} INFO - [2026-05-07T20:10:28.008+0200] {dagbag.py:588} INFO - Filling up the DagBag from /home/rodrigo/Escritorio/BBDDAvanzadas/.venv/lib/python3.12/site-packages/airflow/example_dags/example_params_ui_tutorial.py
[2026-05-07T20:10:28.017+0200] {processor.py:925} INFO - DAG(s) 'example_params_ui_tutorial' retrieved from /home/rodrigo/Escritorio/BBDDAvanzadas/.venv/lib/python3.12/site-packages/airflow/example_dags/example_params_ui_tutorial.py
[2026-05-07T20:10:28.042+0200] {logging_mixin.py:190} INFO - [2026-05-07T20:10:28.042+0200] {dag.py:3239} INFO - Sync 1 DAGs
[2026-05-07T20:10:28.049+0200] {logging_mixin.py:190} INFO - [2026-05-07T20:10:28.049+0200] {dag.py:4180} INFO - Setting next_dagrun for example_params_ui_tutorial to None, run_after=None
[2026-05-07T20:10:28.127+0200] {processor.py:208} INFO - Processing /home/rodrigo/Escritorio/BBDDAvanzadas/.venv/lib/python3.12/site-packages/airflow/example_dags/example_params_ui_tutorial.py took 0.127 seconds
