[2026-05-07T19:32:40.265+0200] {processor.py:186} INFO - Started process (PID=14388) to work on /home/rodrigo/Escritorio/BBDDAvanzadas/.venv/lib/python3.12/site-packages/airflow/example_dags/example_python_decorator.py
[2026-05-07T19:32:40.266+0200] {processor.py:914} INFO - Processing file /home/rodrigo/Escritorio/BBDDAvanzadas/.venv/lib/python3.12/site-packages/airflow/example_dags/example_python_decorator.py for tasks to queue
[2026-05-07T19:32:40.267+0200] {logging_mixin.py:190} INFO - [2026-05-07T19:32:40.267+0200] {dagbag.py:588} INFO - Filling up the DagBag from /home/rodrigo/Escritorio/BBDDAvanzadas/.venv/lib/python3.12/site-packages/airflow/example_dags/example_python_decorator.py
[2026-05-07T19:32:40.276+0200] {logging_mixin.py:190} INFO - [2026-05-07T19:32:40.276+0200] {example_python_decorator.py:80} WARNING - The virtalenv_python example task requires virtualenv, please install it.
[2026-05-07T19:32:40.278+0200] {processor.py:925} INFO - DAG(s) 'example_python_decorator' retrieved from /home/rodrigo/Escritorio/BBDDAvanzadas/.venv/lib/python3.12/site-packages/airflow/example_dags/example_python_decorator.py
[2026-05-07T19:32:40.362+0200] {logging_mixin.py:190} INFO - [2026-05-07T19:32:40.362+0200] {override.py:1930} INFO - Created Permission View: can read on DAG:example_python_decorator
[2026-05-07T19:32:40.373+0200] {logging_mixin.py:190} INFO - [2026-05-07T19:32:40.372+0200] {override.py:1930} INFO - Created Permission View: can edit on DAG:example_python_decorator
[2026-05-07T19:32:40.393+0200] {logging_mixin.py:190} INFO - [2026-05-07T19:32:40.393+0200] {override.py:1930} INFO - Created Permission View: can delete on DAG:example_python_decorator
[2026-05-07T19:32:40.407+0200] {logging_mixin.py:190} INFO - [2026-05-07T19:32:40.407+0200] {override.py:1930} INFO - Created Permission View: can create on DAG Run:example_python_decorator
[2026-05-07T19:32:40.432+0200] {logging_mixin.py:190} INFO - [2026-05-07T19:32:40.432+0200] {override.py:1930} INFO - Created Permission View: can read on DAG Run:example_python_decorator
[2026-05-07T19:32:40.443+0200] {logging_mixin.py:190} INFO - [2026-05-07T19:32:40.443+0200] {override.py:1930} INFO - Created Permission View: menu access on DAG Run:example_python_decorator
[2026-05-07T19:32:40.458+0200] {logging_mixin.py:190} INFO - [2026-05-07T19:32:40.458+0200] {override.py:1930} INFO - Created Permission View: can delete on DAG Run:example_python_decorator
[2026-05-07T19:32:40.459+0200] {logging_mixin.py:190} INFO - [2026-05-07T19:32:40.458+0200] {dag.py:3239} INFO - Sync 1 DAGs
[2026-05-07T19:32:40.466+0200] {logging_mixin.py:190} INFO - [2026-05-07T19:32:40.466+0200] {dag.py:3262} INFO - Creating ORM DAG for example_python_decorator
[2026-05-07T19:32:40.466+0200] {logging_mixin.py:190} INFO - [2026-05-07T19:32:40.466+0200] {dag.py:4180} INFO - Setting next_dagrun for example_python_decorator to None, run_after=None
[2026-05-07T19:32:40.484+0200] {processor.py:208} INFO - Processing /home/rodrigo/Escritorio/BBDDAvanzadas/.venv/lib/python3.12/site-packages/airflow/example_dags/example_python_decorator.py took 0.224 seconds
[2026-05-07T19:37:29.780+0200] {processor.py:186} INFO - Started process (PID=14863) to work on /home/rodrigo/Escritorio/BBDDAvanzadas/.venv/lib/python3.12/site-packages/airflow/example_dags/example_python_decorator.py
[2026-05-07T19:37:29.792+0200] {processor.py:914} INFO - Processing file /home/rodrigo/Escritorio/BBDDAvanzadas/.venv/lib/python3.12/site-packages/airflow/example_dags/example_python_decorator.py for tasks to queue
[2026-05-07T19:37:29.813+0200] {logging_mixin.py:190} INFO - [2026-05-07T19:37:29.809+0200] {dagbag.py:588} INFO - Filling up the DagBag from /home/rodrigo/Escritorio/BBDDAvanzadas/.venv/lib/python3.12/site-packages/airflow/example_dags/example_python_decorator.py
[2026-05-07T19:37:29.829+0200] {logging_mixin.py:190} INFO - [2026-05-07T19:37:29.829+0200] {example_python_decorator.py:80} WARNING - The virtalenv_python example task requires virtualenv, please install it.
[2026-05-07T19:37:29.831+0200] {processor.py:925} INFO - DAG(s) 'example_python_decorator' retrieved from /home/rodrigo/Escritorio/BBDDAvanzadas/.venv/lib/python3.12/site-packages/airflow/example_dags/example_python_decorator.py
[2026-05-07T19:37:29.846+0200] {logging_mixin.py:190} INFO - [2026-05-07T19:37:29.846+0200] {dag.py:3239} INFO - Sync 1 DAGs
[2026-05-07T19:37:29.860+0200] {logging_mixin.py:190} INFO - [2026-05-07T19:37:29.860+0200] {dag.py:4180} INFO - Setting next_dagrun for example_python_decorator to None, run_after=None
[2026-05-07T19:37:29.881+0200] {processor.py:208} INFO - Processing /home/rodrigo/Escritorio/BBDDAvanzadas/.venv/lib/python3.12/site-packages/airflow/example_dags/example_python_decorator.py took 0.110 seconds
[2026-05-07T19:38:40.835+0200] {processor.py:186} INFO - Started process (PID=14985) to work on /home/rodrigo/Escritorio/BBDDAvanzadas/.venv/lib/python3.12/site-packages/airflow/example_dags/example_python_decorator.py
[2026-05-07T19:38:40.839+0200] {processor.py:914} INFO - Processing file /home/rodrigo/Escritorio/BBDDAvanzadas/.venv/lib/python3.12/site-packages/airflow/example_dags/example_python_decorator.py for tasks to queue
[2026-05-07T19:38:40.843+0200] {logging_mixin.py:190} INFO - [2026-05-07T19:38:40.843+0200] {dagbag.py:588} INFO - Filling up the DagBag from /home/rodrigo/Escritorio/BBDDAvanzadas/.venv/lib/python3.12/site-packages/airflow/example_dags/example_python_decorator.py
[2026-05-07T19:38:40.853+0200] {logging_mixin.py:190} INFO - [2026-05-07T19:38:40.853+0200] {example_python_decorator.py:80} WARNING - The virtalenv_python example task requires virtualenv, please install it.
[2026-05-07T19:38:40.855+0200] {processor.py:925} INFO - DAG(s) 'example_python_decorator' retrieved from /home/rodrigo/Escritorio/BBDDAvanzadas/.venv/lib/python3.12/site-packages/airflow/example_dags/example_python_decorator.py
[2026-05-07T19:38:40.872+0200] {logging_mixin.py:190} INFO - [2026-05-07T19:38:40.871+0200] {dag.py:3239} INFO - Sync 1 DAGs
[2026-05-07T19:38:40.893+0200] {logging_mixin.py:190} INFO - [2026-05-07T19:38:40.892+0200] {dag.py:4180} INFO - Setting next_dagrun for example_python_decorator to None, run_after=None
[2026-05-07T19:38:40.938+0200] {processor.py:208} INFO - Processing /home/rodrigo/Escritorio/BBDDAvanzadas/.venv/lib/python3.12/site-packages/airflow/example_dags/example_python_decorator.py took 0.109 seconds
[2026-05-07T19:39:57.761+0200] {processor.py:186} INFO - Started process (PID=15075) to work on /home/rodrigo/Escritorio/BBDDAvanzadas/.venv/lib/python3.12/site-packages/airflow/example_dags/example_python_decorator.py
[2026-05-07T19:39:57.772+0200] {processor.py:914} INFO - Processing file /home/rodrigo/Escritorio/BBDDAvanzadas/.venv/lib/python3.12/site-packages/airflow/example_dags/example_python_decorator.py for tasks to queue
[2026-05-07T19:39:57.776+0200] {logging_mixin.py:190} INFO - [2026-05-07T19:39:57.775+0200] {dagbag.py:588} INFO - Filling up the DagBag from /home/rodrigo/Escritorio/BBDDAvanzadas/.venv/lib/python3.12/site-packages/airflow/example_dags/example_python_decorator.py
[2026-05-07T19:39:57.785+0200] {logging_mixin.py:190} INFO - [2026-05-07T19:39:57.785+0200] {example_python_decorator.py:80} WARNING - The virtalenv_python example task requires virtualenv, please install it.
[2026-05-07T19:39:57.791+0200] {processor.py:925} INFO - DAG(s) 'example_python_decorator' retrieved from /home/rodrigo/Escritorio/BBDDAvanzadas/.venv/lib/python3.12/site-packages/airflow/example_dags/example_python_decorator.py
[2026-05-07T19:39:57.807+0200] {logging_mixin.py:190} INFO - [2026-05-07T19:39:57.807+0200] {dag.py:3239} INFO - Sync 1 DAGs
[2026-05-07T19:39:57.818+0200] {logging_mixin.py:190} INFO - [2026-05-07T19:39:57.818+0200] {dag.py:4180} INFO - Setting next_dagrun for example_python_decorator to None, run_after=None
[2026-05-07T19:39:57.861+0200] {processor.py:208} INFO - Processing /home/rodrigo/Escritorio/BBDDAvanzadas/.venv/lib/python3.12/site-packages/airflow/example_dags/example_python_decorator.py took 0.112 seconds
[2026-05-07T19:41:26.753+0200] {processor.py:186} INFO - Started process (PID=15193) to work on /home/rodrigo/Escritorio/BBDDAvanzadas/.venv/lib/python3.12/site-packages/airflow/example_dags/example_python_decorator.py
[2026-05-07T19:41:26.755+0200] {processor.py:914} INFO - Processing file /home/rodrigo/Escritorio/BBDDAvanzadas/.venv/lib/python3.12/site-packages/airflow/example_dags/example_python_decorator.py for tasks to queue
[2026-05-07T19:41:26.757+0200] {logging_mixin.py:190} INFO - [2026-05-07T19:41:26.756+0200] {dagbag.py:588} INFO - Filling up the DagBag from /home/rodrigo/Escritorio/BBDDAvanzadas/.venv/lib/python3.12/site-packages/airflow/example_dags/example_python_decorator.py
[2026-05-07T19:41:26.763+0200] {logging_mixin.py:190} INFO - [2026-05-07T19:41:26.763+0200] {example_python_decorator.py:80} WARNING - The virtalenv_python example task requires virtualenv, please install it.
[2026-05-07T19:41:26.764+0200] {processor.py:925} INFO - DAG(s) 'example_python_decorator' retrieved from /home/rodrigo/Escritorio/BBDDAvanzadas/.venv/lib/python3.12/site-packages/airflow/example_dags/example_python_decorator.py
[2026-05-07T19:41:26.785+0200] {logging_mixin.py:190} INFO - [2026-05-07T19:41:26.784+0200] {dag.py:3239} INFO - Sync 1 DAGs
[2026-05-07T19:41:26.800+0200] {logging_mixin.py:190} INFO - [2026-05-07T19:41:26.800+0200] {dag.py:4180} INFO - Setting next_dagrun for example_python_decorator to None, run_after=None
[2026-05-07T19:41:26.869+0200] {processor.py:208} INFO - Processing /home/rodrigo/Escritorio/BBDDAvanzadas/.venv/lib/python3.12/site-packages/airflow/example_dags/example_python_decorator.py took 0.122 seconds
[2026-05-07T19:42:45.283+0200] {processor.py:186} INFO - Started process (PID=15452) to work on /home/rodrigo/Escritorio/BBDDAvanzadas/.venv/lib/python3.12/site-packages/airflow/example_dags/example_python_decorator.py
[2026-05-07T19:42:45.284+0200] {processor.py:914} INFO - Processing file /home/rodrigo/Escritorio/BBDDAvanzadas/.venv/lib/python3.12/site-packages/airflow/example_dags/example_python_decorator.py for tasks to queue
[2026-05-07T19:42:45.285+0200] {logging_mixin.py:190} INFO - [2026-05-07T19:42:45.285+0200] {dagbag.py:588} INFO - Filling up the DagBag from /home/rodrigo/Escritorio/BBDDAvanzadas/.venv/lib/python3.12/site-packages/airflow/example_dags/example_python_decorator.py
[2026-05-07T19:42:45.292+0200] {logging_mixin.py:190} INFO - [2026-05-07T19:42:45.292+0200] {example_python_decorator.py:80} WARNING - The virtalenv_python example task requires virtualenv, please install it.
[2026-05-07T19:42:45.293+0200] {processor.py:925} INFO - DAG(s) 'example_python_decorator' retrieved from /home/rodrigo/Escritorio/BBDDAvanzadas/.venv/lib/python3.12/site-packages/airflow/example_dags/example_python_decorator.py
[2026-05-07T19:42:45.305+0200] {logging_mixin.py:190} INFO - [2026-05-07T19:42:45.305+0200] {dag.py:3239} INFO - Sync 1 DAGs
[2026-05-07T19:42:45.313+0200] {logging_mixin.py:190} INFO - [2026-05-07T19:42:45.313+0200] {dag.py:4180} INFO - Setting next_dagrun for example_python_decorator to None, run_after=None
[2026-05-07T19:42:45.333+0200] {processor.py:208} INFO - Processing /home/rodrigo/Escritorio/BBDDAvanzadas/.venv/lib/python3.12/site-packages/airflow/example_dags/example_python_decorator.py took 0.054 seconds
[2026-05-07T19:43:57.004+0200] {processor.py:186} INFO - Started process (PID=15647) to work on /home/rodrigo/Escritorio/BBDDAvanzadas/.venv/lib/python3.12/site-packages/airflow/example_dags/example_python_decorator.py
[2026-05-07T19:43:57.005+0200] {processor.py:914} INFO - Processing file /home/rodrigo/Escritorio/BBDDAvanzadas/.venv/lib/python3.12/site-packages/airflow/example_dags/example_python_decorator.py for tasks to queue
[2026-05-07T19:43:57.006+0200] {logging_mixin.py:190} INFO - [2026-05-07T19:43:57.006+0200] {dagbag.py:588} INFO - Filling up the DagBag from /home/rodrigo/Escritorio/BBDDAvanzadas/.venv/lib/python3.12/site-packages/airflow/example_dags/example_python_decorator.py
[2026-05-07T19:43:57.013+0200] {logging_mixin.py:190} INFO - [2026-05-07T19:43:57.013+0200] {example_python_decorator.py:80} WARNING - The virtalenv_python example task requires virtualenv, please install it.
[2026-05-07T19:43:57.014+0200] {processor.py:925} INFO - DAG(s) 'example_python_decorator' retrieved from /home/rodrigo/Escritorio/BBDDAvanzadas/.venv/lib/python3.12/site-packages/airflow/example_dags/example_python_decorator.py
[2026-05-07T19:43:57.029+0200] {logging_mixin.py:190} INFO - [2026-05-07T19:43:57.029+0200] {dag.py:3239} INFO - Sync 1 DAGs
[2026-05-07T19:43:57.154+0200] {logging_mixin.py:190} INFO - [2026-05-07T19:43:57.153+0200] {dag.py:4180} INFO - Setting next_dagrun for example_python_decorator to None, run_after=None
[2026-05-07T19:43:57.172+0200] {processor.py:208} INFO - Processing /home/rodrigo/Escritorio/BBDDAvanzadas/.venv/lib/python3.12/site-packages/airflow/example_dags/example_python_decorator.py took 0.173 seconds
[2026-05-07T19:45:38.099+0200] {processor.py:186} INFO - Started process (PID=15895) to work on /home/rodrigo/Escritorio/BBDDAvanzadas/.venv/lib/python3.12/site-packages/airflow/example_dags/example_python_decorator.py
[2026-05-07T19:45:38.101+0200] {processor.py:914} INFO - Processing file /home/rodrigo/Escritorio/BBDDAvanzadas/.venv/lib/python3.12/site-packages/airflow/example_dags/example_python_decorator.py for tasks to queue
[2026-05-07T19:45:38.102+0200] {logging_mixin.py:190} INFO - [2026-05-07T19:45:38.102+0200] {dagbag.py:588} INFO - Filling up the DagBag from /home/rodrigo/Escritorio/BBDDAvanzadas/.venv/lib/python3.12/site-packages/airflow/example_dags/example_python_decorator.py
[2026-05-07T19:45:38.109+0200] {logging_mixin.py:190} INFO - [2026-05-07T19:45:38.109+0200] {example_python_decorator.py:80} WARNING - The virtalenv_python example task requires virtualenv, please install it.
[2026-05-07T19:45:38.111+0200] {processor.py:925} INFO - DAG(s) 'example_python_decorator' retrieved from /home/rodrigo/Escritorio/BBDDAvanzadas/.venv/lib/python3.12/site-packages/airflow/example_dags/example_python_decorator.py
[2026-05-07T19:45:38.123+0200] {logging_mixin.py:190} INFO - [2026-05-07T19:45:38.123+0200] {dag.py:3239} INFO - Sync 1 DAGs
[2026-05-07T19:45:38.132+0200] {logging_mixin.py:190} INFO - [2026-05-07T19:45:38.132+0200] {dag.py:4180} INFO - Setting next_dagrun for example_python_decorator to None, run_after=None
[2026-05-07T19:45:38.151+0200] {processor.py:208} INFO - Processing /home/rodrigo/Escritorio/BBDDAvanzadas/.venv/lib/python3.12/site-packages/airflow/example_dags/example_python_decorator.py took 0.057 seconds
[2026-05-07T19:47:11.685+0200] {processor.py:186} INFO - Started process (PID=16042) to work on /home/rodrigo/Escritorio/BBDDAvanzadas/.venv/lib/python3.12/site-packages/airflow/example_dags/example_python_decorator.py
[2026-05-07T19:47:11.693+0200] {processor.py:914} INFO - Processing file /home/rodrigo/Escritorio/BBDDAvanzadas/.venv/lib/python3.12/site-packages/airflow/example_dags/example_python_decorator.py for tasks to queue
[2026-05-07T19:47:11.695+0200] {logging_mixin.py:190} INFO - [2026-05-07T19:47:11.695+0200] {dagbag.py:588} INFO - Filling up the DagBag from /home/rodrigo/Escritorio/BBDDAvanzadas/.venv/lib/python3.12/site-packages/airflow/example_dags/example_python_decorator.py
[2026-05-07T19:47:11.702+0200] {logging_mixin.py:190} INFO - [2026-05-07T19:47:11.702+0200] {example_python_decorator.py:80} WARNING - The virtalenv_python example task requires virtualenv, please install it.
[2026-05-07T19:47:11.704+0200] {processor.py:925} INFO - DAG(s) 'example_python_decorator' retrieved from /home/rodrigo/Escritorio/BBDDAvanzadas/.venv/lib/python3.12/site-packages/airflow/example_dags/example_python_decorator.py
[2026-05-07T19:47:11.716+0200] {logging_mixin.py:190} INFO - [2026-05-07T19:47:11.716+0200] {dag.py:3239} INFO - Sync 1 DAGs
[2026-05-07T19:47:11.725+0200] {logging_mixin.py:190} INFO - [2026-05-07T19:47:11.725+0200] {dag.py:4180} INFO - Setting next_dagrun for example_python_decorator to None, run_after=None
[2026-05-07T19:47:11.742+0200] {processor.py:208} INFO - Processing /home/rodrigo/Escritorio/BBDDAvanzadas/.venv/lib/python3.12/site-packages/airflow/example_dags/example_python_decorator.py took 0.062 seconds
[2026-05-07T19:48:18.806+0200] {processor.py:186} INFO - Started process (PID=16185) to work on /home/rodrigo/Escritorio/BBDDAvanzadas/.venv/lib/python3.12/site-packages/airflow/example_dags/example_python_decorator.py
[2026-05-07T19:48:18.808+0200] {processor.py:914} INFO - Processing file /home/rodrigo/Escritorio/BBDDAvanzadas/.venv/lib/python3.12/site-packages/airflow/example_dags/example_python_decorator.py for tasks to queue
[2026-05-07T19:48:18.809+0200] {logging_mixin.py:190} INFO - [2026-05-07T19:48:18.809+0200] {dagbag.py:588} INFO - Filling up the DagBag from /home/rodrigo/Escritorio/BBDDAvanzadas/.venv/lib/python3.12/site-packages/airflow/example_dags/example_python_decorator.py
[2026-05-07T19:48:18.816+0200] {logging_mixin.py:190} INFO - [2026-05-07T19:48:18.816+0200] {example_python_decorator.py:80} WARNING - The virtalenv_python example task requires virtualenv, please install it.
[2026-05-07T19:48:18.818+0200] {processor.py:925} INFO - DAG(s) 'example_python_decorator' retrieved from /home/rodrigo/Escritorio/BBDDAvanzadas/.venv/lib/python3.12/site-packages/airflow/example_dags/example_python_decorator.py
[2026-05-07T19:48:18.831+0200] {logging_mixin.py:190} INFO - [2026-05-07T19:48:18.831+0200] {dag.py:3239} INFO - Sync 1 DAGs
[2026-05-07T19:48:18.840+0200] {logging_mixin.py:190} INFO - [2026-05-07T19:48:18.840+0200] {dag.py:4180} INFO - Setting next_dagrun for example_python_decorator to None, run_after=None
[2026-05-07T19:48:18.859+0200] {processor.py:208} INFO - Processing /home/rodrigo/Escritorio/BBDDAvanzadas/.venv/lib/python3.12/site-packages/airflow/example_dags/example_python_decorator.py took 0.058 seconds
[2026-05-07T19:50:01.521+0200] {processor.py:186} INFO - Started process (PID=16312) to work on /home/rodrigo/Escritorio/BBDDAvanzadas/.venv/lib/python3.12/site-packages/airflow/example_dags/example_python_decorator.py
[2026-05-07T19:50:01.523+0200] {processor.py:914} INFO - Processing file /home/rodrigo/Escritorio/BBDDAvanzadas/.venv/lib/python3.12/site-packages/airflow/example_dags/example_python_decorator.py for tasks to queue
[2026-05-07T19:50:01.524+0200] {logging_mixin.py:190} INFO - [2026-05-07T19:50:01.524+0200] {dagbag.py:588} INFO - Filling up the DagBag from /home/rodrigo/Escritorio/BBDDAvanzadas/.venv/lib/python3.12/site-packages/airflow/example_dags/example_python_decorator.py
[2026-05-07T19:50:01.530+0200] {logging_mixin.py:190} INFO - [2026-05-07T19:50:01.530+0200] {example_python_decorator.py:80} WARNING - The virtalenv_python example task requires virtualenv, please install it.
[2026-05-07T19:50:01.532+0200] {processor.py:925} INFO - DAG(s) 'example_python_decorator' retrieved from /home/rodrigo/Escritorio/BBDDAvanzadas/.venv/lib/python3.12/site-packages/airflow/example_dags/example_python_decorator.py
[2026-05-07T19:50:01.544+0200] {logging_mixin.py:190} INFO - [2026-05-07T19:50:01.544+0200] {dag.py:3239} INFO - Sync 1 DAGs
[2026-05-07T19:50:01.552+0200] {logging_mixin.py:190} INFO - [2026-05-07T19:50:01.552+0200] {dag.py:4180} INFO - Setting next_dagrun for example_python_decorator to None, run_after=None
[2026-05-07T19:50:01.567+0200] {processor.py:208} INFO - Processing /home/rodrigo/Escritorio/BBDDAvanzadas/.venv/lib/python3.12/site-packages/airflow/example_dags/example_python_decorator.py took 0.050 seconds
