[2026-05-07T19:32:48.876+0200] {processor.py:186} INFO - Started process (PID=14402) to work on /home/rodrigo/Escritorio/BBDDAvanzadas/.venv/lib/python3.12/site-packages/airflow/example_dags/example_latest_only_with_trigger.py
[2026-05-07T19:32:48.878+0200] {processor.py:914} INFO - Processing file /home/rodrigo/Escritorio/BBDDAvanzadas/.venv/lib/python3.12/site-packages/airflow/example_dags/example_latest_only_with_trigger.py for tasks to queue
[2026-05-07T19:32:48.886+0200] {logging_mixin.py:190} INFO - [2026-05-07T19:32:48.885+0200] {dagbag.py:588} INFO - Filling up the DagBag from /home/rodrigo/Escritorio/BBDDAvanzadas/.venv/lib/python3.12/site-packages/airflow/example_dags/example_latest_only_with_trigger.py
[2026-05-07T19:32:48.899+0200] {processor.py:925} INFO - DAG(s) 'latest_only_with_trigger' retrieved from /home/rodrigo/Escritorio/BBDDAvanzadas/.venv/lib/python3.12/site-packages/airflow/example_dags/example_latest_only_with_trigger.py
[2026-05-07T19:32:49.004+0200] {logging_mixin.py:190} INFO - [2026-05-07T19:32:49.003+0200] {override.py:1930} INFO - Created Permission View: can read on DAG:latest_only_with_trigger
[2026-05-07T19:32:49.020+0200] {logging_mixin.py:190} INFO - [2026-05-07T19:32:49.020+0200] {override.py:1930} INFO - Created Permission View: can edit on DAG:latest_only_with_trigger
[2026-05-07T19:32:49.048+0200] {logging_mixin.py:190} INFO - [2026-05-07T19:32:49.048+0200] {override.py:1930} INFO - Created Permission View: can delete on DAG:latest_only_with_trigger
[2026-05-07T19:32:49.096+0200] {logging_mixin.py:190} INFO - [2026-05-07T19:32:49.096+0200] {override.py:1930} INFO - Created Permission View: can create on DAG Run:latest_only_with_trigger
[2026-05-07T19:32:49.110+0200] {logging_mixin.py:190} INFO - [2026-05-07T19:32:49.109+0200] {override.py:1930} INFO - Created Permission View: can read on DAG Run:latest_only_with_trigger
[2026-05-07T19:32:49.120+0200] {logging_mixin.py:190} INFO - [2026-05-07T19:32:49.119+0200] {override.py:1930} INFO - Created Permission View: menu access on DAG Run:latest_only_with_trigger
[2026-05-07T19:32:49.131+0200] {logging_mixin.py:190} INFO - [2026-05-07T19:32:49.130+0200] {override.py:1930} INFO - Created Permission View: can delete on DAG Run:latest_only_with_trigger
[2026-05-07T19:32:49.131+0200] {logging_mixin.py:190} INFO - [2026-05-07T19:32:49.131+0200] {dag.py:3239} INFO - Sync 1 DAGs
[2026-05-07T19:32:49.138+0200] {logging_mixin.py:190} INFO - [2026-05-07T19:32:49.138+0200] {dag.py:3262} INFO - Creating ORM DAG for latest_only_with_trigger
[2026-05-07T19:32:49.143+0200] {logging_mixin.py:190} INFO - [2026-05-07T19:32:49.143+0200] {dag.py:4180} INFO - Setting next_dagrun for latest_only_with_trigger to 2026-05-07 12:00:00+00:00, run_after=2026-05-07 16:00:00+00:00
[2026-05-07T19:32:49.159+0200] {processor.py:208} INFO - Processing /home/rodrigo/Escritorio/BBDDAvanzadas/.venv/lib/python3.12/site-packages/airflow/example_dags/example_latest_only_with_trigger.py took 0.300 seconds
[2026-05-07T19:37:37.738+0200] {processor.py:186} INFO - Started process (PID=14915) to work on /home/rodrigo/Escritorio/BBDDAvanzadas/.venv/lib/python3.12/site-packages/airflow/example_dags/example_latest_only_with_trigger.py
[2026-05-07T19:37:37.743+0200] {processor.py:914} INFO - Processing file /home/rodrigo/Escritorio/BBDDAvanzadas/.venv/lib/python3.12/site-packages/airflow/example_dags/example_latest_only_with_trigger.py for tasks to queue
[2026-05-07T19:37:37.746+0200] {logging_mixin.py:190} INFO - [2026-05-07T19:37:37.745+0200] {dagbag.py:588} INFO - Filling up the DagBag from /home/rodrigo/Escritorio/BBDDAvanzadas/.venv/lib/python3.12/site-packages/airflow/example_dags/example_latest_only_with_trigger.py
[2026-05-07T19:37:37.755+0200] {processor.py:925} INFO - DAG(s) 'latest_only_with_trigger' retrieved from /home/rodrigo/Escritorio/BBDDAvanzadas/.venv/lib/python3.12/site-packages/airflow/example_dags/example_latest_only_with_trigger.py
[2026-05-07T19:37:37.770+0200] {logging_mixin.py:190} INFO - [2026-05-07T19:37:37.770+0200] {dag.py:3239} INFO - Sync 1 DAGs
[2026-05-07T19:37:37.788+0200] {logging_mixin.py:190} INFO - [2026-05-07T19:37:37.788+0200] {dag.py:4180} INFO - Setting next_dagrun for latest_only_with_trigger to 2026-05-07 12:00:00+00:00, run_after=2026-05-07 16:00:00+00:00
[2026-05-07T19:37:37.845+0200] {processor.py:208} INFO - Processing /home/rodrigo/Escritorio/BBDDAvanzadas/.venv/lib/python3.12/site-packages/airflow/example_dags/example_latest_only_with_trigger.py took 0.110 seconds
[2026-05-07T19:38:48.890+0200] {processor.py:186} INFO - Started process (PID=14994) to work on /home/rodrigo/Escritorio/BBDDAvanzadas/.venv/lib/python3.12/site-packages/airflow/example_dags/example_latest_only_with_trigger.py
[2026-05-07T19:38:48.893+0200] {processor.py:914} INFO - Processing file /home/rodrigo/Escritorio/BBDDAvanzadas/.venv/lib/python3.12/site-packages/airflow/example_dags/example_latest_only_with_trigger.py for tasks to queue
[2026-05-07T19:38:48.895+0200] {logging_mixin.py:190} INFO - [2026-05-07T19:38:48.895+0200] {dagbag.py:588} INFO - Filling up the DagBag from /home/rodrigo/Escritorio/BBDDAvanzadas/.venv/lib/python3.12/site-packages/airflow/example_dags/example_latest_only_with_trigger.py
[2026-05-07T19:38:48.922+0200] {processor.py:925} INFO - DAG(s) 'latest_only_with_trigger' retrieved from /home/rodrigo/Escritorio/BBDDAvanzadas/.venv/lib/python3.12/site-packages/airflow/example_dags/example_latest_only_with_trigger.py
[2026-05-07T19:38:48.943+0200] {logging_mixin.py:190} INFO - [2026-05-07T19:38:48.942+0200] {dag.py:3239} INFO - Sync 1 DAGs
[2026-05-07T19:38:48.961+0200] {logging_mixin.py:190} INFO - [2026-05-07T19:38:48.961+0200] {dag.py:4180} INFO - Setting next_dagrun for latest_only_with_trigger to 2026-05-07 12:00:00+00:00, run_after=2026-05-07 16:00:00+00:00
[2026-05-07T19:38:48.993+0200] {processor.py:208} INFO - Processing /home/rodrigo/Escritorio/BBDDAvanzadas/.venv/lib/python3.12/site-packages/airflow/example_dags/example_latest_only_with_trigger.py took 0.107 seconds
[2026-05-07T19:40:17.386+0200] {processor.py:186} INFO - Started process (PID=15106) to work on /home/rodrigo/Escritorio/BBDDAvanzadas/.venv/lib/python3.12/site-packages/airflow/example_dags/example_latest_only_with_trigger.py
[2026-05-07T19:40:17.392+0200] {processor.py:914} INFO - Processing file /home/rodrigo/Escritorio/BBDDAvanzadas/.venv/lib/python3.12/site-packages/airflow/example_dags/example_latest_only_with_trigger.py for tasks to queue
[2026-05-07T19:40:17.401+0200] {logging_mixin.py:190} INFO - [2026-05-07T19:40:17.401+0200] {dagbag.py:588} INFO - Filling up the DagBag from /home/rodrigo/Escritorio/BBDDAvanzadas/.venv/lib/python3.12/site-packages/airflow/example_dags/example_latest_only_with_trigger.py
[2026-05-07T19:40:17.421+0200] {processor.py:925} INFO - DAG(s) 'latest_only_with_trigger' retrieved from /home/rodrigo/Escritorio/BBDDAvanzadas/.venv/lib/python3.12/site-packages/airflow/example_dags/example_latest_only_with_trigger.py
[2026-05-07T19:40:17.505+0200] {logging_mixin.py:190} INFO - [2026-05-07T19:40:17.503+0200] {dag.py:3239} INFO - Sync 1 DAGs
[2026-05-07T19:40:17.715+0200] {logging_mixin.py:190} INFO - [2026-05-07T19:40:17.715+0200] {dag.py:4180} INFO - Setting next_dagrun for latest_only_with_trigger to 2026-05-07 12:00:00+00:00, run_after=2026-05-07 16:00:00+00:00
[2026-05-07T19:40:17.987+0200] {processor.py:208} INFO - Processing /home/rodrigo/Escritorio/BBDDAvanzadas/.venv/lib/python3.12/site-packages/airflow/example_dags/example_latest_only_with_trigger.py took 0.605 seconds
[2026-05-07T19:41:34.548+0200] {processor.py:186} INFO - Started process (PID=15227) to work on /home/rodrigo/Escritorio/BBDDAvanzadas/.venv/lib/python3.12/site-packages/airflow/example_dags/example_latest_only_with_trigger.py
[2026-05-07T19:41:34.552+0200] {processor.py:914} INFO - Processing file /home/rodrigo/Escritorio/BBDDAvanzadas/.venv/lib/python3.12/site-packages/airflow/example_dags/example_latest_only_with_trigger.py for tasks to queue
[2026-05-07T19:41:34.554+0200] {logging_mixin.py:190} INFO - [2026-05-07T19:41:34.553+0200] {dagbag.py:588} INFO - Filling up the DagBag from /home/rodrigo/Escritorio/BBDDAvanzadas/.venv/lib/python3.12/site-packages/airflow/example_dags/example_latest_only_with_trigger.py
[2026-05-07T19:41:34.561+0200] {processor.py:925} INFO - DAG(s) 'latest_only_with_trigger' retrieved from /home/rodrigo/Escritorio/BBDDAvanzadas/.venv/lib/python3.12/site-packages/airflow/example_dags/example_latest_only_with_trigger.py
[2026-05-07T19:41:34.591+0200] {logging_mixin.py:190} INFO - [2026-05-07T19:41:34.591+0200] {dag.py:3239} INFO - Sync 1 DAGs
[2026-05-07T19:41:34.607+0200] {logging_mixin.py:190} INFO - [2026-05-07T19:41:34.607+0200] {dag.py:4180} INFO - Setting next_dagrun for latest_only_with_trigger to 2026-05-07 12:00:00+00:00, run_after=2026-05-07 16:00:00+00:00
[2026-05-07T19:41:34.663+0200] {processor.py:208} INFO - Processing /home/rodrigo/Escritorio/BBDDAvanzadas/.venv/lib/python3.12/site-packages/airflow/example_dags/example_latest_only_with_trigger.py took 0.120 seconds
[2026-05-07T19:42:52.548+0200] {processor.py:186} INFO - Started process (PID=15467) to work on /home/rodrigo/Escritorio/BBDDAvanzadas/.venv/lib/python3.12/site-packages/airflow/example_dags/example_latest_only_with_trigger.py
[2026-05-07T19:42:52.550+0200] {processor.py:914} INFO - Processing file /home/rodrigo/Escritorio/BBDDAvanzadas/.venv/lib/python3.12/site-packages/airflow/example_dags/example_latest_only_with_trigger.py for tasks to queue
[2026-05-07T19:42:52.551+0200] {logging_mixin.py:190} INFO - [2026-05-07T19:42:52.551+0200] {dagbag.py:588} INFO - Filling up the DagBag from /home/rodrigo/Escritorio/BBDDAvanzadas/.venv/lib/python3.12/site-packages/airflow/example_dags/example_latest_only_with_trigger.py
[2026-05-07T19:42:52.557+0200] {processor.py:925} INFO - DAG(s) 'latest_only_with_trigger' retrieved from /home/rodrigo/Escritorio/BBDDAvanzadas/.venv/lib/python3.12/site-packages/airflow/example_dags/example_latest_only_with_trigger.py
[2026-05-07T19:42:52.568+0200] {logging_mixin.py:190} INFO - [2026-05-07T19:42:52.568+0200] {dag.py:3239} INFO - Sync 1 DAGs
[2026-05-07T19:42:52.580+0200] {logging_mixin.py:190} INFO - [2026-05-07T19:42:52.580+0200] {dag.py:4180} INFO - Setting next_dagrun for latest_only_with_trigger to 2026-05-07 12:00:00+00:00, run_after=2026-05-07 16:00:00+00:00
[2026-05-07T19:42:52.595+0200] {processor.py:208} INFO - Processing /home/rodrigo/Escritorio/BBDDAvanzadas/.venv/lib/python3.12/site-packages/airflow/example_dags/example_latest_only_with_trigger.py took 0.052 seconds
[2026-05-07T19:44:05.255+0200] {processor.py:186} INFO - Started process (PID=15659) to work on /home/rodrigo/Escritorio/BBDDAvanzadas/.venv/lib/python3.12/site-packages/airflow/example_dags/example_latest_only_with_trigger.py
[2026-05-07T19:44:05.257+0200] {processor.py:914} INFO - Processing file /home/rodrigo/Escritorio/BBDDAvanzadas/.venv/lib/python3.12/site-packages/airflow/example_dags/example_latest_only_with_trigger.py for tasks to queue
[2026-05-07T19:44:05.259+0200] {logging_mixin.py:190} INFO - [2026-05-07T19:44:05.259+0200] {dagbag.py:588} INFO - Filling up the DagBag from /home/rodrigo/Escritorio/BBDDAvanzadas/.venv/lib/python3.12/site-packages/airflow/example_dags/example_latest_only_with_trigger.py
[2026-05-07T19:44:05.266+0200] {processor.py:925} INFO - DAG(s) 'latest_only_with_trigger' retrieved from /home/rodrigo/Escritorio/BBDDAvanzadas/.venv/lib/python3.12/site-packages/airflow/example_dags/example_latest_only_with_trigger.py
[2026-05-07T19:44:05.381+0200] {logging_mixin.py:190} INFO - [2026-05-07T19:44:05.381+0200] {dag.py:3239} INFO - Sync 1 DAGs
[2026-05-07T19:44:05.392+0200] {logging_mixin.py:190} INFO - [2026-05-07T19:44:05.392+0200] {dag.py:4180} INFO - Setting next_dagrun for latest_only_with_trigger to 2026-05-07 12:00:00+00:00, run_after=2026-05-07 16:00:00+00:00
[2026-05-07T19:44:05.409+0200] {processor.py:208} INFO - Processing /home/rodrigo/Escritorio/BBDDAvanzadas/.venv/lib/python3.12/site-packages/airflow/example_dags/example_latest_only_with_trigger.py took 0.158 seconds
[2026-05-07T19:45:46.253+0200] {processor.py:186} INFO - Started process (PID=15902) to work on /home/rodrigo/Escritorio/BBDDAvanzadas/.venv/lib/python3.12/site-packages/airflow/example_dags/example_latest_only_with_trigger.py
[2026-05-07T19:45:46.255+0200] {processor.py:914} INFO - Processing file /home/rodrigo/Escritorio/BBDDAvanzadas/.venv/lib/python3.12/site-packages/airflow/example_dags/example_latest_only_with_trigger.py for tasks to queue
[2026-05-07T19:45:46.256+0200] {logging_mixin.py:190} INFO - [2026-05-07T19:45:46.256+0200] {dagbag.py:588} INFO - Filling up the DagBag from /home/rodrigo/Escritorio/BBDDAvanzadas/.venv/lib/python3.12/site-packages/airflow/example_dags/example_latest_only_with_trigger.py
[2026-05-07T19:45:46.262+0200] {processor.py:925} INFO - DAG(s) 'latest_only_with_trigger' retrieved from /home/rodrigo/Escritorio/BBDDAvanzadas/.venv/lib/python3.12/site-packages/airflow/example_dags/example_latest_only_with_trigger.py
[2026-05-07T19:45:46.275+0200] {logging_mixin.py:190} INFO - [2026-05-07T19:45:46.275+0200] {dag.py:3239} INFO - Sync 1 DAGs
[2026-05-07T19:45:46.288+0200] {logging_mixin.py:190} INFO - [2026-05-07T19:45:46.288+0200] {dag.py:4180} INFO - Setting next_dagrun for latest_only_with_trigger to 2026-05-07 12:00:00+00:00, run_after=2026-05-07 16:00:00+00:00
[2026-05-07T19:45:46.305+0200] {processor.py:208} INFO - Processing /home/rodrigo/Escritorio/BBDDAvanzadas/.venv/lib/python3.12/site-packages/airflow/example_dags/example_latest_only_with_trigger.py took 0.056 seconds
[2026-05-07T19:47:18.553+0200] {processor.py:186} INFO - Started process (PID=16056) to work on /home/rodrigo/Escritorio/BBDDAvanzadas/.venv/lib/python3.12/site-packages/airflow/example_dags/example_latest_only_with_trigger.py
[2026-05-07T19:47:18.556+0200] {processor.py:914} INFO - Processing file /home/rodrigo/Escritorio/BBDDAvanzadas/.venv/lib/python3.12/site-packages/airflow/example_dags/example_latest_only_with_trigger.py for tasks to queue
[2026-05-07T19:47:18.559+0200] {logging_mixin.py:190} INFO - [2026-05-07T19:47:18.558+0200] {dagbag.py:588} INFO - Filling up the DagBag from /home/rodrigo/Escritorio/BBDDAvanzadas/.venv/lib/python3.12/site-packages/airflow/example_dags/example_latest_only_with_trigger.py
[2026-05-07T19:47:18.582+0200] {processor.py:925} INFO - DAG(s) 'latest_only_with_trigger' retrieved from /home/rodrigo/Escritorio/BBDDAvanzadas/.venv/lib/python3.12/site-packages/airflow/example_dags/example_latest_only_with_trigger.py
[2026-05-07T19:47:18.613+0200] {logging_mixin.py:190} INFO - [2026-05-07T19:47:18.613+0200] {dag.py:3239} INFO - Sync 1 DAGs
[2026-05-07T19:47:18.636+0200] {logging_mixin.py:190} INFO - [2026-05-07T19:47:18.635+0200] {dag.py:4180} INFO - Setting next_dagrun for latest_only_with_trigger to 2026-05-07 12:00:00+00:00, run_after=2026-05-07 16:00:00+00:00
[2026-05-07T19:47:18.703+0200] {processor.py:208} INFO - Processing /home/rodrigo/Escritorio/BBDDAvanzadas/.venv/lib/python3.12/site-packages/airflow/example_dags/example_latest_only_with_trigger.py took 0.160 seconds
[2026-05-07T19:48:28.673+0200] {processor.py:186} INFO - Started process (PID=16192) to work on /home/rodrigo/Escritorio/BBDDAvanzadas/.venv/lib/python3.12/site-packages/airflow/example_dags/example_latest_only_with_trigger.py
[2026-05-07T19:48:28.674+0200] {processor.py:914} INFO - Processing file /home/rodrigo/Escritorio/BBDDAvanzadas/.venv/lib/python3.12/site-packages/airflow/example_dags/example_latest_only_with_trigger.py for tasks to queue
[2026-05-07T19:48:28.676+0200] {logging_mixin.py:190} INFO - [2026-05-07T19:48:28.675+0200] {dagbag.py:588} INFO - Filling up the DagBag from /home/rodrigo/Escritorio/BBDDAvanzadas/.venv/lib/python3.12/site-packages/airflow/example_dags/example_latest_only_with_trigger.py
[2026-05-07T19:48:28.682+0200] {processor.py:925} INFO - DAG(s) 'latest_only_with_trigger' retrieved from /home/rodrigo/Escritorio/BBDDAvanzadas/.venv/lib/python3.12/site-packages/airflow/example_dags/example_latest_only_with_trigger.py
[2026-05-07T19:48:28.695+0200] {logging_mixin.py:190} INFO - [2026-05-07T19:48:28.695+0200] {dag.py:3239} INFO - Sync 1 DAGs
[2026-05-07T19:48:28.709+0200] {logging_mixin.py:190} INFO - [2026-05-07T19:48:28.709+0200] {dag.py:4180} INFO - Setting next_dagrun for latest_only_with_trigger to 2026-05-07 12:00:00+00:00, run_after=2026-05-07 16:00:00+00:00
[2026-05-07T19:48:28.727+0200] {processor.py:208} INFO - Processing /home/rodrigo/Escritorio/BBDDAvanzadas/.venv/lib/python3.12/site-packages/airflow/example_dags/example_latest_only_with_trigger.py took 0.058 seconds
[2026-05-07T19:50:10.437+0200] {processor.py:186} INFO - Started process (PID=16319) to work on /home/rodrigo/Escritorio/BBDDAvanzadas/.venv/lib/python3.12/site-packages/airflow/example_dags/example_latest_only_with_trigger.py
[2026-05-07T19:50:10.439+0200] {processor.py:914} INFO - Processing file /home/rodrigo/Escritorio/BBDDAvanzadas/.venv/lib/python3.12/site-packages/airflow/example_dags/example_latest_only_with_trigger.py for tasks to queue
[2026-05-07T19:50:10.441+0200] {logging_mixin.py:190} INFO - [2026-05-07T19:50:10.440+0200] {dagbag.py:588} INFO - Filling up the DagBag from /home/rodrigo/Escritorio/BBDDAvanzadas/.venv/lib/python3.12/site-packages/airflow/example_dags/example_latest_only_with_trigger.py
[2026-05-07T19:50:10.447+0200] {processor.py:925} INFO - DAG(s) 'latest_only_with_trigger' retrieved from /home/rodrigo/Escritorio/BBDDAvanzadas/.venv/lib/python3.12/site-packages/airflow/example_dags/example_latest_only_with_trigger.py
[2026-05-07T19:50:10.458+0200] {logging_mixin.py:190} INFO - [2026-05-07T19:50:10.458+0200] {dag.py:3239} INFO - Sync 1 DAGs
[2026-05-07T19:50:10.471+0200] {logging_mixin.py:190} INFO - [2026-05-07T19:50:10.471+0200] {dag.py:4180} INFO - Setting next_dagrun for latest_only_with_trigger to 2026-05-07 12:00:00+00:00, run_after=2026-05-07 16:00:00+00:00
[2026-05-07T19:50:10.488+0200] {processor.py:208} INFO - Processing /home/rodrigo/Escritorio/BBDDAvanzadas/.venv/lib/python3.12/site-packages/airflow/example_dags/example_latest_only_with_trigger.py took 0.055 seconds
