[2026-05-07T19:32:50.339+0200] {processor.py:186} INFO - Started process (PID=14403) to work on /home/rodrigo/Escritorio/BBDDAvanzadas/.venv/lib/python3.12/site-packages/airflow/example_dags/example_latest_only.py
[2026-05-07T19:32:50.340+0200] {processor.py:914} INFO - Processing file /home/rodrigo/Escritorio/BBDDAvanzadas/.venv/lib/python3.12/site-packages/airflow/example_dags/example_latest_only.py for tasks to queue
[2026-05-07T19:32:50.342+0200] {logging_mixin.py:190} INFO - [2026-05-07T19:32:50.342+0200] {dagbag.py:588} INFO - Filling up the DagBag from /home/rodrigo/Escritorio/BBDDAvanzadas/.venv/lib/python3.12/site-packages/airflow/example_dags/example_latest_only.py
[2026-05-07T19:32:50.347+0200] {processor.py:925} INFO - DAG(s) 'latest_only' retrieved from /home/rodrigo/Escritorio/BBDDAvanzadas/.venv/lib/python3.12/site-packages/airflow/example_dags/example_latest_only.py
[2026-05-07T19:32:50.446+0200] {logging_mixin.py:190} INFO - [2026-05-07T19:32:50.446+0200] {override.py:1930} INFO - Created Permission View: can read on DAG:latest_only
[2026-05-07T19:32:50.458+0200] {logging_mixin.py:190} INFO - [2026-05-07T19:32:50.457+0200] {override.py:1930} INFO - Created Permission View: can edit on DAG:latest_only
[2026-05-07T19:32:50.466+0200] {logging_mixin.py:190} INFO - [2026-05-07T19:32:50.466+0200] {override.py:1930} INFO - Created Permission View: can delete on DAG:latest_only
[2026-05-07T19:32:50.483+0200] {logging_mixin.py:190} INFO - [2026-05-07T19:32:50.483+0200] {override.py:1930} INFO - Created Permission View: can create on DAG Run:latest_only
[2026-05-07T19:32:50.493+0200] {logging_mixin.py:190} INFO - [2026-05-07T19:32:50.493+0200] {override.py:1930} INFO - Created Permission View: can read on DAG Run:latest_only
[2026-05-07T19:32:50.507+0200] {logging_mixin.py:190} INFO - [2026-05-07T19:32:50.507+0200] {override.py:1930} INFO - Created Permission View: menu access on DAG Run:latest_only
[2026-05-07T19:32:50.526+0200] {logging_mixin.py:190} INFO - [2026-05-07T19:32:50.526+0200] {override.py:1930} INFO - Created Permission View: can delete on DAG Run:latest_only
[2026-05-07T19:32:50.527+0200] {logging_mixin.py:190} INFO - [2026-05-07T19:32:50.527+0200] {dag.py:3239} INFO - Sync 1 DAGs
[2026-05-07T19:32:50.537+0200] {logging_mixin.py:190} INFO - [2026-05-07T19:32:50.537+0200] {dag.py:3262} INFO - Creating ORM DAG for latest_only
[2026-05-07T19:32:50.544+0200] {logging_mixin.py:190} INFO - [2026-05-07T19:32:50.544+0200] {dag.py:4180} INFO - Setting next_dagrun for latest_only to 2026-05-07 12:00:00+00:00, run_after=2026-05-07 16:00:00+00:00
[2026-05-07T19:32:50.573+0200] {processor.py:208} INFO - Processing /home/rodrigo/Escritorio/BBDDAvanzadas/.venv/lib/python3.12/site-packages/airflow/example_dags/example_latest_only.py took 0.242 seconds
[2026-05-07T19:37:39.045+0200] {processor.py:186} INFO - Started process (PID=14916) to work on /home/rodrigo/Escritorio/BBDDAvanzadas/.venv/lib/python3.12/site-packages/airflow/example_dags/example_latest_only.py
[2026-05-07T19:37:39.055+0200] {processor.py:914} INFO - Processing file /home/rodrigo/Escritorio/BBDDAvanzadas/.venv/lib/python3.12/site-packages/airflow/example_dags/example_latest_only.py for tasks to queue
[2026-05-07T19:37:39.058+0200] {logging_mixin.py:190} INFO - [2026-05-07T19:37:39.057+0200] {dagbag.py:588} INFO - Filling up the DagBag from /home/rodrigo/Escritorio/BBDDAvanzadas/.venv/lib/python3.12/site-packages/airflow/example_dags/example_latest_only.py
[2026-05-07T19:37:39.065+0200] {processor.py:925} INFO - DAG(s) 'latest_only' retrieved from /home/rodrigo/Escritorio/BBDDAvanzadas/.venv/lib/python3.12/site-packages/airflow/example_dags/example_latest_only.py
[2026-05-07T19:37:39.081+0200] {logging_mixin.py:190} INFO - [2026-05-07T19:37:39.079+0200] {dag.py:3239} INFO - Sync 1 DAGs
[2026-05-07T19:37:39.118+0200] {logging_mixin.py:190} INFO - [2026-05-07T19:37:39.118+0200] {dag.py:4180} INFO - Setting next_dagrun for latest_only to 2026-05-07 12:00:00+00:00, run_after=2026-05-07 16:00:00+00:00
[2026-05-07T19:37:39.158+0200] {processor.py:208} INFO - Processing /home/rodrigo/Escritorio/BBDDAvanzadas/.venv/lib/python3.12/site-packages/airflow/example_dags/example_latest_only.py took 0.124 seconds
[2026-05-07T19:38:49.832+0200] {processor.py:186} INFO - Started process (PID=14995) to work on /home/rodrigo/Escritorio/BBDDAvanzadas/.venv/lib/python3.12/site-packages/airflow/example_dags/example_latest_only.py
[2026-05-07T19:38:49.835+0200] {processor.py:914} INFO - Processing file /home/rodrigo/Escritorio/BBDDAvanzadas/.venv/lib/python3.12/site-packages/airflow/example_dags/example_latest_only.py for tasks to queue
[2026-05-07T19:38:49.836+0200] {logging_mixin.py:190} INFO - [2026-05-07T19:38:49.836+0200] {dagbag.py:588} INFO - Filling up the DagBag from /home/rodrigo/Escritorio/BBDDAvanzadas/.venv/lib/python3.12/site-packages/airflow/example_dags/example_latest_only.py
[2026-05-07T19:38:49.842+0200] {processor.py:925} INFO - DAG(s) 'latest_only' retrieved from /home/rodrigo/Escritorio/BBDDAvanzadas/.venv/lib/python3.12/site-packages/airflow/example_dags/example_latest_only.py
[2026-05-07T19:38:49.859+0200] {logging_mixin.py:190} INFO - [2026-05-07T19:38:49.859+0200] {dag.py:3239} INFO - Sync 1 DAGs
[2026-05-07T19:38:49.903+0200] {logging_mixin.py:190} INFO - [2026-05-07T19:38:49.903+0200] {dag.py:4180} INFO - Setting next_dagrun for latest_only to 2026-05-07 12:00:00+00:00, run_after=2026-05-07 16:00:00+00:00
[2026-05-07T19:38:49.921+0200] {processor.py:208} INFO - Processing /home/rodrigo/Escritorio/BBDDAvanzadas/.venv/lib/python3.12/site-packages/airflow/example_dags/example_latest_only.py took 0.105 seconds
[2026-05-07T19:40:19.360+0200] {processor.py:186} INFO - Started process (PID=15107) to work on /home/rodrigo/Escritorio/BBDDAvanzadas/.venv/lib/python3.12/site-packages/airflow/example_dags/example_latest_only.py
[2026-05-07T19:40:19.375+0200] {processor.py:914} INFO - Processing file /home/rodrigo/Escritorio/BBDDAvanzadas/.venv/lib/python3.12/site-packages/airflow/example_dags/example_latest_only.py for tasks to queue
[2026-05-07T19:40:19.377+0200] {logging_mixin.py:190} INFO - [2026-05-07T19:40:19.377+0200] {dagbag.py:588} INFO - Filling up the DagBag from /home/rodrigo/Escritorio/BBDDAvanzadas/.venv/lib/python3.12/site-packages/airflow/example_dags/example_latest_only.py
[2026-05-07T19:40:19.391+0200] {processor.py:925} INFO - DAG(s) 'latest_only' retrieved from /home/rodrigo/Escritorio/BBDDAvanzadas/.venv/lib/python3.12/site-packages/airflow/example_dags/example_latest_only.py
[2026-05-07T19:40:19.414+0200] {logging_mixin.py:190} INFO - [2026-05-07T19:40:19.414+0200] {dag.py:3239} INFO - Sync 1 DAGs
[2026-05-07T19:40:19.463+0200] {logging_mixin.py:190} INFO - [2026-05-07T19:40:19.463+0200] {dag.py:4180} INFO - Setting next_dagrun for latest_only to 2026-05-07 12:00:00+00:00, run_after=2026-05-07 16:00:00+00:00
[2026-05-07T19:40:19.974+0200] {processor.py:208} INFO - Processing /home/rodrigo/Escritorio/BBDDAvanzadas/.venv/lib/python3.12/site-packages/airflow/example_dags/example_latest_only.py took 0.620 seconds
[2026-05-07T19:41:35.840+0200] {processor.py:186} INFO - Started process (PID=15230) to work on /home/rodrigo/Escritorio/BBDDAvanzadas/.venv/lib/python3.12/site-packages/airflow/example_dags/example_latest_only.py
[2026-05-07T19:41:35.844+0200] {processor.py:914} INFO - Processing file /home/rodrigo/Escritorio/BBDDAvanzadas/.venv/lib/python3.12/site-packages/airflow/example_dags/example_latest_only.py for tasks to queue
[2026-05-07T19:41:35.846+0200] {logging_mixin.py:190} INFO - [2026-05-07T19:41:35.845+0200] {dagbag.py:588} INFO - Filling up the DagBag from /home/rodrigo/Escritorio/BBDDAvanzadas/.venv/lib/python3.12/site-packages/airflow/example_dags/example_latest_only.py
[2026-05-07T19:41:35.852+0200] {processor.py:925} INFO - DAG(s) 'latest_only' retrieved from /home/rodrigo/Escritorio/BBDDAvanzadas/.venv/lib/python3.12/site-packages/airflow/example_dags/example_latest_only.py
[2026-05-07T19:41:35.869+0200] {logging_mixin.py:190} INFO - [2026-05-07T19:41:35.868+0200] {dag.py:3239} INFO - Sync 1 DAGs
[2026-05-07T19:41:35.885+0200] {logging_mixin.py:190} INFO - [2026-05-07T19:41:35.885+0200] {dag.py:4180} INFO - Setting next_dagrun for latest_only to 2026-05-07 12:00:00+00:00, run_after=2026-05-07 16:00:00+00:00
[2026-05-07T19:41:35.908+0200] {processor.py:208} INFO - Processing /home/rodrigo/Escritorio/BBDDAvanzadas/.venv/lib/python3.12/site-packages/airflow/example_dags/example_latest_only.py took 0.072 seconds
[2026-05-07T19:42:53.387+0200] {processor.py:186} INFO - Started process (PID=15468) to work on /home/rodrigo/Escritorio/BBDDAvanzadas/.venv/lib/python3.12/site-packages/airflow/example_dags/example_latest_only.py
[2026-05-07T19:42:53.389+0200] {processor.py:914} INFO - Processing file /home/rodrigo/Escritorio/BBDDAvanzadas/.venv/lib/python3.12/site-packages/airflow/example_dags/example_latest_only.py for tasks to queue
[2026-05-07T19:42:53.391+0200] {logging_mixin.py:190} INFO - [2026-05-07T19:42:53.390+0200] {dagbag.py:588} INFO - Filling up the DagBag from /home/rodrigo/Escritorio/BBDDAvanzadas/.venv/lib/python3.12/site-packages/airflow/example_dags/example_latest_only.py
[2026-05-07T19:42:53.399+0200] {processor.py:925} INFO - DAG(s) 'latest_only' retrieved from /home/rodrigo/Escritorio/BBDDAvanzadas/.venv/lib/python3.12/site-packages/airflow/example_dags/example_latest_only.py
[2026-05-07T19:42:53.414+0200] {logging_mixin.py:190} INFO - [2026-05-07T19:42:53.413+0200] {dag.py:3239} INFO - Sync 1 DAGs
[2026-05-07T19:42:53.430+0200] {logging_mixin.py:190} INFO - [2026-05-07T19:42:53.430+0200] {dag.py:4180} INFO - Setting next_dagrun for latest_only to 2026-05-07 12:00:00+00:00, run_after=2026-05-07 16:00:00+00:00
[2026-05-07T19:42:53.446+0200] {processor.py:208} INFO - Processing /home/rodrigo/Escritorio/BBDDAvanzadas/.venv/lib/python3.12/site-packages/airflow/example_dags/example_latest_only.py took 0.064 seconds
[2026-05-07T19:44:06.512+0200] {processor.py:186} INFO - Started process (PID=15660) to work on /home/rodrigo/Escritorio/BBDDAvanzadas/.venv/lib/python3.12/site-packages/airflow/example_dags/example_latest_only.py
[2026-05-07T19:44:06.513+0200] {processor.py:914} INFO - Processing file /home/rodrigo/Escritorio/BBDDAvanzadas/.venv/lib/python3.12/site-packages/airflow/example_dags/example_latest_only.py for tasks to queue
[2026-05-07T19:44:06.515+0200] {logging_mixin.py:190} INFO - [2026-05-07T19:44:06.514+0200] {dagbag.py:588} INFO - Filling up the DagBag from /home/rodrigo/Escritorio/BBDDAvanzadas/.venv/lib/python3.12/site-packages/airflow/example_dags/example_latest_only.py
[2026-05-07T19:44:06.520+0200] {processor.py:925} INFO - DAG(s) 'latest_only' retrieved from /home/rodrigo/Escritorio/BBDDAvanzadas/.venv/lib/python3.12/site-packages/airflow/example_dags/example_latest_only.py
[2026-05-07T19:44:06.688+0200] {logging_mixin.py:190} INFO - [2026-05-07T19:44:06.688+0200] {dag.py:3239} INFO - Sync 1 DAGs
[2026-05-07T19:44:06.699+0200] {logging_mixin.py:190} INFO - [2026-05-07T19:44:06.699+0200] {dag.py:4180} INFO - Setting next_dagrun for latest_only to 2026-05-07 12:00:00+00:00, run_after=2026-05-07 16:00:00+00:00
[2026-05-07T19:44:06.716+0200] {processor.py:208} INFO - Processing /home/rodrigo/Escritorio/BBDDAvanzadas/.venv/lib/python3.12/site-packages/airflow/example_dags/example_latest_only.py took 0.208 seconds
[2026-05-07T19:45:47.713+0200] {processor.py:186} INFO - Started process (PID=15903) to work on /home/rodrigo/Escritorio/BBDDAvanzadas/.venv/lib/python3.12/site-packages/airflow/example_dags/example_latest_only.py
[2026-05-07T19:45:47.715+0200] {processor.py:914} INFO - Processing file /home/rodrigo/Escritorio/BBDDAvanzadas/.venv/lib/python3.12/site-packages/airflow/example_dags/example_latest_only.py for tasks to queue
[2026-05-07T19:45:47.717+0200] {logging_mixin.py:190} INFO - [2026-05-07T19:45:47.716+0200] {dagbag.py:588} INFO - Filling up the DagBag from /home/rodrigo/Escritorio/BBDDAvanzadas/.venv/lib/python3.12/site-packages/airflow/example_dags/example_latest_only.py
[2026-05-07T19:45:47.724+0200] {processor.py:925} INFO - DAG(s) 'latest_only' retrieved from /home/rodrigo/Escritorio/BBDDAvanzadas/.venv/lib/python3.12/site-packages/airflow/example_dags/example_latest_only.py
[2026-05-07T19:45:47.737+0200] {logging_mixin.py:190} INFO - [2026-05-07T19:45:47.737+0200] {dag.py:3239} INFO - Sync 1 DAGs
[2026-05-07T19:45:47.754+0200] {logging_mixin.py:190} INFO - [2026-05-07T19:45:47.754+0200] {dag.py:4180} INFO - Setting next_dagrun for latest_only to 2026-05-07 12:00:00+00:00, run_after=2026-05-07 16:00:00+00:00
[2026-05-07T19:45:47.790+0200] {processor.py:208} INFO - Processing /home/rodrigo/Escritorio/BBDDAvanzadas/.venv/lib/python3.12/site-packages/airflow/example_dags/example_latest_only.py took 0.081 seconds
[2026-05-07T19:47:19.914+0200] {processor.py:186} INFO - Started process (PID=16057) to work on /home/rodrigo/Escritorio/BBDDAvanzadas/.venv/lib/python3.12/site-packages/airflow/example_dags/example_latest_only.py
[2026-05-07T19:47:19.920+0200] {processor.py:914} INFO - Processing file /home/rodrigo/Escritorio/BBDDAvanzadas/.venv/lib/python3.12/site-packages/airflow/example_dags/example_latest_only.py for tasks to queue
[2026-05-07T19:47:19.922+0200] {logging_mixin.py:190} INFO - [2026-05-07T19:47:19.922+0200] {dagbag.py:588} INFO - Filling up the DagBag from /home/rodrigo/Escritorio/BBDDAvanzadas/.venv/lib/python3.12/site-packages/airflow/example_dags/example_latest_only.py
[2026-05-07T19:47:19.929+0200] {processor.py:925} INFO - DAG(s) 'latest_only' retrieved from /home/rodrigo/Escritorio/BBDDAvanzadas/.venv/lib/python3.12/site-packages/airflow/example_dags/example_latest_only.py
[2026-05-07T19:47:19.941+0200] {logging_mixin.py:190} INFO - [2026-05-07T19:47:19.941+0200] {dag.py:3239} INFO - Sync 1 DAGs
[2026-05-07T19:47:19.956+0200] {logging_mixin.py:190} INFO - [2026-05-07T19:47:19.956+0200] {dag.py:4180} INFO - Setting next_dagrun for latest_only to 2026-05-07 12:00:00+00:00, run_after=2026-05-07 16:00:00+00:00
[2026-05-07T19:47:19.974+0200] {processor.py:208} INFO - Processing /home/rodrigo/Escritorio/BBDDAvanzadas/.venv/lib/python3.12/site-packages/airflow/example_dags/example_latest_only.py took 0.066 seconds
[2026-05-07T19:48:29.890+0200] {processor.py:186} INFO - Started process (PID=16193) to work on /home/rodrigo/Escritorio/BBDDAvanzadas/.venv/lib/python3.12/site-packages/airflow/example_dags/example_latest_only.py
[2026-05-07T19:48:29.892+0200] {processor.py:914} INFO - Processing file /home/rodrigo/Escritorio/BBDDAvanzadas/.venv/lib/python3.12/site-packages/airflow/example_dags/example_latest_only.py for tasks to queue
[2026-05-07T19:48:29.894+0200] {logging_mixin.py:190} INFO - [2026-05-07T19:48:29.894+0200] {dagbag.py:588} INFO - Filling up the DagBag from /home/rodrigo/Escritorio/BBDDAvanzadas/.venv/lib/python3.12/site-packages/airflow/example_dags/example_latest_only.py
[2026-05-07T19:48:29.901+0200] {processor.py:925} INFO - DAG(s) 'latest_only' retrieved from /home/rodrigo/Escritorio/BBDDAvanzadas/.venv/lib/python3.12/site-packages/airflow/example_dags/example_latest_only.py
[2026-05-07T19:48:29.915+0200] {logging_mixin.py:190} INFO - [2026-05-07T19:48:29.914+0200] {dag.py:3239} INFO - Sync 1 DAGs
[2026-05-07T19:48:29.928+0200] {logging_mixin.py:190} INFO - [2026-05-07T19:48:29.928+0200] {dag.py:4180} INFO - Setting next_dagrun for latest_only to 2026-05-07 12:00:00+00:00, run_after=2026-05-07 16:00:00+00:00
[2026-05-07T19:48:29.945+0200] {processor.py:208} INFO - Processing /home/rodrigo/Escritorio/BBDDAvanzadas/.venv/lib/python3.12/site-packages/airflow/example_dags/example_latest_only.py took 0.060 seconds
[2026-05-07T19:50:10.618+0200] {processor.py:186} INFO - Started process (PID=16320) to work on /home/rodrigo/Escritorio/BBDDAvanzadas/.venv/lib/python3.12/site-packages/airflow/example_dags/example_latest_only.py
[2026-05-07T19:50:10.619+0200] {processor.py:914} INFO - Processing file /home/rodrigo/Escritorio/BBDDAvanzadas/.venv/lib/python3.12/site-packages/airflow/example_dags/example_latest_only.py for tasks to queue
[2026-05-07T19:50:10.620+0200] {logging_mixin.py:190} INFO - [2026-05-07T19:50:10.620+0200] {dagbag.py:588} INFO - Filling up the DagBag from /home/rodrigo/Escritorio/BBDDAvanzadas/.venv/lib/python3.12/site-packages/airflow/example_dags/example_latest_only.py
[2026-05-07T19:50:10.626+0200] {processor.py:925} INFO - DAG(s) 'latest_only' retrieved from /home/rodrigo/Escritorio/BBDDAvanzadas/.venv/lib/python3.12/site-packages/airflow/example_dags/example_latest_only.py
[2026-05-07T19:50:10.637+0200] {logging_mixin.py:190} INFO - [2026-05-07T19:50:10.637+0200] {dag.py:3239} INFO - Sync 1 DAGs
[2026-05-07T19:50:10.650+0200] {logging_mixin.py:190} INFO - [2026-05-07T19:50:10.649+0200] {dag.py:4180} INFO - Setting next_dagrun for latest_only to 2026-05-07 12:00:00+00:00, run_after=2026-05-07 16:00:00+00:00
[2026-05-07T19:50:10.666+0200] {processor.py:208} INFO - Processing /home/rodrigo/Escritorio/BBDDAvanzadas/.venv/lib/python3.12/site-packages/airflow/example_dags/example_latest_only.py took 0.052 seconds
