[2026-05-07T19:31:44.367+0200] {processor.py:186} INFO - Started process (PID=14256) to work on /home/rodrigo/Escritorio/BBDDAvanzadas/.venv/lib/python3.12/site-packages/airflow/example_dags/example_xcom.py
[2026-05-07T19:31:44.368+0200] {processor.py:914} INFO - Processing file /home/rodrigo/Escritorio/BBDDAvanzadas/.venv/lib/python3.12/site-packages/airflow/example_dags/example_xcom.py for tasks to queue
[2026-05-07T19:31:44.370+0200] {logging_mixin.py:190} INFO - [2026-05-07T19:31:44.369+0200] {dagbag.py:588} INFO - Filling up the DagBag from /home/rodrigo/Escritorio/BBDDAvanzadas/.venv/lib/python3.12/site-packages/airflow/example_dags/example_xcom.py
[2026-05-07T19:31:44.378+0200] {processor.py:925} INFO - DAG(s) 'example_xcom' retrieved from /home/rodrigo/Escritorio/BBDDAvanzadas/.venv/lib/python3.12/site-packages/airflow/example_dags/example_xcom.py
[2026-05-07T19:31:44.472+0200] {logging_mixin.py:190} INFO - [2026-05-07T19:31:44.471+0200] {override.py:1930} INFO - Created Permission View: can delete on DAG:example_xcom
[2026-05-07T19:31:44.483+0200] {logging_mixin.py:190} INFO - [2026-05-07T19:31:44.483+0200] {override.py:1930} INFO - Created Permission View: can edit on DAG:example_xcom
[2026-05-07T19:31:44.492+0200] {logging_mixin.py:190} INFO - [2026-05-07T19:31:44.492+0200] {override.py:1930} INFO - Created Permission View: can read on DAG:example_xcom
[2026-05-07T19:31:44.506+0200] {logging_mixin.py:190} INFO - [2026-05-07T19:31:44.506+0200] {override.py:1930} INFO - Created Permission View: can delete on DAG Run:example_xcom
[2026-05-07T19:31:44.516+0200] {logging_mixin.py:190} INFO - [2026-05-07T19:31:44.515+0200] {override.py:1930} INFO - Created Permission View: can create on DAG Run:example_xcom
[2026-05-07T19:31:44.525+0200] {logging_mixin.py:190} INFO - [2026-05-07T19:31:44.525+0200] {override.py:1930} INFO - Created Permission View: menu access on DAG Run:example_xcom
[2026-05-07T19:31:44.534+0200] {logging_mixin.py:190} INFO - [2026-05-07T19:31:44.534+0200] {override.py:1930} INFO - Created Permission View: can read on DAG Run:example_xcom
[2026-05-07T19:31:44.535+0200] {logging_mixin.py:190} INFO - [2026-05-07T19:31:44.535+0200] {dag.py:3239} INFO - Sync 1 DAGs
[2026-05-07T19:31:44.544+0200] {logging_mixin.py:190} INFO - [2026-05-07T19:31:44.544+0200] {dag.py:3262} INFO - Creating ORM DAG for example_xcom
[2026-05-07T19:31:44.549+0200] {logging_mixin.py:190} INFO - [2026-05-07T19:31:44.548+0200] {dag.py:4180} INFO - Setting next_dagrun for example_xcom to 2021-01-01 00:00:00+00:00, run_after=2021-01-01 00:00:00+00:00
[2026-05-07T19:31:44.565+0200] {processor.py:208} INFO - Processing /home/rodrigo/Escritorio/BBDDAvanzadas/.venv/lib/python3.12/site-packages/airflow/example_dags/example_xcom.py took 0.204 seconds
[2026-05-07T19:32:17.358+0200] {processor.py:186} INFO - Started process (PID=14323) to work on /home/rodrigo/Escritorio/BBDDAvanzadas/.venv/lib/python3.12/site-packages/airflow/example_dags/example_xcom.py
[2026-05-07T19:32:17.359+0200] {processor.py:914} INFO - Processing file /home/rodrigo/Escritorio/BBDDAvanzadas/.venv/lib/python3.12/site-packages/airflow/example_dags/example_xcom.py for tasks to queue
[2026-05-07T19:32:17.361+0200] {logging_mixin.py:190} INFO - [2026-05-07T19:32:17.361+0200] {dagbag.py:588} INFO - Filling up the DagBag from /home/rodrigo/Escritorio/BBDDAvanzadas/.venv/lib/python3.12/site-packages/airflow/example_dags/example_xcom.py
[2026-05-07T19:32:17.370+0200] {processor.py:925} INFO - DAG(s) 'example_xcom' retrieved from /home/rodrigo/Escritorio/BBDDAvanzadas/.venv/lib/python3.12/site-packages/airflow/example_dags/example_xcom.py
[2026-05-07T19:32:17.388+0200] {logging_mixin.py:190} INFO - [2026-05-07T19:32:17.388+0200] {dag.py:3239} INFO - Sync 1 DAGs
[2026-05-07T19:32:17.402+0200] {logging_mixin.py:190} INFO - [2026-05-07T19:32:17.402+0200] {dag.py:4180} INFO - Setting next_dagrun for example_xcom to 2021-01-01 00:00:00+00:00, run_after=2021-01-01 00:00:00+00:00
[2026-05-07T19:32:17.420+0200] {processor.py:208} INFO - Processing /home/rodrigo/Escritorio/BBDDAvanzadas/.venv/lib/python3.12/site-packages/airflow/example_dags/example_xcom.py took 0.066 seconds
[2026-05-07T19:35:20.787+0200] {processor.py:186} INFO - Started process (PID=14704) to work on /home/rodrigo/Escritorio/BBDDAvanzadas/.venv/lib/python3.12/site-packages/airflow/example_dags/example_xcom.py
[2026-05-07T19:35:20.789+0200] {processor.py:914} INFO - Processing file /home/rodrigo/Escritorio/BBDDAvanzadas/.venv/lib/python3.12/site-packages/airflow/example_dags/example_xcom.py for tasks to queue
[2026-05-07T19:35:20.791+0200] {logging_mixin.py:190} INFO - [2026-05-07T19:35:20.790+0200] {dagbag.py:588} INFO - Filling up the DagBag from /home/rodrigo/Escritorio/BBDDAvanzadas/.venv/lib/python3.12/site-packages/airflow/example_dags/example_xcom.py
[2026-05-07T19:35:20.808+0200] {processor.py:925} INFO - DAG(s) 'example_xcom' retrieved from /home/rodrigo/Escritorio/BBDDAvanzadas/.venv/lib/python3.12/site-packages/airflow/example_dags/example_xcom.py
[2026-05-07T19:35:20.831+0200] {logging_mixin.py:190} INFO - [2026-05-07T19:35:20.831+0200] {dag.py:3239} INFO - Sync 1 DAGs
[2026-05-07T19:35:20.870+0200] {logging_mixin.py:190} INFO - [2026-05-07T19:35:20.870+0200] {dag.py:4180} INFO - Setting next_dagrun for example_xcom to 2021-01-01 00:00:00+00:00, run_after=2021-01-01 00:00:00+00:00
[2026-05-07T19:35:20.899+0200] {processor.py:208} INFO - Processing /home/rodrigo/Escritorio/BBDDAvanzadas/.venv/lib/python3.12/site-packages/airflow/example_dags/example_xcom.py took 0.119 seconds
[2026-05-07T19:37:12.554+0200] {processor.py:186} INFO - Started process (PID=14828) to work on /home/rodrigo/Escritorio/BBDDAvanzadas/.venv/lib/python3.12/site-packages/airflow/example_dags/example_xcom.py
[2026-05-07T19:37:12.556+0200] {processor.py:914} INFO - Processing file /home/rodrigo/Escritorio/BBDDAvanzadas/.venv/lib/python3.12/site-packages/airflow/example_dags/example_xcom.py for tasks to queue
[2026-05-07T19:37:12.558+0200] {logging_mixin.py:190} INFO - [2026-05-07T19:37:12.558+0200] {dagbag.py:588} INFO - Filling up the DagBag from /home/rodrigo/Escritorio/BBDDAvanzadas/.venv/lib/python3.12/site-packages/airflow/example_dags/example_xcom.py
[2026-05-07T19:37:12.572+0200] {processor.py:925} INFO - DAG(s) 'example_xcom' retrieved from /home/rodrigo/Escritorio/BBDDAvanzadas/.venv/lib/python3.12/site-packages/airflow/example_dags/example_xcom.py
[2026-05-07T19:37:12.649+0200] {logging_mixin.py:190} INFO - [2026-05-07T19:37:12.649+0200] {dag.py:3239} INFO - Sync 1 DAGs
[2026-05-07T19:37:12.694+0200] {logging_mixin.py:190} INFO - [2026-05-07T19:37:12.694+0200] {dag.py:4180} INFO - Setting next_dagrun for example_xcom to 2021-01-01 00:00:00+00:00, run_after=2021-01-01 00:00:00+00:00
[2026-05-07T19:37:12.715+0200] {processor.py:208} INFO - Processing /home/rodrigo/Escritorio/BBDDAvanzadas/.venv/lib/python3.12/site-packages/airflow/example_dags/example_xcom.py took 0.191 seconds
[2026-05-07T19:38:15.916+0200] {processor.py:186} INFO - Started process (PID=14957) to work on /home/rodrigo/Escritorio/BBDDAvanzadas/.venv/lib/python3.12/site-packages/airflow/example_dags/example_xcom.py
[2026-05-07T19:38:15.923+0200] {processor.py:914} INFO - Processing file /home/rodrigo/Escritorio/BBDDAvanzadas/.venv/lib/python3.12/site-packages/airflow/example_dags/example_xcom.py for tasks to queue
[2026-05-07T19:38:15.926+0200] {logging_mixin.py:190} INFO - [2026-05-07T19:38:15.926+0200] {dagbag.py:588} INFO - Filling up the DagBag from /home/rodrigo/Escritorio/BBDDAvanzadas/.venv/lib/python3.12/site-packages/airflow/example_dags/example_xcom.py
[2026-05-07T19:38:15.951+0200] {processor.py:925} INFO - DAG(s) 'example_xcom' retrieved from /home/rodrigo/Escritorio/BBDDAvanzadas/.venv/lib/python3.12/site-packages/airflow/example_dags/example_xcom.py
[2026-05-07T19:38:15.969+0200] {logging_mixin.py:190} INFO - [2026-05-07T19:38:15.969+0200] {dag.py:3239} INFO - Sync 1 DAGs
[2026-05-07T19:38:15.985+0200] {logging_mixin.py:190} INFO - [2026-05-07T19:38:15.985+0200] {dag.py:4180} INFO - Setting next_dagrun for example_xcom to 2021-01-01 00:00:00+00:00, run_after=2021-01-01 00:00:00+00:00
[2026-05-07T19:38:16.051+0200] {processor.py:208} INFO - Processing /home/rodrigo/Escritorio/BBDDAvanzadas/.venv/lib/python3.12/site-packages/airflow/example_dags/example_xcom.py took 0.139 seconds
[2026-05-07T19:39:39.361+0200] {processor.py:186} INFO - Started process (PID=15055) to work on /home/rodrigo/Escritorio/BBDDAvanzadas/.venv/lib/python3.12/site-packages/airflow/example_dags/example_xcom.py
[2026-05-07T19:39:39.365+0200] {processor.py:914} INFO - Processing file /home/rodrigo/Escritorio/BBDDAvanzadas/.venv/lib/python3.12/site-packages/airflow/example_dags/example_xcom.py for tasks to queue
[2026-05-07T19:39:39.371+0200] {logging_mixin.py:190} INFO - [2026-05-07T19:39:39.370+0200] {dagbag.py:588} INFO - Filling up the DagBag from /home/rodrigo/Escritorio/BBDDAvanzadas/.venv/lib/python3.12/site-packages/airflow/example_dags/example_xcom.py
[2026-05-07T19:39:39.379+0200] {processor.py:925} INFO - DAG(s) 'example_xcom' retrieved from /home/rodrigo/Escritorio/BBDDAvanzadas/.venv/lib/python3.12/site-packages/airflow/example_dags/example_xcom.py
[2026-05-07T19:39:39.398+0200] {logging_mixin.py:190} INFO - [2026-05-07T19:39:39.398+0200] {dag.py:3239} INFO - Sync 1 DAGs
[2026-05-07T19:39:39.413+0200] {logging_mixin.py:190} INFO - [2026-05-07T19:39:39.412+0200] {dag.py:4180} INFO - Setting next_dagrun for example_xcom to 2021-01-01 00:00:00+00:00, run_after=2021-01-01 00:00:00+00:00
[2026-05-07T19:39:39.455+0200] {processor.py:208} INFO - Processing /home/rodrigo/Escritorio/BBDDAvanzadas/.venv/lib/python3.12/site-packages/airflow/example_dags/example_xcom.py took 0.099 seconds
[2026-05-07T19:41:08.467+0200] {processor.py:186} INFO - Started process (PID=15173) to work on /home/rodrigo/Escritorio/BBDDAvanzadas/.venv/lib/python3.12/site-packages/airflow/example_dags/example_xcom.py
[2026-05-07T19:41:08.471+0200] {processor.py:914} INFO - Processing file /home/rodrigo/Escritorio/BBDDAvanzadas/.venv/lib/python3.12/site-packages/airflow/example_dags/example_xcom.py for tasks to queue
[2026-05-07T19:41:08.475+0200] {logging_mixin.py:190} INFO - [2026-05-07T19:41:08.473+0200] {dagbag.py:588} INFO - Filling up the DagBag from /home/rodrigo/Escritorio/BBDDAvanzadas/.venv/lib/python3.12/site-packages/airflow/example_dags/example_xcom.py
[2026-05-07T19:41:08.500+0200] {processor.py:925} INFO - DAG(s) 'example_xcom' retrieved from /home/rodrigo/Escritorio/BBDDAvanzadas/.venv/lib/python3.12/site-packages/airflow/example_dags/example_xcom.py
[2026-05-07T19:41:08.522+0200] {logging_mixin.py:190} INFO - [2026-05-07T19:41:08.522+0200] {dag.py:3239} INFO - Sync 1 DAGs
[2026-05-07T19:41:08.536+0200] {logging_mixin.py:190} INFO - [2026-05-07T19:41:08.536+0200] {dag.py:4180} INFO - Setting next_dagrun for example_xcom to 2021-01-01 00:00:00+00:00, run_after=2021-01-01 00:00:00+00:00
[2026-05-07T19:41:08.618+0200] {processor.py:208} INFO - Processing /home/rodrigo/Escritorio/BBDDAvanzadas/.venv/lib/python3.12/site-packages/airflow/example_dags/example_xcom.py took 0.163 seconds
[2026-05-07T19:41:55.474+0200] {processor.py:186} INFO - Started process (PID=15264) to work on /home/rodrigo/Escritorio/BBDDAvanzadas/.venv/lib/python3.12/site-packages/airflow/example_dags/example_xcom.py
[2026-05-07T19:41:55.475+0200] {processor.py:914} INFO - Processing file /home/rodrigo/Escritorio/BBDDAvanzadas/.venv/lib/python3.12/site-packages/airflow/example_dags/example_xcom.py for tasks to queue
[2026-05-07T19:41:55.477+0200] {logging_mixin.py:190} INFO - [2026-05-07T19:41:55.477+0200] {dagbag.py:588} INFO - Filling up the DagBag from /home/rodrigo/Escritorio/BBDDAvanzadas/.venv/lib/python3.12/site-packages/airflow/example_dags/example_xcom.py
[2026-05-07T19:41:55.484+0200] {processor.py:925} INFO - DAG(s) 'example_xcom' retrieved from /home/rodrigo/Escritorio/BBDDAvanzadas/.venv/lib/python3.12/site-packages/airflow/example_dags/example_xcom.py
[2026-05-07T19:41:55.514+0200] {logging_mixin.py:190} INFO - [2026-05-07T19:41:55.514+0200] {dag.py:3239} INFO - Sync 1 DAGs
[2026-05-07T19:41:55.539+0200] {logging_mixin.py:190} INFO - [2026-05-07T19:41:55.538+0200] {dag.py:4180} INFO - Setting next_dagrun for example_xcom to 2021-01-01 00:00:00+00:00, run_after=2021-01-01 00:00:00+00:00
[2026-05-07T19:41:55.584+0200] {processor.py:208} INFO - Processing /home/rodrigo/Escritorio/BBDDAvanzadas/.venv/lib/python3.12/site-packages/airflow/example_dags/example_xcom.py took 0.121 seconds
[2026-05-07T19:43:10.749+0200] {processor.py:186} INFO - Started process (PID=15539) to work on /home/rodrigo/Escritorio/BBDDAvanzadas/.venv/lib/python3.12/site-packages/airflow/example_dags/example_xcom.py
[2026-05-07T19:43:10.751+0200] {processor.py:914} INFO - Processing file /home/rodrigo/Escritorio/BBDDAvanzadas/.venv/lib/python3.12/site-packages/airflow/example_dags/example_xcom.py for tasks to queue
[2026-05-07T19:43:10.752+0200] {logging_mixin.py:190} INFO - [2026-05-07T19:43:10.752+0200] {dagbag.py:588} INFO - Filling up the DagBag from /home/rodrigo/Escritorio/BBDDAvanzadas/.venv/lib/python3.12/site-packages/airflow/example_dags/example_xcom.py
[2026-05-07T19:43:10.760+0200] {processor.py:925} INFO - DAG(s) 'example_xcom' retrieved from /home/rodrigo/Escritorio/BBDDAvanzadas/.venv/lib/python3.12/site-packages/airflow/example_dags/example_xcom.py
[2026-05-07T19:43:10.771+0200] {logging_mixin.py:190} INFO - [2026-05-07T19:43:10.771+0200] {dag.py:3239} INFO - Sync 1 DAGs
[2026-05-07T19:43:10.784+0200] {logging_mixin.py:190} INFO - [2026-05-07T19:43:10.784+0200] {dag.py:4180} INFO - Setting next_dagrun for example_xcom to 2021-01-01 00:00:00+00:00, run_after=2021-01-01 00:00:00+00:00
[2026-05-07T19:43:10.798+0200] {processor.py:208} INFO - Processing /home/rodrigo/Escritorio/BBDDAvanzadas/.venv/lib/python3.12/site-packages/airflow/example_dags/example_xcom.py took 0.055 seconds
[2026-05-07T19:44:28.993+0200] {processor.py:186} INFO - Started process (PID=15698) to work on /home/rodrigo/Escritorio/BBDDAvanzadas/.venv/lib/python3.12/site-packages/airflow/example_dags/example_xcom.py
[2026-05-07T19:44:28.994+0200] {processor.py:914} INFO - Processing file /home/rodrigo/Escritorio/BBDDAvanzadas/.venv/lib/python3.12/site-packages/airflow/example_dags/example_xcom.py for tasks to queue
[2026-05-07T19:44:28.995+0200] {logging_mixin.py:190} INFO - [2026-05-07T19:44:28.995+0200] {dagbag.py:588} INFO - Filling up the DagBag from /home/rodrigo/Escritorio/BBDDAvanzadas/.venv/lib/python3.12/site-packages/airflow/example_dags/example_xcom.py
[2026-05-07T19:44:29.004+0200] {processor.py:925} INFO - DAG(s) 'example_xcom' retrieved from /home/rodrigo/Escritorio/BBDDAvanzadas/.venv/lib/python3.12/site-packages/airflow/example_dags/example_xcom.py
[2026-05-07T19:44:29.017+0200] {logging_mixin.py:190} INFO - [2026-05-07T19:44:29.017+0200] {dag.py:3239} INFO - Sync 1 DAGs
[2026-05-07T19:44:29.054+0200] {logging_mixin.py:190} INFO - [2026-05-07T19:44:29.053+0200] {dag.py:4180} INFO - Setting next_dagrun for example_xcom to 2021-01-01 00:00:00+00:00, run_after=2021-01-01 00:00:00+00:00
[2026-05-07T19:44:29.074+0200] {processor.py:208} INFO - Processing /home/rodrigo/Escritorio/BBDDAvanzadas/.venv/lib/python3.12/site-packages/airflow/example_dags/example_xcom.py took 0.086 seconds
[2026-05-07T19:45:21.526+0200] {processor.py:186} INFO - Started process (PID=15880) to work on /home/rodrigo/Escritorio/BBDDAvanzadas/.venv/lib/python3.12/site-packages/airflow/example_dags/example_xcom.py
[2026-05-07T19:45:21.528+0200] {processor.py:914} INFO - Processing file /home/rodrigo/Escritorio/BBDDAvanzadas/.venv/lib/python3.12/site-packages/airflow/example_dags/example_xcom.py for tasks to queue
[2026-05-07T19:45:21.530+0200] {logging_mixin.py:190} INFO - [2026-05-07T19:45:21.530+0200] {dagbag.py:588} INFO - Filling up the DagBag from /home/rodrigo/Escritorio/BBDDAvanzadas/.venv/lib/python3.12/site-packages/airflow/example_dags/example_xcom.py
[2026-05-07T19:45:21.539+0200] {processor.py:925} INFO - DAG(s) 'example_xcom' retrieved from /home/rodrigo/Escritorio/BBDDAvanzadas/.venv/lib/python3.12/site-packages/airflow/example_dags/example_xcom.py
[2026-05-07T19:45:21.552+0200] {logging_mixin.py:190} INFO - [2026-05-07T19:45:21.552+0200] {dag.py:3239} INFO - Sync 1 DAGs
[2026-05-07T19:45:21.566+0200] {logging_mixin.py:190} INFO - [2026-05-07T19:45:21.566+0200] {dag.py:4180} INFO - Setting next_dagrun for example_xcom to 2021-01-01 00:00:00+00:00, run_after=2021-01-01 00:00:00+00:00
[2026-05-07T19:45:21.583+0200] {processor.py:208} INFO - Processing /home/rodrigo/Escritorio/BBDDAvanzadas/.venv/lib/python3.12/site-packages/airflow/example_dags/example_xcom.py took 0.062 seconds
[2026-05-07T19:46:12.068+0200] {processor.py:186} INFO - Started process (PID=15924) to work on /home/rodrigo/Escritorio/BBDDAvanzadas/.venv/lib/python3.12/site-packages/airflow/example_dags/example_xcom.py
[2026-05-07T19:46:12.069+0200] {processor.py:914} INFO - Processing file /home/rodrigo/Escritorio/BBDDAvanzadas/.venv/lib/python3.12/site-packages/airflow/example_dags/example_xcom.py for tasks to queue
[2026-05-07T19:46:12.071+0200] {logging_mixin.py:190} INFO - [2026-05-07T19:46:12.071+0200] {dagbag.py:588} INFO - Filling up the DagBag from /home/rodrigo/Escritorio/BBDDAvanzadas/.venv/lib/python3.12/site-packages/airflow/example_dags/example_xcom.py
[2026-05-07T19:46:12.079+0200] {processor.py:925} INFO - DAG(s) 'example_xcom' retrieved from /home/rodrigo/Escritorio/BBDDAvanzadas/.venv/lib/python3.12/site-packages/airflow/example_dags/example_xcom.py
[2026-05-07T19:46:12.092+0200] {logging_mixin.py:190} INFO - [2026-05-07T19:46:12.092+0200] {dag.py:3239} INFO - Sync 1 DAGs
[2026-05-07T19:46:12.105+0200] {logging_mixin.py:190} INFO - [2026-05-07T19:46:12.104+0200] {dag.py:4180} INFO - Setting next_dagrun for example_xcom to 2021-01-01 00:00:00+00:00, run_after=2021-01-01 00:00:00+00:00
[2026-05-07T19:46:12.121+0200] {processor.py:208} INFO - Processing /home/rodrigo/Escritorio/BBDDAvanzadas/.venv/lib/python3.12/site-packages/airflow/example_dags/example_xcom.py took 0.057 seconds
[2026-05-07T19:46:58.950+0200] {processor.py:186} INFO - Started process (PID=16016) to work on /home/rodrigo/Escritorio/BBDDAvanzadas/.venv/lib/python3.12/site-packages/airflow/example_dags/example_xcom.py
[2026-05-07T19:46:58.951+0200] {processor.py:914} INFO - Processing file /home/rodrigo/Escritorio/BBDDAvanzadas/.venv/lib/python3.12/site-packages/airflow/example_dags/example_xcom.py for tasks to queue
[2026-05-07T19:46:58.953+0200] {logging_mixin.py:190} INFO - [2026-05-07T19:46:58.952+0200] {dagbag.py:588} INFO - Filling up the DagBag from /home/rodrigo/Escritorio/BBDDAvanzadas/.venv/lib/python3.12/site-packages/airflow/example_dags/example_xcom.py
[2026-05-07T19:46:58.962+0200] {processor.py:925} INFO - DAG(s) 'example_xcom' retrieved from /home/rodrigo/Escritorio/BBDDAvanzadas/.venv/lib/python3.12/site-packages/airflow/example_dags/example_xcom.py
[2026-05-07T19:46:58.978+0200] {logging_mixin.py:190} INFO - [2026-05-07T19:46:58.978+0200] {dag.py:3239} INFO - Sync 1 DAGs
[2026-05-07T19:46:58.992+0200] {logging_mixin.py:190} INFO - [2026-05-07T19:46:58.991+0200] {dag.py:4180} INFO - Setting next_dagrun for example_xcom to 2021-01-01 00:00:00+00:00, run_after=2021-01-01 00:00:00+00:00
[2026-05-07T19:46:59.007+0200] {processor.py:208} INFO - Processing /home/rodrigo/Escritorio/BBDDAvanzadas/.venv/lib/python3.12/site-packages/airflow/example_dags/example_xcom.py took 0.062 seconds
[2026-05-07T19:48:04.027+0200] {processor.py:186} INFO - Started process (PID=16165) to work on /home/rodrigo/Escritorio/BBDDAvanzadas/.venv/lib/python3.12/site-packages/airflow/example_dags/example_xcom.py
[2026-05-07T19:48:04.034+0200] {processor.py:914} INFO - Processing file /home/rodrigo/Escritorio/BBDDAvanzadas/.venv/lib/python3.12/site-packages/airflow/example_dags/example_xcom.py for tasks to queue
[2026-05-07T19:48:04.048+0200] {logging_mixin.py:190} INFO - [2026-05-07T19:48:04.047+0200] {dagbag.py:588} INFO - Filling up the DagBag from /home/rodrigo/Escritorio/BBDDAvanzadas/.venv/lib/python3.12/site-packages/airflow/example_dags/example_xcom.py
[2026-05-07T19:48:04.079+0200] {processor.py:925} INFO - DAG(s) 'example_xcom' retrieved from /home/rodrigo/Escritorio/BBDDAvanzadas/.venv/lib/python3.12/site-packages/airflow/example_dags/example_xcom.py
[2026-05-07T19:48:04.148+0200] {logging_mixin.py:190} INFO - [2026-05-07T19:48:04.148+0200] {dag.py:3239} INFO - Sync 1 DAGs
[2026-05-07T19:48:04.178+0200] {logging_mixin.py:190} INFO - [2026-05-07T19:48:04.178+0200] {dag.py:4180} INFO - Setting next_dagrun for example_xcom to 2021-01-01 00:00:00+00:00, run_after=2021-01-01 00:00:00+00:00
[2026-05-07T19:48:04.236+0200] {processor.py:208} INFO - Processing /home/rodrigo/Escritorio/BBDDAvanzadas/.venv/lib/python3.12/site-packages/airflow/example_dags/example_xcom.py took 0.221 seconds
[2026-05-07T19:48:56.064+0200] {processor.py:186} INFO - Started process (PID=16228) to work on /home/rodrigo/Escritorio/BBDDAvanzadas/.venv/lib/python3.12/site-packages/airflow/example_dags/example_xcom.py
[2026-05-07T19:48:56.066+0200] {processor.py:914} INFO - Processing file /home/rodrigo/Escritorio/BBDDAvanzadas/.venv/lib/python3.12/site-packages/airflow/example_dags/example_xcom.py for tasks to queue
[2026-05-07T19:48:56.067+0200] {logging_mixin.py:190} INFO - [2026-05-07T19:48:56.067+0200] {dagbag.py:588} INFO - Filling up the DagBag from /home/rodrigo/Escritorio/BBDDAvanzadas/.venv/lib/python3.12/site-packages/airflow/example_dags/example_xcom.py
[2026-05-07T19:48:56.074+0200] {processor.py:925} INFO - DAG(s) 'example_xcom' retrieved from /home/rodrigo/Escritorio/BBDDAvanzadas/.venv/lib/python3.12/site-packages/airflow/example_dags/example_xcom.py
[2026-05-07T19:48:56.085+0200] {logging_mixin.py:190} INFO - [2026-05-07T19:48:56.085+0200] {dag.py:3239} INFO - Sync 1 DAGs
[2026-05-07T19:48:56.097+0200] {logging_mixin.py:190} INFO - [2026-05-07T19:48:56.097+0200] {dag.py:4180} INFO - Setting next_dagrun for example_xcom to 2021-01-01 00:00:00+00:00, run_after=2021-01-01 00:00:00+00:00
[2026-05-07T19:48:56.114+0200] {processor.py:208} INFO - Processing /home/rodrigo/Escritorio/BBDDAvanzadas/.venv/lib/python3.12/site-packages/airflow/example_dags/example_xcom.py took 0.053 seconds
[2026-05-07T19:49:49.683+0200] {processor.py:186} INFO - Started process (PID=16294) to work on /home/rodrigo/Escritorio/BBDDAvanzadas/.venv/lib/python3.12/site-packages/airflow/example_dags/example_xcom.py
[2026-05-07T19:49:49.684+0200] {processor.py:914} INFO - Processing file /home/rodrigo/Escritorio/BBDDAvanzadas/.venv/lib/python3.12/site-packages/airflow/example_dags/example_xcom.py for tasks to queue
[2026-05-07T19:49:49.685+0200] {logging_mixin.py:190} INFO - [2026-05-07T19:49:49.685+0200] {dagbag.py:588} INFO - Filling up the DagBag from /home/rodrigo/Escritorio/BBDDAvanzadas/.venv/lib/python3.12/site-packages/airflow/example_dags/example_xcom.py
[2026-05-07T19:49:49.692+0200] {processor.py:925} INFO - DAG(s) 'example_xcom' retrieved from /home/rodrigo/Escritorio/BBDDAvanzadas/.venv/lib/python3.12/site-packages/airflow/example_dags/example_xcom.py
[2026-05-07T19:49:49.703+0200] {logging_mixin.py:190} INFO - [2026-05-07T19:49:49.703+0200] {dag.py:3239} INFO - Sync 1 DAGs
[2026-05-07T19:49:49.716+0200] {logging_mixin.py:190} INFO - [2026-05-07T19:49:49.716+0200] {dag.py:4180} INFO - Setting next_dagrun for example_xcom to 2021-01-01 00:00:00+00:00, run_after=2021-01-01 00:00:00+00:00
[2026-05-07T19:49:49.734+0200] {processor.py:208} INFO - Processing /home/rodrigo/Escritorio/BBDDAvanzadas/.venv/lib/python3.12/site-packages/airflow/example_dags/example_xcom.py took 0.057 seconds
[2026-05-07T19:51:28.630+0200] {processor.py:186} INFO - Started process (PID=16390) to work on /home/rodrigo/Escritorio/BBDDAvanzadas/.venv/lib/python3.12/site-packages/airflow/example_dags/example_xcom.py
[2026-05-07T19:51:28.631+0200] {processor.py:914} INFO - Processing file /home/rodrigo/Escritorio/BBDDAvanzadas/.venv/lib/python3.12/site-packages/airflow/example_dags/example_xcom.py for tasks to queue
[2026-05-07T19:51:28.632+0200] {logging_mixin.py:190} INFO - [2026-05-07T19:51:28.632+0200] {dagbag.py:588} INFO - Filling up the DagBag from /home/rodrigo/Escritorio/BBDDAvanzadas/.venv/lib/python3.12/site-packages/airflow/example_dags/example_xcom.py
[2026-05-07T19:51:28.640+0200] {processor.py:925} INFO - DAG(s) 'example_xcom' retrieved from /home/rodrigo/Escritorio/BBDDAvanzadas/.venv/lib/python3.12/site-packages/airflow/example_dags/example_xcom.py
[2026-05-07T19:51:28.651+0200] {logging_mixin.py:190} INFO - [2026-05-07T19:51:28.651+0200] {dag.py:3239} INFO - Sync 1 DAGs
[2026-05-07T19:51:28.664+0200] {logging_mixin.py:190} INFO - [2026-05-07T19:51:28.664+0200] {dag.py:4180} INFO - Setting next_dagrun for example_xcom to 2021-01-01 00:00:00+00:00, run_after=2021-01-01 00:00:00+00:00
[2026-05-07T19:51:28.681+0200] {processor.py:208} INFO - Processing /home/rodrigo/Escritorio/BBDDAvanzadas/.venv/lib/python3.12/site-packages/airflow/example_dags/example_xcom.py took 0.057 seconds
[2026-05-07T19:52:38.530+0200] {processor.py:186} INFO - Started process (PID=16636) to work on /home/rodrigo/Escritorio/BBDDAvanzadas/.venv/lib/python3.12/site-packages/airflow/example_dags/example_xcom.py
[2026-05-07T19:52:38.536+0200] {processor.py:914} INFO - Processing file /home/rodrigo/Escritorio/BBDDAvanzadas/.venv/lib/python3.12/site-packages/airflow/example_dags/example_xcom.py for tasks to queue
[2026-05-07T19:52:38.539+0200] {logging_mixin.py:190} INFO - [2026-05-07T19:52:38.538+0200] {dagbag.py:588} INFO - Filling up the DagBag from /home/rodrigo/Escritorio/BBDDAvanzadas/.venv/lib/python3.12/site-packages/airflow/example_dags/example_xcom.py
[2026-05-07T19:52:38.546+0200] {processor.py:925} INFO - DAG(s) 'example_xcom' retrieved from /home/rodrigo/Escritorio/BBDDAvanzadas/.venv/lib/python3.12/site-packages/airflow/example_dags/example_xcom.py
[2026-05-07T19:52:38.565+0200] {logging_mixin.py:190} INFO - [2026-05-07T19:52:38.564+0200] {dag.py:3239} INFO - Sync 1 DAGs
[2026-05-07T19:52:38.580+0200] {logging_mixin.py:190} INFO - [2026-05-07T19:52:38.579+0200] {dag.py:4180} INFO - Setting next_dagrun for example_xcom to 2021-01-01 00:00:00+00:00, run_after=2021-01-01 00:00:00+00:00
[2026-05-07T19:52:38.642+0200] {processor.py:208} INFO - Processing /home/rodrigo/Escritorio/BBDDAvanzadas/.venv/lib/python3.12/site-packages/airflow/example_dags/example_xcom.py took 0.122 seconds
[2026-05-07T19:53:50.262+0200] {processor.py:186} INFO - Started process (PID=16793) to work on /home/rodrigo/Escritorio/BBDDAvanzadas/.venv/lib/python3.12/site-packages/airflow/example_dags/example_xcom.py
[2026-05-07T19:53:50.270+0200] {processor.py:914} INFO - Processing file /home/rodrigo/Escritorio/BBDDAvanzadas/.venv/lib/python3.12/site-packages/airflow/example_dags/example_xcom.py for tasks to queue
[2026-05-07T19:53:50.274+0200] {logging_mixin.py:190} INFO - [2026-05-07T19:53:50.273+0200] {dagbag.py:588} INFO - Filling up the DagBag from /home/rodrigo/Escritorio/BBDDAvanzadas/.venv/lib/python3.12/site-packages/airflow/example_dags/example_xcom.py
[2026-05-07T19:53:50.282+0200] {processor.py:925} INFO - DAG(s) 'example_xcom' retrieved from /home/rodrigo/Escritorio/BBDDAvanzadas/.venv/lib/python3.12/site-packages/airflow/example_dags/example_xcom.py
[2026-05-07T19:53:50.300+0200] {logging_mixin.py:190} INFO - [2026-05-07T19:53:50.300+0200] {dag.py:3239} INFO - Sync 1 DAGs
[2026-05-07T19:53:50.394+0200] {logging_mixin.py:190} INFO - [2026-05-07T19:53:50.394+0200] {dag.py:4180} INFO - Setting next_dagrun for example_xcom to 2021-01-01 00:00:00+00:00, run_after=2021-01-01 00:00:00+00:00
[2026-05-07T19:53:50.439+0200] {processor.py:208} INFO - Processing /home/rodrigo/Escritorio/BBDDAvanzadas/.venv/lib/python3.12/site-packages/airflow/example_dags/example_xcom.py took 0.194 seconds
[2026-05-07T19:55:01.115+0200] {processor.py:186} INFO - Started process (PID=16941) to work on /home/rodrigo/Escritorio/BBDDAvanzadas/.venv/lib/python3.12/site-packages/airflow/example_dags/example_xcom.py
[2026-05-07T19:55:01.118+0200] {processor.py:914} INFO - Processing file /home/rodrigo/Escritorio/BBDDAvanzadas/.venv/lib/python3.12/site-packages/airflow/example_dags/example_xcom.py for tasks to queue
[2026-05-07T19:55:01.120+0200] {logging_mixin.py:190} INFO - [2026-05-07T19:55:01.119+0200] {dagbag.py:588} INFO - Filling up the DagBag from /home/rodrigo/Escritorio/BBDDAvanzadas/.venv/lib/python3.12/site-packages/airflow/example_dags/example_xcom.py
[2026-05-07T19:55:01.127+0200] {processor.py:925} INFO - DAG(s) 'example_xcom' retrieved from /home/rodrigo/Escritorio/BBDDAvanzadas/.venv/lib/python3.12/site-packages/airflow/example_dags/example_xcom.py
[2026-05-07T19:55:01.152+0200] {logging_mixin.py:190} INFO - [2026-05-07T19:55:01.152+0200] {dag.py:3239} INFO - Sync 1 DAGs
[2026-05-07T19:55:01.195+0200] {logging_mixin.py:190} INFO - [2026-05-07T19:55:01.195+0200] {dag.py:4180} INFO - Setting next_dagrun for example_xcom to 2021-01-01 00:00:00+00:00, run_after=2021-01-01 00:00:00+00:00
[2026-05-07T19:55:01.217+0200] {processor.py:208} INFO - Processing /home/rodrigo/Escritorio/BBDDAvanzadas/.venv/lib/python3.12/site-packages/airflow/example_dags/example_xcom.py took 0.105 seconds
[2026-05-07T19:55:50.709+0200] {processor.py:186} INFO - Started process (PID=16992) to work on /home/rodrigo/Escritorio/BBDDAvanzadas/.venv/lib/python3.12/site-packages/airflow/example_dags/example_xcom.py
[2026-05-07T19:55:50.710+0200] {processor.py:914} INFO - Processing file /home/rodrigo/Escritorio/BBDDAvanzadas/.venv/lib/python3.12/site-packages/airflow/example_dags/example_xcom.py for tasks to queue
[2026-05-07T19:55:50.711+0200] {logging_mixin.py:190} INFO - [2026-05-07T19:55:50.711+0200] {dagbag.py:588} INFO - Filling up the DagBag from /home/rodrigo/Escritorio/BBDDAvanzadas/.venv/lib/python3.12/site-packages/airflow/example_dags/example_xcom.py
[2026-05-07T19:55:50.718+0200] {processor.py:925} INFO - DAG(s) 'example_xcom' retrieved from /home/rodrigo/Escritorio/BBDDAvanzadas/.venv/lib/python3.12/site-packages/airflow/example_dags/example_xcom.py
[2026-05-07T19:55:50.729+0200] {logging_mixin.py:190} INFO - [2026-05-07T19:55:50.729+0200] {dag.py:3239} INFO - Sync 1 DAGs
[2026-05-07T19:55:50.741+0200] {logging_mixin.py:190} INFO - [2026-05-07T19:55:50.741+0200] {dag.py:4180} INFO - Setting next_dagrun for example_xcom to 2021-01-01 00:00:00+00:00, run_after=2021-01-01 00:00:00+00:00
[2026-05-07T19:55:50.757+0200] {processor.py:208} INFO - Processing /home/rodrigo/Escritorio/BBDDAvanzadas/.venv/lib/python3.12/site-packages/airflow/example_dags/example_xcom.py took 0.052 seconds
[2026-05-07T19:56:53.175+0200] {processor.py:186} INFO - Started process (PID=17039) to work on /home/rodrigo/Escritorio/BBDDAvanzadas/.venv/lib/python3.12/site-packages/airflow/example_dags/example_xcom.py
[2026-05-07T19:56:53.177+0200] {processor.py:914} INFO - Processing file /home/rodrigo/Escritorio/BBDDAvanzadas/.venv/lib/python3.12/site-packages/airflow/example_dags/example_xcom.py for tasks to queue
[2026-05-07T19:56:53.179+0200] {logging_mixin.py:190} INFO - [2026-05-07T19:56:53.179+0200] {dagbag.py:588} INFO - Filling up the DagBag from /home/rodrigo/Escritorio/BBDDAvanzadas/.venv/lib/python3.12/site-packages/airflow/example_dags/example_xcom.py
[2026-05-07T19:56:53.186+0200] {processor.py:925} INFO - DAG(s) 'example_xcom' retrieved from /home/rodrigo/Escritorio/BBDDAvanzadas/.venv/lib/python3.12/site-packages/airflow/example_dags/example_xcom.py
[2026-05-07T19:56:53.197+0200] {logging_mixin.py:190} INFO - [2026-05-07T19:56:53.197+0200] {dag.py:3239} INFO - Sync 1 DAGs
[2026-05-07T19:56:53.209+0200] {logging_mixin.py:190} INFO - [2026-05-07T19:56:53.209+0200] {dag.py:4180} INFO - Setting next_dagrun for example_xcom to 2021-01-01 00:00:00+00:00, run_after=2021-01-01 00:00:00+00:00
[2026-05-07T19:56:53.224+0200] {processor.py:208} INFO - Processing /home/rodrigo/Escritorio/BBDDAvanzadas/.venv/lib/python3.12/site-packages/airflow/example_dags/example_xcom.py took 0.053 seconds
[2026-05-07T19:57:53.948+0200] {processor.py:186} INFO - Started process (PID=17085) to work on /home/rodrigo/Escritorio/BBDDAvanzadas/.venv/lib/python3.12/site-packages/airflow/example_dags/example_xcom.py
[2026-05-07T19:57:53.949+0200] {processor.py:914} INFO - Processing file /home/rodrigo/Escritorio/BBDDAvanzadas/.venv/lib/python3.12/site-packages/airflow/example_dags/example_xcom.py for tasks to queue
[2026-05-07T19:57:53.950+0200] {logging_mixin.py:190} INFO - [2026-05-07T19:57:53.950+0200] {dagbag.py:588} INFO - Filling up the DagBag from /home/rodrigo/Escritorio/BBDDAvanzadas/.venv/lib/python3.12/site-packages/airflow/example_dags/example_xcom.py
[2026-05-07T19:57:53.957+0200] {processor.py:925} INFO - DAG(s) 'example_xcom' retrieved from /home/rodrigo/Escritorio/BBDDAvanzadas/.venv/lib/python3.12/site-packages/airflow/example_dags/example_xcom.py
[2026-05-07T19:57:53.968+0200] {logging_mixin.py:190} INFO - [2026-05-07T19:57:53.968+0200] {dag.py:3239} INFO - Sync 1 DAGs
[2026-05-07T19:57:53.981+0200] {logging_mixin.py:190} INFO - [2026-05-07T19:57:53.981+0200] {dag.py:4180} INFO - Setting next_dagrun for example_xcom to 2021-01-01 00:00:00+00:00, run_after=2021-01-01 00:00:00+00:00
[2026-05-07T19:57:54.002+0200] {processor.py:208} INFO - Processing /home/rodrigo/Escritorio/BBDDAvanzadas/.venv/lib/python3.12/site-packages/airflow/example_dags/example_xcom.py took 0.058 seconds
[2026-05-07T19:58:59.069+0200] {processor.py:186} INFO - Started process (PID=17139) to work on /home/rodrigo/Escritorio/BBDDAvanzadas/.venv/lib/python3.12/site-packages/airflow/example_dags/example_xcom.py
[2026-05-07T19:58:59.070+0200] {processor.py:914} INFO - Processing file /home/rodrigo/Escritorio/BBDDAvanzadas/.venv/lib/python3.12/site-packages/airflow/example_dags/example_xcom.py for tasks to queue
[2026-05-07T19:58:59.071+0200] {logging_mixin.py:190} INFO - [2026-05-07T19:58:59.071+0200] {dagbag.py:588} INFO - Filling up the DagBag from /home/rodrigo/Escritorio/BBDDAvanzadas/.venv/lib/python3.12/site-packages/airflow/example_dags/example_xcom.py
[2026-05-07T19:58:59.078+0200] {processor.py:925} INFO - DAG(s) 'example_xcom' retrieved from /home/rodrigo/Escritorio/BBDDAvanzadas/.venv/lib/python3.12/site-packages/airflow/example_dags/example_xcom.py
[2026-05-07T19:58:59.089+0200] {logging_mixin.py:190} INFO - [2026-05-07T19:58:59.089+0200] {dag.py:3239} INFO - Sync 1 DAGs
[2026-05-07T19:58:59.101+0200] {logging_mixin.py:190} INFO - [2026-05-07T19:58:59.101+0200] {dag.py:4180} INFO - Setting next_dagrun for example_xcom to 2021-01-01 00:00:00+00:00, run_after=2021-01-01 00:00:00+00:00
[2026-05-07T19:58:59.116+0200] {processor.py:208} INFO - Processing /home/rodrigo/Escritorio/BBDDAvanzadas/.venv/lib/python3.12/site-packages/airflow/example_dags/example_xcom.py took 0.051 seconds
[2026-05-07T19:59:54.995+0200] {processor.py:186} INFO - Started process (PID=17188) to work on /home/rodrigo/Escritorio/BBDDAvanzadas/.venv/lib/python3.12/site-packages/airflow/example_dags/example_xcom.py
[2026-05-07T19:59:54.996+0200] {processor.py:914} INFO - Processing file /home/rodrigo/Escritorio/BBDDAvanzadas/.venv/lib/python3.12/site-packages/airflow/example_dags/example_xcom.py for tasks to queue
[2026-05-07T19:59:54.998+0200] {logging_mixin.py:190} INFO - [2026-05-07T19:59:54.997+0200] {dagbag.py:588} INFO - Filling up the DagBag from /home/rodrigo/Escritorio/BBDDAvanzadas/.venv/lib/python3.12/site-packages/airflow/example_dags/example_xcom.py
[2026-05-07T19:59:55.005+0200] {processor.py:925} INFO - DAG(s) 'example_xcom' retrieved from /home/rodrigo/Escritorio/BBDDAvanzadas/.venv/lib/python3.12/site-packages/airflow/example_dags/example_xcom.py
[2026-05-07T19:59:55.017+0200] {logging_mixin.py:190} INFO - [2026-05-07T19:59:55.017+0200] {dag.py:3239} INFO - Sync 1 DAGs
[2026-05-07T19:59:55.028+0200] {logging_mixin.py:190} INFO - [2026-05-07T19:59:55.028+0200] {dag.py:4180} INFO - Setting next_dagrun for example_xcom to 2021-01-01 00:00:00+00:00, run_after=2021-01-01 00:00:00+00:00
[2026-05-07T19:59:55.043+0200] {processor.py:208} INFO - Processing /home/rodrigo/Escritorio/BBDDAvanzadas/.venv/lib/python3.12/site-packages/airflow/example_dags/example_xcom.py took 0.052 seconds
[2026-05-07T20:00:50.615+0200] {processor.py:186} INFO - Started process (PID=17353) to work on /home/rodrigo/Escritorio/BBDDAvanzadas/.venv/lib/python3.12/site-packages/airflow/example_dags/example_xcom.py
[2026-05-07T20:00:50.616+0200] {processor.py:914} INFO - Processing file /home/rodrigo/Escritorio/BBDDAvanzadas/.venv/lib/python3.12/site-packages/airflow/example_dags/example_xcom.py for tasks to queue
[2026-05-07T20:00:50.618+0200] {logging_mixin.py:190} INFO - [2026-05-07T20:00:50.617+0200] {dagbag.py:588} INFO - Filling up the DagBag from /home/rodrigo/Escritorio/BBDDAvanzadas/.venv/lib/python3.12/site-packages/airflow/example_dags/example_xcom.py
[2026-05-07T20:00:50.624+0200] {processor.py:925} INFO - DAG(s) 'example_xcom' retrieved from /home/rodrigo/Escritorio/BBDDAvanzadas/.venv/lib/python3.12/site-packages/airflow/example_dags/example_xcom.py
[2026-05-07T20:00:50.635+0200] {logging_mixin.py:190} INFO - [2026-05-07T20:00:50.635+0200] {dag.py:3239} INFO - Sync 1 DAGs
[2026-05-07T20:00:50.647+0200] {logging_mixin.py:190} INFO - [2026-05-07T20:00:50.647+0200] {dag.py:4180} INFO - Setting next_dagrun for example_xcom to 2021-01-01 00:00:00+00:00, run_after=2021-01-01 00:00:00+00:00
[2026-05-07T20:00:50.665+0200] {processor.py:208} INFO - Processing /home/rodrigo/Escritorio/BBDDAvanzadas/.venv/lib/python3.12/site-packages/airflow/example_dags/example_xcom.py took 0.054 seconds
[2026-05-07T20:01:55.699+0200] {processor.py:186} INFO - Started process (PID=17520) to work on /home/rodrigo/Escritorio/BBDDAvanzadas/.venv/lib/python3.12/site-packages/airflow/example_dags/example_xcom.py
[2026-05-07T20:01:55.700+0200] {processor.py:914} INFO - Processing file /home/rodrigo/Escritorio/BBDDAvanzadas/.venv/lib/python3.12/site-packages/airflow/example_dags/example_xcom.py for tasks to queue
[2026-05-07T20:01:55.702+0200] {logging_mixin.py:190} INFO - [2026-05-07T20:01:55.701+0200] {dagbag.py:588} INFO - Filling up the DagBag from /home/rodrigo/Escritorio/BBDDAvanzadas/.venv/lib/python3.12/site-packages/airflow/example_dags/example_xcom.py
[2026-05-07T20:01:55.709+0200] {processor.py:925} INFO - DAG(s) 'example_xcom' retrieved from /home/rodrigo/Escritorio/BBDDAvanzadas/.venv/lib/python3.12/site-packages/airflow/example_dags/example_xcom.py
[2026-05-07T20:01:55.721+0200] {logging_mixin.py:190} INFO - [2026-05-07T20:01:55.720+0200] {dag.py:3239} INFO - Sync 1 DAGs
[2026-05-07T20:01:55.733+0200] {logging_mixin.py:190} INFO - [2026-05-07T20:01:55.732+0200] {dag.py:4180} INFO - Setting next_dagrun for example_xcom to 2021-01-01 00:00:00+00:00, run_after=2021-01-01 00:00:00+00:00
[2026-05-07T20:01:55.748+0200] {processor.py:208} INFO - Processing /home/rodrigo/Escritorio/BBDDAvanzadas/.venv/lib/python3.12/site-packages/airflow/example_dags/example_xcom.py took 0.053 seconds
[2026-05-07T20:02:54.901+0200] {processor.py:186} INFO - Started process (PID=17672) to work on /home/rodrigo/Escritorio/BBDDAvanzadas/.venv/lib/python3.12/site-packages/airflow/example_dags/example_xcom.py
[2026-05-07T20:02:54.902+0200] {processor.py:914} INFO - Processing file /home/rodrigo/Escritorio/BBDDAvanzadas/.venv/lib/python3.12/site-packages/airflow/example_dags/example_xcom.py for tasks to queue
[2026-05-07T20:02:54.903+0200] {logging_mixin.py:190} INFO - [2026-05-07T20:02:54.903+0200] {dagbag.py:588} INFO - Filling up the DagBag from /home/rodrigo/Escritorio/BBDDAvanzadas/.venv/lib/python3.12/site-packages/airflow/example_dags/example_xcom.py
[2026-05-07T20:02:54.911+0200] {processor.py:925} INFO - DAG(s) 'example_xcom' retrieved from /home/rodrigo/Escritorio/BBDDAvanzadas/.venv/lib/python3.12/site-packages/airflow/example_dags/example_xcom.py
[2026-05-07T20:02:54.923+0200] {logging_mixin.py:190} INFO - [2026-05-07T20:02:54.923+0200] {dag.py:3239} INFO - Sync 1 DAGs
[2026-05-07T20:02:54.936+0200] {logging_mixin.py:190} INFO - [2026-05-07T20:02:54.935+0200] {dag.py:4180} INFO - Setting next_dagrun for example_xcom to 2021-01-01 00:00:00+00:00, run_after=2021-01-01 00:00:00+00:00
[2026-05-07T20:02:54.959+0200] {processor.py:208} INFO - Processing /home/rodrigo/Escritorio/BBDDAvanzadas/.venv/lib/python3.12/site-packages/airflow/example_dags/example_xcom.py took 0.064 seconds
[2026-05-07T20:03:52.318+0200] {processor.py:186} INFO - Started process (PID=17793) to work on /home/rodrigo/Escritorio/BBDDAvanzadas/.venv/lib/python3.12/site-packages/airflow/example_dags/example_xcom.py
[2026-05-07T20:03:52.320+0200] {processor.py:914} INFO - Processing file /home/rodrigo/Escritorio/BBDDAvanzadas/.venv/lib/python3.12/site-packages/airflow/example_dags/example_xcom.py for tasks to queue
[2026-05-07T20:03:52.321+0200] {logging_mixin.py:190} INFO - [2026-05-07T20:03:52.321+0200] {dagbag.py:588} INFO - Filling up the DagBag from /home/rodrigo/Escritorio/BBDDAvanzadas/.venv/lib/python3.12/site-packages/airflow/example_dags/example_xcom.py
[2026-05-07T20:03:52.329+0200] {processor.py:925} INFO - DAG(s) 'example_xcom' retrieved from /home/rodrigo/Escritorio/BBDDAvanzadas/.venv/lib/python3.12/site-packages/airflow/example_dags/example_xcom.py
[2026-05-07T20:03:52.341+0200] {logging_mixin.py:190} INFO - [2026-05-07T20:03:52.341+0200] {dag.py:3239} INFO - Sync 1 DAGs
[2026-05-07T20:03:52.354+0200] {logging_mixin.py:190} INFO - [2026-05-07T20:03:52.354+0200] {dag.py:4180} INFO - Setting next_dagrun for example_xcom to 2021-01-01 00:00:00+00:00, run_after=2021-01-01 00:00:00+00:00
[2026-05-07T20:03:52.371+0200] {processor.py:208} INFO - Processing /home/rodrigo/Escritorio/BBDDAvanzadas/.venv/lib/python3.12/site-packages/airflow/example_dags/example_xcom.py took 0.056 seconds
[2026-05-07T20:04:57.383+0200] {processor.py:186} INFO - Started process (PID=17917) to work on /home/rodrigo/Escritorio/BBDDAvanzadas/.venv/lib/python3.12/site-packages/airflow/example_dags/example_xcom.py
[2026-05-07T20:04:57.384+0200] {processor.py:914} INFO - Processing file /home/rodrigo/Escritorio/BBDDAvanzadas/.venv/lib/python3.12/site-packages/airflow/example_dags/example_xcom.py for tasks to queue
[2026-05-07T20:04:57.385+0200] {logging_mixin.py:190} INFO - [2026-05-07T20:04:57.385+0200] {dagbag.py:588} INFO - Filling up the DagBag from /home/rodrigo/Escritorio/BBDDAvanzadas/.venv/lib/python3.12/site-packages/airflow/example_dags/example_xcom.py
[2026-05-07T20:04:57.393+0200] {processor.py:925} INFO - DAG(s) 'example_xcom' retrieved from /home/rodrigo/Escritorio/BBDDAvanzadas/.venv/lib/python3.12/site-packages/airflow/example_dags/example_xcom.py
[2026-05-07T20:04:57.404+0200] {logging_mixin.py:190} INFO - [2026-05-07T20:04:57.404+0200] {dag.py:3239} INFO - Sync 1 DAGs
[2026-05-07T20:04:57.417+0200] {logging_mixin.py:190} INFO - [2026-05-07T20:04:57.417+0200] {dag.py:4180} INFO - Setting next_dagrun for example_xcom to 2021-01-01 00:00:00+00:00, run_after=2021-01-01 00:00:00+00:00
[2026-05-07T20:04:57.433+0200] {processor.py:208} INFO - Processing /home/rodrigo/Escritorio/BBDDAvanzadas/.venv/lib/python3.12/site-packages/airflow/example_dags/example_xcom.py took 0.055 seconds
[2026-05-07T20:05:58.225+0200] {processor.py:186} INFO - Started process (PID=18041) to work on /home/rodrigo/Escritorio/BBDDAvanzadas/.venv/lib/python3.12/site-packages/airflow/example_dags/example_xcom.py
[2026-05-07T20:05:58.236+0200] {processor.py:914} INFO - Processing file /home/rodrigo/Escritorio/BBDDAvanzadas/.venv/lib/python3.12/site-packages/airflow/example_dags/example_xcom.py for tasks to queue
[2026-05-07T20:05:58.240+0200] {logging_mixin.py:190} INFO - [2026-05-07T20:05:58.240+0200] {dagbag.py:588} INFO - Filling up the DagBag from /home/rodrigo/Escritorio/BBDDAvanzadas/.venv/lib/python3.12/site-packages/airflow/example_dags/example_xcom.py
[2026-05-07T20:05:58.249+0200] {processor.py:925} INFO - DAG(s) 'example_xcom' retrieved from /home/rodrigo/Escritorio/BBDDAvanzadas/.venv/lib/python3.12/site-packages/airflow/example_dags/example_xcom.py
[2026-05-07T20:05:58.260+0200] {logging_mixin.py:190} INFO - [2026-05-07T20:05:58.260+0200] {dag.py:3239} INFO - Sync 1 DAGs
[2026-05-07T20:05:58.272+0200] {logging_mixin.py:190} INFO - [2026-05-07T20:05:58.272+0200] {dag.py:4180} INFO - Setting next_dagrun for example_xcom to 2021-01-01 00:00:00+00:00, run_after=2021-01-01 00:00:00+00:00
[2026-05-07T20:05:58.288+0200] {processor.py:208} INFO - Processing /home/rodrigo/Escritorio/BBDDAvanzadas/.venv/lib/python3.12/site-packages/airflow/example_dags/example_xcom.py took 0.077 seconds
[2026-05-07T20:06:57.029+0200] {processor.py:186} INFO - Started process (PID=18161) to work on /home/rodrigo/Escritorio/BBDDAvanzadas/.venv/lib/python3.12/site-packages/airflow/example_dags/example_xcom.py
[2026-05-07T20:06:57.030+0200] {processor.py:914} INFO - Processing file /home/rodrigo/Escritorio/BBDDAvanzadas/.venv/lib/python3.12/site-packages/airflow/example_dags/example_xcom.py for tasks to queue
[2026-05-07T20:06:57.032+0200] {logging_mixin.py:190} INFO - [2026-05-07T20:06:57.032+0200] {dagbag.py:588} INFO - Filling up the DagBag from /home/rodrigo/Escritorio/BBDDAvanzadas/.venv/lib/python3.12/site-packages/airflow/example_dags/example_xcom.py
[2026-05-07T20:06:57.040+0200] {processor.py:925} INFO - DAG(s) 'example_xcom' retrieved from /home/rodrigo/Escritorio/BBDDAvanzadas/.venv/lib/python3.12/site-packages/airflow/example_dags/example_xcom.py
[2026-05-07T20:06:57.052+0200] {logging_mixin.py:190} INFO - [2026-05-07T20:06:57.052+0200] {dag.py:3239} INFO - Sync 1 DAGs
[2026-05-07T20:06:57.065+0200] {logging_mixin.py:190} INFO - [2026-05-07T20:06:57.065+0200] {dag.py:4180} INFO - Setting next_dagrun for example_xcom to 2021-01-01 00:00:00+00:00, run_after=2021-01-01 00:00:00+00:00
[2026-05-07T20:06:57.085+0200] {processor.py:208} INFO - Processing /home/rodrigo/Escritorio/BBDDAvanzadas/.venv/lib/python3.12/site-packages/airflow/example_dags/example_xcom.py took 0.061 seconds
[2026-05-07T20:07:55.483+0200] {processor.py:186} INFO - Started process (PID=18289) to work on /home/rodrigo/Escritorio/BBDDAvanzadas/.venv/lib/python3.12/site-packages/airflow/example_dags/example_xcom.py
[2026-05-07T20:07:55.485+0200] {processor.py:914} INFO - Processing file /home/rodrigo/Escritorio/BBDDAvanzadas/.venv/lib/python3.12/site-packages/airflow/example_dags/example_xcom.py for tasks to queue
[2026-05-07T20:07:55.487+0200] {logging_mixin.py:190} INFO - [2026-05-07T20:07:55.487+0200] {dagbag.py:588} INFO - Filling up the DagBag from /home/rodrigo/Escritorio/BBDDAvanzadas/.venv/lib/python3.12/site-packages/airflow/example_dags/example_xcom.py
[2026-05-07T20:07:55.496+0200] {processor.py:925} INFO - DAG(s) 'example_xcom' retrieved from /home/rodrigo/Escritorio/BBDDAvanzadas/.venv/lib/python3.12/site-packages/airflow/example_dags/example_xcom.py
[2026-05-07T20:07:55.508+0200] {logging_mixin.py:190} INFO - [2026-05-07T20:07:55.507+0200] {dag.py:3239} INFO - Sync 1 DAGs
[2026-05-07T20:07:55.520+0200] {logging_mixin.py:190} INFO - [2026-05-07T20:07:55.520+0200] {dag.py:4180} INFO - Setting next_dagrun for example_xcom to 2021-01-01 00:00:00+00:00, run_after=2021-01-01 00:00:00+00:00
[2026-05-07T20:07:55.563+0200] {processor.py:208} INFO - Processing /home/rodrigo/Escritorio/BBDDAvanzadas/.venv/lib/python3.12/site-packages/airflow/example_dags/example_xcom.py took 0.085 seconds
[2026-05-07T20:09:06.432+0200] {processor.py:186} INFO - Started process (PID=18484) to work on /home/rodrigo/Escritorio/BBDDAvanzadas/.venv/lib/python3.12/site-packages/airflow/example_dags/example_xcom.py
[2026-05-07T20:09:06.433+0200] {processor.py:914} INFO - Processing file /home/rodrigo/Escritorio/BBDDAvanzadas/.venv/lib/python3.12/site-packages/airflow/example_dags/example_xcom.py for tasks to queue
[2026-05-07T20:09:06.435+0200] {logging_mixin.py:190} INFO - [2026-05-07T20:09:06.435+0200] {dagbag.py:588} INFO - Filling up the DagBag from /home/rodrigo/Escritorio/BBDDAvanzadas/.venv/lib/python3.12/site-packages/airflow/example_dags/example_xcom.py
[2026-05-07T20:09:06.445+0200] {processor.py:925} INFO - DAG(s) 'example_xcom' retrieved from /home/rodrigo/Escritorio/BBDDAvanzadas/.venv/lib/python3.12/site-packages/airflow/example_dags/example_xcom.py
[2026-05-07T20:09:06.463+0200] {logging_mixin.py:190} INFO - [2026-05-07T20:09:06.463+0200] {dag.py:3239} INFO - Sync 1 DAGs
[2026-05-07T20:09:06.502+0200] {logging_mixin.py:190} INFO - [2026-05-07T20:09:06.502+0200] {dag.py:4180} INFO - Setting next_dagrun for example_xcom to 2021-01-01 00:00:00+00:00, run_after=2021-01-01 00:00:00+00:00
[2026-05-07T20:09:06.577+0200] {processor.py:208} INFO - Processing /home/rodrigo/Escritorio/BBDDAvanzadas/.venv/lib/python3.12/site-packages/airflow/example_dags/example_xcom.py took 0.149 seconds
[2026-05-07T20:10:15.076+0200] {processor.py:186} INFO - Started process (PID=18616) to work on /home/rodrigo/Escritorio/BBDDAvanzadas/.venv/lib/python3.12/site-packages/airflow/example_dags/example_xcom.py
[2026-05-07T20:10:15.078+0200] {processor.py:914} INFO - Processing file /home/rodrigo/Escritorio/BBDDAvanzadas/.venv/lib/python3.12/site-packages/airflow/example_dags/example_xcom.py for tasks to queue
[2026-05-07T20:10:15.079+0200] {logging_mixin.py:190} INFO - [2026-05-07T20:10:15.079+0200] {dagbag.py:588} INFO - Filling up the DagBag from /home/rodrigo/Escritorio/BBDDAvanzadas/.venv/lib/python3.12/site-packages/airflow/example_dags/example_xcom.py
[2026-05-07T20:10:15.086+0200] {processor.py:925} INFO - DAG(s) 'example_xcom' retrieved from /home/rodrigo/Escritorio/BBDDAvanzadas/.venv/lib/python3.12/site-packages/airflow/example_dags/example_xcom.py
[2026-05-07T20:10:15.096+0200] {logging_mixin.py:190} INFO - [2026-05-07T20:10:15.096+0200] {dag.py:3239} INFO - Sync 1 DAGs
[2026-05-07T20:10:15.108+0200] {logging_mixin.py:190} INFO - [2026-05-07T20:10:15.107+0200] {dag.py:4180} INFO - Setting next_dagrun for example_xcom to 2021-01-01 00:00:00+00:00, run_after=2021-01-01 00:00:00+00:00
[2026-05-07T20:10:15.177+0200] {processor.py:208} INFO - Processing /home/rodrigo/Escritorio/BBDDAvanzadas/.venv/lib/python3.12/site-packages/airflow/example_dags/example_xcom.py took 0.106 seconds
