[2026-05-07T19:32:51.688+0200] {processor.py:186} INFO - Started process (PID=14406) to work on /home/rodrigo/Escritorio/BBDDAvanzadas/.venv/lib/python3.12/site-packages/airflow/example_dags/example_kubernetes_executor.py
[2026-05-07T19:32:51.689+0200] {processor.py:914} INFO - Processing file /home/rodrigo/Escritorio/BBDDAvanzadas/.venv/lib/python3.12/site-packages/airflow/example_dags/example_kubernetes_executor.py for tasks to queue
[2026-05-07T19:32:51.690+0200] {logging_mixin.py:190} INFO - [2026-05-07T19:32:51.690+0200] {dagbag.py:588} INFO - Filling up the DagBag from /home/rodrigo/Escritorio/BBDDAvanzadas/.venv/lib/python3.12/site-packages/airflow/example_dags/example_kubernetes_executor.py
[2026-05-07T19:32:51.692+0200] {logging_mixin.py:190} INFO - [2026-05-07T19:32:51.692+0200] {example_kubernetes_executor.py:39} WARNING - The example_kubernetes_executor example DAG requires the kubernetes provider. Please install it with: pip install apache-airflow[cncf.kubernetes]
[2026-05-07T19:32:51.692+0200] {processor.py:927} WARNING - No viable dags retrieved from /home/rodrigo/Escritorio/BBDDAvanzadas/.venv/lib/python3.12/site-packages/airflow/example_dags/example_kubernetes_executor.py
[2026-05-07T19:32:51.701+0200] {processor.py:208} INFO - Processing /home/rodrigo/Escritorio/BBDDAvanzadas/.venv/lib/python3.12/site-packages/airflow/example_dags/example_kubernetes_executor.py took 0.016 seconds
[2026-05-07T19:37:40.350+0200] {processor.py:186} INFO - Started process (PID=14917) to work on /home/rodrigo/Escritorio/BBDDAvanzadas/.venv/lib/python3.12/site-packages/airflow/example_dags/example_kubernetes_executor.py
[2026-05-07T19:37:40.355+0200] {processor.py:914} INFO - Processing file /home/rodrigo/Escritorio/BBDDAvanzadas/.venv/lib/python3.12/site-packages/airflow/example_dags/example_kubernetes_executor.py for tasks to queue
[2026-05-07T19:37:40.357+0200] {logging_mixin.py:190} INFO - [2026-05-07T19:37:40.357+0200] {dagbag.py:588} INFO - Filling up the DagBag from /home/rodrigo/Escritorio/BBDDAvanzadas/.venv/lib/python3.12/site-packages/airflow/example_dags/example_kubernetes_executor.py
[2026-05-07T19:37:40.361+0200] {logging_mixin.py:190} INFO - [2026-05-07T19:37:40.361+0200] {example_kubernetes_executor.py:39} WARNING - The example_kubernetes_executor example DAG requires the kubernetes provider. Please install it with: pip install apache-airflow[cncf.kubernetes]
[2026-05-07T19:37:40.361+0200] {processor.py:927} WARNING - No viable dags retrieved from /home/rodrigo/Escritorio/BBDDAvanzadas/.venv/lib/python3.12/site-packages/airflow/example_dags/example_kubernetes_executor.py
[2026-05-07T19:37:40.373+0200] {processor.py:208} INFO - Processing /home/rodrigo/Escritorio/BBDDAvanzadas/.venv/lib/python3.12/site-packages/airflow/example_dags/example_kubernetes_executor.py took 0.027 seconds
[2026-05-07T19:38:51.106+0200] {processor.py:186} INFO - Started process (PID=14996) to work on /home/rodrigo/Escritorio/BBDDAvanzadas/.venv/lib/python3.12/site-packages/airflow/example_dags/example_kubernetes_executor.py
[2026-05-07T19:38:51.108+0200] {processor.py:914} INFO - Processing file /home/rodrigo/Escritorio/BBDDAvanzadas/.venv/lib/python3.12/site-packages/airflow/example_dags/example_kubernetes_executor.py for tasks to queue
[2026-05-07T19:38:51.110+0200] {logging_mixin.py:190} INFO - [2026-05-07T19:38:51.110+0200] {dagbag.py:588} INFO - Filling up the DagBag from /home/rodrigo/Escritorio/BBDDAvanzadas/.venv/lib/python3.12/site-packages/airflow/example_dags/example_kubernetes_executor.py
[2026-05-07T19:38:51.112+0200] {logging_mixin.py:190} INFO - [2026-05-07T19:38:51.112+0200] {example_kubernetes_executor.py:39} WARNING - The example_kubernetes_executor example DAG requires the kubernetes provider. Please install it with: pip install apache-airflow[cncf.kubernetes]
[2026-05-07T19:38:51.113+0200] {processor.py:927} WARNING - No viable dags retrieved from /home/rodrigo/Escritorio/BBDDAvanzadas/.venv/lib/python3.12/site-packages/airflow/example_dags/example_kubernetes_executor.py
[2026-05-07T19:38:51.126+0200] {processor.py:208} INFO - Processing /home/rodrigo/Escritorio/BBDDAvanzadas/.venv/lib/python3.12/site-packages/airflow/example_dags/example_kubernetes_executor.py took 0.024 seconds
[2026-05-07T19:40:21.121+0200] {processor.py:186} INFO - Started process (PID=15109) to work on /home/rodrigo/Escritorio/BBDDAvanzadas/.venv/lib/python3.12/site-packages/airflow/example_dags/example_kubernetes_executor.py
[2026-05-07T19:40:21.122+0200] {processor.py:914} INFO - Processing file /home/rodrigo/Escritorio/BBDDAvanzadas/.venv/lib/python3.12/site-packages/airflow/example_dags/example_kubernetes_executor.py for tasks to queue
[2026-05-07T19:40:21.124+0200] {logging_mixin.py:190} INFO - [2026-05-07T19:40:21.123+0200] {dagbag.py:588} INFO - Filling up the DagBag from /home/rodrigo/Escritorio/BBDDAvanzadas/.venv/lib/python3.12/site-packages/airflow/example_dags/example_kubernetes_executor.py
[2026-05-07T19:40:21.126+0200] {logging_mixin.py:190} INFO - [2026-05-07T19:40:21.126+0200] {example_kubernetes_executor.py:39} WARNING - The example_kubernetes_executor example DAG requires the kubernetes provider. Please install it with: pip install apache-airflow[cncf.kubernetes]
[2026-05-07T19:40:21.126+0200] {processor.py:927} WARNING - No viable dags retrieved from /home/rodrigo/Escritorio/BBDDAvanzadas/.venv/lib/python3.12/site-packages/airflow/example_dags/example_kubernetes_executor.py
[2026-05-07T19:40:21.133+0200] {processor.py:208} INFO - Processing /home/rodrigo/Escritorio/BBDDAvanzadas/.venv/lib/python3.12/site-packages/airflow/example_dags/example_kubernetes_executor.py took 0.020 seconds
[2026-05-07T19:41:37.012+0200] {processor.py:186} INFO - Started process (PID=15231) to work on /home/rodrigo/Escritorio/BBDDAvanzadas/.venv/lib/python3.12/site-packages/airflow/example_dags/example_kubernetes_executor.py
[2026-05-07T19:41:37.023+0200] {processor.py:914} INFO - Processing file /home/rodrigo/Escritorio/BBDDAvanzadas/.venv/lib/python3.12/site-packages/airflow/example_dags/example_kubernetes_executor.py for tasks to queue
[2026-05-07T19:41:37.027+0200] {logging_mixin.py:190} INFO - [2026-05-07T19:41:37.027+0200] {dagbag.py:588} INFO - Filling up the DagBag from /home/rodrigo/Escritorio/BBDDAvanzadas/.venv/lib/python3.12/site-packages/airflow/example_dags/example_kubernetes_executor.py
[2026-05-07T19:41:37.036+0200] {logging_mixin.py:190} INFO - [2026-05-07T19:41:37.036+0200] {example_kubernetes_executor.py:39} WARNING - The example_kubernetes_executor example DAG requires the kubernetes provider. Please install it with: pip install apache-airflow[cncf.kubernetes]
[2026-05-07T19:41:37.036+0200] {processor.py:927} WARNING - No viable dags retrieved from /home/rodrigo/Escritorio/BBDDAvanzadas/.venv/lib/python3.12/site-packages/airflow/example_dags/example_kubernetes_executor.py
[2026-05-07T19:41:37.047+0200] {processor.py:208} INFO - Processing /home/rodrigo/Escritorio/BBDDAvanzadas/.venv/lib/python3.12/site-packages/airflow/example_dags/example_kubernetes_executor.py took 0.049 seconds
[2026-05-07T19:42:54.566+0200] {processor.py:186} INFO - Started process (PID=15474) to work on /home/rodrigo/Escritorio/BBDDAvanzadas/.venv/lib/python3.12/site-packages/airflow/example_dags/example_kubernetes_executor.py
[2026-05-07T19:42:54.568+0200] {processor.py:914} INFO - Processing file /home/rodrigo/Escritorio/BBDDAvanzadas/.venv/lib/python3.12/site-packages/airflow/example_dags/example_kubernetes_executor.py for tasks to queue
[2026-05-07T19:42:54.569+0200] {logging_mixin.py:190} INFO - [2026-05-07T19:42:54.569+0200] {dagbag.py:588} INFO - Filling up the DagBag from /home/rodrigo/Escritorio/BBDDAvanzadas/.venv/lib/python3.12/site-packages/airflow/example_dags/example_kubernetes_executor.py
[2026-05-07T19:42:54.572+0200] {logging_mixin.py:190} INFO - [2026-05-07T19:42:54.571+0200] {example_kubernetes_executor.py:39} WARNING - The example_kubernetes_executor example DAG requires the kubernetes provider. Please install it with: pip install apache-airflow[cncf.kubernetes]
[2026-05-07T19:42:54.572+0200] {processor.py:927} WARNING - No viable dags retrieved from /home/rodrigo/Escritorio/BBDDAvanzadas/.venv/lib/python3.12/site-packages/airflow/example_dags/example_kubernetes_executor.py
[2026-05-07T19:42:54.579+0200] {processor.py:208} INFO - Processing /home/rodrigo/Escritorio/BBDDAvanzadas/.venv/lib/python3.12/site-packages/airflow/example_dags/example_kubernetes_executor.py took 0.017 seconds
[2026-05-07T19:44:07.892+0200] {processor.py:186} INFO - Started process (PID=15661) to work on /home/rodrigo/Escritorio/BBDDAvanzadas/.venv/lib/python3.12/site-packages/airflow/example_dags/example_kubernetes_executor.py
[2026-05-07T19:44:07.894+0200] {processor.py:914} INFO - Processing file /home/rodrigo/Escritorio/BBDDAvanzadas/.venv/lib/python3.12/site-packages/airflow/example_dags/example_kubernetes_executor.py for tasks to queue
[2026-05-07T19:44:07.895+0200] {logging_mixin.py:190} INFO - [2026-05-07T19:44:07.895+0200] {dagbag.py:588} INFO - Filling up the DagBag from /home/rodrigo/Escritorio/BBDDAvanzadas/.venv/lib/python3.12/site-packages/airflow/example_dags/example_kubernetes_executor.py
[2026-05-07T19:44:07.897+0200] {logging_mixin.py:190} INFO - [2026-05-07T19:44:07.897+0200] {example_kubernetes_executor.py:39} WARNING - The example_kubernetes_executor example DAG requires the kubernetes provider. Please install it with: pip install apache-airflow[cncf.kubernetes]
[2026-05-07T19:44:07.897+0200] {processor.py:927} WARNING - No viable dags retrieved from /home/rodrigo/Escritorio/BBDDAvanzadas/.venv/lib/python3.12/site-packages/airflow/example_dags/example_kubernetes_executor.py
[2026-05-07T19:44:07.906+0200] {processor.py:208} INFO - Processing /home/rodrigo/Escritorio/BBDDAvanzadas/.venv/lib/python3.12/site-packages/airflow/example_dags/example_kubernetes_executor.py took 0.018 seconds
[2026-05-07T19:45:49.189+0200] {processor.py:186} INFO - Started process (PID=15905) to work on /home/rodrigo/Escritorio/BBDDAvanzadas/.venv/lib/python3.12/site-packages/airflow/example_dags/example_kubernetes_executor.py
[2026-05-07T19:45:49.191+0200] {processor.py:914} INFO - Processing file /home/rodrigo/Escritorio/BBDDAvanzadas/.venv/lib/python3.12/site-packages/airflow/example_dags/example_kubernetes_executor.py for tasks to queue
[2026-05-07T19:45:49.193+0200] {logging_mixin.py:190} INFO - [2026-05-07T19:45:49.192+0200] {dagbag.py:588} INFO - Filling up the DagBag from /home/rodrigo/Escritorio/BBDDAvanzadas/.venv/lib/python3.12/site-packages/airflow/example_dags/example_kubernetes_executor.py
[2026-05-07T19:45:49.195+0200] {logging_mixin.py:190} INFO - [2026-05-07T19:45:49.195+0200] {example_kubernetes_executor.py:39} WARNING - The example_kubernetes_executor example DAG requires the kubernetes provider. Please install it with: pip install apache-airflow[cncf.kubernetes]
[2026-05-07T19:45:49.195+0200] {processor.py:927} WARNING - No viable dags retrieved from /home/rodrigo/Escritorio/BBDDAvanzadas/.venv/lib/python3.12/site-packages/airflow/example_dags/example_kubernetes_executor.py
[2026-05-07T19:45:49.204+0200] {processor.py:208} INFO - Processing /home/rodrigo/Escritorio/BBDDAvanzadas/.venv/lib/python3.12/site-packages/airflow/example_dags/example_kubernetes_executor.py took 0.020 seconds
[2026-05-07T19:47:20.461+0200] {processor.py:186} INFO - Started process (PID=16061) to work on /home/rodrigo/Escritorio/BBDDAvanzadas/.venv/lib/python3.12/site-packages/airflow/example_dags/example_kubernetes_executor.py
[2026-05-07T19:47:20.463+0200] {processor.py:914} INFO - Processing file /home/rodrigo/Escritorio/BBDDAvanzadas/.venv/lib/python3.12/site-packages/airflow/example_dags/example_kubernetes_executor.py for tasks to queue
[2026-05-07T19:47:20.465+0200] {logging_mixin.py:190} INFO - [2026-05-07T19:47:20.464+0200] {dagbag.py:588} INFO - Filling up the DagBag from /home/rodrigo/Escritorio/BBDDAvanzadas/.venv/lib/python3.12/site-packages/airflow/example_dags/example_kubernetes_executor.py
[2026-05-07T19:47:20.467+0200] {logging_mixin.py:190} INFO - [2026-05-07T19:47:20.467+0200] {example_kubernetes_executor.py:39} WARNING - The example_kubernetes_executor example DAG requires the kubernetes provider. Please install it with: pip install apache-airflow[cncf.kubernetes]
[2026-05-07T19:47:20.467+0200] {processor.py:927} WARNING - No viable dags retrieved from /home/rodrigo/Escritorio/BBDDAvanzadas/.venv/lib/python3.12/site-packages/airflow/example_dags/example_kubernetes_executor.py
[2026-05-07T19:47:20.477+0200] {processor.py:208} INFO - Processing /home/rodrigo/Escritorio/BBDDAvanzadas/.venv/lib/python3.12/site-packages/airflow/example_dags/example_kubernetes_executor.py took 0.021 seconds
[2026-05-07T19:48:31.061+0200] {processor.py:186} INFO - Started process (PID=16194) to work on /home/rodrigo/Escritorio/BBDDAvanzadas/.venv/lib/python3.12/site-packages/airflow/example_dags/example_kubernetes_executor.py
[2026-05-07T19:48:31.063+0200] {processor.py:914} INFO - Processing file /home/rodrigo/Escritorio/BBDDAvanzadas/.venv/lib/python3.12/site-packages/airflow/example_dags/example_kubernetes_executor.py for tasks to queue
[2026-05-07T19:48:31.065+0200] {logging_mixin.py:190} INFO - [2026-05-07T19:48:31.064+0200] {dagbag.py:588} INFO - Filling up the DagBag from /home/rodrigo/Escritorio/BBDDAvanzadas/.venv/lib/python3.12/site-packages/airflow/example_dags/example_kubernetes_executor.py
[2026-05-07T19:48:31.067+0200] {logging_mixin.py:190} INFO - [2026-05-07T19:48:31.067+0200] {example_kubernetes_executor.py:39} WARNING - The example_kubernetes_executor example DAG requires the kubernetes provider. Please install it with: pip install apache-airflow[cncf.kubernetes]
[2026-05-07T19:48:31.067+0200] {processor.py:927} WARNING - No viable dags retrieved from /home/rodrigo/Escritorio/BBDDAvanzadas/.venv/lib/python3.12/site-packages/airflow/example_dags/example_kubernetes_executor.py
[2026-05-07T19:48:31.076+0200] {processor.py:208} INFO - Processing /home/rodrigo/Escritorio/BBDDAvanzadas/.venv/lib/python3.12/site-packages/airflow/example_dags/example_kubernetes_executor.py took 0.020 seconds
[2026-05-07T19:50:11.787+0200] {processor.py:186} INFO - Started process (PID=16321) to work on /home/rodrigo/Escritorio/BBDDAvanzadas/.venv/lib/python3.12/site-packages/airflow/example_dags/example_kubernetes_executor.py
[2026-05-07T19:50:11.788+0200] {processor.py:914} INFO - Processing file /home/rodrigo/Escritorio/BBDDAvanzadas/.venv/lib/python3.12/site-packages/airflow/example_dags/example_kubernetes_executor.py for tasks to queue
[2026-05-07T19:50:11.789+0200] {logging_mixin.py:190} INFO - [2026-05-07T19:50:11.789+0200] {dagbag.py:588} INFO - Filling up the DagBag from /home/rodrigo/Escritorio/BBDDAvanzadas/.venv/lib/python3.12/site-packages/airflow/example_dags/example_kubernetes_executor.py
[2026-05-07T19:50:11.791+0200] {logging_mixin.py:190} INFO - [2026-05-07T19:50:11.791+0200] {example_kubernetes_executor.py:39} WARNING - The example_kubernetes_executor example DAG requires the kubernetes provider. Please install it with: pip install apache-airflow[cncf.kubernetes]
[2026-05-07T19:50:11.791+0200] {processor.py:927} WARNING - No viable dags retrieved from /home/rodrigo/Escritorio/BBDDAvanzadas/.venv/lib/python3.12/site-packages/airflow/example_dags/example_kubernetes_executor.py
[2026-05-07T19:50:11.799+0200] {processor.py:208} INFO - Processing /home/rodrigo/Escritorio/BBDDAvanzadas/.venv/lib/python3.12/site-packages/airflow/example_dags/example_kubernetes_executor.py took 0.017 seconds
