[2026-05-07T19:32:59.013+0200] {processor.py:186} INFO - Started process (PID=14411) to work on /home/rodrigo/Escritorio/BBDDAvanzadas/.venv/lib/python3.12/site-packages/airflow/example_dags/example_display_name.py
[2026-05-07T19:32:59.014+0200] {processor.py:914} INFO - Processing file /home/rodrigo/Escritorio/BBDDAvanzadas/.venv/lib/python3.12/site-packages/airflow/example_dags/example_display_name.py for tasks to queue
[2026-05-07T19:32:59.016+0200] {logging_mixin.py:190} INFO - [2026-05-07T19:32:59.015+0200] {dagbag.py:588} INFO - Filling up the DagBag from /home/rodrigo/Escritorio/BBDDAvanzadas/.venv/lib/python3.12/site-packages/airflow/example_dags/example_display_name.py
[2026-05-07T19:32:59.021+0200] {processor.py:925} INFO - DAG(s) 'example_display_name' retrieved from /home/rodrigo/Escritorio/BBDDAvanzadas/.venv/lib/python3.12/site-packages/airflow/example_dags/example_display_name.py
[2026-05-07T19:32:59.100+0200] {logging_mixin.py:190} INFO - [2026-05-07T19:32:59.099+0200] {override.py:1930} INFO - Created Permission View: can read on DAG:example_display_name
[2026-05-07T19:32:59.142+0200] {logging_mixin.py:190} INFO - [2026-05-07T19:32:59.142+0200] {override.py:1930} INFO - Created Permission View: can edit on DAG:example_display_name
[2026-05-07T19:32:59.151+0200] {logging_mixin.py:190} INFO - [2026-05-07T19:32:59.151+0200] {override.py:1930} INFO - Created Permission View: can delete on DAG:example_display_name
[2026-05-07T19:32:59.165+0200] {logging_mixin.py:190} INFO - [2026-05-07T19:32:59.165+0200] {override.py:1930} INFO - Created Permission View: can create on DAG Run:example_display_name
[2026-05-07T19:32:59.174+0200] {logging_mixin.py:190} INFO - [2026-05-07T19:32:59.174+0200] {override.py:1930} INFO - Created Permission View: can read on DAG Run:example_display_name
[2026-05-07T19:32:59.182+0200] {logging_mixin.py:190} INFO - [2026-05-07T19:32:59.182+0200] {override.py:1930} INFO - Created Permission View: menu access on DAG Run:example_display_name
[2026-05-07T19:32:59.191+0200] {logging_mixin.py:190} INFO - [2026-05-07T19:32:59.191+0200] {override.py:1930} INFO - Created Permission View: can delete on DAG Run:example_display_name
[2026-05-07T19:32:59.192+0200] {logging_mixin.py:190} INFO - [2026-05-07T19:32:59.192+0200] {dag.py:3239} INFO - Sync 1 DAGs
[2026-05-07T19:32:59.201+0200] {logging_mixin.py:190} INFO - [2026-05-07T19:32:59.201+0200] {dag.py:3262} INFO - Creating ORM DAG for example_display_name
[2026-05-07T19:32:59.201+0200] {logging_mixin.py:190} INFO - [2026-05-07T19:32:59.201+0200] {dag.py:4180} INFO - Setting next_dagrun for example_display_name to None, run_after=None
[2026-05-07T19:32:59.219+0200] {processor.py:208} INFO - Processing /home/rodrigo/Escritorio/BBDDAvanzadas/.venv/lib/python3.12/site-packages/airflow/example_dags/example_display_name.py took 0.209 seconds
[2026-05-07T19:37:45.421+0200] {processor.py:186} INFO - Started process (PID=14923) to work on /home/rodrigo/Escritorio/BBDDAvanzadas/.venv/lib/python3.12/site-packages/airflow/example_dags/example_display_name.py
[2026-05-07T19:37:45.423+0200] {processor.py:914} INFO - Processing file /home/rodrigo/Escritorio/BBDDAvanzadas/.venv/lib/python3.12/site-packages/airflow/example_dags/example_display_name.py for tasks to queue
[2026-05-07T19:37:45.429+0200] {logging_mixin.py:190} INFO - [2026-05-07T19:37:45.428+0200] {dagbag.py:588} INFO - Filling up the DagBag from /home/rodrigo/Escritorio/BBDDAvanzadas/.venv/lib/python3.12/site-packages/airflow/example_dags/example_display_name.py
[2026-05-07T19:37:45.435+0200] {processor.py:925} INFO - DAG(s) 'example_display_name' retrieved from /home/rodrigo/Escritorio/BBDDAvanzadas/.venv/lib/python3.12/site-packages/airflow/example_dags/example_display_name.py
[2026-05-07T19:37:45.470+0200] {logging_mixin.py:190} INFO - [2026-05-07T19:37:45.470+0200] {dag.py:3239} INFO - Sync 1 DAGs
[2026-05-07T19:37:45.490+0200] {logging_mixin.py:190} INFO - [2026-05-07T19:37:45.490+0200] {dag.py:4180} INFO - Setting next_dagrun for example_display_name to None, run_after=None
[2026-05-07T19:37:45.607+0200] {processor.py:208} INFO - Processing /home/rodrigo/Escritorio/BBDDAvanzadas/.venv/lib/python3.12/site-packages/airflow/example_dags/example_display_name.py took 0.190 seconds
[2026-05-07T19:38:56.644+0200] {processor.py:186} INFO - Started process (PID=15001) to work on /home/rodrigo/Escritorio/BBDDAvanzadas/.venv/lib/python3.12/site-packages/airflow/example_dags/example_display_name.py
[2026-05-07T19:38:56.646+0200] {processor.py:914} INFO - Processing file /home/rodrigo/Escritorio/BBDDAvanzadas/.venv/lib/python3.12/site-packages/airflow/example_dags/example_display_name.py for tasks to queue
[2026-05-07T19:38:56.648+0200] {logging_mixin.py:190} INFO - [2026-05-07T19:38:56.648+0200] {dagbag.py:588} INFO - Filling up the DagBag from /home/rodrigo/Escritorio/BBDDAvanzadas/.venv/lib/python3.12/site-packages/airflow/example_dags/example_display_name.py
[2026-05-07T19:38:56.655+0200] {processor.py:925} INFO - DAG(s) 'example_display_name' retrieved from /home/rodrigo/Escritorio/BBDDAvanzadas/.venv/lib/python3.12/site-packages/airflow/example_dags/example_display_name.py
[2026-05-07T19:38:56.667+0200] {logging_mixin.py:190} INFO - [2026-05-07T19:38:56.667+0200] {dag.py:3239} INFO - Sync 1 DAGs
[2026-05-07T19:38:56.676+0200] {logging_mixin.py:190} INFO - [2026-05-07T19:38:56.676+0200] {dag.py:4180} INFO - Setting next_dagrun for example_display_name to None, run_after=None
[2026-05-07T19:38:56.736+0200] {processor.py:208} INFO - Processing /home/rodrigo/Escritorio/BBDDAvanzadas/.venv/lib/python3.12/site-packages/airflow/example_dags/example_display_name.py took 0.102 seconds
[2026-05-07T19:40:25.523+0200] {processor.py:186} INFO - Started process (PID=15123) to work on /home/rodrigo/Escritorio/BBDDAvanzadas/.venv/lib/python3.12/site-packages/airflow/example_dags/example_display_name.py
[2026-05-07T19:40:25.531+0200] {processor.py:914} INFO - Processing file /home/rodrigo/Escritorio/BBDDAvanzadas/.venv/lib/python3.12/site-packages/airflow/example_dags/example_display_name.py for tasks to queue
[2026-05-07T19:40:25.538+0200] {logging_mixin.py:190} INFO - [2026-05-07T19:40:25.534+0200] {dagbag.py:588} INFO - Filling up the DagBag from /home/rodrigo/Escritorio/BBDDAvanzadas/.venv/lib/python3.12/site-packages/airflow/example_dags/example_display_name.py
[2026-05-07T19:40:25.550+0200] {processor.py:925} INFO - DAG(s) 'example_display_name' retrieved from /home/rodrigo/Escritorio/BBDDAvanzadas/.venv/lib/python3.12/site-packages/airflow/example_dags/example_display_name.py
[2026-05-07T19:40:25.579+0200] {logging_mixin.py:190} INFO - [2026-05-07T19:40:25.579+0200] {dag.py:3239} INFO - Sync 1 DAGs
[2026-05-07T19:40:25.613+0200] {logging_mixin.py:190} INFO - [2026-05-07T19:40:25.611+0200] {dag.py:4180} INFO - Setting next_dagrun for example_display_name to None, run_after=None
[2026-05-07T19:40:25.659+0200] {processor.py:208} INFO - Processing /home/rodrigo/Escritorio/BBDDAvanzadas/.venv/lib/python3.12/site-packages/airflow/example_dags/example_display_name.py took 0.160 seconds
[2026-05-07T19:42:01.052+0200] {processor.py:186} INFO - Started process (PID=15401) to work on /home/rodrigo/Escritorio/BBDDAvanzadas/.venv/lib/python3.12/site-packages/airflow/example_dags/example_display_name.py
[2026-05-07T19:42:01.062+0200] {processor.py:914} INFO - Processing file /home/rodrigo/Escritorio/BBDDAvanzadas/.venv/lib/python3.12/site-packages/airflow/example_dags/example_display_name.py for tasks to queue
[2026-05-07T19:42:01.069+0200] {logging_mixin.py:190} INFO - [2026-05-07T19:42:01.068+0200] {dagbag.py:588} INFO - Filling up the DagBag from /home/rodrigo/Escritorio/BBDDAvanzadas/.venv/lib/python3.12/site-packages/airflow/example_dags/example_display_name.py
[2026-05-07T19:42:01.077+0200] {processor.py:925} INFO - DAG(s) 'example_display_name' retrieved from /home/rodrigo/Escritorio/BBDDAvanzadas/.venv/lib/python3.12/site-packages/airflow/example_dags/example_display_name.py
[2026-05-07T19:42:01.093+0200] {logging_mixin.py:190} INFO - [2026-05-07T19:42:01.093+0200] {dag.py:3239} INFO - Sync 1 DAGs
[2026-05-07T19:42:01.112+0200] {logging_mixin.py:190} INFO - [2026-05-07T19:42:01.112+0200] {dag.py:4180} INFO - Setting next_dagrun for example_display_name to None, run_after=None
[2026-05-07T19:42:01.177+0200] {processor.py:208} INFO - Processing /home/rodrigo/Escritorio/BBDDAvanzadas/.venv/lib/python3.12/site-packages/airflow/example_dags/example_display_name.py took 0.132 seconds
[2026-05-07T19:43:15.992+0200] {processor.py:186} INFO - Started process (PID=15552) to work on /home/rodrigo/Escritorio/BBDDAvanzadas/.venv/lib/python3.12/site-packages/airflow/example_dags/example_display_name.py
[2026-05-07T19:43:15.993+0200] {processor.py:914} INFO - Processing file /home/rodrigo/Escritorio/BBDDAvanzadas/.venv/lib/python3.12/site-packages/airflow/example_dags/example_display_name.py for tasks to queue
[2026-05-07T19:43:15.995+0200] {logging_mixin.py:190} INFO - [2026-05-07T19:43:15.995+0200] {dagbag.py:588} INFO - Filling up the DagBag from /home/rodrigo/Escritorio/BBDDAvanzadas/.venv/lib/python3.12/site-packages/airflow/example_dags/example_display_name.py
[2026-05-07T19:43:16.001+0200] {processor.py:925} INFO - DAG(s) 'example_display_name' retrieved from /home/rodrigo/Escritorio/BBDDAvanzadas/.venv/lib/python3.12/site-packages/airflow/example_dags/example_display_name.py
[2026-05-07T19:43:16.012+0200] {logging_mixin.py:190} INFO - [2026-05-07T19:43:16.011+0200] {dag.py:3239} INFO - Sync 1 DAGs
[2026-05-07T19:43:16.019+0200] {logging_mixin.py:190} INFO - [2026-05-07T19:43:16.019+0200] {dag.py:4180} INFO - Setting next_dagrun for example_display_name to None, run_after=None
[2026-05-07T19:43:16.047+0200] {processor.py:208} INFO - Processing /home/rodrigo/Escritorio/BBDDAvanzadas/.venv/lib/python3.12/site-packages/airflow/example_dags/example_display_name.py took 0.059 seconds
[2026-05-07T19:44:42.052+0200] {processor.py:186} INFO - Started process (PID=15840) to work on /home/rodrigo/Escritorio/BBDDAvanzadas/.venv/lib/python3.12/site-packages/airflow/example_dags/example_display_name.py
[2026-05-07T19:44:42.053+0200] {processor.py:914} INFO - Processing file /home/rodrigo/Escritorio/BBDDAvanzadas/.venv/lib/python3.12/site-packages/airflow/example_dags/example_display_name.py for tasks to queue
[2026-05-07T19:44:42.055+0200] {logging_mixin.py:190} INFO - [2026-05-07T19:44:42.055+0200] {dagbag.py:588} INFO - Filling up the DagBag from /home/rodrigo/Escritorio/BBDDAvanzadas/.venv/lib/python3.12/site-packages/airflow/example_dags/example_display_name.py
[2026-05-07T19:44:42.061+0200] {processor.py:925} INFO - DAG(s) 'example_display_name' retrieved from /home/rodrigo/Escritorio/BBDDAvanzadas/.venv/lib/python3.12/site-packages/airflow/example_dags/example_display_name.py
[2026-05-07T19:44:42.071+0200] {logging_mixin.py:190} INFO - [2026-05-07T19:44:42.071+0200] {dag.py:3239} INFO - Sync 1 DAGs
[2026-05-07T19:44:42.079+0200] {logging_mixin.py:190} INFO - [2026-05-07T19:44:42.079+0200] {dag.py:4180} INFO - Setting next_dagrun for example_display_name to None, run_after=None
[2026-05-07T19:44:42.096+0200] {processor.py:208} INFO - Processing /home/rodrigo/Escritorio/BBDDAvanzadas/.venv/lib/python3.12/site-packages/airflow/example_dags/example_display_name.py took 0.047 seconds
[2026-05-07T19:46:25.055+0200] {processor.py:186} INFO - Started process (PID=15935) to work on /home/rodrigo/Escritorio/BBDDAvanzadas/.venv/lib/python3.12/site-packages/airflow/example_dags/example_display_name.py
[2026-05-07T19:46:25.057+0200] {processor.py:914} INFO - Processing file /home/rodrigo/Escritorio/BBDDAvanzadas/.venv/lib/python3.12/site-packages/airflow/example_dags/example_display_name.py for tasks to queue
[2026-05-07T19:46:25.059+0200] {logging_mixin.py:190} INFO - [2026-05-07T19:46:25.058+0200] {dagbag.py:588} INFO - Filling up the DagBag from /home/rodrigo/Escritorio/BBDDAvanzadas/.venv/lib/python3.12/site-packages/airflow/example_dags/example_display_name.py
[2026-05-07T19:46:25.064+0200] {processor.py:925} INFO - DAG(s) 'example_display_name' retrieved from /home/rodrigo/Escritorio/BBDDAvanzadas/.venv/lib/python3.12/site-packages/airflow/example_dags/example_display_name.py
[2026-05-07T19:46:25.075+0200] {logging_mixin.py:190} INFO - [2026-05-07T19:46:25.075+0200] {dag.py:3239} INFO - Sync 1 DAGs
[2026-05-07T19:46:25.084+0200] {logging_mixin.py:190} INFO - [2026-05-07T19:46:25.084+0200] {dag.py:4180} INFO - Setting next_dagrun for example_display_name to None, run_after=None
[2026-05-07T19:46:25.100+0200] {processor.py:208} INFO - Processing /home/rodrigo/Escritorio/BBDDAvanzadas/.venv/lib/python3.12/site-packages/airflow/example_dags/example_display_name.py took 0.051 seconds
[2026-05-07T19:47:43.581+0200] {processor.py:186} INFO - Started process (PID=16108) to work on /home/rodrigo/Escritorio/BBDDAvanzadas/.venv/lib/python3.12/site-packages/airflow/example_dags/example_display_name.py
[2026-05-07T19:47:43.583+0200] {processor.py:914} INFO - Processing file /home/rodrigo/Escritorio/BBDDAvanzadas/.venv/lib/python3.12/site-packages/airflow/example_dags/example_display_name.py for tasks to queue
[2026-05-07T19:47:43.586+0200] {logging_mixin.py:190} INFO - [2026-05-07T19:47:43.586+0200] {dagbag.py:588} INFO - Filling up the DagBag from /home/rodrigo/Escritorio/BBDDAvanzadas/.venv/lib/python3.12/site-packages/airflow/example_dags/example_display_name.py
[2026-05-07T19:47:43.592+0200] {processor.py:925} INFO - DAG(s) 'example_display_name' retrieved from /home/rodrigo/Escritorio/BBDDAvanzadas/.venv/lib/python3.12/site-packages/airflow/example_dags/example_display_name.py
[2026-05-07T19:47:43.604+0200] {logging_mixin.py:190} INFO - [2026-05-07T19:47:43.604+0200] {dag.py:3239} INFO - Sync 1 DAGs
[2026-05-07T19:47:43.614+0200] {logging_mixin.py:190} INFO - [2026-05-07T19:47:43.614+0200] {dag.py:4180} INFO - Setting next_dagrun for example_display_name to None, run_after=None
[2026-05-07T19:47:43.662+0200] {processor.py:208} INFO - Processing /home/rodrigo/Escritorio/BBDDAvanzadas/.venv/lib/python3.12/site-packages/airflow/example_dags/example_display_name.py took 0.086 seconds
[2026-05-07T19:49:08.706+0200] {processor.py:186} INFO - Started process (PID=16238) to work on /home/rodrigo/Escritorio/BBDDAvanzadas/.venv/lib/python3.12/site-packages/airflow/example_dags/example_display_name.py
[2026-05-07T19:49:08.708+0200] {processor.py:914} INFO - Processing file /home/rodrigo/Escritorio/BBDDAvanzadas/.venv/lib/python3.12/site-packages/airflow/example_dags/example_display_name.py for tasks to queue
[2026-05-07T19:49:08.709+0200] {logging_mixin.py:190} INFO - [2026-05-07T19:49:08.709+0200] {dagbag.py:588} INFO - Filling up the DagBag from /home/rodrigo/Escritorio/BBDDAvanzadas/.venv/lib/python3.12/site-packages/airflow/example_dags/example_display_name.py
[2026-05-07T19:49:08.715+0200] {processor.py:925} INFO - DAG(s) 'example_display_name' retrieved from /home/rodrigo/Escritorio/BBDDAvanzadas/.venv/lib/python3.12/site-packages/airflow/example_dags/example_display_name.py
[2026-05-07T19:49:08.724+0200] {logging_mixin.py:190} INFO - [2026-05-07T19:49:08.724+0200] {dag.py:3239} INFO - Sync 1 DAGs
[2026-05-07T19:49:08.732+0200] {logging_mixin.py:190} INFO - [2026-05-07T19:49:08.732+0200] {dag.py:4180} INFO - Setting next_dagrun for example_display_name to None, run_after=None
[2026-05-07T19:49:08.748+0200] {processor.py:208} INFO - Processing /home/rodrigo/Escritorio/BBDDAvanzadas/.venv/lib/python3.12/site-packages/airflow/example_dags/example_display_name.py took 0.046 seconds
[2026-05-07T19:50:53.286+0200] {processor.py:186} INFO - Started process (PID=16358) to work on /home/rodrigo/Escritorio/BBDDAvanzadas/.venv/lib/python3.12/site-packages/airflow/example_dags/example_display_name.py
[2026-05-07T19:50:53.287+0200] {processor.py:914} INFO - Processing file /home/rodrigo/Escritorio/BBDDAvanzadas/.venv/lib/python3.12/site-packages/airflow/example_dags/example_display_name.py for tasks to queue
[2026-05-07T19:50:53.289+0200] {logging_mixin.py:190} INFO - [2026-05-07T19:50:53.289+0200] {dagbag.py:588} INFO - Filling up the DagBag from /home/rodrigo/Escritorio/BBDDAvanzadas/.venv/lib/python3.12/site-packages/airflow/example_dags/example_display_name.py
[2026-05-07T19:50:53.294+0200] {processor.py:925} INFO - DAG(s) 'example_display_name' retrieved from /home/rodrigo/Escritorio/BBDDAvanzadas/.venv/lib/python3.12/site-packages/airflow/example_dags/example_display_name.py
[2026-05-07T19:50:53.303+0200] {logging_mixin.py:190} INFO - [2026-05-07T19:50:53.303+0200] {dag.py:3239} INFO - Sync 1 DAGs
[2026-05-07T19:50:53.311+0200] {logging_mixin.py:190} INFO - [2026-05-07T19:50:53.311+0200] {dag.py:4180} INFO - Setting next_dagrun for example_display_name to None, run_after=None
[2026-05-07T19:50:53.324+0200] {processor.py:208} INFO - Processing /home/rodrigo/Escritorio/BBDDAvanzadas/.venv/lib/python3.12/site-packages/airflow/example_dags/example_display_name.py took 0.042 seconds
