[2026-05-07T19:31:48.841+0200] {processor.py:186} INFO - Started process (PID=14266) to work on /home/rodrigo/Escritorio/BBDDAvanzadas/.venv/lib/python3.12/site-packages/airflow/example_dags/example_trigger_controller_dag.py
[2026-05-07T19:31:48.842+0200] {processor.py:914} INFO - Processing file /home/rodrigo/Escritorio/BBDDAvanzadas/.venv/lib/python3.12/site-packages/airflow/example_dags/example_trigger_controller_dag.py for tasks to queue
[2026-05-07T19:31:48.844+0200] {logging_mixin.py:190} INFO - [2026-05-07T19:31:48.844+0200] {dagbag.py:588} INFO - Filling up the DagBag from /home/rodrigo/Escritorio/BBDDAvanzadas/.venv/lib/python3.12/site-packages/airflow/example_dags/example_trigger_controller_dag.py
[2026-05-07T19:31:48.852+0200] {processor.py:925} INFO - DAG(s) 'example_trigger_controller_dag' retrieved from /home/rodrigo/Escritorio/BBDDAvanzadas/.venv/lib/python3.12/site-packages/airflow/example_dags/example_trigger_controller_dag.py
[2026-05-07T19:31:49.053+0200] {logging_mixin.py:190} INFO - [2026-05-07T19:31:49.049+0200] {override.py:1930} INFO - Created Permission View: can delete on DAG:example_trigger_controller_dag
[2026-05-07T19:31:49.070+0200] {logging_mixin.py:190} INFO - [2026-05-07T19:31:49.070+0200] {override.py:1930} INFO - Created Permission View: can edit on DAG:example_trigger_controller_dag
[2026-05-07T19:31:49.121+0200] {logging_mixin.py:190} INFO - [2026-05-07T19:31:49.121+0200] {override.py:1930} INFO - Created Permission View: can read on DAG:example_trigger_controller_dag
[2026-05-07T19:31:49.142+0200] {logging_mixin.py:190} INFO - [2026-05-07T19:31:49.141+0200] {override.py:1930} INFO - Created Permission View: can delete on DAG Run:example_trigger_controller_dag
[2026-05-07T19:31:49.150+0200] {logging_mixin.py:190} INFO - [2026-05-07T19:31:49.150+0200] {override.py:1930} INFO - Created Permission View: can create on DAG Run:example_trigger_controller_dag
[2026-05-07T19:31:49.158+0200] {logging_mixin.py:190} INFO - [2026-05-07T19:31:49.158+0200] {override.py:1930} INFO - Created Permission View: menu access on DAG Run:example_trigger_controller_dag
[2026-05-07T19:31:49.167+0200] {logging_mixin.py:190} INFO - [2026-05-07T19:31:49.166+0200] {override.py:1930} INFO - Created Permission View: can read on DAG Run:example_trigger_controller_dag
[2026-05-07T19:31:49.167+0200] {logging_mixin.py:190} INFO - [2026-05-07T19:31:49.167+0200] {dag.py:3239} INFO - Sync 1 DAGs
[2026-05-07T19:31:49.177+0200] {logging_mixin.py:190} INFO - [2026-05-07T19:31:49.177+0200] {dag.py:3262} INFO - Creating ORM DAG for example_trigger_controller_dag
[2026-05-07T19:31:49.185+0200] {logging_mixin.py:190} INFO - [2026-05-07T19:31:49.185+0200] {dag.py:4180} INFO - Setting next_dagrun for example_trigger_controller_dag to 2021-01-01 00:00:00+00:00, run_after=2021-01-01 00:00:00+00:00
[2026-05-07T19:31:49.202+0200] {processor.py:208} INFO - Processing /home/rodrigo/Escritorio/BBDDAvanzadas/.venv/lib/python3.12/site-packages/airflow/example_dags/example_trigger_controller_dag.py took 0.367 seconds
[2026-05-07T19:32:21.052+0200] {processor.py:186} INFO - Started process (PID=14326) to work on /home/rodrigo/Escritorio/BBDDAvanzadas/.venv/lib/python3.12/site-packages/airflow/example_dags/example_trigger_controller_dag.py
[2026-05-07T19:32:21.054+0200] {processor.py:914} INFO - Processing file /home/rodrigo/Escritorio/BBDDAvanzadas/.venv/lib/python3.12/site-packages/airflow/example_dags/example_trigger_controller_dag.py for tasks to queue
[2026-05-07T19:32:21.058+0200] {logging_mixin.py:190} INFO - [2026-05-07T19:32:21.057+0200] {dagbag.py:588} INFO - Filling up the DagBag from /home/rodrigo/Escritorio/BBDDAvanzadas/.venv/lib/python3.12/site-packages/airflow/example_dags/example_trigger_controller_dag.py
[2026-05-07T19:32:21.068+0200] {processor.py:925} INFO - DAG(s) 'example_trigger_controller_dag' retrieved from /home/rodrigo/Escritorio/BBDDAvanzadas/.venv/lib/python3.12/site-packages/airflow/example_dags/example_trigger_controller_dag.py
[2026-05-07T19:32:21.080+0200] {logging_mixin.py:190} INFO - [2026-05-07T19:32:21.080+0200] {dag.py:3239} INFO - Sync 1 DAGs
[2026-05-07T19:32:21.094+0200] {logging_mixin.py:190} INFO - [2026-05-07T19:32:21.093+0200] {dag.py:4180} INFO - Setting next_dagrun for example_trigger_controller_dag to 2021-01-01 00:00:00+00:00, run_after=2021-01-01 00:00:00+00:00
[2026-05-07T19:32:21.111+0200] {processor.py:208} INFO - Processing /home/rodrigo/Escritorio/BBDDAvanzadas/.venv/lib/python3.12/site-packages/airflow/example_dags/example_trigger_controller_dag.py took 0.063 seconds
[2026-05-07T19:37:15.129+0200] {processor.py:186} INFO - Started process (PID=14831) to work on /home/rodrigo/Escritorio/BBDDAvanzadas/.venv/lib/python3.12/site-packages/airflow/example_dags/example_trigger_controller_dag.py
[2026-05-07T19:37:15.131+0200] {processor.py:914} INFO - Processing file /home/rodrigo/Escritorio/BBDDAvanzadas/.venv/lib/python3.12/site-packages/airflow/example_dags/example_trigger_controller_dag.py for tasks to queue
[2026-05-07T19:37:15.132+0200] {logging_mixin.py:190} INFO - [2026-05-07T19:37:15.132+0200] {dagbag.py:588} INFO - Filling up the DagBag from /home/rodrigo/Escritorio/BBDDAvanzadas/.venv/lib/python3.12/site-packages/airflow/example_dags/example_trigger_controller_dag.py
[2026-05-07T19:37:15.137+0200] {processor.py:925} INFO - DAG(s) 'example_trigger_controller_dag' retrieved from /home/rodrigo/Escritorio/BBDDAvanzadas/.venv/lib/python3.12/site-packages/airflow/example_dags/example_trigger_controller_dag.py
[2026-05-07T19:37:15.148+0200] {logging_mixin.py:190} INFO - [2026-05-07T19:37:15.148+0200] {dag.py:3239} INFO - Sync 1 DAGs
[2026-05-07T19:37:15.160+0200] {logging_mixin.py:190} INFO - [2026-05-07T19:37:15.160+0200] {dag.py:4180} INFO - Setting next_dagrun for example_trigger_controller_dag to 2021-01-01 00:00:00+00:00, run_after=2021-01-01 00:00:00+00:00
[2026-05-07T19:37:15.176+0200] {processor.py:208} INFO - Processing /home/rodrigo/Escritorio/BBDDAvanzadas/.venv/lib/python3.12/site-packages/airflow/example_dags/example_trigger_controller_dag.py took 0.051 seconds
[2026-05-07T19:38:18.908+0200] {processor.py:186} INFO - Started process (PID=14962) to work on /home/rodrigo/Escritorio/BBDDAvanzadas/.venv/lib/python3.12/site-packages/airflow/example_dags/example_trigger_controller_dag.py
[2026-05-07T19:38:18.919+0200] {processor.py:914} INFO - Processing file /home/rodrigo/Escritorio/BBDDAvanzadas/.venv/lib/python3.12/site-packages/airflow/example_dags/example_trigger_controller_dag.py for tasks to queue
[2026-05-07T19:38:18.922+0200] {logging_mixin.py:190} INFO - [2026-05-07T19:38:18.922+0200] {dagbag.py:588} INFO - Filling up the DagBag from /home/rodrigo/Escritorio/BBDDAvanzadas/.venv/lib/python3.12/site-packages/airflow/example_dags/example_trigger_controller_dag.py
[2026-05-07T19:38:18.930+0200] {processor.py:925} INFO - DAG(s) 'example_trigger_controller_dag' retrieved from /home/rodrigo/Escritorio/BBDDAvanzadas/.venv/lib/python3.12/site-packages/airflow/example_dags/example_trigger_controller_dag.py
[2026-05-07T19:38:18.967+0200] {logging_mixin.py:190} INFO - [2026-05-07T19:38:18.966+0200] {dag.py:3239} INFO - Sync 1 DAGs
[2026-05-07T19:38:18.988+0200] {logging_mixin.py:190} INFO - [2026-05-07T19:38:18.988+0200] {dag.py:4180} INFO - Setting next_dagrun for example_trigger_controller_dag to 2021-01-01 00:00:00+00:00, run_after=2021-01-01 00:00:00+00:00
[2026-05-07T19:38:19.017+0200] {processor.py:208} INFO - Processing /home/rodrigo/Escritorio/BBDDAvanzadas/.venv/lib/python3.12/site-packages/airflow/example_dags/example_trigger_controller_dag.py took 0.117 seconds
[2026-05-07T19:39:43.191+0200] {processor.py:186} INFO - Started process (PID=15059) to work on /home/rodrigo/Escritorio/BBDDAvanzadas/.venv/lib/python3.12/site-packages/airflow/example_dags/example_trigger_controller_dag.py
[2026-05-07T19:39:43.201+0200] {processor.py:914} INFO - Processing file /home/rodrigo/Escritorio/BBDDAvanzadas/.venv/lib/python3.12/site-packages/airflow/example_dags/example_trigger_controller_dag.py for tasks to queue
[2026-05-07T19:39:43.204+0200] {logging_mixin.py:190} INFO - [2026-05-07T19:39:43.204+0200] {dagbag.py:588} INFO - Filling up the DagBag from /home/rodrigo/Escritorio/BBDDAvanzadas/.venv/lib/python3.12/site-packages/airflow/example_dags/example_trigger_controller_dag.py
[2026-05-07T19:39:43.211+0200] {processor.py:925} INFO - DAG(s) 'example_trigger_controller_dag' retrieved from /home/rodrigo/Escritorio/BBDDAvanzadas/.venv/lib/python3.12/site-packages/airflow/example_dags/example_trigger_controller_dag.py
[2026-05-07T19:39:43.226+0200] {logging_mixin.py:190} INFO - [2026-05-07T19:39:43.226+0200] {dag.py:3239} INFO - Sync 1 DAGs
[2026-05-07T19:39:43.266+0200] {logging_mixin.py:190} INFO - [2026-05-07T19:39:43.266+0200] {dag.py:4180} INFO - Setting next_dagrun for example_trigger_controller_dag to 2021-01-01 00:00:00+00:00, run_after=2021-01-01 00:00:00+00:00
[2026-05-07T19:39:43.315+0200] {processor.py:208} INFO - Processing /home/rodrigo/Escritorio/BBDDAvanzadas/.venv/lib/python3.12/site-packages/airflow/example_dags/example_trigger_controller_dag.py took 0.128 seconds
[2026-05-07T19:41:10.505+0200] {processor.py:186} INFO - Started process (PID=15176) to work on /home/rodrigo/Escritorio/BBDDAvanzadas/.venv/lib/python3.12/site-packages/airflow/example_dags/example_trigger_controller_dag.py
[2026-05-07T19:41:10.506+0200] {processor.py:914} INFO - Processing file /home/rodrigo/Escritorio/BBDDAvanzadas/.venv/lib/python3.12/site-packages/airflow/example_dags/example_trigger_controller_dag.py for tasks to queue
[2026-05-07T19:41:10.508+0200] {logging_mixin.py:190} INFO - [2026-05-07T19:41:10.508+0200] {dagbag.py:588} INFO - Filling up the DagBag from /home/rodrigo/Escritorio/BBDDAvanzadas/.venv/lib/python3.12/site-packages/airflow/example_dags/example_trigger_controller_dag.py
[2026-05-07T19:41:10.513+0200] {processor.py:925} INFO - DAG(s) 'example_trigger_controller_dag' retrieved from /home/rodrigo/Escritorio/BBDDAvanzadas/.venv/lib/python3.12/site-packages/airflow/example_dags/example_trigger_controller_dag.py
[2026-05-07T19:41:10.531+0200] {logging_mixin.py:190} INFO - [2026-05-07T19:41:10.531+0200] {dag.py:3239} INFO - Sync 1 DAGs
[2026-05-07T19:41:10.572+0200] {logging_mixin.py:190} INFO - [2026-05-07T19:41:10.572+0200] {dag.py:4180} INFO - Setting next_dagrun for example_trigger_controller_dag to 2021-01-01 00:00:00+00:00, run_after=2021-01-01 00:00:00+00:00
[2026-05-07T19:41:10.595+0200] {processor.py:208} INFO - Processing /home/rodrigo/Escritorio/BBDDAvanzadas/.venv/lib/python3.12/site-packages/airflow/example_dags/example_trigger_controller_dag.py took 0.101 seconds
[2026-05-07T19:41:58.287+0200] {processor.py:186} INFO - Started process (PID=15343) to work on /home/rodrigo/Escritorio/BBDDAvanzadas/.venv/lib/python3.12/site-packages/airflow/example_dags/example_trigger_controller_dag.py
[2026-05-07T19:41:58.293+0200] {processor.py:914} INFO - Processing file /home/rodrigo/Escritorio/BBDDAvanzadas/.venv/lib/python3.12/site-packages/airflow/example_dags/example_trigger_controller_dag.py for tasks to queue
[2026-05-07T19:41:58.295+0200] {logging_mixin.py:190} INFO - [2026-05-07T19:41:58.294+0200] {dagbag.py:588} INFO - Filling up the DagBag from /home/rodrigo/Escritorio/BBDDAvanzadas/.venv/lib/python3.12/site-packages/airflow/example_dags/example_trigger_controller_dag.py
[2026-05-07T19:41:58.304+0200] {processor.py:925} INFO - DAG(s) 'example_trigger_controller_dag' retrieved from /home/rodrigo/Escritorio/BBDDAvanzadas/.venv/lib/python3.12/site-packages/airflow/example_dags/example_trigger_controller_dag.py
[2026-05-07T19:41:58.328+0200] {logging_mixin.py:190} INFO - [2026-05-07T19:41:58.328+0200] {dag.py:3239} INFO - Sync 1 DAGs
[2026-05-07T19:41:58.358+0200] {logging_mixin.py:190} INFO - [2026-05-07T19:41:58.358+0200] {dag.py:4180} INFO - Setting next_dagrun for example_trigger_controller_dag to 2021-01-01 00:00:00+00:00, run_after=2021-01-01 00:00:00+00:00
[2026-05-07T19:41:58.496+0200] {processor.py:208} INFO - Processing /home/rodrigo/Escritorio/BBDDAvanzadas/.venv/lib/python3.12/site-packages/airflow/example_dags/example_trigger_controller_dag.py took 0.240 seconds
[2026-05-07T19:43:13.927+0200] {processor.py:186} INFO - Started process (PID=15545) to work on /home/rodrigo/Escritorio/BBDDAvanzadas/.venv/lib/python3.12/site-packages/airflow/example_dags/example_trigger_controller_dag.py
[2026-05-07T19:43:13.940+0200] {processor.py:914} INFO - Processing file /home/rodrigo/Escritorio/BBDDAvanzadas/.venv/lib/python3.12/site-packages/airflow/example_dags/example_trigger_controller_dag.py for tasks to queue
[2026-05-07T19:43:13.943+0200] {logging_mixin.py:190} INFO - [2026-05-07T19:43:13.943+0200] {dagbag.py:588} INFO - Filling up the DagBag from /home/rodrigo/Escritorio/BBDDAvanzadas/.venv/lib/python3.12/site-packages/airflow/example_dags/example_trigger_controller_dag.py
[2026-05-07T19:43:13.952+0200] {processor.py:925} INFO - DAG(s) 'example_trigger_controller_dag' retrieved from /home/rodrigo/Escritorio/BBDDAvanzadas/.venv/lib/python3.12/site-packages/airflow/example_dags/example_trigger_controller_dag.py
[2026-05-07T19:43:14.005+0200] {logging_mixin.py:190} INFO - [2026-05-07T19:43:14.005+0200] {dag.py:3239} INFO - Sync 1 DAGs
[2026-05-07T19:43:14.043+0200] {logging_mixin.py:190} INFO - [2026-05-07T19:43:14.043+0200] {dag.py:4180} INFO - Setting next_dagrun for example_trigger_controller_dag to 2021-01-01 00:00:00+00:00, run_after=2021-01-01 00:00:00+00:00
[2026-05-07T19:43:14.094+0200] {processor.py:208} INFO - Processing /home/rodrigo/Escritorio/BBDDAvanzadas/.venv/lib/python3.12/site-packages/airflow/example_dags/example_trigger_controller_dag.py took 0.172 seconds
[2026-05-07T19:44:32.313+0200] {processor.py:186} INFO - Started process (PID=15820) to work on /home/rodrigo/Escritorio/BBDDAvanzadas/.venv/lib/python3.12/site-packages/airflow/example_dags/example_trigger_controller_dag.py
[2026-05-07T19:44:32.315+0200] {processor.py:914} INFO - Processing file /home/rodrigo/Escritorio/BBDDAvanzadas/.venv/lib/python3.12/site-packages/airflow/example_dags/example_trigger_controller_dag.py for tasks to queue
[2026-05-07T19:44:32.317+0200] {logging_mixin.py:190} INFO - [2026-05-07T19:44:32.316+0200] {dagbag.py:588} INFO - Filling up the DagBag from /home/rodrigo/Escritorio/BBDDAvanzadas/.venv/lib/python3.12/site-packages/airflow/example_dags/example_trigger_controller_dag.py
[2026-05-07T19:44:32.323+0200] {processor.py:925} INFO - DAG(s) 'example_trigger_controller_dag' retrieved from /home/rodrigo/Escritorio/BBDDAvanzadas/.venv/lib/python3.12/site-packages/airflow/example_dags/example_trigger_controller_dag.py
[2026-05-07T19:44:32.333+0200] {logging_mixin.py:190} INFO - [2026-05-07T19:44:32.333+0200] {dag.py:3239} INFO - Sync 1 DAGs
[2026-05-07T19:44:32.347+0200] {logging_mixin.py:190} INFO - [2026-05-07T19:44:32.347+0200] {dag.py:4180} INFO - Setting next_dagrun for example_trigger_controller_dag to 2021-01-01 00:00:00+00:00, run_after=2021-01-01 00:00:00+00:00
[2026-05-07T19:44:32.365+0200] {processor.py:208} INFO - Processing /home/rodrigo/Escritorio/BBDDAvanzadas/.venv/lib/python3.12/site-packages/airflow/example_dags/example_trigger_controller_dag.py took 0.056 seconds
[2026-05-07T19:46:18.426+0200] {processor.py:186} INFO - Started process (PID=15929) to work on /home/rodrigo/Escritorio/BBDDAvanzadas/.venv/lib/python3.12/site-packages/airflow/example_dags/example_trigger_controller_dag.py
[2026-05-07T19:46:18.428+0200] {processor.py:914} INFO - Processing file /home/rodrigo/Escritorio/BBDDAvanzadas/.venv/lib/python3.12/site-packages/airflow/example_dags/example_trigger_controller_dag.py for tasks to queue
[2026-05-07T19:46:18.430+0200] {logging_mixin.py:190} INFO - [2026-05-07T19:46:18.429+0200] {dagbag.py:588} INFO - Filling up the DagBag from /home/rodrigo/Escritorio/BBDDAvanzadas/.venv/lib/python3.12/site-packages/airflow/example_dags/example_trigger_controller_dag.py
[2026-05-07T19:46:18.435+0200] {processor.py:925} INFO - DAG(s) 'example_trigger_controller_dag' retrieved from /home/rodrigo/Escritorio/BBDDAvanzadas/.venv/lib/python3.12/site-packages/airflow/example_dags/example_trigger_controller_dag.py
[2026-05-07T19:46:18.445+0200] {logging_mixin.py:190} INFO - [2026-05-07T19:46:18.445+0200] {dag.py:3239} INFO - Sync 1 DAGs
[2026-05-07T19:46:18.459+0200] {logging_mixin.py:190} INFO - [2026-05-07T19:46:18.458+0200] {dag.py:4180} INFO - Setting next_dagrun for example_trigger_controller_dag to 2021-01-01 00:00:00+00:00, run_after=2021-01-01 00:00:00+00:00
[2026-05-07T19:46:18.475+0200] {processor.py:208} INFO - Processing /home/rodrigo/Escritorio/BBDDAvanzadas/.venv/lib/python3.12/site-packages/airflow/example_dags/example_trigger_controller_dag.py took 0.055 seconds
[2026-05-07T19:47:36.989+0200] {processor.py:186} INFO - Started process (PID=16097) to work on /home/rodrigo/Escritorio/BBDDAvanzadas/.venv/lib/python3.12/site-packages/airflow/example_dags/example_trigger_controller_dag.py
[2026-05-07T19:47:36.991+0200] {processor.py:914} INFO - Processing file /home/rodrigo/Escritorio/BBDDAvanzadas/.venv/lib/python3.12/site-packages/airflow/example_dags/example_trigger_controller_dag.py for tasks to queue
[2026-05-07T19:47:36.992+0200] {logging_mixin.py:190} INFO - [2026-05-07T19:47:36.992+0200] {dagbag.py:588} INFO - Filling up the DagBag from /home/rodrigo/Escritorio/BBDDAvanzadas/.venv/lib/python3.12/site-packages/airflow/example_dags/example_trigger_controller_dag.py
[2026-05-07T19:47:36.998+0200] {processor.py:925} INFO - DAG(s) 'example_trigger_controller_dag' retrieved from /home/rodrigo/Escritorio/BBDDAvanzadas/.venv/lib/python3.12/site-packages/airflow/example_dags/example_trigger_controller_dag.py
[2026-05-07T19:47:37.008+0200] {logging_mixin.py:190} INFO - [2026-05-07T19:47:37.008+0200] {dag.py:3239} INFO - Sync 1 DAGs
[2026-05-07T19:47:37.021+0200] {logging_mixin.py:190} INFO - [2026-05-07T19:47:37.021+0200] {dag.py:4180} INFO - Setting next_dagrun for example_trigger_controller_dag to 2021-01-01 00:00:00+00:00, run_after=2021-01-01 00:00:00+00:00
[2026-05-07T19:47:37.045+0200] {processor.py:208} INFO - Processing /home/rodrigo/Escritorio/BBDDAvanzadas/.venv/lib/python3.12/site-packages/airflow/example_dags/example_trigger_controller_dag.py took 0.061 seconds
[2026-05-07T19:49:00.638+0200] {processor.py:186} INFO - Started process (PID=16231) to work on /home/rodrigo/Escritorio/BBDDAvanzadas/.venv/lib/python3.12/site-packages/airflow/example_dags/example_trigger_controller_dag.py
[2026-05-07T19:49:00.640+0200] {processor.py:914} INFO - Processing file /home/rodrigo/Escritorio/BBDDAvanzadas/.venv/lib/python3.12/site-packages/airflow/example_dags/example_trigger_controller_dag.py for tasks to queue
[2026-05-07T19:49:00.642+0200] {logging_mixin.py:190} INFO - [2026-05-07T19:49:00.641+0200] {dagbag.py:588} INFO - Filling up the DagBag from /home/rodrigo/Escritorio/BBDDAvanzadas/.venv/lib/python3.12/site-packages/airflow/example_dags/example_trigger_controller_dag.py
[2026-05-07T19:49:00.647+0200] {processor.py:925} INFO - DAG(s) 'example_trigger_controller_dag' retrieved from /home/rodrigo/Escritorio/BBDDAvanzadas/.venv/lib/python3.12/site-packages/airflow/example_dags/example_trigger_controller_dag.py
[2026-05-07T19:49:00.657+0200] {logging_mixin.py:190} INFO - [2026-05-07T19:49:00.657+0200] {dag.py:3239} INFO - Sync 1 DAGs
[2026-05-07T19:49:00.669+0200] {logging_mixin.py:190} INFO - [2026-05-07T19:49:00.669+0200] {dag.py:4180} INFO - Setting next_dagrun for example_trigger_controller_dag to 2021-01-01 00:00:00+00:00, run_after=2021-01-01 00:00:00+00:00
[2026-05-07T19:49:00.684+0200] {processor.py:208} INFO - Processing /home/rodrigo/Escritorio/BBDDAvanzadas/.venv/lib/python3.12/site-packages/airflow/example_dags/example_trigger_controller_dag.py took 0.051 seconds
[2026-05-07T19:50:41.151+0200] {processor.py:186} INFO - Started process (PID=16348) to work on /home/rodrigo/Escritorio/BBDDAvanzadas/.venv/lib/python3.12/site-packages/airflow/example_dags/example_trigger_controller_dag.py
[2026-05-07T19:50:41.153+0200] {processor.py:914} INFO - Processing file /home/rodrigo/Escritorio/BBDDAvanzadas/.venv/lib/python3.12/site-packages/airflow/example_dags/example_trigger_controller_dag.py for tasks to queue
[2026-05-07T19:50:41.154+0200] {logging_mixin.py:190} INFO - [2026-05-07T19:50:41.154+0200] {dagbag.py:588} INFO - Filling up the DagBag from /home/rodrigo/Escritorio/BBDDAvanzadas/.venv/lib/python3.12/site-packages/airflow/example_dags/example_trigger_controller_dag.py
[2026-05-07T19:50:41.160+0200] {processor.py:925} INFO - DAG(s) 'example_trigger_controller_dag' retrieved from /home/rodrigo/Escritorio/BBDDAvanzadas/.venv/lib/python3.12/site-packages/airflow/example_dags/example_trigger_controller_dag.py
[2026-05-07T19:50:41.169+0200] {logging_mixin.py:190} INFO - [2026-05-07T19:50:41.169+0200] {dag.py:3239} INFO - Sync 1 DAGs
[2026-05-07T19:50:41.181+0200] {logging_mixin.py:190} INFO - [2026-05-07T19:50:41.181+0200] {dag.py:4180} INFO - Setting next_dagrun for example_trigger_controller_dag to 2021-01-01 00:00:00+00:00, run_after=2021-01-01 00:00:00+00:00
[2026-05-07T19:50:41.196+0200] {processor.py:208} INFO - Processing /home/rodrigo/Escritorio/BBDDAvanzadas/.venv/lib/python3.12/site-packages/airflow/example_dags/example_trigger_controller_dag.py took 0.049 seconds
