[2026-05-07T19:31:46.046+0200] {processor.py:186} INFO - Started process (PID=14259) to work on /home/rodrigo/Escritorio/BBDDAvanzadas/.venv/lib/python3.12/site-packages/airflow/example_dags/example_workday_timetable.py
[2026-05-07T19:31:46.046+0200] {processor.py:914} INFO - Processing file /home/rodrigo/Escritorio/BBDDAvanzadas/.venv/lib/python3.12/site-packages/airflow/example_dags/example_workday_timetable.py for tasks to queue
[2026-05-07T19:31:46.048+0200] {logging_mixin.py:190} INFO - [2026-05-07T19:31:46.047+0200] {dagbag.py:588} INFO - Filling up the DagBag from /home/rodrigo/Escritorio/BBDDAvanzadas/.venv/lib/python3.12/site-packages/airflow/example_dags/example_workday_timetable.py
[2026-05-07T19:31:46.053+0200] {processor.py:925} INFO - DAG(s) 'example_workday_timetable' retrieved from /home/rodrigo/Escritorio/BBDDAvanzadas/.venv/lib/python3.12/site-packages/airflow/example_dags/example_workday_timetable.py
[2026-05-07T19:31:46.140+0200] {logging_mixin.py:190} INFO - [2026-05-07T19:31:46.139+0200] {override.py:1930} INFO - Created Permission View: can delete on DAG:example_workday_timetable
[2026-05-07T19:31:46.152+0200] {logging_mixin.py:190} INFO - [2026-05-07T19:31:46.152+0200] {override.py:1930} INFO - Created Permission View: can edit on DAG:example_workday_timetable
[2026-05-07T19:31:46.163+0200] {logging_mixin.py:190} INFO - [2026-05-07T19:31:46.163+0200] {override.py:1930} INFO - Created Permission View: can read on DAG:example_workday_timetable
[2026-05-07T19:31:46.223+0200] {logging_mixin.py:190} INFO - [2026-05-07T19:31:46.223+0200] {override.py:1930} INFO - Created Permission View: can delete on DAG Run:example_workday_timetable
[2026-05-07T19:31:46.233+0200] {logging_mixin.py:190} INFO - [2026-05-07T19:31:46.233+0200] {override.py:1930} INFO - Created Permission View: can create on DAG Run:example_workday_timetable
[2026-05-07T19:31:46.243+0200] {logging_mixin.py:190} INFO - [2026-05-07T19:31:46.243+0200] {override.py:1930} INFO - Created Permission View: menu access on DAG Run:example_workday_timetable
[2026-05-07T19:31:46.251+0200] {logging_mixin.py:190} INFO - [2026-05-07T19:31:46.251+0200] {override.py:1930} INFO - Created Permission View: can read on DAG Run:example_workday_timetable
[2026-05-07T19:31:46.251+0200] {logging_mixin.py:190} INFO - [2026-05-07T19:31:46.251+0200] {dag.py:3239} INFO - Sync 1 DAGs
[2026-05-07T19:31:46.259+0200] {logging_mixin.py:190} INFO - [2026-05-07T19:31:46.259+0200] {dag.py:3262} INFO - Creating ORM DAG for example_workday_timetable
[2026-05-07T19:31:46.265+0200] {logging_mixin.py:190} INFO - [2026-05-07T19:31:46.265+0200] {dag.py:4180} INFO - Setting next_dagrun for example_workday_timetable to 2021-01-01 00:00:00+00:00, run_after=2021-01-02 00:00:00+00:00
[2026-05-07T19:31:46.282+0200] {processor.py:208} INFO - Processing /home/rodrigo/Escritorio/BBDDAvanzadas/.venv/lib/python3.12/site-packages/airflow/example_dags/example_workday_timetable.py took 0.240 seconds
[2026-05-07T19:32:18.590+0200] {processor.py:186} INFO - Started process (PID=14324) to work on /home/rodrigo/Escritorio/BBDDAvanzadas/.venv/lib/python3.12/site-packages/airflow/example_dags/example_workday_timetable.py
[2026-05-07T19:32:18.590+0200] {processor.py:914} INFO - Processing file /home/rodrigo/Escritorio/BBDDAvanzadas/.venv/lib/python3.12/site-packages/airflow/example_dags/example_workday_timetable.py for tasks to queue
[2026-05-07T19:32:18.592+0200] {logging_mixin.py:190} INFO - [2026-05-07T19:32:18.592+0200] {dagbag.py:588} INFO - Filling up the DagBag from /home/rodrigo/Escritorio/BBDDAvanzadas/.venv/lib/python3.12/site-packages/airflow/example_dags/example_workday_timetable.py
[2026-05-07T19:32:18.597+0200] {processor.py:925} INFO - DAG(s) 'example_workday_timetable' retrieved from /home/rodrigo/Escritorio/BBDDAvanzadas/.venv/lib/python3.12/site-packages/airflow/example_dags/example_workday_timetable.py
[2026-05-07T19:32:18.614+0200] {logging_mixin.py:190} INFO - [2026-05-07T19:32:18.614+0200] {dag.py:3239} INFO - Sync 1 DAGs
[2026-05-07T19:32:18.628+0200] {logging_mixin.py:190} INFO - [2026-05-07T19:32:18.628+0200] {dag.py:4180} INFO - Setting next_dagrun for example_workday_timetable to 2021-01-01 00:00:00+00:00, run_after=2021-01-02 00:00:00+00:00
[2026-05-07T19:32:18.646+0200] {processor.py:208} INFO - Processing /home/rodrigo/Escritorio/BBDDAvanzadas/.venv/lib/python3.12/site-packages/airflow/example_dags/example_workday_timetable.py took 0.062 seconds
[2026-05-07T19:35:22.093+0200] {processor.py:186} INFO - Started process (PID=14705) to work on /home/rodrigo/Escritorio/BBDDAvanzadas/.venv/lib/python3.12/site-packages/airflow/example_dags/example_workday_timetable.py
[2026-05-07T19:35:22.097+0200] {processor.py:914} INFO - Processing file /home/rodrigo/Escritorio/BBDDAvanzadas/.venv/lib/python3.12/site-packages/airflow/example_dags/example_workday_timetable.py for tasks to queue
[2026-05-07T19:35:22.100+0200] {logging_mixin.py:190} INFO - [2026-05-07T19:35:22.100+0200] {dagbag.py:588} INFO - Filling up the DagBag from /home/rodrigo/Escritorio/BBDDAvanzadas/.venv/lib/python3.12/site-packages/airflow/example_dags/example_workday_timetable.py
[2026-05-07T19:35:22.110+0200] {processor.py:925} INFO - DAG(s) 'example_workday_timetable' retrieved from /home/rodrigo/Escritorio/BBDDAvanzadas/.venv/lib/python3.12/site-packages/airflow/example_dags/example_workday_timetable.py
[2026-05-07T19:35:22.166+0200] {logging_mixin.py:190} INFO - [2026-05-07T19:35:22.166+0200] {dag.py:3239} INFO - Sync 1 DAGs
[2026-05-07T19:35:22.193+0200] {logging_mixin.py:190} INFO - [2026-05-07T19:35:22.193+0200] {dag.py:4180} INFO - Setting next_dagrun for example_workday_timetable to 2021-01-01 00:00:00+00:00, run_after=2021-01-02 00:00:00+00:00
[2026-05-07T19:35:22.235+0200] {processor.py:208} INFO - Processing /home/rodrigo/Escritorio/BBDDAvanzadas/.venv/lib/python3.12/site-packages/airflow/example_dags/example_workday_timetable.py took 0.151 seconds
[2026-05-07T19:37:12.824+0200] {processor.py:186} INFO - Started process (PID=14829) to work on /home/rodrigo/Escritorio/BBDDAvanzadas/.venv/lib/python3.12/site-packages/airflow/example_dags/example_workday_timetable.py
[2026-05-07T19:37:12.825+0200] {processor.py:914} INFO - Processing file /home/rodrigo/Escritorio/BBDDAvanzadas/.venv/lib/python3.12/site-packages/airflow/example_dags/example_workday_timetable.py for tasks to queue
[2026-05-07T19:37:12.827+0200] {logging_mixin.py:190} INFO - [2026-05-07T19:37:12.827+0200] {dagbag.py:588} INFO - Filling up the DagBag from /home/rodrigo/Escritorio/BBDDAvanzadas/.venv/lib/python3.12/site-packages/airflow/example_dags/example_workday_timetable.py
[2026-05-07T19:37:12.832+0200] {processor.py:925} INFO - DAG(s) 'example_workday_timetable' retrieved from /home/rodrigo/Escritorio/BBDDAvanzadas/.venv/lib/python3.12/site-packages/airflow/example_dags/example_workday_timetable.py
[2026-05-07T19:37:12.848+0200] {logging_mixin.py:190} INFO - [2026-05-07T19:37:12.847+0200] {dag.py:3239} INFO - Sync 1 DAGs
[2026-05-07T19:37:12.862+0200] {logging_mixin.py:190} INFO - [2026-05-07T19:37:12.862+0200] {dag.py:4180} INFO - Setting next_dagrun for example_workday_timetable to 2021-01-01 00:00:00+00:00, run_after=2021-01-02 00:00:00+00:00
[2026-05-07T19:37:12.878+0200] {processor.py:208} INFO - Processing /home/rodrigo/Escritorio/BBDDAvanzadas/.venv/lib/python3.12/site-packages/airflow/example_dags/example_workday_timetable.py took 0.058 seconds
[2026-05-07T19:38:16.251+0200] {processor.py:186} INFO - Started process (PID=14960) to work on /home/rodrigo/Escritorio/BBDDAvanzadas/.venv/lib/python3.12/site-packages/airflow/example_dags/example_workday_timetable.py
[2026-05-07T19:38:16.267+0200] {processor.py:914} INFO - Processing file /home/rodrigo/Escritorio/BBDDAvanzadas/.venv/lib/python3.12/site-packages/airflow/example_dags/example_workday_timetable.py for tasks to queue
[2026-05-07T19:38:16.280+0200] {logging_mixin.py:190} INFO - [2026-05-07T19:38:16.278+0200] {dagbag.py:588} INFO - Filling up the DagBag from /home/rodrigo/Escritorio/BBDDAvanzadas/.venv/lib/python3.12/site-packages/airflow/example_dags/example_workday_timetable.py
[2026-05-07T19:38:16.297+0200] {processor.py:925} INFO - DAG(s) 'example_workday_timetable' retrieved from /home/rodrigo/Escritorio/BBDDAvanzadas/.venv/lib/python3.12/site-packages/airflow/example_dags/example_workday_timetable.py
[2026-05-07T19:38:16.332+0200] {logging_mixin.py:190} INFO - [2026-05-07T19:38:16.332+0200] {dag.py:3239} INFO - Sync 1 DAGs
[2026-05-07T19:38:16.352+0200] {logging_mixin.py:190} INFO - [2026-05-07T19:38:16.352+0200] {dag.py:4180} INFO - Setting next_dagrun for example_workday_timetable to 2021-01-01 00:00:00+00:00, run_after=2021-01-02 00:00:00+00:00
[2026-05-07T19:38:16.390+0200] {processor.py:208} INFO - Processing /home/rodrigo/Escritorio/BBDDAvanzadas/.venv/lib/python3.12/site-packages/airflow/example_dags/example_workday_timetable.py took 0.143 seconds
[2026-05-07T19:39:40.591+0200] {processor.py:186} INFO - Started process (PID=15056) to work on /home/rodrigo/Escritorio/BBDDAvanzadas/.venv/lib/python3.12/site-packages/airflow/example_dags/example_workday_timetable.py
[2026-05-07T19:39:40.602+0200] {processor.py:914} INFO - Processing file /home/rodrigo/Escritorio/BBDDAvanzadas/.venv/lib/python3.12/site-packages/airflow/example_dags/example_workday_timetable.py for tasks to queue
[2026-05-07T19:39:40.608+0200] {logging_mixin.py:190} INFO - [2026-05-07T19:39:40.606+0200] {dagbag.py:588} INFO - Filling up the DagBag from /home/rodrigo/Escritorio/BBDDAvanzadas/.venv/lib/python3.12/site-packages/airflow/example_dags/example_workday_timetable.py
[2026-05-07T19:39:40.614+0200] {processor.py:925} INFO - DAG(s) 'example_workday_timetable' retrieved from /home/rodrigo/Escritorio/BBDDAvanzadas/.venv/lib/python3.12/site-packages/airflow/example_dags/example_workday_timetable.py
[2026-05-07T19:39:40.639+0200] {logging_mixin.py:190} INFO - [2026-05-07T19:39:40.638+0200] {dag.py:3239} INFO - Sync 1 DAGs
[2026-05-07T19:39:40.691+0200] {logging_mixin.py:190} INFO - [2026-05-07T19:39:40.691+0200] {dag.py:4180} INFO - Setting next_dagrun for example_workday_timetable to 2021-01-01 00:00:00+00:00, run_after=2021-01-02 00:00:00+00:00
[2026-05-07T19:39:40.721+0200] {processor.py:208} INFO - Processing /home/rodrigo/Escritorio/BBDDAvanzadas/.venv/lib/python3.12/site-packages/airflow/example_dags/example_workday_timetable.py took 0.134 seconds
[2026-05-07T19:41:09.743+0200] {processor.py:186} INFO - Started process (PID=15174) to work on /home/rodrigo/Escritorio/BBDDAvanzadas/.venv/lib/python3.12/site-packages/airflow/example_dags/example_workday_timetable.py
[2026-05-07T19:41:09.746+0200] {processor.py:914} INFO - Processing file /home/rodrigo/Escritorio/BBDDAvanzadas/.venv/lib/python3.12/site-packages/airflow/example_dags/example_workday_timetable.py for tasks to queue
[2026-05-07T19:41:09.749+0200] {logging_mixin.py:190} INFO - [2026-05-07T19:41:09.749+0200] {dagbag.py:588} INFO - Filling up the DagBag from /home/rodrigo/Escritorio/BBDDAvanzadas/.venv/lib/python3.12/site-packages/airflow/example_dags/example_workday_timetable.py
[2026-05-07T19:41:09.759+0200] {processor.py:925} INFO - DAG(s) 'example_workday_timetable' retrieved from /home/rodrigo/Escritorio/BBDDAvanzadas/.venv/lib/python3.12/site-packages/airflow/example_dags/example_workday_timetable.py
[2026-05-07T19:41:09.771+0200] {logging_mixin.py:190} INFO - [2026-05-07T19:41:09.771+0200] {dag.py:3239} INFO - Sync 1 DAGs
[2026-05-07T19:41:09.810+0200] {logging_mixin.py:190} INFO - [2026-05-07T19:41:09.810+0200] {dag.py:4180} INFO - Setting next_dagrun for example_workday_timetable to 2021-01-01 00:00:00+00:00, run_after=2021-01-02 00:00:00+00:00
[2026-05-07T19:41:09.848+0200] {processor.py:208} INFO - Processing /home/rodrigo/Escritorio/BBDDAvanzadas/.venv/lib/python3.12/site-packages/airflow/example_dags/example_workday_timetable.py took 0.110 seconds
[2026-05-07T19:41:56.025+0200] {processor.py:186} INFO - Started process (PID=15266) to work on /home/rodrigo/Escritorio/BBDDAvanzadas/.venv/lib/python3.12/site-packages/airflow/example_dags/example_workday_timetable.py
[2026-05-07T19:41:56.026+0200] {processor.py:914} INFO - Processing file /home/rodrigo/Escritorio/BBDDAvanzadas/.venv/lib/python3.12/site-packages/airflow/example_dags/example_workday_timetable.py for tasks to queue
[2026-05-07T19:41:56.029+0200] {logging_mixin.py:190} INFO - [2026-05-07T19:41:56.029+0200] {dagbag.py:588} INFO - Filling up the DagBag from /home/rodrigo/Escritorio/BBDDAvanzadas/.venv/lib/python3.12/site-packages/airflow/example_dags/example_workday_timetable.py
[2026-05-07T19:41:56.035+0200] {processor.py:925} INFO - DAG(s) 'example_workday_timetable' retrieved from /home/rodrigo/Escritorio/BBDDAvanzadas/.venv/lib/python3.12/site-packages/airflow/example_dags/example_workday_timetable.py
[2026-05-07T19:41:56.051+0200] {logging_mixin.py:190} INFO - [2026-05-07T19:41:56.051+0200] {dag.py:3239} INFO - Sync 1 DAGs
[2026-05-07T19:41:56.091+0200] {logging_mixin.py:190} INFO - [2026-05-07T19:41:56.090+0200] {dag.py:4180} INFO - Setting next_dagrun for example_workday_timetable to 2021-01-01 00:00:00+00:00, run_after=2021-01-02 00:00:00+00:00
[2026-05-07T19:41:56.131+0200] {processor.py:208} INFO - Processing /home/rodrigo/Escritorio/BBDDAvanzadas/.venv/lib/python3.12/site-packages/airflow/example_dags/example_workday_timetable.py took 0.110 seconds
[2026-05-07T19:43:11.904+0200] {processor.py:186} INFO - Started process (PID=15541) to work on /home/rodrigo/Escritorio/BBDDAvanzadas/.venv/lib/python3.12/site-packages/airflow/example_dags/example_workday_timetable.py
[2026-05-07T19:43:11.905+0200] {processor.py:914} INFO - Processing file /home/rodrigo/Escritorio/BBDDAvanzadas/.venv/lib/python3.12/site-packages/airflow/example_dags/example_workday_timetable.py for tasks to queue
[2026-05-07T19:43:11.906+0200] {logging_mixin.py:190} INFO - [2026-05-07T19:43:11.906+0200] {dagbag.py:588} INFO - Filling up the DagBag from /home/rodrigo/Escritorio/BBDDAvanzadas/.venv/lib/python3.12/site-packages/airflow/example_dags/example_workday_timetable.py
[2026-05-07T19:43:11.911+0200] {processor.py:925} INFO - DAG(s) 'example_workday_timetable' retrieved from /home/rodrigo/Escritorio/BBDDAvanzadas/.venv/lib/python3.12/site-packages/airflow/example_dags/example_workday_timetable.py
[2026-05-07T19:43:11.922+0200] {logging_mixin.py:190} INFO - [2026-05-07T19:43:11.921+0200] {dag.py:3239} INFO - Sync 1 DAGs
[2026-05-07T19:43:11.934+0200] {logging_mixin.py:190} INFO - [2026-05-07T19:43:11.934+0200] {dag.py:4180} INFO - Setting next_dagrun for example_workday_timetable to 2021-01-01 00:00:00+00:00, run_after=2021-01-02 00:00:00+00:00
[2026-05-07T19:43:11.949+0200] {processor.py:208} INFO - Processing /home/rodrigo/Escritorio/BBDDAvanzadas/.venv/lib/python3.12/site-packages/airflow/example_dags/example_workday_timetable.py took 0.050 seconds
[2026-05-07T19:44:29.842+0200] {processor.py:186} INFO - Started process (PID=15750) to work on /home/rodrigo/Escritorio/BBDDAvanzadas/.venv/lib/python3.12/site-packages/airflow/example_dags/example_workday_timetable.py
[2026-05-07T19:44:29.845+0200] {processor.py:914} INFO - Processing file /home/rodrigo/Escritorio/BBDDAvanzadas/.venv/lib/python3.12/site-packages/airflow/example_dags/example_workday_timetable.py for tasks to queue
[2026-05-07T19:44:29.847+0200] {logging_mixin.py:190} INFO - [2026-05-07T19:44:29.847+0200] {dagbag.py:588} INFO - Filling up the DagBag from /home/rodrigo/Escritorio/BBDDAvanzadas/.venv/lib/python3.12/site-packages/airflow/example_dags/example_workday_timetable.py
[2026-05-07T19:44:29.854+0200] {processor.py:925} INFO - DAG(s) 'example_workday_timetable' retrieved from /home/rodrigo/Escritorio/BBDDAvanzadas/.venv/lib/python3.12/site-packages/airflow/example_dags/example_workday_timetable.py
[2026-05-07T19:44:29.872+0200] {logging_mixin.py:190} INFO - [2026-05-07T19:44:29.872+0200] {dag.py:3239} INFO - Sync 1 DAGs
[2026-05-07T19:44:29.891+0200] {logging_mixin.py:190} INFO - [2026-05-07T19:44:29.890+0200] {dag.py:4180} INFO - Setting next_dagrun for example_workday_timetable to 2021-01-01 00:00:00+00:00, run_after=2021-01-02 00:00:00+00:00
[2026-05-07T19:44:29.949+0200] {processor.py:208} INFO - Processing /home/rodrigo/Escritorio/BBDDAvanzadas/.venv/lib/python3.12/site-packages/airflow/example_dags/example_workday_timetable.py took 0.115 seconds
[2026-05-07T19:45:22.747+0200] {processor.py:186} INFO - Started process (PID=15881) to work on /home/rodrigo/Escritorio/BBDDAvanzadas/.venv/lib/python3.12/site-packages/airflow/example_dags/example_workday_timetable.py
[2026-05-07T19:45:22.750+0200] {processor.py:914} INFO - Processing file /home/rodrigo/Escritorio/BBDDAvanzadas/.venv/lib/python3.12/site-packages/airflow/example_dags/example_workday_timetable.py for tasks to queue
[2026-05-07T19:45:22.752+0200] {logging_mixin.py:190} INFO - [2026-05-07T19:45:22.752+0200] {dagbag.py:588} INFO - Filling up the DagBag from /home/rodrigo/Escritorio/BBDDAvanzadas/.venv/lib/python3.12/site-packages/airflow/example_dags/example_workday_timetable.py
[2026-05-07T19:45:22.757+0200] {processor.py:925} INFO - DAG(s) 'example_workday_timetable' retrieved from /home/rodrigo/Escritorio/BBDDAvanzadas/.venv/lib/python3.12/site-packages/airflow/example_dags/example_workday_timetable.py
[2026-05-07T19:45:22.769+0200] {logging_mixin.py:190} INFO - [2026-05-07T19:45:22.769+0200] {dag.py:3239} INFO - Sync 1 DAGs
[2026-05-07T19:45:22.783+0200] {logging_mixin.py:190} INFO - [2026-05-07T19:45:22.783+0200] {dag.py:4180} INFO - Setting next_dagrun for example_workday_timetable to 2021-01-01 00:00:00+00:00, run_after=2021-01-02 00:00:00+00:00
[2026-05-07T19:45:22.801+0200] {processor.py:208} INFO - Processing /home/rodrigo/Escritorio/BBDDAvanzadas/.venv/lib/python3.12/site-packages/airflow/example_dags/example_workday_timetable.py took 0.060 seconds
[2026-05-07T19:46:14.771+0200] {processor.py:186} INFO - Started process (PID=15927) to work on /home/rodrigo/Escritorio/BBDDAvanzadas/.venv/lib/python3.12/site-packages/airflow/example_dags/example_workday_timetable.py
[2026-05-07T19:46:14.772+0200] {processor.py:914} INFO - Processing file /home/rodrigo/Escritorio/BBDDAvanzadas/.venv/lib/python3.12/site-packages/airflow/example_dags/example_workday_timetable.py for tasks to queue
[2026-05-07T19:46:14.774+0200] {logging_mixin.py:190} INFO - [2026-05-07T19:46:14.773+0200] {dagbag.py:588} INFO - Filling up the DagBag from /home/rodrigo/Escritorio/BBDDAvanzadas/.venv/lib/python3.12/site-packages/airflow/example_dags/example_workday_timetable.py
[2026-05-07T19:46:14.778+0200] {processor.py:925} INFO - DAG(s) 'example_workday_timetable' retrieved from /home/rodrigo/Escritorio/BBDDAvanzadas/.venv/lib/python3.12/site-packages/airflow/example_dags/example_workday_timetable.py
[2026-05-07T19:46:14.789+0200] {logging_mixin.py:190} INFO - [2026-05-07T19:46:14.789+0200] {dag.py:3239} INFO - Sync 1 DAGs
[2026-05-07T19:46:14.802+0200] {logging_mixin.py:190} INFO - [2026-05-07T19:46:14.802+0200] {dag.py:4180} INFO - Setting next_dagrun for example_workday_timetable to 2021-01-01 00:00:00+00:00, run_after=2021-01-02 00:00:00+00:00
[2026-05-07T19:46:14.823+0200] {processor.py:208} INFO - Processing /home/rodrigo/Escritorio/BBDDAvanzadas/.venv/lib/python3.12/site-packages/airflow/example_dags/example_workday_timetable.py took 0.057 seconds
[2026-05-07T19:47:00.120+0200] {processor.py:186} INFO - Started process (PID=16022) to work on /home/rodrigo/Escritorio/BBDDAvanzadas/.venv/lib/python3.12/site-packages/airflow/example_dags/example_workday_timetable.py
[2026-05-07T19:47:00.122+0200] {processor.py:914} INFO - Processing file /home/rodrigo/Escritorio/BBDDAvanzadas/.venv/lib/python3.12/site-packages/airflow/example_dags/example_workday_timetable.py for tasks to queue
[2026-05-07T19:47:00.123+0200] {logging_mixin.py:190} INFO - [2026-05-07T19:47:00.123+0200] {dagbag.py:588} INFO - Filling up the DagBag from /home/rodrigo/Escritorio/BBDDAvanzadas/.venv/lib/python3.12/site-packages/airflow/example_dags/example_workday_timetable.py
[2026-05-07T19:47:00.128+0200] {processor.py:925} INFO - DAG(s) 'example_workday_timetable' retrieved from /home/rodrigo/Escritorio/BBDDAvanzadas/.venv/lib/python3.12/site-packages/airflow/example_dags/example_workday_timetable.py
[2026-05-07T19:47:00.139+0200] {logging_mixin.py:190} INFO - [2026-05-07T19:47:00.139+0200] {dag.py:3239} INFO - Sync 1 DAGs
[2026-05-07T19:47:00.153+0200] {logging_mixin.py:190} INFO - [2026-05-07T19:47:00.152+0200] {dag.py:4180} INFO - Setting next_dagrun for example_workday_timetable to 2021-01-01 00:00:00+00:00, run_after=2021-01-02 00:00:00+00:00
[2026-05-07T19:47:00.174+0200] {processor.py:208} INFO - Processing /home/rodrigo/Escritorio/BBDDAvanzadas/.venv/lib/python3.12/site-packages/airflow/example_dags/example_workday_timetable.py took 0.059 seconds
[2026-05-07T19:48:05.394+0200] {processor.py:186} INFO - Started process (PID=16173) to work on /home/rodrigo/Escritorio/BBDDAvanzadas/.venv/lib/python3.12/site-packages/airflow/example_dags/example_workday_timetable.py
[2026-05-07T19:48:05.399+0200] {processor.py:914} INFO - Processing file /home/rodrigo/Escritorio/BBDDAvanzadas/.venv/lib/python3.12/site-packages/airflow/example_dags/example_workday_timetable.py for tasks to queue
[2026-05-07T19:48:05.401+0200] {logging_mixin.py:190} INFO - [2026-05-07T19:48:05.400+0200] {dagbag.py:588} INFO - Filling up the DagBag from /home/rodrigo/Escritorio/BBDDAvanzadas/.venv/lib/python3.12/site-packages/airflow/example_dags/example_workday_timetable.py
[2026-05-07T19:48:05.408+0200] {processor.py:925} INFO - DAG(s) 'example_workday_timetable' retrieved from /home/rodrigo/Escritorio/BBDDAvanzadas/.venv/lib/python3.12/site-packages/airflow/example_dags/example_workday_timetable.py
[2026-05-07T19:48:05.460+0200] {logging_mixin.py:190} INFO - [2026-05-07T19:48:05.458+0200] {dag.py:3239} INFO - Sync 1 DAGs
[2026-05-07T19:48:05.485+0200] {logging_mixin.py:190} INFO - [2026-05-07T19:48:05.485+0200] {dag.py:4180} INFO - Setting next_dagrun for example_workday_timetable to 2021-01-01 00:00:00+00:00, run_after=2021-01-02 00:00:00+00:00
[2026-05-07T19:48:05.538+0200] {processor.py:208} INFO - Processing /home/rodrigo/Escritorio/BBDDAvanzadas/.venv/lib/python3.12/site-packages/airflow/example_dags/example_workday_timetable.py took 0.150 seconds
[2026-05-07T19:48:57.769+0200] {processor.py:186} INFO - Started process (PID=16229) to work on /home/rodrigo/Escritorio/BBDDAvanzadas/.venv/lib/python3.12/site-packages/airflow/example_dags/example_workday_timetable.py
[2026-05-07T19:48:57.770+0200] {processor.py:914} INFO - Processing file /home/rodrigo/Escritorio/BBDDAvanzadas/.venv/lib/python3.12/site-packages/airflow/example_dags/example_workday_timetable.py for tasks to queue
[2026-05-07T19:48:57.772+0200] {logging_mixin.py:190} INFO - [2026-05-07T19:48:57.771+0200] {dagbag.py:588} INFO - Filling up the DagBag from /home/rodrigo/Escritorio/BBDDAvanzadas/.venv/lib/python3.12/site-packages/airflow/example_dags/example_workday_timetable.py
[2026-05-07T19:48:57.777+0200] {processor.py:925} INFO - DAG(s) 'example_workday_timetable' retrieved from /home/rodrigo/Escritorio/BBDDAvanzadas/.venv/lib/python3.12/site-packages/airflow/example_dags/example_workday_timetable.py
[2026-05-07T19:48:57.787+0200] {logging_mixin.py:190} INFO - [2026-05-07T19:48:57.787+0200] {dag.py:3239} INFO - Sync 1 DAGs
[2026-05-07T19:48:57.800+0200] {logging_mixin.py:190} INFO - [2026-05-07T19:48:57.800+0200] {dag.py:4180} INFO - Setting next_dagrun for example_workday_timetable to 2021-01-01 00:00:00+00:00, run_after=2021-01-02 00:00:00+00:00
[2026-05-07T19:48:57.816+0200] {processor.py:208} INFO - Processing /home/rodrigo/Escritorio/BBDDAvanzadas/.venv/lib/python3.12/site-packages/airflow/example_dags/example_workday_timetable.py took 0.052 seconds
[2026-05-07T19:50:39.324+0200] {processor.py:186} INFO - Started process (PID=16346) to work on /home/rodrigo/Escritorio/BBDDAvanzadas/.venv/lib/python3.12/site-packages/airflow/example_dags/example_workday_timetable.py
[2026-05-07T19:50:39.325+0200] {processor.py:914} INFO - Processing file /home/rodrigo/Escritorio/BBDDAvanzadas/.venv/lib/python3.12/site-packages/airflow/example_dags/example_workday_timetable.py for tasks to queue
[2026-05-07T19:50:39.326+0200] {logging_mixin.py:190} INFO - [2026-05-07T19:50:39.326+0200] {dagbag.py:588} INFO - Filling up the DagBag from /home/rodrigo/Escritorio/BBDDAvanzadas/.venv/lib/python3.12/site-packages/airflow/example_dags/example_workday_timetable.py
[2026-05-07T19:50:39.331+0200] {processor.py:925} INFO - DAG(s) 'example_workday_timetable' retrieved from /home/rodrigo/Escritorio/BBDDAvanzadas/.venv/lib/python3.12/site-packages/airflow/example_dags/example_workday_timetable.py
[2026-05-07T19:50:39.340+0200] {logging_mixin.py:190} INFO - [2026-05-07T19:50:39.340+0200] {dag.py:3239} INFO - Sync 1 DAGs
[2026-05-07T19:50:39.352+0200] {logging_mixin.py:190} INFO - [2026-05-07T19:50:39.352+0200] {dag.py:4180} INFO - Setting next_dagrun for example_workday_timetable to 2021-01-01 00:00:00+00:00, run_after=2021-01-02 00:00:00+00:00
[2026-05-07T19:50:39.368+0200] {processor.py:208} INFO - Processing /home/rodrigo/Escritorio/BBDDAvanzadas/.venv/lib/python3.12/site-packages/airflow/example_dags/example_workday_timetable.py took 0.048 seconds
[2026-05-07T19:51:29.898+0200] {processor.py:186} INFO - Started process (PID=16391) to work on /home/rodrigo/Escritorio/BBDDAvanzadas/.venv/lib/python3.12/site-packages/airflow/example_dags/example_workday_timetable.py
[2026-05-07T19:51:29.899+0200] {processor.py:914} INFO - Processing file /home/rodrigo/Escritorio/BBDDAvanzadas/.venv/lib/python3.12/site-packages/airflow/example_dags/example_workday_timetable.py for tasks to queue
[2026-05-07T19:51:29.900+0200] {logging_mixin.py:190} INFO - [2026-05-07T19:51:29.900+0200] {dagbag.py:588} INFO - Filling up the DagBag from /home/rodrigo/Escritorio/BBDDAvanzadas/.venv/lib/python3.12/site-packages/airflow/example_dags/example_workday_timetable.py
[2026-05-07T19:51:29.905+0200] {processor.py:925} INFO - DAG(s) 'example_workday_timetable' retrieved from /home/rodrigo/Escritorio/BBDDAvanzadas/.venv/lib/python3.12/site-packages/airflow/example_dags/example_workday_timetable.py
[2026-05-07T19:51:29.915+0200] {logging_mixin.py:190} INFO - [2026-05-07T19:51:29.915+0200] {dag.py:3239} INFO - Sync 1 DAGs
[2026-05-07T19:51:29.927+0200] {logging_mixin.py:190} INFO - [2026-05-07T19:51:29.927+0200] {dag.py:4180} INFO - Setting next_dagrun for example_workday_timetable to 2021-01-01 00:00:00+00:00, run_after=2021-01-02 00:00:00+00:00
[2026-05-07T19:51:29.943+0200] {processor.py:208} INFO - Processing /home/rodrigo/Escritorio/BBDDAvanzadas/.venv/lib/python3.12/site-packages/airflow/example_dags/example_workday_timetable.py took 0.049 seconds
