[2026-05-07T19:32:27.735+0200] {processor.py:186} INFO - Started process (PID=14332) to work on /home/rodrigo/Escritorio/BBDDAvanzadas/.venv/lib/python3.12/site-packages/airflow/example_dags/example_skip_dag.py
[2026-05-07T19:32:27.736+0200] {processor.py:914} INFO - Processing file /home/rodrigo/Escritorio/BBDDAvanzadas/.venv/lib/python3.12/site-packages/airflow/example_dags/example_skip_dag.py for tasks to queue
[2026-05-07T19:32:27.739+0200] {logging_mixin.py:190} INFO - [2026-05-07T19:32:27.739+0200] {dagbag.py:588} INFO - Filling up the DagBag from /home/rodrigo/Escritorio/BBDDAvanzadas/.venv/lib/python3.12/site-packages/airflow/example_dags/example_skip_dag.py
[2026-05-07T19:32:27.746+0200] {processor.py:925} INFO - DAG(s) 'example_skip_dag' retrieved from /home/rodrigo/Escritorio/BBDDAvanzadas/.venv/lib/python3.12/site-packages/airflow/example_dags/example_skip_dag.py
[2026-05-07T19:32:28.007+0200] {logging_mixin.py:190} INFO - [2026-05-07T19:32:28.006+0200] {override.py:1930} INFO - Created Permission View: can read on DAG:example_skip_dag
[2026-05-07T19:32:28.043+0200] {logging_mixin.py:190} INFO - [2026-05-07T19:32:28.041+0200] {override.py:1930} INFO - Created Permission View: can edit on DAG:example_skip_dag
[2026-05-07T19:32:28.106+0200] {logging_mixin.py:190} INFO - [2026-05-07T19:32:28.105+0200] {override.py:1930} INFO - Created Permission View: can delete on DAG:example_skip_dag
[2026-05-07T19:32:28.157+0200] {logging_mixin.py:190} INFO - [2026-05-07T19:32:28.156+0200] {override.py:1930} INFO - Created Permission View: can create on DAG Run:example_skip_dag
[2026-05-07T19:32:28.171+0200] {logging_mixin.py:190} INFO - [2026-05-07T19:32:28.171+0200] {override.py:1930} INFO - Created Permission View: can read on DAG Run:example_skip_dag
[2026-05-07T19:32:28.185+0200] {logging_mixin.py:190} INFO - [2026-05-07T19:32:28.184+0200] {override.py:1930} INFO - Created Permission View: menu access on DAG Run:example_skip_dag
[2026-05-07T19:32:28.263+0200] {logging_mixin.py:190} INFO - [2026-05-07T19:32:28.262+0200] {override.py:1930} INFO - Created Permission View: can delete on DAG Run:example_skip_dag
[2026-05-07T19:32:28.268+0200] {logging_mixin.py:190} INFO - [2026-05-07T19:32:28.263+0200] {dag.py:3239} INFO - Sync 1 DAGs
[2026-05-07T19:32:28.299+0200] {logging_mixin.py:190} INFO - [2026-05-07T19:32:28.299+0200] {dag.py:3262} INFO - Creating ORM DAG for example_skip_dag
[2026-05-07T19:32:28.315+0200] {logging_mixin.py:190} INFO - [2026-05-07T19:32:28.315+0200] {dag.py:4180} INFO - Setting next_dagrun for example_skip_dag to 2026-05-06 00:00:00+00:00, run_after=2026-05-07 00:00:00+00:00
[2026-05-07T19:32:28.360+0200] {processor.py:208} INFO - Processing /home/rodrigo/Escritorio/BBDDAvanzadas/.venv/lib/python3.12/site-packages/airflow/example_dags/example_skip_dag.py took 0.630 seconds
[2026-05-07T19:37:21.613+0200] {processor.py:186} INFO - Started process (PID=14855) to work on /home/rodrigo/Escritorio/BBDDAvanzadas/.venv/lib/python3.12/site-packages/airflow/example_dags/example_skip_dag.py
[2026-05-07T19:37:21.618+0200] {processor.py:914} INFO - Processing file /home/rodrigo/Escritorio/BBDDAvanzadas/.venv/lib/python3.12/site-packages/airflow/example_dags/example_skip_dag.py for tasks to queue
[2026-05-07T19:37:21.621+0200] {logging_mixin.py:190} INFO - [2026-05-07T19:37:21.621+0200] {dagbag.py:588} INFO - Filling up the DagBag from /home/rodrigo/Escritorio/BBDDAvanzadas/.venv/lib/python3.12/site-packages/airflow/example_dags/example_skip_dag.py
[2026-05-07T19:37:21.634+0200] {processor.py:925} INFO - DAG(s) 'example_skip_dag' retrieved from /home/rodrigo/Escritorio/BBDDAvanzadas/.venv/lib/python3.12/site-packages/airflow/example_dags/example_skip_dag.py
[2026-05-07T19:37:21.660+0200] {logging_mixin.py:190} INFO - [2026-05-07T19:37:21.660+0200] {dag.py:3239} INFO - Sync 1 DAGs
[2026-05-07T19:37:21.679+0200] {logging_mixin.py:190} INFO - [2026-05-07T19:37:21.679+0200] {dag.py:4180} INFO - Setting next_dagrun for example_skip_dag to 2026-05-06 00:00:00+00:00, run_after=2026-05-07 00:00:00+00:00
[2026-05-07T19:37:21.698+0200] {processor.py:208} INFO - Processing /home/rodrigo/Escritorio/BBDDAvanzadas/.venv/lib/python3.12/site-packages/airflow/example_dags/example_skip_dag.py took 0.090 seconds
[2026-05-07T19:38:25.552+0200] {processor.py:186} INFO - Started process (PID=14968) to work on /home/rodrigo/Escritorio/BBDDAvanzadas/.venv/lib/python3.12/site-packages/airflow/example_dags/example_skip_dag.py
[2026-05-07T19:38:25.557+0200] {processor.py:914} INFO - Processing file /home/rodrigo/Escritorio/BBDDAvanzadas/.venv/lib/python3.12/site-packages/airflow/example_dags/example_skip_dag.py for tasks to queue
[2026-05-07T19:38:25.563+0200] {logging_mixin.py:190} INFO - [2026-05-07T19:38:25.562+0200] {dagbag.py:588} INFO - Filling up the DagBag from /home/rodrigo/Escritorio/BBDDAvanzadas/.venv/lib/python3.12/site-packages/airflow/example_dags/example_skip_dag.py
[2026-05-07T19:38:25.570+0200] {processor.py:925} INFO - DAG(s) 'example_skip_dag' retrieved from /home/rodrigo/Escritorio/BBDDAvanzadas/.venv/lib/python3.12/site-packages/airflow/example_dags/example_skip_dag.py
[2026-05-07T19:38:25.584+0200] {logging_mixin.py:190} INFO - [2026-05-07T19:38:25.584+0200] {dag.py:3239} INFO - Sync 1 DAGs
[2026-05-07T19:38:25.604+0200] {logging_mixin.py:190} INFO - [2026-05-07T19:38:25.604+0200] {dag.py:4180} INFO - Setting next_dagrun for example_skip_dag to 2026-05-06 00:00:00+00:00, run_after=2026-05-07 00:00:00+00:00
[2026-05-07T19:38:25.648+0200] {processor.py:208} INFO - Processing /home/rodrigo/Escritorio/BBDDAvanzadas/.venv/lib/python3.12/site-packages/airflow/example_dags/example_skip_dag.py took 0.099 seconds
[2026-05-07T19:39:49.752+0200] {processor.py:186} INFO - Started process (PID=15067) to work on /home/rodrigo/Escritorio/BBDDAvanzadas/.venv/lib/python3.12/site-packages/airflow/example_dags/example_skip_dag.py
[2026-05-07T19:39:49.755+0200] {processor.py:914} INFO - Processing file /home/rodrigo/Escritorio/BBDDAvanzadas/.venv/lib/python3.12/site-packages/airflow/example_dags/example_skip_dag.py for tasks to queue
[2026-05-07T19:39:49.757+0200] {logging_mixin.py:190} INFO - [2026-05-07T19:39:49.757+0200] {dagbag.py:588} INFO - Filling up the DagBag from /home/rodrigo/Escritorio/BBDDAvanzadas/.venv/lib/python3.12/site-packages/airflow/example_dags/example_skip_dag.py
[2026-05-07T19:39:49.764+0200] {processor.py:925} INFO - DAG(s) 'example_skip_dag' retrieved from /home/rodrigo/Escritorio/BBDDAvanzadas/.venv/lib/python3.12/site-packages/airflow/example_dags/example_skip_dag.py
[2026-05-07T19:39:49.780+0200] {logging_mixin.py:190} INFO - [2026-05-07T19:39:49.780+0200] {dag.py:3239} INFO - Sync 1 DAGs
[2026-05-07T19:39:49.795+0200] {logging_mixin.py:190} INFO - [2026-05-07T19:39:49.795+0200] {dag.py:4180} INFO - Setting next_dagrun for example_skip_dag to 2026-05-06 00:00:00+00:00, run_after=2026-05-07 00:00:00+00:00
[2026-05-07T19:39:49.852+0200] {processor.py:208} INFO - Processing /home/rodrigo/Escritorio/BBDDAvanzadas/.venv/lib/python3.12/site-packages/airflow/example_dags/example_skip_dag.py took 0.115 seconds
[2026-05-07T19:41:17.568+0200] {processor.py:186} INFO - Started process (PID=15185) to work on /home/rodrigo/Escritorio/BBDDAvanzadas/.venv/lib/python3.12/site-packages/airflow/example_dags/example_skip_dag.py
[2026-05-07T19:41:17.574+0200] {processor.py:914} INFO - Processing file /home/rodrigo/Escritorio/BBDDAvanzadas/.venv/lib/python3.12/site-packages/airflow/example_dags/example_skip_dag.py for tasks to queue
[2026-05-07T19:41:17.576+0200] {logging_mixin.py:190} INFO - [2026-05-07T19:41:17.576+0200] {dagbag.py:588} INFO - Filling up the DagBag from /home/rodrigo/Escritorio/BBDDAvanzadas/.venv/lib/python3.12/site-packages/airflow/example_dags/example_skip_dag.py
[2026-05-07T19:41:17.586+0200] {processor.py:925} INFO - DAG(s) 'example_skip_dag' retrieved from /home/rodrigo/Escritorio/BBDDAvanzadas/.venv/lib/python3.12/site-packages/airflow/example_dags/example_skip_dag.py
[2026-05-07T19:41:17.619+0200] {logging_mixin.py:190} INFO - [2026-05-07T19:41:17.619+0200] {dag.py:3239} INFO - Sync 1 DAGs
[2026-05-07T19:41:17.638+0200] {logging_mixin.py:190} INFO - [2026-05-07T19:41:17.638+0200] {dag.py:4180} INFO - Setting next_dagrun for example_skip_dag to 2026-05-06 00:00:00+00:00, run_after=2026-05-07 00:00:00+00:00
[2026-05-07T19:41:17.692+0200] {processor.py:208} INFO - Processing /home/rodrigo/Escritorio/BBDDAvanzadas/.venv/lib/python3.12/site-packages/airflow/example_dags/example_skip_dag.py took 0.129 seconds
[2026-05-07T19:42:36.390+0200] {processor.py:186} INFO - Started process (PID=15432) to work on /home/rodrigo/Escritorio/BBDDAvanzadas/.venv/lib/python3.12/site-packages/airflow/example_dags/example_skip_dag.py
[2026-05-07T19:42:36.392+0200] {processor.py:914} INFO - Processing file /home/rodrigo/Escritorio/BBDDAvanzadas/.venv/lib/python3.12/site-packages/airflow/example_dags/example_skip_dag.py for tasks to queue
[2026-05-07T19:42:36.393+0200] {logging_mixin.py:190} INFO - [2026-05-07T19:42:36.393+0200] {dagbag.py:588} INFO - Filling up the DagBag from /home/rodrigo/Escritorio/BBDDAvanzadas/.venv/lib/python3.12/site-packages/airflow/example_dags/example_skip_dag.py
[2026-05-07T19:42:36.399+0200] {processor.py:925} INFO - DAG(s) 'example_skip_dag' retrieved from /home/rodrigo/Escritorio/BBDDAvanzadas/.venv/lib/python3.12/site-packages/airflow/example_dags/example_skip_dag.py
[2026-05-07T19:42:36.410+0200] {logging_mixin.py:190} INFO - [2026-05-07T19:42:36.410+0200] {dag.py:3239} INFO - Sync 1 DAGs
[2026-05-07T19:42:36.421+0200] {logging_mixin.py:190} INFO - [2026-05-07T19:42:36.421+0200] {dag.py:4180} INFO - Setting next_dagrun for example_skip_dag to 2026-05-06 00:00:00+00:00, run_after=2026-05-07 00:00:00+00:00
[2026-05-07T19:42:36.438+0200] {processor.py:208} INFO - Processing /home/rodrigo/Escritorio/BBDDAvanzadas/.venv/lib/python3.12/site-packages/airflow/example_dags/example_skip_dag.py took 0.052 seconds
[2026-05-07T19:43:46.072+0200] {processor.py:186} INFO - Started process (PID=15627) to work on /home/rodrigo/Escritorio/BBDDAvanzadas/.venv/lib/python3.12/site-packages/airflow/example_dags/example_skip_dag.py
[2026-05-07T19:43:46.073+0200] {processor.py:914} INFO - Processing file /home/rodrigo/Escritorio/BBDDAvanzadas/.venv/lib/python3.12/site-packages/airflow/example_dags/example_skip_dag.py for tasks to queue
[2026-05-07T19:43:46.074+0200] {logging_mixin.py:190} INFO - [2026-05-07T19:43:46.074+0200] {dagbag.py:588} INFO - Filling up the DagBag from /home/rodrigo/Escritorio/BBDDAvanzadas/.venv/lib/python3.12/site-packages/airflow/example_dags/example_skip_dag.py
[2026-05-07T19:43:46.081+0200] {processor.py:925} INFO - DAG(s) 'example_skip_dag' retrieved from /home/rodrigo/Escritorio/BBDDAvanzadas/.venv/lib/python3.12/site-packages/airflow/example_dags/example_skip_dag.py
[2026-05-07T19:43:46.095+0200] {logging_mixin.py:190} INFO - [2026-05-07T19:43:46.095+0200] {dag.py:3239} INFO - Sync 1 DAGs
[2026-05-07T19:43:46.210+0200] {logging_mixin.py:190} INFO - [2026-05-07T19:43:46.210+0200] {dag.py:4180} INFO - Setting next_dagrun for example_skip_dag to 2026-05-06 00:00:00+00:00, run_after=2026-05-07 00:00:00+00:00
[2026-05-07T19:43:46.226+0200] {processor.py:208} INFO - Processing /home/rodrigo/Escritorio/BBDDAvanzadas/.venv/lib/python3.12/site-packages/airflow/example_dags/example_skip_dag.py took 0.159 seconds
[2026-05-07T19:45:27.683+0200] {processor.py:186} INFO - Started process (PID=15884) to work on /home/rodrigo/Escritorio/BBDDAvanzadas/.venv/lib/python3.12/site-packages/airflow/example_dags/example_skip_dag.py
[2026-05-07T19:45:27.685+0200] {processor.py:914} INFO - Processing file /home/rodrigo/Escritorio/BBDDAvanzadas/.venv/lib/python3.12/site-packages/airflow/example_dags/example_skip_dag.py for tasks to queue
[2026-05-07T19:45:27.687+0200] {logging_mixin.py:190} INFO - [2026-05-07T19:45:27.686+0200] {dagbag.py:588} INFO - Filling up the DagBag from /home/rodrigo/Escritorio/BBDDAvanzadas/.venv/lib/python3.12/site-packages/airflow/example_dags/example_skip_dag.py
[2026-05-07T19:45:27.693+0200] {processor.py:925} INFO - DAG(s) 'example_skip_dag' retrieved from /home/rodrigo/Escritorio/BBDDAvanzadas/.venv/lib/python3.12/site-packages/airflow/example_dags/example_skip_dag.py
[2026-05-07T19:45:27.706+0200] {logging_mixin.py:190} INFO - [2026-05-07T19:45:27.706+0200] {dag.py:3239} INFO - Sync 1 DAGs
[2026-05-07T19:45:27.719+0200] {logging_mixin.py:190} INFO - [2026-05-07T19:45:27.719+0200] {dag.py:4180} INFO - Setting next_dagrun for example_skip_dag to 2026-05-06 00:00:00+00:00, run_after=2026-05-07 00:00:00+00:00
[2026-05-07T19:45:27.735+0200] {processor.py:208} INFO - Processing /home/rodrigo/Escritorio/BBDDAvanzadas/.venv/lib/python3.12/site-packages/airflow/example_dags/example_skip_dag.py took 0.058 seconds
[2026-05-07T19:47:01.419+0200] {processor.py:186} INFO - Started process (PID=16024) to work on /home/rodrigo/Escritorio/BBDDAvanzadas/.venv/lib/python3.12/site-packages/airflow/example_dags/example_skip_dag.py
[2026-05-07T19:47:01.421+0200] {processor.py:914} INFO - Processing file /home/rodrigo/Escritorio/BBDDAvanzadas/.venv/lib/python3.12/site-packages/airflow/example_dags/example_skip_dag.py for tasks to queue
[2026-05-07T19:47:01.422+0200] {logging_mixin.py:190} INFO - [2026-05-07T19:47:01.422+0200] {dagbag.py:588} INFO - Filling up the DagBag from /home/rodrigo/Escritorio/BBDDAvanzadas/.venv/lib/python3.12/site-packages/airflow/example_dags/example_skip_dag.py
[2026-05-07T19:47:01.429+0200] {processor.py:925} INFO - DAG(s) 'example_skip_dag' retrieved from /home/rodrigo/Escritorio/BBDDAvanzadas/.venv/lib/python3.12/site-packages/airflow/example_dags/example_skip_dag.py
[2026-05-07T19:47:01.442+0200] {logging_mixin.py:190} INFO - [2026-05-07T19:47:01.442+0200] {dag.py:3239} INFO - Sync 1 DAGs
[2026-05-07T19:47:01.455+0200] {logging_mixin.py:190} INFO - [2026-05-07T19:47:01.454+0200] {dag.py:4180} INFO - Setting next_dagrun for example_skip_dag to 2026-05-06 00:00:00+00:00, run_after=2026-05-07 00:00:00+00:00
[2026-05-07T19:47:01.470+0200] {processor.py:208} INFO - Processing /home/rodrigo/Escritorio/BBDDAvanzadas/.venv/lib/python3.12/site-packages/airflow/example_dags/example_skip_dag.py took 0.056 seconds
[2026-05-07T19:48:07.542+0200] {processor.py:186} INFO - Started process (PID=16175) to work on /home/rodrigo/Escritorio/BBDDAvanzadas/.venv/lib/python3.12/site-packages/airflow/example_dags/example_skip_dag.py
[2026-05-07T19:48:07.544+0200] {processor.py:914} INFO - Processing file /home/rodrigo/Escritorio/BBDDAvanzadas/.venv/lib/python3.12/site-packages/airflow/example_dags/example_skip_dag.py for tasks to queue
[2026-05-07T19:48:07.546+0200] {logging_mixin.py:190} INFO - [2026-05-07T19:48:07.546+0200] {dagbag.py:588} INFO - Filling up the DagBag from /home/rodrigo/Escritorio/BBDDAvanzadas/.venv/lib/python3.12/site-packages/airflow/example_dags/example_skip_dag.py
[2026-05-07T19:48:07.552+0200] {processor.py:925} INFO - DAG(s) 'example_skip_dag' retrieved from /home/rodrigo/Escritorio/BBDDAvanzadas/.venv/lib/python3.12/site-packages/airflow/example_dags/example_skip_dag.py
[2026-05-07T19:48:07.574+0200] {logging_mixin.py:190} INFO - [2026-05-07T19:48:07.574+0200] {dag.py:3239} INFO - Sync 1 DAGs
[2026-05-07T19:48:07.631+0200] {logging_mixin.py:190} INFO - [2026-05-07T19:48:07.631+0200] {dag.py:4180} INFO - Setting next_dagrun for example_skip_dag to 2026-05-06 00:00:00+00:00, run_after=2026-05-07 00:00:00+00:00
[2026-05-07T19:48:07.704+0200] {processor.py:208} INFO - Processing /home/rodrigo/Escritorio/BBDDAvanzadas/.venv/lib/python3.12/site-packages/airflow/example_dags/example_skip_dag.py took 0.168 seconds
[2026-05-07T19:49:51.420+0200] {processor.py:186} INFO - Started process (PID=16295) to work on /home/rodrigo/Escritorio/BBDDAvanzadas/.venv/lib/python3.12/site-packages/airflow/example_dags/example_skip_dag.py
[2026-05-07T19:49:51.421+0200] {processor.py:914} INFO - Processing file /home/rodrigo/Escritorio/BBDDAvanzadas/.venv/lib/python3.12/site-packages/airflow/example_dags/example_skip_dag.py for tasks to queue
[2026-05-07T19:49:51.422+0200] {logging_mixin.py:190} INFO - [2026-05-07T19:49:51.422+0200] {dagbag.py:588} INFO - Filling up the DagBag from /home/rodrigo/Escritorio/BBDDAvanzadas/.venv/lib/python3.12/site-packages/airflow/example_dags/example_skip_dag.py
[2026-05-07T19:49:51.429+0200] {processor.py:925} INFO - DAG(s) 'example_skip_dag' retrieved from /home/rodrigo/Escritorio/BBDDAvanzadas/.venv/lib/python3.12/site-packages/airflow/example_dags/example_skip_dag.py
[2026-05-07T19:49:51.441+0200] {logging_mixin.py:190} INFO - [2026-05-07T19:49:51.441+0200] {dag.py:3239} INFO - Sync 1 DAGs
[2026-05-07T19:49:51.455+0200] {logging_mixin.py:190} INFO - [2026-05-07T19:49:51.455+0200] {dag.py:4180} INFO - Setting next_dagrun for example_skip_dag to 2026-05-06 00:00:00+00:00, run_after=2026-05-07 00:00:00+00:00
[2026-05-07T19:49:51.474+0200] {processor.py:208} INFO - Processing /home/rodrigo/Escritorio/BBDDAvanzadas/.venv/lib/python3.12/site-packages/airflow/example_dags/example_skip_dag.py took 0.059 seconds
[2026-05-07T19:51:31.709+0200] {processor.py:186} INFO - Started process (PID=16393) to work on /home/rodrigo/Escritorio/BBDDAvanzadas/.venv/lib/python3.12/site-packages/airflow/example_dags/example_skip_dag.py
[2026-05-07T19:51:31.712+0200] {processor.py:914} INFO - Processing file /home/rodrigo/Escritorio/BBDDAvanzadas/.venv/lib/python3.12/site-packages/airflow/example_dags/example_skip_dag.py for tasks to queue
[2026-05-07T19:51:31.718+0200] {logging_mixin.py:190} INFO - [2026-05-07T19:51:31.714+0200] {dagbag.py:588} INFO - Filling up the DagBag from /home/rodrigo/Escritorio/BBDDAvanzadas/.venv/lib/python3.12/site-packages/airflow/example_dags/example_skip_dag.py
[2026-05-07T19:51:31.730+0200] {processor.py:925} INFO - DAG(s) 'example_skip_dag' retrieved from /home/rodrigo/Escritorio/BBDDAvanzadas/.venv/lib/python3.12/site-packages/airflow/example_dags/example_skip_dag.py
[2026-05-07T19:51:31.747+0200] {logging_mixin.py:190} INFO - [2026-05-07T19:51:31.747+0200] {dag.py:3239} INFO - Sync 1 DAGs
[2026-05-07T19:51:31.765+0200] {logging_mixin.py:190} INFO - [2026-05-07T19:51:31.765+0200] {dag.py:4180} INFO - Setting next_dagrun for example_skip_dag to 2026-05-06 00:00:00+00:00, run_after=2026-05-07 00:00:00+00:00
[2026-05-07T19:51:31.798+0200] {processor.py:208} INFO - Processing /home/rodrigo/Escritorio/BBDDAvanzadas/.venv/lib/python3.12/site-packages/airflow/example_dags/example_skip_dag.py took 0.097 seconds
