[2026-05-07T19:32:32.260+0200] {processor.py:186} INFO - Started process (PID=14373) to work on /home/rodrigo/Escritorio/BBDDAvanzadas/.venv/lib/python3.12/site-packages/airflow/example_dags/example_setup_teardown_taskflow.py
[2026-05-07T19:32:32.260+0200] {processor.py:914} INFO - Processing file /home/rodrigo/Escritorio/BBDDAvanzadas/.venv/lib/python3.12/site-packages/airflow/example_dags/example_setup_teardown_taskflow.py for tasks to queue
[2026-05-07T19:32:32.262+0200] {logging_mixin.py:190} INFO - [2026-05-07T19:32:32.261+0200] {dagbag.py:588} INFO - Filling up the DagBag from /home/rodrigo/Escritorio/BBDDAvanzadas/.venv/lib/python3.12/site-packages/airflow/example_dags/example_setup_teardown_taskflow.py
[2026-05-07T19:32:32.270+0200] {processor.py:925} INFO - DAG(s) 'example_setup_teardown_taskflow' retrieved from /home/rodrigo/Escritorio/BBDDAvanzadas/.venv/lib/python3.12/site-packages/airflow/example_dags/example_setup_teardown_taskflow.py
[2026-05-07T19:32:32.365+0200] {logging_mixin.py:190} INFO - [2026-05-07T19:32:32.364+0200] {override.py:1930} INFO - Created Permission View: can read on DAG:example_setup_teardown_taskflow
[2026-05-07T19:32:32.440+0200] {logging_mixin.py:190} INFO - [2026-05-07T19:32:32.437+0200] {override.py:1930} INFO - Created Permission View: can edit on DAG:example_setup_teardown_taskflow
[2026-05-07T19:32:32.540+0200] {logging_mixin.py:190} INFO - [2026-05-07T19:32:32.525+0200] {override.py:1930} INFO - Created Permission View: can delete on DAG:example_setup_teardown_taskflow
[2026-05-07T19:32:32.698+0200] {logging_mixin.py:190} INFO - [2026-05-07T19:32:32.698+0200] {override.py:1930} INFO - Created Permission View: can create on DAG Run:example_setup_teardown_taskflow
[2026-05-07T19:32:32.863+0200] {logging_mixin.py:190} INFO - [2026-05-07T19:32:32.848+0200] {override.py:1930} INFO - Created Permission View: can read on DAG Run:example_setup_teardown_taskflow
[2026-05-07T19:32:33.063+0200] {logging_mixin.py:190} INFO - [2026-05-07T19:32:33.053+0200] {override.py:1930} INFO - Created Permission View: menu access on DAG Run:example_setup_teardown_taskflow
[2026-05-07T19:32:33.258+0200] {logging_mixin.py:190} INFO - [2026-05-07T19:32:33.243+0200] {override.py:1930} INFO - Created Permission View: can delete on DAG Run:example_setup_teardown_taskflow
[2026-05-07T19:32:33.299+0200] {logging_mixin.py:190} INFO - [2026-05-07T19:32:33.273+0200] {dag.py:3239} INFO - Sync 1 DAGs
[2026-05-07T19:32:33.446+0200] {logging_mixin.py:190} INFO - [2026-05-07T19:32:33.445+0200] {dag.py:3262} INFO - Creating ORM DAG for example_setup_teardown_taskflow
[2026-05-07T19:32:33.446+0200] {logging_mixin.py:190} INFO - [2026-05-07T19:32:33.446+0200] {dag.py:4180} INFO - Setting next_dagrun for example_setup_teardown_taskflow to None, run_after=None
[2026-05-07T19:32:33.681+0200] {processor.py:208} INFO - Processing /home/rodrigo/Escritorio/BBDDAvanzadas/.venv/lib/python3.12/site-packages/airflow/example_dags/example_setup_teardown_taskflow.py took 1.425 seconds
[2026-05-07T19:37:24.525+0200] {processor.py:186} INFO - Started process (PID=14858) to work on /home/rodrigo/Escritorio/BBDDAvanzadas/.venv/lib/python3.12/site-packages/airflow/example_dags/example_setup_teardown_taskflow.py
[2026-05-07T19:37:24.527+0200] {processor.py:914} INFO - Processing file /home/rodrigo/Escritorio/BBDDAvanzadas/.venv/lib/python3.12/site-packages/airflow/example_dags/example_setup_teardown_taskflow.py for tasks to queue
[2026-05-07T19:37:24.528+0200] {logging_mixin.py:190} INFO - [2026-05-07T19:37:24.528+0200] {dagbag.py:588} INFO - Filling up the DagBag from /home/rodrigo/Escritorio/BBDDAvanzadas/.venv/lib/python3.12/site-packages/airflow/example_dags/example_setup_teardown_taskflow.py
[2026-05-07T19:37:24.535+0200] {processor.py:925} INFO - DAG(s) 'example_setup_teardown_taskflow' retrieved from /home/rodrigo/Escritorio/BBDDAvanzadas/.venv/lib/python3.12/site-packages/airflow/example_dags/example_setup_teardown_taskflow.py
[2026-05-07T19:37:24.548+0200] {logging_mixin.py:190} INFO - [2026-05-07T19:37:24.548+0200] {dag.py:3239} INFO - Sync 1 DAGs
[2026-05-07T19:37:24.556+0200] {logging_mixin.py:190} INFO - [2026-05-07T19:37:24.556+0200] {dag.py:4180} INFO - Setting next_dagrun for example_setup_teardown_taskflow to None, run_after=None
[2026-05-07T19:37:24.570+0200] {processor.py:208} INFO - Processing /home/rodrigo/Escritorio/BBDDAvanzadas/.venv/lib/python3.12/site-packages/airflow/example_dags/example_setup_teardown_taskflow.py took 0.049 seconds
[2026-05-07T19:38:28.646+0200] {processor.py:186} INFO - Started process (PID=14971) to work on /home/rodrigo/Escritorio/BBDDAvanzadas/.venv/lib/python3.12/site-packages/airflow/example_dags/example_setup_teardown_taskflow.py
[2026-05-07T19:38:28.651+0200] {processor.py:914} INFO - Processing file /home/rodrigo/Escritorio/BBDDAvanzadas/.venv/lib/python3.12/site-packages/airflow/example_dags/example_setup_teardown_taskflow.py for tasks to queue
[2026-05-07T19:38:28.652+0200] {logging_mixin.py:190} INFO - [2026-05-07T19:38:28.652+0200] {dagbag.py:588} INFO - Filling up the DagBag from /home/rodrigo/Escritorio/BBDDAvanzadas/.venv/lib/python3.12/site-packages/airflow/example_dags/example_setup_teardown_taskflow.py
[2026-05-07T19:38:28.677+0200] {processor.py:925} INFO - DAG(s) 'example_setup_teardown_taskflow' retrieved from /home/rodrigo/Escritorio/BBDDAvanzadas/.venv/lib/python3.12/site-packages/airflow/example_dags/example_setup_teardown_taskflow.py
[2026-05-07T19:38:28.689+0200] {logging_mixin.py:190} INFO - [2026-05-07T19:38:28.689+0200] {dag.py:3239} INFO - Sync 1 DAGs
[2026-05-07T19:38:28.715+0200] {logging_mixin.py:190} INFO - [2026-05-07T19:38:28.713+0200] {dag.py:4180} INFO - Setting next_dagrun for example_setup_teardown_taskflow to None, run_after=None
[2026-05-07T19:38:28.792+0200] {processor.py:208} INFO - Processing /home/rodrigo/Escritorio/BBDDAvanzadas/.venv/lib/python3.12/site-packages/airflow/example_dags/example_setup_teardown_taskflow.py took 0.159 seconds
[2026-05-07T19:39:53.530+0200] {processor.py:186} INFO - Started process (PID=15070) to work on /home/rodrigo/Escritorio/BBDDAvanzadas/.venv/lib/python3.12/site-packages/airflow/example_dags/example_setup_teardown_taskflow.py
[2026-05-07T19:39:53.532+0200] {processor.py:914} INFO - Processing file /home/rodrigo/Escritorio/BBDDAvanzadas/.venv/lib/python3.12/site-packages/airflow/example_dags/example_setup_teardown_taskflow.py for tasks to queue
[2026-05-07T19:39:53.535+0200] {logging_mixin.py:190} INFO - [2026-05-07T19:39:53.534+0200] {dagbag.py:588} INFO - Filling up the DagBag from /home/rodrigo/Escritorio/BBDDAvanzadas/.venv/lib/python3.12/site-packages/airflow/example_dags/example_setup_teardown_taskflow.py
[2026-05-07T19:39:53.543+0200] {processor.py:925} INFO - DAG(s) 'example_setup_teardown_taskflow' retrieved from /home/rodrigo/Escritorio/BBDDAvanzadas/.venv/lib/python3.12/site-packages/airflow/example_dags/example_setup_teardown_taskflow.py
[2026-05-07T19:39:53.557+0200] {logging_mixin.py:190} INFO - [2026-05-07T19:39:53.556+0200] {dag.py:3239} INFO - Sync 1 DAGs
[2026-05-07T19:39:53.572+0200] {logging_mixin.py:190} INFO - [2026-05-07T19:39:53.572+0200] {dag.py:4180} INFO - Setting next_dagrun for example_setup_teardown_taskflow to None, run_after=None
[2026-05-07T19:39:53.590+0200] {processor.py:208} INFO - Processing /home/rodrigo/Escritorio/BBDDAvanzadas/.venv/lib/python3.12/site-packages/airflow/example_dags/example_setup_teardown_taskflow.py took 0.064 seconds
[2026-05-07T19:41:20.790+0200] {processor.py:186} INFO - Started process (PID=15188) to work on /home/rodrigo/Escritorio/BBDDAvanzadas/.venv/lib/python3.12/site-packages/airflow/example_dags/example_setup_teardown_taskflow.py
[2026-05-07T19:41:20.795+0200] {processor.py:914} INFO - Processing file /home/rodrigo/Escritorio/BBDDAvanzadas/.venv/lib/python3.12/site-packages/airflow/example_dags/example_setup_teardown_taskflow.py for tasks to queue
[2026-05-07T19:41:20.796+0200] {logging_mixin.py:190} INFO - [2026-05-07T19:41:20.796+0200] {dagbag.py:588} INFO - Filling up the DagBag from /home/rodrigo/Escritorio/BBDDAvanzadas/.venv/lib/python3.12/site-packages/airflow/example_dags/example_setup_teardown_taskflow.py
[2026-05-07T19:41:20.808+0200] {processor.py:925} INFO - DAG(s) 'example_setup_teardown_taskflow' retrieved from /home/rodrigo/Escritorio/BBDDAvanzadas/.venv/lib/python3.12/site-packages/airflow/example_dags/example_setup_teardown_taskflow.py
[2026-05-07T19:41:20.822+0200] {logging_mixin.py:190} INFO - [2026-05-07T19:41:20.821+0200] {dag.py:3239} INFO - Sync 1 DAGs
[2026-05-07T19:41:20.847+0200] {logging_mixin.py:190} INFO - [2026-05-07T19:41:20.847+0200] {dag.py:4180} INFO - Setting next_dagrun for example_setup_teardown_taskflow to None, run_after=None
[2026-05-07T19:41:20.913+0200] {processor.py:208} INFO - Processing /home/rodrigo/Escritorio/BBDDAvanzadas/.venv/lib/python3.12/site-packages/airflow/example_dags/example_setup_teardown_taskflow.py took 0.127 seconds
[2026-05-07T19:42:40.129+0200] {processor.py:186} INFO - Started process (PID=15441) to work on /home/rodrigo/Escritorio/BBDDAvanzadas/.venv/lib/python3.12/site-packages/airflow/example_dags/example_setup_teardown_taskflow.py
[2026-05-07T19:42:40.132+0200] {processor.py:914} INFO - Processing file /home/rodrigo/Escritorio/BBDDAvanzadas/.venv/lib/python3.12/site-packages/airflow/example_dags/example_setup_teardown_taskflow.py for tasks to queue
[2026-05-07T19:42:40.133+0200] {logging_mixin.py:190} INFO - [2026-05-07T19:42:40.133+0200] {dagbag.py:588} INFO - Filling up the DagBag from /home/rodrigo/Escritorio/BBDDAvanzadas/.venv/lib/python3.12/site-packages/airflow/example_dags/example_setup_teardown_taskflow.py
[2026-05-07T19:42:40.141+0200] {processor.py:925} INFO - DAG(s) 'example_setup_teardown_taskflow' retrieved from /home/rodrigo/Escritorio/BBDDAvanzadas/.venv/lib/python3.12/site-packages/airflow/example_dags/example_setup_teardown_taskflow.py
[2026-05-07T19:42:40.152+0200] {logging_mixin.py:190} INFO - [2026-05-07T19:42:40.152+0200] {dag.py:3239} INFO - Sync 1 DAGs
[2026-05-07T19:42:40.160+0200] {logging_mixin.py:190} INFO - [2026-05-07T19:42:40.160+0200] {dag.py:4180} INFO - Setting next_dagrun for example_setup_teardown_taskflow to None, run_after=None
[2026-05-07T19:42:40.177+0200] {processor.py:208} INFO - Processing /home/rodrigo/Escritorio/BBDDAvanzadas/.venv/lib/python3.12/site-packages/airflow/example_dags/example_setup_teardown_taskflow.py took 0.051 seconds
[2026-05-07T19:43:50.450+0200] {processor.py:186} INFO - Started process (PID=15632) to work on /home/rodrigo/Escritorio/BBDDAvanzadas/.venv/lib/python3.12/site-packages/airflow/example_dags/example_setup_teardown_taskflow.py
[2026-05-07T19:43:50.451+0200] {processor.py:914} INFO - Processing file /home/rodrigo/Escritorio/BBDDAvanzadas/.venv/lib/python3.12/site-packages/airflow/example_dags/example_setup_teardown_taskflow.py for tasks to queue
[2026-05-07T19:43:50.453+0200] {logging_mixin.py:190} INFO - [2026-05-07T19:43:50.453+0200] {dagbag.py:588} INFO - Filling up the DagBag from /home/rodrigo/Escritorio/BBDDAvanzadas/.venv/lib/python3.12/site-packages/airflow/example_dags/example_setup_teardown_taskflow.py
[2026-05-07T19:43:50.461+0200] {processor.py:925} INFO - DAG(s) 'example_setup_teardown_taskflow' retrieved from /home/rodrigo/Escritorio/BBDDAvanzadas/.venv/lib/python3.12/site-packages/airflow/example_dags/example_setup_teardown_taskflow.py
[2026-05-07T19:43:50.473+0200] {logging_mixin.py:190} INFO - [2026-05-07T19:43:50.472+0200] {dag.py:3239} INFO - Sync 1 DAGs
[2026-05-07T19:43:50.584+0200] {logging_mixin.py:190} INFO - [2026-05-07T19:43:50.584+0200] {dag.py:4180} INFO - Setting next_dagrun for example_setup_teardown_taskflow to None, run_after=None
[2026-05-07T19:43:50.600+0200] {processor.py:208} INFO - Processing /home/rodrigo/Escritorio/BBDDAvanzadas/.venv/lib/python3.12/site-packages/airflow/example_dags/example_setup_teardown_taskflow.py took 0.154 seconds
[2026-05-07T19:45:32.053+0200] {processor.py:186} INFO - Started process (PID=15889) to work on /home/rodrigo/Escritorio/BBDDAvanzadas/.venv/lib/python3.12/site-packages/airflow/example_dags/example_setup_teardown_taskflow.py
[2026-05-07T19:45:32.055+0200] {processor.py:914} INFO - Processing file /home/rodrigo/Escritorio/BBDDAvanzadas/.venv/lib/python3.12/site-packages/airflow/example_dags/example_setup_teardown_taskflow.py for tasks to queue
[2026-05-07T19:45:32.056+0200] {logging_mixin.py:190} INFO - [2026-05-07T19:45:32.056+0200] {dagbag.py:588} INFO - Filling up the DagBag from /home/rodrigo/Escritorio/BBDDAvanzadas/.venv/lib/python3.12/site-packages/airflow/example_dags/example_setup_teardown_taskflow.py
[2026-05-07T19:45:32.066+0200] {processor.py:925} INFO - DAG(s) 'example_setup_teardown_taskflow' retrieved from /home/rodrigo/Escritorio/BBDDAvanzadas/.venv/lib/python3.12/site-packages/airflow/example_dags/example_setup_teardown_taskflow.py
[2026-05-07T19:45:32.081+0200] {logging_mixin.py:190} INFO - [2026-05-07T19:45:32.080+0200] {dag.py:3239} INFO - Sync 1 DAGs
[2026-05-07T19:45:32.090+0200] {logging_mixin.py:190} INFO - [2026-05-07T19:45:32.090+0200] {dag.py:4180} INFO - Setting next_dagrun for example_setup_teardown_taskflow to None, run_after=None
[2026-05-07T19:45:32.108+0200] {processor.py:208} INFO - Processing /home/rodrigo/Escritorio/BBDDAvanzadas/.venv/lib/python3.12/site-packages/airflow/example_dags/example_setup_teardown_taskflow.py took 0.061 seconds
[2026-05-07T19:47:06.502+0200] {processor.py:186} INFO - Started process (PID=16032) to work on /home/rodrigo/Escritorio/BBDDAvanzadas/.venv/lib/python3.12/site-packages/airflow/example_dags/example_setup_teardown_taskflow.py
[2026-05-07T19:47:06.504+0200] {processor.py:914} INFO - Processing file /home/rodrigo/Escritorio/BBDDAvanzadas/.venv/lib/python3.12/site-packages/airflow/example_dags/example_setup_teardown_taskflow.py for tasks to queue
[2026-05-07T19:47:06.507+0200] {logging_mixin.py:190} INFO - [2026-05-07T19:47:06.506+0200] {dagbag.py:588} INFO - Filling up the DagBag from /home/rodrigo/Escritorio/BBDDAvanzadas/.venv/lib/python3.12/site-packages/airflow/example_dags/example_setup_teardown_taskflow.py
[2026-05-07T19:47:06.516+0200] {processor.py:925} INFO - DAG(s) 'example_setup_teardown_taskflow' retrieved from /home/rodrigo/Escritorio/BBDDAvanzadas/.venv/lib/python3.12/site-packages/airflow/example_dags/example_setup_teardown_taskflow.py
[2026-05-07T19:47:06.529+0200] {logging_mixin.py:190} INFO - [2026-05-07T19:47:06.529+0200] {dag.py:3239} INFO - Sync 1 DAGs
[2026-05-07T19:47:06.539+0200] {logging_mixin.py:190} INFO - [2026-05-07T19:47:06.539+0200] {dag.py:4180} INFO - Setting next_dagrun for example_setup_teardown_taskflow to None, run_after=None
[2026-05-07T19:47:06.556+0200] {processor.py:208} INFO - Processing /home/rodrigo/Escritorio/BBDDAvanzadas/.venv/lib/python3.12/site-packages/airflow/example_dags/example_setup_teardown_taskflow.py took 0.066 seconds
[2026-05-07T19:48:11.691+0200] {processor.py:186} INFO - Started process (PID=16178) to work on /home/rodrigo/Escritorio/BBDDAvanzadas/.venv/lib/python3.12/site-packages/airflow/example_dags/example_setup_teardown_taskflow.py
[2026-05-07T19:48:11.692+0200] {processor.py:914} INFO - Processing file /home/rodrigo/Escritorio/BBDDAvanzadas/.venv/lib/python3.12/site-packages/airflow/example_dags/example_setup_teardown_taskflow.py for tasks to queue
[2026-05-07T19:48:11.694+0200] {logging_mixin.py:190} INFO - [2026-05-07T19:48:11.694+0200] {dagbag.py:588} INFO - Filling up the DagBag from /home/rodrigo/Escritorio/BBDDAvanzadas/.venv/lib/python3.12/site-packages/airflow/example_dags/example_setup_teardown_taskflow.py
[2026-05-07T19:48:11.703+0200] {processor.py:925} INFO - DAG(s) 'example_setup_teardown_taskflow' retrieved from /home/rodrigo/Escritorio/BBDDAvanzadas/.venv/lib/python3.12/site-packages/airflow/example_dags/example_setup_teardown_taskflow.py
[2026-05-07T19:48:11.716+0200] {logging_mixin.py:190} INFO - [2026-05-07T19:48:11.716+0200] {dag.py:3239} INFO - Sync 1 DAGs
[2026-05-07T19:48:11.725+0200] {logging_mixin.py:190} INFO - [2026-05-07T19:48:11.725+0200] {dag.py:4180} INFO - Setting next_dagrun for example_setup_teardown_taskflow to None, run_after=None
[2026-05-07T19:48:11.745+0200] {processor.py:208} INFO - Processing /home/rodrigo/Escritorio/BBDDAvanzadas/.venv/lib/python3.12/site-packages/airflow/example_dags/example_setup_teardown_taskflow.py took 0.059 seconds
[2026-05-07T19:49:55.177+0200] {processor.py:186} INFO - Started process (PID=16307) to work on /home/rodrigo/Escritorio/BBDDAvanzadas/.venv/lib/python3.12/site-packages/airflow/example_dags/example_setup_teardown_taskflow.py
[2026-05-07T19:49:55.178+0200] {processor.py:914} INFO - Processing file /home/rodrigo/Escritorio/BBDDAvanzadas/.venv/lib/python3.12/site-packages/airflow/example_dags/example_setup_teardown_taskflow.py for tasks to queue
[2026-05-07T19:49:55.180+0200] {logging_mixin.py:190} INFO - [2026-05-07T19:49:55.180+0200] {dagbag.py:588} INFO - Filling up the DagBag from /home/rodrigo/Escritorio/BBDDAvanzadas/.venv/lib/python3.12/site-packages/airflow/example_dags/example_setup_teardown_taskflow.py
[2026-05-07T19:49:55.189+0200] {processor.py:925} INFO - DAG(s) 'example_setup_teardown_taskflow' retrieved from /home/rodrigo/Escritorio/BBDDAvanzadas/.venv/lib/python3.12/site-packages/airflow/example_dags/example_setup_teardown_taskflow.py
[2026-05-07T19:49:55.201+0200] {logging_mixin.py:190} INFO - [2026-05-07T19:49:55.201+0200] {dag.py:3239} INFO - Sync 1 DAGs
[2026-05-07T19:49:55.210+0200] {logging_mixin.py:190} INFO - [2026-05-07T19:49:55.210+0200] {dag.py:4180} INFO - Setting next_dagrun for example_setup_teardown_taskflow to None, run_after=None
[2026-05-07T19:49:55.226+0200] {processor.py:208} INFO - Processing /home/rodrigo/Escritorio/BBDDAvanzadas/.venv/lib/python3.12/site-packages/airflow/example_dags/example_setup_teardown_taskflow.py took 0.053 seconds
[2026-05-07T19:51:35.052+0200] {processor.py:186} INFO - Started process (PID=16398) to work on /home/rodrigo/Escritorio/BBDDAvanzadas/.venv/lib/python3.12/site-packages/airflow/example_dags/example_setup_teardown_taskflow.py
[2026-05-07T19:51:35.054+0200] {processor.py:914} INFO - Processing file /home/rodrigo/Escritorio/BBDDAvanzadas/.venv/lib/python3.12/site-packages/airflow/example_dags/example_setup_teardown_taskflow.py for tasks to queue
[2026-05-07T19:51:35.055+0200] {logging_mixin.py:190} INFO - [2026-05-07T19:51:35.055+0200] {dagbag.py:588} INFO - Filling up the DagBag from /home/rodrigo/Escritorio/BBDDAvanzadas/.venv/lib/python3.12/site-packages/airflow/example_dags/example_setup_teardown_taskflow.py
[2026-05-07T19:51:35.064+0200] {processor.py:925} INFO - DAG(s) 'example_setup_teardown_taskflow' retrieved from /home/rodrigo/Escritorio/BBDDAvanzadas/.venv/lib/python3.12/site-packages/airflow/example_dags/example_setup_teardown_taskflow.py
[2026-05-07T19:51:35.078+0200] {logging_mixin.py:190} INFO - [2026-05-07T19:51:35.078+0200] {dag.py:3239} INFO - Sync 1 DAGs
[2026-05-07T19:51:35.098+0200] {logging_mixin.py:190} INFO - [2026-05-07T19:51:35.098+0200] {dag.py:4180} INFO - Setting next_dagrun for example_setup_teardown_taskflow to None, run_after=None
[2026-05-07T19:51:35.117+0200] {processor.py:208} INFO - Processing /home/rodrigo/Escritorio/BBDDAvanzadas/.venv/lib/python3.12/site-packages/airflow/example_dags/example_setup_teardown_taskflow.py took 0.070 seconds
[2026-05-07T19:52:45.145+0200] {processor.py:186} INFO - Started process (PID=16644) to work on /home/rodrigo/Escritorio/BBDDAvanzadas/.venv/lib/python3.12/site-packages/airflow/example_dags/example_setup_teardown_taskflow.py
[2026-05-07T19:52:45.147+0200] {processor.py:914} INFO - Processing file /home/rodrigo/Escritorio/BBDDAvanzadas/.venv/lib/python3.12/site-packages/airflow/example_dags/example_setup_teardown_taskflow.py for tasks to queue
[2026-05-07T19:52:45.149+0200] {logging_mixin.py:190} INFO - [2026-05-07T19:52:45.149+0200] {dagbag.py:588} INFO - Filling up the DagBag from /home/rodrigo/Escritorio/BBDDAvanzadas/.venv/lib/python3.12/site-packages/airflow/example_dags/example_setup_teardown_taskflow.py
[2026-05-07T19:52:45.157+0200] {processor.py:925} INFO - DAG(s) 'example_setup_teardown_taskflow' retrieved from /home/rodrigo/Escritorio/BBDDAvanzadas/.venv/lib/python3.12/site-packages/airflow/example_dags/example_setup_teardown_taskflow.py
[2026-05-07T19:52:45.168+0200] {logging_mixin.py:190} INFO - [2026-05-07T19:52:45.168+0200] {dag.py:3239} INFO - Sync 1 DAGs
[2026-05-07T19:52:45.176+0200] {logging_mixin.py:190} INFO - [2026-05-07T19:52:45.176+0200] {dag.py:4180} INFO - Setting next_dagrun for example_setup_teardown_taskflow to None, run_after=None
[2026-05-07T19:52:45.193+0200] {processor.py:208} INFO - Processing /home/rodrigo/Escritorio/BBDDAvanzadas/.venv/lib/python3.12/site-packages/airflow/example_dags/example_setup_teardown_taskflow.py took 0.052 seconds
[2026-05-07T19:53:56.955+0200] {processor.py:186} INFO - Started process (PID=16799) to work on /home/rodrigo/Escritorio/BBDDAvanzadas/.venv/lib/python3.12/site-packages/airflow/example_dags/example_setup_teardown_taskflow.py
[2026-05-07T19:53:56.958+0200] {processor.py:914} INFO - Processing file /home/rodrigo/Escritorio/BBDDAvanzadas/.venv/lib/python3.12/site-packages/airflow/example_dags/example_setup_teardown_taskflow.py for tasks to queue
[2026-05-07T19:53:56.959+0200] {logging_mixin.py:190} INFO - [2026-05-07T19:53:56.959+0200] {dagbag.py:588} INFO - Filling up the DagBag from /home/rodrigo/Escritorio/BBDDAvanzadas/.venv/lib/python3.12/site-packages/airflow/example_dags/example_setup_teardown_taskflow.py
[2026-05-07T19:53:56.968+0200] {processor.py:925} INFO - DAG(s) 'example_setup_teardown_taskflow' retrieved from /home/rodrigo/Escritorio/BBDDAvanzadas/.venv/lib/python3.12/site-packages/airflow/example_dags/example_setup_teardown_taskflow.py
[2026-05-07T19:53:56.982+0200] {logging_mixin.py:190} INFO - [2026-05-07T19:53:56.982+0200] {dag.py:3239} INFO - Sync 1 DAGs
[2026-05-07T19:53:56.991+0200] {logging_mixin.py:190} INFO - [2026-05-07T19:53:56.991+0200] {dag.py:4180} INFO - Setting next_dagrun for example_setup_teardown_taskflow to None, run_after=None
[2026-05-07T19:53:57.035+0200] {processor.py:208} INFO - Processing /home/rodrigo/Escritorio/BBDDAvanzadas/.venv/lib/python3.12/site-packages/airflow/example_dags/example_setup_teardown_taskflow.py took 0.084 seconds
[2026-05-07T19:55:07.725+0200] {processor.py:186} INFO - Started process (PID=16951) to work on /home/rodrigo/Escritorio/BBDDAvanzadas/.venv/lib/python3.12/site-packages/airflow/example_dags/example_setup_teardown_taskflow.py
[2026-05-07T19:55:07.729+0200] {processor.py:914} INFO - Processing file /home/rodrigo/Escritorio/BBDDAvanzadas/.venv/lib/python3.12/site-packages/airflow/example_dags/example_setup_teardown_taskflow.py for tasks to queue
[2026-05-07T19:55:07.730+0200] {logging_mixin.py:190} INFO - [2026-05-07T19:55:07.730+0200] {dagbag.py:588} INFO - Filling up the DagBag from /home/rodrigo/Escritorio/BBDDAvanzadas/.venv/lib/python3.12/site-packages/airflow/example_dags/example_setup_teardown_taskflow.py
[2026-05-07T19:55:07.739+0200] {processor.py:925} INFO - DAG(s) 'example_setup_teardown_taskflow' retrieved from /home/rodrigo/Escritorio/BBDDAvanzadas/.venv/lib/python3.12/site-packages/airflow/example_dags/example_setup_teardown_taskflow.py
[2026-05-07T19:55:07.752+0200] {logging_mixin.py:190} INFO - [2026-05-07T19:55:07.752+0200] {dag.py:3239} INFO - Sync 1 DAGs
[2026-05-07T19:55:07.763+0200] {logging_mixin.py:190} INFO - [2026-05-07T19:55:07.763+0200] {dag.py:4180} INFO - Setting next_dagrun for example_setup_teardown_taskflow to None, run_after=None
[2026-05-07T19:55:07.795+0200] {processor.py:208} INFO - Processing /home/rodrigo/Escritorio/BBDDAvanzadas/.venv/lib/python3.12/site-packages/airflow/example_dags/example_setup_teardown_taskflow.py took 0.074 seconds
[2026-05-07T19:57:09.927+0200] {processor.py:186} INFO - Started process (PID=17046) to work on /home/rodrigo/Escritorio/BBDDAvanzadas/.venv/lib/python3.12/site-packages/airflow/example_dags/example_setup_teardown_taskflow.py
[2026-05-07T19:57:09.929+0200] {processor.py:914} INFO - Processing file /home/rodrigo/Escritorio/BBDDAvanzadas/.venv/lib/python3.12/site-packages/airflow/example_dags/example_setup_teardown_taskflow.py for tasks to queue
[2026-05-07T19:57:09.931+0200] {logging_mixin.py:190} INFO - [2026-05-07T19:57:09.930+0200] {dagbag.py:588} INFO - Filling up the DagBag from /home/rodrigo/Escritorio/BBDDAvanzadas/.venv/lib/python3.12/site-packages/airflow/example_dags/example_setup_teardown_taskflow.py
[2026-05-07T19:57:09.939+0200] {processor.py:925} INFO - DAG(s) 'example_setup_teardown_taskflow' retrieved from /home/rodrigo/Escritorio/BBDDAvanzadas/.venv/lib/python3.12/site-packages/airflow/example_dags/example_setup_teardown_taskflow.py
[2026-05-07T19:57:09.950+0200] {logging_mixin.py:190} INFO - [2026-05-07T19:57:09.950+0200] {dag.py:3239} INFO - Sync 1 DAGs
[2026-05-07T19:57:09.958+0200] {logging_mixin.py:190} INFO - [2026-05-07T19:57:09.958+0200] {dag.py:4180} INFO - Setting next_dagrun for example_setup_teardown_taskflow to None, run_after=None
[2026-05-07T19:57:09.976+0200] {processor.py:208} INFO - Processing /home/rodrigo/Escritorio/BBDDAvanzadas/.venv/lib/python3.12/site-packages/airflow/example_dags/example_setup_teardown_taskflow.py took 0.054 seconds
[2026-05-07T19:59:11.366+0200] {processor.py:186} INFO - Started process (PID=17149) to work on /home/rodrigo/Escritorio/BBDDAvanzadas/.venv/lib/python3.12/site-packages/airflow/example_dags/example_setup_teardown_taskflow.py
[2026-05-07T19:59:11.368+0200] {processor.py:914} INFO - Processing file /home/rodrigo/Escritorio/BBDDAvanzadas/.venv/lib/python3.12/site-packages/airflow/example_dags/example_setup_teardown_taskflow.py for tasks to queue
[2026-05-07T19:59:11.370+0200] {logging_mixin.py:190} INFO - [2026-05-07T19:59:11.369+0200] {dagbag.py:588} INFO - Filling up the DagBag from /home/rodrigo/Escritorio/BBDDAvanzadas/.venv/lib/python3.12/site-packages/airflow/example_dags/example_setup_teardown_taskflow.py
[2026-05-07T19:59:11.377+0200] {processor.py:925} INFO - DAG(s) 'example_setup_teardown_taskflow' retrieved from /home/rodrigo/Escritorio/BBDDAvanzadas/.venv/lib/python3.12/site-packages/airflow/example_dags/example_setup_teardown_taskflow.py
[2026-05-07T19:59:11.388+0200] {logging_mixin.py:190} INFO - [2026-05-07T19:59:11.388+0200] {dag.py:3239} INFO - Sync 1 DAGs
[2026-05-07T19:59:11.395+0200] {logging_mixin.py:190} INFO - [2026-05-07T19:59:11.395+0200] {dag.py:4180} INFO - Setting next_dagrun for example_setup_teardown_taskflow to None, run_after=None
[2026-05-07T19:59:11.410+0200] {processor.py:208} INFO - Processing /home/rodrigo/Escritorio/BBDDAvanzadas/.venv/lib/python3.12/site-packages/airflow/example_dags/example_setup_teardown_taskflow.py took 0.048 seconds
[2026-05-07T20:00:56.051+0200] {processor.py:186} INFO - Started process (PID=17367) to work on /home/rodrigo/Escritorio/BBDDAvanzadas/.venv/lib/python3.12/site-packages/airflow/example_dags/example_setup_teardown_taskflow.py
[2026-05-07T20:00:56.052+0200] {processor.py:914} INFO - Processing file /home/rodrigo/Escritorio/BBDDAvanzadas/.venv/lib/python3.12/site-packages/airflow/example_dags/example_setup_teardown_taskflow.py for tasks to queue
[2026-05-07T20:00:56.054+0200] {logging_mixin.py:190} INFO - [2026-05-07T20:00:56.054+0200] {dagbag.py:588} INFO - Filling up the DagBag from /home/rodrigo/Escritorio/BBDDAvanzadas/.venv/lib/python3.12/site-packages/airflow/example_dags/example_setup_teardown_taskflow.py
[2026-05-07T20:00:56.062+0200] {processor.py:925} INFO - DAG(s) 'example_setup_teardown_taskflow' retrieved from /home/rodrigo/Escritorio/BBDDAvanzadas/.venv/lib/python3.12/site-packages/airflow/example_dags/example_setup_teardown_taskflow.py
[2026-05-07T20:00:56.076+0200] {logging_mixin.py:190} INFO - [2026-05-07T20:00:56.076+0200] {dag.py:3239} INFO - Sync 1 DAGs
[2026-05-07T20:00:56.084+0200] {logging_mixin.py:190} INFO - [2026-05-07T20:00:56.084+0200] {dag.py:4180} INFO - Setting next_dagrun for example_setup_teardown_taskflow to None, run_after=None
[2026-05-07T20:00:56.100+0200] {processor.py:208} INFO - Processing /home/rodrigo/Escritorio/BBDDAvanzadas/.venv/lib/python3.12/site-packages/airflow/example_dags/example_setup_teardown_taskflow.py took 0.053 seconds
[2026-05-07T20:01:59.693+0200] {processor.py:186} INFO - Started process (PID=17530) to work on /home/rodrigo/Escritorio/BBDDAvanzadas/.venv/lib/python3.12/site-packages/airflow/example_dags/example_setup_teardown_taskflow.py
[2026-05-07T20:01:59.694+0200] {processor.py:914} INFO - Processing file /home/rodrigo/Escritorio/BBDDAvanzadas/.venv/lib/python3.12/site-packages/airflow/example_dags/example_setup_teardown_taskflow.py for tasks to queue
[2026-05-07T20:01:59.696+0200] {logging_mixin.py:190} INFO - [2026-05-07T20:01:59.695+0200] {dagbag.py:588} INFO - Filling up the DagBag from /home/rodrigo/Escritorio/BBDDAvanzadas/.venv/lib/python3.12/site-packages/airflow/example_dags/example_setup_teardown_taskflow.py
[2026-05-07T20:01:59.704+0200] {processor.py:925} INFO - DAG(s) 'example_setup_teardown_taskflow' retrieved from /home/rodrigo/Escritorio/BBDDAvanzadas/.venv/lib/python3.12/site-packages/airflow/example_dags/example_setup_teardown_taskflow.py
[2026-05-07T20:01:59.715+0200] {logging_mixin.py:190} INFO - [2026-05-07T20:01:59.715+0200] {dag.py:3239} INFO - Sync 1 DAGs
[2026-05-07T20:01:59.723+0200] {logging_mixin.py:190} INFO - [2026-05-07T20:01:59.723+0200] {dag.py:4180} INFO - Setting next_dagrun for example_setup_teardown_taskflow to None, run_after=None
[2026-05-07T20:01:59.739+0200] {processor.py:208} INFO - Processing /home/rodrigo/Escritorio/BBDDAvanzadas/.venv/lib/python3.12/site-packages/airflow/example_dags/example_setup_teardown_taskflow.py took 0.050 seconds
[2026-05-07T20:02:59.514+0200] {processor.py:186} INFO - Started process (PID=17681) to work on /home/rodrigo/Escritorio/BBDDAvanzadas/.venv/lib/python3.12/site-packages/airflow/example_dags/example_setup_teardown_taskflow.py
[2026-05-07T20:02:59.515+0200] {processor.py:914} INFO - Processing file /home/rodrigo/Escritorio/BBDDAvanzadas/.venv/lib/python3.12/site-packages/airflow/example_dags/example_setup_teardown_taskflow.py for tasks to queue
[2026-05-07T20:02:59.517+0200] {logging_mixin.py:190} INFO - [2026-05-07T20:02:59.516+0200] {dagbag.py:588} INFO - Filling up the DagBag from /home/rodrigo/Escritorio/BBDDAvanzadas/.venv/lib/python3.12/site-packages/airflow/example_dags/example_setup_teardown_taskflow.py
[2026-05-07T20:02:59.525+0200] {processor.py:925} INFO - DAG(s) 'example_setup_teardown_taskflow' retrieved from /home/rodrigo/Escritorio/BBDDAvanzadas/.venv/lib/python3.12/site-packages/airflow/example_dags/example_setup_teardown_taskflow.py
[2026-05-07T20:02:59.537+0200] {logging_mixin.py:190} INFO - [2026-05-07T20:02:59.537+0200] {dag.py:3239} INFO - Sync 1 DAGs
[2026-05-07T20:02:59.560+0200] {logging_mixin.py:190} INFO - [2026-05-07T20:02:59.560+0200] {dag.py:4180} INFO - Setting next_dagrun for example_setup_teardown_taskflow to None, run_after=None
[2026-05-07T20:02:59.613+0200] {processor.py:208} INFO - Processing /home/rodrigo/Escritorio/BBDDAvanzadas/.venv/lib/python3.12/site-packages/airflow/example_dags/example_setup_teardown_taskflow.py took 0.104 seconds
[2026-05-07T20:03:57.649+0200] {processor.py:186} INFO - Started process (PID=17802) to work on /home/rodrigo/Escritorio/BBDDAvanzadas/.venv/lib/python3.12/site-packages/airflow/example_dags/example_setup_teardown_taskflow.py
[2026-05-07T20:03:57.654+0200] {processor.py:914} INFO - Processing file /home/rodrigo/Escritorio/BBDDAvanzadas/.venv/lib/python3.12/site-packages/airflow/example_dags/example_setup_teardown_taskflow.py for tasks to queue
[2026-05-07T20:03:57.656+0200] {logging_mixin.py:190} INFO - [2026-05-07T20:03:57.656+0200] {dagbag.py:588} INFO - Filling up the DagBag from /home/rodrigo/Escritorio/BBDDAvanzadas/.venv/lib/python3.12/site-packages/airflow/example_dags/example_setup_teardown_taskflow.py
[2026-05-07T20:03:57.664+0200] {processor.py:925} INFO - DAG(s) 'example_setup_teardown_taskflow' retrieved from /home/rodrigo/Escritorio/BBDDAvanzadas/.venv/lib/python3.12/site-packages/airflow/example_dags/example_setup_teardown_taskflow.py
[2026-05-07T20:03:57.675+0200] {logging_mixin.py:190} INFO - [2026-05-07T20:03:57.675+0200] {dag.py:3239} INFO - Sync 1 DAGs
[2026-05-07T20:03:57.682+0200] {logging_mixin.py:190} INFO - [2026-05-07T20:03:57.682+0200] {dag.py:4180} INFO - Setting next_dagrun for example_setup_teardown_taskflow to None, run_after=None
[2026-05-07T20:03:57.720+0200] {processor.py:208} INFO - Processing /home/rodrigo/Escritorio/BBDDAvanzadas/.venv/lib/python3.12/site-packages/airflow/example_dags/example_setup_teardown_taskflow.py took 0.075 seconds
[2026-05-07T20:05:02.646+0200] {processor.py:186} INFO - Started process (PID=17929) to work on /home/rodrigo/Escritorio/BBDDAvanzadas/.venv/lib/python3.12/site-packages/airflow/example_dags/example_setup_teardown_taskflow.py
[2026-05-07T20:05:02.648+0200] {processor.py:914} INFO - Processing file /home/rodrigo/Escritorio/BBDDAvanzadas/.venv/lib/python3.12/site-packages/airflow/example_dags/example_setup_teardown_taskflow.py for tasks to queue
[2026-05-07T20:05:02.649+0200] {logging_mixin.py:190} INFO - [2026-05-07T20:05:02.649+0200] {dagbag.py:588} INFO - Filling up the DagBag from /home/rodrigo/Escritorio/BBDDAvanzadas/.venv/lib/python3.12/site-packages/airflow/example_dags/example_setup_teardown_taskflow.py
[2026-05-07T20:05:02.657+0200] {processor.py:925} INFO - DAG(s) 'example_setup_teardown_taskflow' retrieved from /home/rodrigo/Escritorio/BBDDAvanzadas/.venv/lib/python3.12/site-packages/airflow/example_dags/example_setup_teardown_taskflow.py
[2026-05-07T20:05:02.670+0200] {logging_mixin.py:190} INFO - [2026-05-07T20:05:02.670+0200] {dag.py:3239} INFO - Sync 1 DAGs
[2026-05-07T20:05:02.678+0200] {logging_mixin.py:190} INFO - [2026-05-07T20:05:02.678+0200] {dag.py:4180} INFO - Setting next_dagrun for example_setup_teardown_taskflow to None, run_after=None
[2026-05-07T20:05:02.693+0200] {processor.py:208} INFO - Processing /home/rodrigo/Escritorio/BBDDAvanzadas/.venv/lib/python3.12/site-packages/airflow/example_dags/example_setup_teardown_taskflow.py took 0.058 seconds
[2026-05-07T20:06:02.677+0200] {processor.py:186} INFO - Started process (PID=18050) to work on /home/rodrigo/Escritorio/BBDDAvanzadas/.venv/lib/python3.12/site-packages/airflow/example_dags/example_setup_teardown_taskflow.py
[2026-05-07T20:06:02.678+0200] {processor.py:914} INFO - Processing file /home/rodrigo/Escritorio/BBDDAvanzadas/.venv/lib/python3.12/site-packages/airflow/example_dags/example_setup_teardown_taskflow.py for tasks to queue
[2026-05-07T20:06:02.680+0200] {logging_mixin.py:190} INFO - [2026-05-07T20:06:02.679+0200] {dagbag.py:588} INFO - Filling up the DagBag from /home/rodrigo/Escritorio/BBDDAvanzadas/.venv/lib/python3.12/site-packages/airflow/example_dags/example_setup_teardown_taskflow.py
[2026-05-07T20:06:02.693+0200] {processor.py:925} INFO - DAG(s) 'example_setup_teardown_taskflow' retrieved from /home/rodrigo/Escritorio/BBDDAvanzadas/.venv/lib/python3.12/site-packages/airflow/example_dags/example_setup_teardown_taskflow.py
[2026-05-07T20:06:02.707+0200] {logging_mixin.py:190} INFO - [2026-05-07T20:06:02.707+0200] {dag.py:3239} INFO - Sync 1 DAGs
[2026-05-07T20:06:02.716+0200] {logging_mixin.py:190} INFO - [2026-05-07T20:06:02.716+0200] {dag.py:4180} INFO - Setting next_dagrun for example_setup_teardown_taskflow to None, run_after=None
[2026-05-07T20:06:02.732+0200] {processor.py:208} INFO - Processing /home/rodrigo/Escritorio/BBDDAvanzadas/.venv/lib/python3.12/site-packages/airflow/example_dags/example_setup_teardown_taskflow.py took 0.059 seconds
[2026-05-07T20:07:01.828+0200] {processor.py:186} INFO - Started process (PID=18170) to work on /home/rodrigo/Escritorio/BBDDAvanzadas/.venv/lib/python3.12/site-packages/airflow/example_dags/example_setup_teardown_taskflow.py
[2026-05-07T20:07:01.829+0200] {processor.py:914} INFO - Processing file /home/rodrigo/Escritorio/BBDDAvanzadas/.venv/lib/python3.12/site-packages/airflow/example_dags/example_setup_teardown_taskflow.py for tasks to queue
[2026-05-07T20:07:01.830+0200] {logging_mixin.py:190} INFO - [2026-05-07T20:07:01.830+0200] {dagbag.py:588} INFO - Filling up the DagBag from /home/rodrigo/Escritorio/BBDDAvanzadas/.venv/lib/python3.12/site-packages/airflow/example_dags/example_setup_teardown_taskflow.py
[2026-05-07T20:07:01.839+0200] {processor.py:925} INFO - DAG(s) 'example_setup_teardown_taskflow' retrieved from /home/rodrigo/Escritorio/BBDDAvanzadas/.venv/lib/python3.12/site-packages/airflow/example_dags/example_setup_teardown_taskflow.py
[2026-05-07T20:07:01.851+0200] {logging_mixin.py:190} INFO - [2026-05-07T20:07:01.851+0200] {dag.py:3239} INFO - Sync 1 DAGs
[2026-05-07T20:07:01.860+0200] {logging_mixin.py:190} INFO - [2026-05-07T20:07:01.860+0200] {dag.py:4180} INFO - Setting next_dagrun for example_setup_teardown_taskflow to None, run_after=None
[2026-05-07T20:07:01.878+0200] {processor.py:208} INFO - Processing /home/rodrigo/Escritorio/BBDDAvanzadas/.venv/lib/python3.12/site-packages/airflow/example_dags/example_setup_teardown_taskflow.py took 0.054 seconds
[2026-05-07T20:08:00.653+0200] {processor.py:186} INFO - Started process (PID=18298) to work on /home/rodrigo/Escritorio/BBDDAvanzadas/.venv/lib/python3.12/site-packages/airflow/example_dags/example_setup_teardown_taskflow.py
[2026-05-07T20:08:00.655+0200] {processor.py:914} INFO - Processing file /home/rodrigo/Escritorio/BBDDAvanzadas/.venv/lib/python3.12/site-packages/airflow/example_dags/example_setup_teardown_taskflow.py for tasks to queue
[2026-05-07T20:08:00.656+0200] {logging_mixin.py:190} INFO - [2026-05-07T20:08:00.656+0200] {dagbag.py:588} INFO - Filling up the DagBag from /home/rodrigo/Escritorio/BBDDAvanzadas/.venv/lib/python3.12/site-packages/airflow/example_dags/example_setup_teardown_taskflow.py
[2026-05-07T20:08:00.664+0200] {processor.py:925} INFO - DAG(s) 'example_setup_teardown_taskflow' retrieved from /home/rodrigo/Escritorio/BBDDAvanzadas/.venv/lib/python3.12/site-packages/airflow/example_dags/example_setup_teardown_taskflow.py
[2026-05-07T20:08:00.677+0200] {logging_mixin.py:190} INFO - [2026-05-07T20:08:00.677+0200] {dag.py:3239} INFO - Sync 1 DAGs
[2026-05-07T20:08:00.686+0200] {logging_mixin.py:190} INFO - [2026-05-07T20:08:00.686+0200] {dag.py:4180} INFO - Setting next_dagrun for example_setup_teardown_taskflow to None, run_after=None
[2026-05-07T20:08:00.700+0200] {processor.py:208} INFO - Processing /home/rodrigo/Escritorio/BBDDAvanzadas/.venv/lib/python3.12/site-packages/airflow/example_dags/example_setup_teardown_taskflow.py took 0.052 seconds
[2026-05-07T20:09:12.319+0200] {processor.py:186} INFO - Started process (PID=18494) to work on /home/rodrigo/Escritorio/BBDDAvanzadas/.venv/lib/python3.12/site-packages/airflow/example_dags/example_setup_teardown_taskflow.py
[2026-05-07T20:09:12.320+0200] {processor.py:914} INFO - Processing file /home/rodrigo/Escritorio/BBDDAvanzadas/.venv/lib/python3.12/site-packages/airflow/example_dags/example_setup_teardown_taskflow.py for tasks to queue
[2026-05-07T20:09:12.322+0200] {logging_mixin.py:190} INFO - [2026-05-07T20:09:12.322+0200] {dagbag.py:588} INFO - Filling up the DagBag from /home/rodrigo/Escritorio/BBDDAvanzadas/.venv/lib/python3.12/site-packages/airflow/example_dags/example_setup_teardown_taskflow.py
[2026-05-07T20:09:12.328+0200] {processor.py:925} INFO - DAG(s) 'example_setup_teardown_taskflow' retrieved from /home/rodrigo/Escritorio/BBDDAvanzadas/.venv/lib/python3.12/site-packages/airflow/example_dags/example_setup_teardown_taskflow.py
[2026-05-07T20:09:12.339+0200] {logging_mixin.py:190} INFO - [2026-05-07T20:09:12.339+0200] {dag.py:3239} INFO - Sync 1 DAGs
[2026-05-07T20:09:12.347+0200] {logging_mixin.py:190} INFO - [2026-05-07T20:09:12.346+0200] {dag.py:4180} INFO - Setting next_dagrun for example_setup_teardown_taskflow to None, run_after=None
[2026-05-07T20:09:12.362+0200] {processor.py:208} INFO - Processing /home/rodrigo/Escritorio/BBDDAvanzadas/.venv/lib/python3.12/site-packages/airflow/example_dags/example_setup_teardown_taskflow.py took 0.046 seconds
[2026-05-07T20:10:21.025+0200] {processor.py:186} INFO - Started process (PID=18626) to work on /home/rodrigo/Escritorio/BBDDAvanzadas/.venv/lib/python3.12/site-packages/airflow/example_dags/example_setup_teardown_taskflow.py
[2026-05-07T20:10:21.027+0200] {processor.py:914} INFO - Processing file /home/rodrigo/Escritorio/BBDDAvanzadas/.venv/lib/python3.12/site-packages/airflow/example_dags/example_setup_teardown_taskflow.py for tasks to queue
[2026-05-07T20:10:21.029+0200] {logging_mixin.py:190} INFO - [2026-05-07T20:10:21.028+0200] {dagbag.py:588} INFO - Filling up the DagBag from /home/rodrigo/Escritorio/BBDDAvanzadas/.venv/lib/python3.12/site-packages/airflow/example_dags/example_setup_teardown_taskflow.py
[2026-05-07T20:10:21.037+0200] {processor.py:925} INFO - DAG(s) 'example_setup_teardown_taskflow' retrieved from /home/rodrigo/Escritorio/BBDDAvanzadas/.venv/lib/python3.12/site-packages/airflow/example_dags/example_setup_teardown_taskflow.py
[2026-05-07T20:10:21.049+0200] {logging_mixin.py:190} INFO - [2026-05-07T20:10:21.048+0200] {dag.py:3239} INFO - Sync 1 DAGs
[2026-05-07T20:10:21.057+0200] {logging_mixin.py:190} INFO - [2026-05-07T20:10:21.057+0200] {dag.py:4180} INFO - Setting next_dagrun for example_setup_teardown_taskflow to None, run_after=None
[2026-05-07T20:10:21.073+0200] {processor.py:208} INFO - Processing /home/rodrigo/Escritorio/BBDDAvanzadas/.venv/lib/python3.12/site-packages/airflow/example_dags/example_setup_teardown_taskflow.py took 0.052 seconds
