[2026-05-07T19:32:38.884+0200] {processor.py:186} INFO - Started process (PID=14386) to work on /home/rodrigo/Escritorio/BBDDAvanzadas/.venv/lib/python3.12/site-packages/airflow/example_dags/example_python_operator.py
[2026-05-07T19:32:38.885+0200] {processor.py:914} INFO - Processing file /home/rodrigo/Escritorio/BBDDAvanzadas/.venv/lib/python3.12/site-packages/airflow/example_dags/example_python_operator.py for tasks to queue
[2026-05-07T19:32:38.887+0200] {logging_mixin.py:190} INFO - [2026-05-07T19:32:38.886+0200] {dagbag.py:588} INFO - Filling up the DagBag from /home/rodrigo/Escritorio/BBDDAvanzadas/.venv/lib/python3.12/site-packages/airflow/example_dags/example_python_operator.py
[2026-05-07T19:32:38.892+0200] {logging_mixin.py:190} INFO - [2026-05-07T19:32:38.892+0200] {example_python_operator.py:93} WARNING - The virtalenv_python example task requires virtualenv, please install it.
[2026-05-07T19:32:38.895+0200] {processor.py:925} INFO - DAG(s) 'example_python_operator' retrieved from /home/rodrigo/Escritorio/BBDDAvanzadas/.venv/lib/python3.12/site-packages/airflow/example_dags/example_python_operator.py
[2026-05-07T19:32:39.007+0200] {logging_mixin.py:190} INFO - [2026-05-07T19:32:39.006+0200] {override.py:1930} INFO - Created Permission View: can read on DAG:example_python_operator
[2026-05-07T19:32:39.031+0200] {logging_mixin.py:190} INFO - [2026-05-07T19:32:39.031+0200] {override.py:1930} INFO - Created Permission View: can edit on DAG:example_python_operator
[2026-05-07T19:32:39.042+0200] {logging_mixin.py:190} INFO - [2026-05-07T19:32:39.042+0200] {override.py:1930} INFO - Created Permission View: can delete on DAG:example_python_operator
[2026-05-07T19:32:39.059+0200] {logging_mixin.py:190} INFO - [2026-05-07T19:32:39.058+0200] {override.py:1930} INFO - Created Permission View: can create on DAG Run:example_python_operator
[2026-05-07T19:32:39.069+0200] {logging_mixin.py:190} INFO - [2026-05-07T19:32:39.069+0200] {override.py:1930} INFO - Created Permission View: can read on DAG Run:example_python_operator
[2026-05-07T19:32:39.077+0200] {logging_mixin.py:190} INFO - [2026-05-07T19:32:39.076+0200] {override.py:1930} INFO - Created Permission View: menu access on DAG Run:example_python_operator
[2026-05-07T19:32:39.085+0200] {logging_mixin.py:190} INFO - [2026-05-07T19:32:39.085+0200] {override.py:1930} INFO - Created Permission View: can delete on DAG Run:example_python_operator
[2026-05-07T19:32:39.085+0200] {logging_mixin.py:190} INFO - [2026-05-07T19:32:39.085+0200] {dag.py:3239} INFO - Sync 1 DAGs
[2026-05-07T19:32:39.094+0200] {logging_mixin.py:190} INFO - [2026-05-07T19:32:39.094+0200] {dag.py:3262} INFO - Creating ORM DAG for example_python_operator
[2026-05-07T19:32:39.094+0200] {logging_mixin.py:190} INFO - [2026-05-07T19:32:39.094+0200] {dag.py:4180} INFO - Setting next_dagrun for example_python_operator to None, run_after=None
[2026-05-07T19:32:39.111+0200] {processor.py:208} INFO - Processing /home/rodrigo/Escritorio/BBDDAvanzadas/.venv/lib/python3.12/site-packages/airflow/example_dags/example_python_operator.py took 0.234 seconds
[2026-05-07T19:37:28.497+0200] {processor.py:186} INFO - Started process (PID=14862) to work on /home/rodrigo/Escritorio/BBDDAvanzadas/.venv/lib/python3.12/site-packages/airflow/example_dags/example_python_operator.py
[2026-05-07T19:37:28.504+0200] {processor.py:914} INFO - Processing file /home/rodrigo/Escritorio/BBDDAvanzadas/.venv/lib/python3.12/site-packages/airflow/example_dags/example_python_operator.py for tasks to queue
[2026-05-07T19:37:28.507+0200] {logging_mixin.py:190} INFO - [2026-05-07T19:37:28.507+0200] {dagbag.py:588} INFO - Filling up the DagBag from /home/rodrigo/Escritorio/BBDDAvanzadas/.venv/lib/python3.12/site-packages/airflow/example_dags/example_python_operator.py
[2026-05-07T19:37:28.514+0200] {logging_mixin.py:190} INFO - [2026-05-07T19:37:28.514+0200] {example_python_operator.py:93} WARNING - The virtalenv_python example task requires virtualenv, please install it.
[2026-05-07T19:37:28.516+0200] {processor.py:925} INFO - DAG(s) 'example_python_operator' retrieved from /home/rodrigo/Escritorio/BBDDAvanzadas/.venv/lib/python3.12/site-packages/airflow/example_dags/example_python_operator.py
[2026-05-07T19:37:28.538+0200] {logging_mixin.py:190} INFO - [2026-05-07T19:37:28.538+0200] {dag.py:3239} INFO - Sync 1 DAGs
[2026-05-07T19:37:28.553+0200] {logging_mixin.py:190} INFO - [2026-05-07T19:37:28.553+0200] {dag.py:4180} INFO - Setting next_dagrun for example_python_operator to None, run_after=None
[2026-05-07T19:37:28.609+0200] {processor.py:208} INFO - Processing /home/rodrigo/Escritorio/BBDDAvanzadas/.venv/lib/python3.12/site-packages/airflow/example_dags/example_python_operator.py took 0.116 seconds
[2026-05-07T19:38:33.395+0200] {processor.py:186} INFO - Started process (PID=14979) to work on /home/rodrigo/Escritorio/BBDDAvanzadas/.venv/lib/python3.12/site-packages/airflow/example_dags/example_python_operator.py
[2026-05-07T19:38:33.397+0200] {processor.py:914} INFO - Processing file /home/rodrigo/Escritorio/BBDDAvanzadas/.venv/lib/python3.12/site-packages/airflow/example_dags/example_python_operator.py for tasks to queue
[2026-05-07T19:38:33.399+0200] {logging_mixin.py:190} INFO - [2026-05-07T19:38:33.399+0200] {dagbag.py:588} INFO - Filling up the DagBag from /home/rodrigo/Escritorio/BBDDAvanzadas/.venv/lib/python3.12/site-packages/airflow/example_dags/example_python_operator.py
[2026-05-07T19:38:33.404+0200] {logging_mixin.py:190} INFO - [2026-05-07T19:38:33.403+0200] {example_python_operator.py:93} WARNING - The virtalenv_python example task requires virtualenv, please install it.
[2026-05-07T19:38:33.405+0200] {processor.py:925} INFO - DAG(s) 'example_python_operator' retrieved from /home/rodrigo/Escritorio/BBDDAvanzadas/.venv/lib/python3.12/site-packages/airflow/example_dags/example_python_operator.py
[2026-05-07T19:38:33.419+0200] {logging_mixin.py:190} INFO - [2026-05-07T19:38:33.419+0200] {dag.py:3239} INFO - Sync 1 DAGs
[2026-05-07T19:38:33.427+0200] {logging_mixin.py:190} INFO - [2026-05-07T19:38:33.427+0200] {dag.py:4180} INFO - Setting next_dagrun for example_python_operator to None, run_after=None
[2026-05-07T19:38:33.491+0200] {processor.py:208} INFO - Processing /home/rodrigo/Escritorio/BBDDAvanzadas/.venv/lib/python3.12/site-packages/airflow/example_dags/example_python_operator.py took 0.100 seconds
[2026-05-07T19:39:57.415+0200] {processor.py:186} INFO - Started process (PID=15074) to work on /home/rodrigo/Escritorio/BBDDAvanzadas/.venv/lib/python3.12/site-packages/airflow/example_dags/example_python_operator.py
[2026-05-07T19:39:57.417+0200] {processor.py:914} INFO - Processing file /home/rodrigo/Escritorio/BBDDAvanzadas/.venv/lib/python3.12/site-packages/airflow/example_dags/example_python_operator.py for tasks to queue
[2026-05-07T19:39:57.419+0200] {logging_mixin.py:190} INFO - [2026-05-07T19:39:57.419+0200] {dagbag.py:588} INFO - Filling up the DagBag from /home/rodrigo/Escritorio/BBDDAvanzadas/.venv/lib/python3.12/site-packages/airflow/example_dags/example_python_operator.py
[2026-05-07T19:39:57.429+0200] {logging_mixin.py:190} INFO - [2026-05-07T19:39:57.429+0200] {example_python_operator.py:93} WARNING - The virtalenv_python example task requires virtualenv, please install it.
[2026-05-07T19:39:57.439+0200] {processor.py:925} INFO - DAG(s) 'example_python_operator' retrieved from /home/rodrigo/Escritorio/BBDDAvanzadas/.venv/lib/python3.12/site-packages/airflow/example_dags/example_python_operator.py
[2026-05-07T19:39:57.460+0200] {logging_mixin.py:190} INFO - [2026-05-07T19:39:57.460+0200] {dag.py:3239} INFO - Sync 1 DAGs
[2026-05-07T19:39:57.475+0200] {logging_mixin.py:190} INFO - [2026-05-07T19:39:57.475+0200] {dag.py:4180} INFO - Setting next_dagrun for example_python_operator to None, run_after=None
[2026-05-07T19:39:57.538+0200] {processor.py:208} INFO - Processing /home/rodrigo/Escritorio/BBDDAvanzadas/.venv/lib/python3.12/site-packages/airflow/example_dags/example_python_operator.py took 0.132 seconds
[2026-05-07T19:41:25.464+0200] {processor.py:186} INFO - Started process (PID=15192) to work on /home/rodrigo/Escritorio/BBDDAvanzadas/.venv/lib/python3.12/site-packages/airflow/example_dags/example_python_operator.py
[2026-05-07T19:41:25.466+0200] {processor.py:914} INFO - Processing file /home/rodrigo/Escritorio/BBDDAvanzadas/.venv/lib/python3.12/site-packages/airflow/example_dags/example_python_operator.py for tasks to queue
[2026-05-07T19:41:25.468+0200] {logging_mixin.py:190} INFO - [2026-05-07T19:41:25.468+0200] {dagbag.py:588} INFO - Filling up the DagBag from /home/rodrigo/Escritorio/BBDDAvanzadas/.venv/lib/python3.12/site-packages/airflow/example_dags/example_python_operator.py
[2026-05-07T19:41:25.497+0200] {logging_mixin.py:190} INFO - [2026-05-07T19:41:25.496+0200] {example_python_operator.py:93} WARNING - The virtalenv_python example task requires virtualenv, please install it.
[2026-05-07T19:41:25.504+0200] {processor.py:925} INFO - DAG(s) 'example_python_operator' retrieved from /home/rodrigo/Escritorio/BBDDAvanzadas/.venv/lib/python3.12/site-packages/airflow/example_dags/example_python_operator.py
[2026-05-07T19:41:25.524+0200] {logging_mixin.py:190} INFO - [2026-05-07T19:41:25.522+0200] {dag.py:3239} INFO - Sync 1 DAGs
[2026-05-07T19:41:25.544+0200] {logging_mixin.py:190} INFO - [2026-05-07T19:41:25.543+0200] {dag.py:4180} INFO - Setting next_dagrun for example_python_operator to None, run_after=None
[2026-05-07T19:41:25.580+0200] {processor.py:208} INFO - Processing /home/rodrigo/Escritorio/BBDDAvanzadas/.venv/lib/python3.12/site-packages/airflow/example_dags/example_python_operator.py took 0.124 seconds
[2026-05-07T19:42:44.103+0200] {processor.py:186} INFO - Started process (PID=15446) to work on /home/rodrigo/Escritorio/BBDDAvanzadas/.venv/lib/python3.12/site-packages/airflow/example_dags/example_python_operator.py
[2026-05-07T19:42:44.104+0200] {processor.py:914} INFO - Processing file /home/rodrigo/Escritorio/BBDDAvanzadas/.venv/lib/python3.12/site-packages/airflow/example_dags/example_python_operator.py for tasks to queue
[2026-05-07T19:42:44.106+0200] {logging_mixin.py:190} INFO - [2026-05-07T19:42:44.105+0200] {dagbag.py:588} INFO - Filling up the DagBag from /home/rodrigo/Escritorio/BBDDAvanzadas/.venv/lib/python3.12/site-packages/airflow/example_dags/example_python_operator.py
[2026-05-07T19:42:44.111+0200] {logging_mixin.py:190} INFO - [2026-05-07T19:42:44.110+0200] {example_python_operator.py:93} WARNING - The virtalenv_python example task requires virtualenv, please install it.
[2026-05-07T19:42:44.112+0200] {processor.py:925} INFO - DAG(s) 'example_python_operator' retrieved from /home/rodrigo/Escritorio/BBDDAvanzadas/.venv/lib/python3.12/site-packages/airflow/example_dags/example_python_operator.py
[2026-05-07T19:42:44.127+0200] {logging_mixin.py:190} INFO - [2026-05-07T19:42:44.127+0200] {dag.py:3239} INFO - Sync 1 DAGs
[2026-05-07T19:42:44.141+0200] {logging_mixin.py:190} INFO - [2026-05-07T19:42:44.140+0200] {dag.py:4180} INFO - Setting next_dagrun for example_python_operator to None, run_after=None
[2026-05-07T19:42:44.158+0200] {processor.py:208} INFO - Processing /home/rodrigo/Escritorio/BBDDAvanzadas/.venv/lib/python3.12/site-packages/airflow/example_dags/example_python_operator.py took 0.060 seconds
[2026-05-07T19:43:54.984+0200] {processor.py:186} INFO - Started process (PID=15641) to work on /home/rodrigo/Escritorio/BBDDAvanzadas/.venv/lib/python3.12/site-packages/airflow/example_dags/example_python_operator.py
[2026-05-07T19:43:54.985+0200] {processor.py:914} INFO - Processing file /home/rodrigo/Escritorio/BBDDAvanzadas/.venv/lib/python3.12/site-packages/airflow/example_dags/example_python_operator.py for tasks to queue
[2026-05-07T19:43:54.986+0200] {logging_mixin.py:190} INFO - [2026-05-07T19:43:54.986+0200] {dagbag.py:588} INFO - Filling up the DagBag from /home/rodrigo/Escritorio/BBDDAvanzadas/.venv/lib/python3.12/site-packages/airflow/example_dags/example_python_operator.py
[2026-05-07T19:43:54.990+0200] {logging_mixin.py:190} INFO - [2026-05-07T19:43:54.990+0200] {example_python_operator.py:93} WARNING - The virtalenv_python example task requires virtualenv, please install it.
[2026-05-07T19:43:54.992+0200] {processor.py:925} INFO - DAG(s) 'example_python_operator' retrieved from /home/rodrigo/Escritorio/BBDDAvanzadas/.venv/lib/python3.12/site-packages/airflow/example_dags/example_python_operator.py
[2026-05-07T19:43:55.003+0200] {logging_mixin.py:190} INFO - [2026-05-07T19:43:55.003+0200] {dag.py:3239} INFO - Sync 1 DAGs
[2026-05-07T19:43:55.113+0200] {logging_mixin.py:190} INFO - [2026-05-07T19:43:55.113+0200] {dag.py:4180} INFO - Setting next_dagrun for example_python_operator to None, run_after=None
[2026-05-07T19:43:55.148+0200] {processor.py:208} INFO - Processing /home/rodrigo/Escritorio/BBDDAvanzadas/.venv/lib/python3.12/site-packages/airflow/example_dags/example_python_operator.py took 0.168 seconds
[2026-05-07T19:45:37.325+0200] {processor.py:186} INFO - Started process (PID=15894) to work on /home/rodrigo/Escritorio/BBDDAvanzadas/.venv/lib/python3.12/site-packages/airflow/example_dags/example_python_operator.py
[2026-05-07T19:45:37.327+0200] {processor.py:914} INFO - Processing file /home/rodrigo/Escritorio/BBDDAvanzadas/.venv/lib/python3.12/site-packages/airflow/example_dags/example_python_operator.py for tasks to queue
[2026-05-07T19:45:37.329+0200] {logging_mixin.py:190} INFO - [2026-05-07T19:45:37.328+0200] {dagbag.py:588} INFO - Filling up the DagBag from /home/rodrigo/Escritorio/BBDDAvanzadas/.venv/lib/python3.12/site-packages/airflow/example_dags/example_python_operator.py
[2026-05-07T19:45:37.334+0200] {logging_mixin.py:190} INFO - [2026-05-07T19:45:37.334+0200] {example_python_operator.py:93} WARNING - The virtalenv_python example task requires virtualenv, please install it.
[2026-05-07T19:45:37.336+0200] {processor.py:925} INFO - DAG(s) 'example_python_operator' retrieved from /home/rodrigo/Escritorio/BBDDAvanzadas/.venv/lib/python3.12/site-packages/airflow/example_dags/example_python_operator.py
[2026-05-07T19:45:37.349+0200] {logging_mixin.py:190} INFO - [2026-05-07T19:45:37.349+0200] {dag.py:3239} INFO - Sync 1 DAGs
[2026-05-07T19:45:37.358+0200] {logging_mixin.py:190} INFO - [2026-05-07T19:45:37.358+0200] {dag.py:4180} INFO - Setting next_dagrun for example_python_operator to None, run_after=None
[2026-05-07T19:45:37.454+0200] {processor.py:208} INFO - Processing /home/rodrigo/Escritorio/BBDDAvanzadas/.venv/lib/python3.12/site-packages/airflow/example_dags/example_python_operator.py took 0.134 seconds
[2026-05-07T19:47:10.505+0200] {processor.py:186} INFO - Started process (PID=16041) to work on /home/rodrigo/Escritorio/BBDDAvanzadas/.venv/lib/python3.12/site-packages/airflow/example_dags/example_python_operator.py
[2026-05-07T19:47:10.507+0200] {processor.py:914} INFO - Processing file /home/rodrigo/Escritorio/BBDDAvanzadas/.venv/lib/python3.12/site-packages/airflow/example_dags/example_python_operator.py for tasks to queue
[2026-05-07T19:47:10.509+0200] {logging_mixin.py:190} INFO - [2026-05-07T19:47:10.509+0200] {dagbag.py:588} INFO - Filling up the DagBag from /home/rodrigo/Escritorio/BBDDAvanzadas/.venv/lib/python3.12/site-packages/airflow/example_dags/example_python_operator.py
[2026-05-07T19:47:10.514+0200] {logging_mixin.py:190} INFO - [2026-05-07T19:47:10.514+0200] {example_python_operator.py:93} WARNING - The virtalenv_python example task requires virtualenv, please install it.
[2026-05-07T19:47:10.516+0200] {processor.py:925} INFO - DAG(s) 'example_python_operator' retrieved from /home/rodrigo/Escritorio/BBDDAvanzadas/.venv/lib/python3.12/site-packages/airflow/example_dags/example_python_operator.py
[2026-05-07T19:47:10.529+0200] {logging_mixin.py:190} INFO - [2026-05-07T19:47:10.529+0200] {dag.py:3239} INFO - Sync 1 DAGs
[2026-05-07T19:47:10.540+0200] {logging_mixin.py:190} INFO - [2026-05-07T19:47:10.539+0200] {dag.py:4180} INFO - Setting next_dagrun for example_python_operator to None, run_after=None
[2026-05-07T19:47:10.559+0200] {processor.py:208} INFO - Processing /home/rodrigo/Escritorio/BBDDAvanzadas/.venv/lib/python3.12/site-packages/airflow/example_dags/example_python_operator.py took 0.060 seconds
[2026-05-07T19:48:17.347+0200] {processor.py:186} INFO - Started process (PID=16184) to work on /home/rodrigo/Escritorio/BBDDAvanzadas/.venv/lib/python3.12/site-packages/airflow/example_dags/example_python_operator.py
[2026-05-07T19:48:17.349+0200] {processor.py:914} INFO - Processing file /home/rodrigo/Escritorio/BBDDAvanzadas/.venv/lib/python3.12/site-packages/airflow/example_dags/example_python_operator.py for tasks to queue
[2026-05-07T19:48:17.351+0200] {logging_mixin.py:190} INFO - [2026-05-07T19:48:17.350+0200] {dagbag.py:588} INFO - Filling up the DagBag from /home/rodrigo/Escritorio/BBDDAvanzadas/.venv/lib/python3.12/site-packages/airflow/example_dags/example_python_operator.py
[2026-05-07T19:48:17.357+0200] {logging_mixin.py:190} INFO - [2026-05-07T19:48:17.356+0200] {example_python_operator.py:93} WARNING - The virtalenv_python example task requires virtualenv, please install it.
[2026-05-07T19:48:17.359+0200] {processor.py:925} INFO - DAG(s) 'example_python_operator' retrieved from /home/rodrigo/Escritorio/BBDDAvanzadas/.venv/lib/python3.12/site-packages/airflow/example_dags/example_python_operator.py
[2026-05-07T19:48:17.371+0200] {logging_mixin.py:190} INFO - [2026-05-07T19:48:17.371+0200] {dag.py:3239} INFO - Sync 1 DAGs
[2026-05-07T19:48:17.380+0200] {logging_mixin.py:190} INFO - [2026-05-07T19:48:17.380+0200] {dag.py:4180} INFO - Setting next_dagrun for example_python_operator to None, run_after=None
[2026-05-07T19:48:17.396+0200] {processor.py:208} INFO - Processing /home/rodrigo/Escritorio/BBDDAvanzadas/.venv/lib/python3.12/site-packages/airflow/example_dags/example_python_operator.py took 0.054 seconds
[2026-05-07T19:50:00.311+0200] {processor.py:186} INFO - Started process (PID=16311) to work on /home/rodrigo/Escritorio/BBDDAvanzadas/.venv/lib/python3.12/site-packages/airflow/example_dags/example_python_operator.py
[2026-05-07T19:50:00.313+0200] {processor.py:914} INFO - Processing file /home/rodrigo/Escritorio/BBDDAvanzadas/.venv/lib/python3.12/site-packages/airflow/example_dags/example_python_operator.py for tasks to queue
[2026-05-07T19:50:00.315+0200] {logging_mixin.py:190} INFO - [2026-05-07T19:50:00.314+0200] {dagbag.py:588} INFO - Filling up the DagBag from /home/rodrigo/Escritorio/BBDDAvanzadas/.venv/lib/python3.12/site-packages/airflow/example_dags/example_python_operator.py
[2026-05-07T19:50:00.320+0200] {logging_mixin.py:190} INFO - [2026-05-07T19:50:00.319+0200] {example_python_operator.py:93} WARNING - The virtalenv_python example task requires virtualenv, please install it.
[2026-05-07T19:50:00.321+0200] {processor.py:925} INFO - DAG(s) 'example_python_operator' retrieved from /home/rodrigo/Escritorio/BBDDAvanzadas/.venv/lib/python3.12/site-packages/airflow/example_dags/example_python_operator.py
[2026-05-07T19:50:00.332+0200] {logging_mixin.py:190} INFO - [2026-05-07T19:50:00.332+0200] {dag.py:3239} INFO - Sync 1 DAGs
[2026-05-07T19:50:00.340+0200] {logging_mixin.py:190} INFO - [2026-05-07T19:50:00.340+0200] {dag.py:4180} INFO - Setting next_dagrun for example_python_operator to None, run_after=None
[2026-05-07T19:50:00.364+0200] {processor.py:208} INFO - Processing /home/rodrigo/Escritorio/BBDDAvanzadas/.venv/lib/python3.12/site-packages/airflow/example_dags/example_python_operator.py took 0.057 seconds
[2026-05-07T19:51:39.646+0200] {processor.py:186} INFO - Started process (PID=16406) to work on /home/rodrigo/Escritorio/BBDDAvanzadas/.venv/lib/python3.12/site-packages/airflow/example_dags/example_python_operator.py
[2026-05-07T19:51:39.647+0200] {processor.py:914} INFO - Processing file /home/rodrigo/Escritorio/BBDDAvanzadas/.venv/lib/python3.12/site-packages/airflow/example_dags/example_python_operator.py for tasks to queue
[2026-05-07T19:51:39.648+0200] {logging_mixin.py:190} INFO - [2026-05-07T19:51:39.648+0200] {dagbag.py:588} INFO - Filling up the DagBag from /home/rodrigo/Escritorio/BBDDAvanzadas/.venv/lib/python3.12/site-packages/airflow/example_dags/example_python_operator.py
[2026-05-07T19:51:39.653+0200] {logging_mixin.py:190} INFO - [2026-05-07T19:51:39.653+0200] {example_python_operator.py:93} WARNING - The virtalenv_python example task requires virtualenv, please install it.
[2026-05-07T19:51:39.655+0200] {processor.py:925} INFO - DAG(s) 'example_python_operator' retrieved from /home/rodrigo/Escritorio/BBDDAvanzadas/.venv/lib/python3.12/site-packages/airflow/example_dags/example_python_operator.py
[2026-05-07T19:51:39.666+0200] {logging_mixin.py:190} INFO - [2026-05-07T19:51:39.666+0200] {dag.py:3239} INFO - Sync 1 DAGs
[2026-05-07T19:51:39.674+0200] {logging_mixin.py:190} INFO - [2026-05-07T19:51:39.674+0200] {dag.py:4180} INFO - Setting next_dagrun for example_python_operator to None, run_after=None
[2026-05-07T19:51:39.690+0200] {processor.py:208} INFO - Processing /home/rodrigo/Escritorio/BBDDAvanzadas/.venv/lib/python3.12/site-packages/airflow/example_dags/example_python_operator.py took 0.048 seconds
[2026-05-07T19:52:49.151+0200] {processor.py:186} INFO - Started process (PID=16651) to work on /home/rodrigo/Escritorio/BBDDAvanzadas/.venv/lib/python3.12/site-packages/airflow/example_dags/example_python_operator.py
[2026-05-07T19:52:49.153+0200] {processor.py:914} INFO - Processing file /home/rodrigo/Escritorio/BBDDAvanzadas/.venv/lib/python3.12/site-packages/airflow/example_dags/example_python_operator.py for tasks to queue
[2026-05-07T19:52:49.155+0200] {logging_mixin.py:190} INFO - [2026-05-07T19:52:49.155+0200] {dagbag.py:588} INFO - Filling up the DagBag from /home/rodrigo/Escritorio/BBDDAvanzadas/.venv/lib/python3.12/site-packages/airflow/example_dags/example_python_operator.py
[2026-05-07T19:52:49.166+0200] {logging_mixin.py:190} INFO - [2026-05-07T19:52:49.166+0200] {example_python_operator.py:93} WARNING - The virtalenv_python example task requires virtualenv, please install it.
[2026-05-07T19:52:49.197+0200] {processor.py:925} INFO - DAG(s) 'example_python_operator' retrieved from /home/rodrigo/Escritorio/BBDDAvanzadas/.venv/lib/python3.12/site-packages/airflow/example_dags/example_python_operator.py
[2026-05-07T19:52:49.239+0200] {logging_mixin.py:190} INFO - [2026-05-07T19:52:49.239+0200] {dag.py:3239} INFO - Sync 1 DAGs
[2026-05-07T19:52:49.250+0200] {logging_mixin.py:190} INFO - [2026-05-07T19:52:49.250+0200] {dag.py:4180} INFO - Setting next_dagrun for example_python_operator to None, run_after=None
[2026-05-07T19:52:49.286+0200] {processor.py:208} INFO - Processing /home/rodrigo/Escritorio/BBDDAvanzadas/.venv/lib/python3.12/site-packages/airflow/example_dags/example_python_operator.py took 0.141 seconds
[2026-05-07T19:54:02.082+0200] {processor.py:186} INFO - Started process (PID=16803) to work on /home/rodrigo/Escritorio/BBDDAvanzadas/.venv/lib/python3.12/site-packages/airflow/example_dags/example_python_operator.py
[2026-05-07T19:54:02.093+0200] {processor.py:914} INFO - Processing file /home/rodrigo/Escritorio/BBDDAvanzadas/.venv/lib/python3.12/site-packages/airflow/example_dags/example_python_operator.py for tasks to queue
[2026-05-07T19:54:02.095+0200] {logging_mixin.py:190} INFO - [2026-05-07T19:54:02.095+0200] {dagbag.py:588} INFO - Filling up the DagBag from /home/rodrigo/Escritorio/BBDDAvanzadas/.venv/lib/python3.12/site-packages/airflow/example_dags/example_python_operator.py
[2026-05-07T19:54:02.117+0200] {logging_mixin.py:190} INFO - [2026-05-07T19:54:02.116+0200] {example_python_operator.py:93} WARNING - The virtalenv_python example task requires virtualenv, please install it.
[2026-05-07T19:54:02.124+0200] {processor.py:925} INFO - DAG(s) 'example_python_operator' retrieved from /home/rodrigo/Escritorio/BBDDAvanzadas/.venv/lib/python3.12/site-packages/airflow/example_dags/example_python_operator.py
[2026-05-07T19:54:02.173+0200] {logging_mixin.py:190} INFO - [2026-05-07T19:54:02.171+0200] {dag.py:3239} INFO - Sync 1 DAGs
[2026-05-07T19:54:02.198+0200] {logging_mixin.py:190} INFO - [2026-05-07T19:54:02.198+0200] {dag.py:4180} INFO - Setting next_dagrun for example_python_operator to None, run_after=None
[2026-05-07T19:54:02.232+0200] {processor.py:208} INFO - Processing /home/rodrigo/Escritorio/BBDDAvanzadas/.venv/lib/python3.12/site-packages/airflow/example_dags/example_python_operator.py took 0.170 seconds
[2026-05-07T19:55:13.329+0200] {processor.py:186} INFO - Started process (PID=16958) to work on /home/rodrigo/Escritorio/BBDDAvanzadas/.venv/lib/python3.12/site-packages/airflow/example_dags/example_python_operator.py
[2026-05-07T19:55:13.331+0200] {processor.py:914} INFO - Processing file /home/rodrigo/Escritorio/BBDDAvanzadas/.venv/lib/python3.12/site-packages/airflow/example_dags/example_python_operator.py for tasks to queue
[2026-05-07T19:55:13.332+0200] {logging_mixin.py:190} INFO - [2026-05-07T19:55:13.332+0200] {dagbag.py:588} INFO - Filling up the DagBag from /home/rodrigo/Escritorio/BBDDAvanzadas/.venv/lib/python3.12/site-packages/airflow/example_dags/example_python_operator.py
[2026-05-07T19:55:13.338+0200] {logging_mixin.py:190} INFO - [2026-05-07T19:55:13.338+0200] {example_python_operator.py:93} WARNING - The virtalenv_python example task requires virtualenv, please install it.
[2026-05-07T19:55:13.340+0200] {processor.py:925} INFO - DAG(s) 'example_python_operator' retrieved from /home/rodrigo/Escritorio/BBDDAvanzadas/.venv/lib/python3.12/site-packages/airflow/example_dags/example_python_operator.py
[2026-05-07T19:55:13.351+0200] {logging_mixin.py:190} INFO - [2026-05-07T19:55:13.350+0200] {dag.py:3239} INFO - Sync 1 DAGs
[2026-05-07T19:55:13.358+0200] {logging_mixin.py:190} INFO - [2026-05-07T19:55:13.358+0200] {dag.py:4180} INFO - Setting next_dagrun for example_python_operator to None, run_after=None
[2026-05-07T19:55:13.376+0200] {processor.py:208} INFO - Processing /home/rodrigo/Escritorio/BBDDAvanzadas/.venv/lib/python3.12/site-packages/airflow/example_dags/example_python_operator.py took 0.052 seconds
[2026-05-07T19:57:15.367+0200] {processor.py:186} INFO - Started process (PID=17051) to work on /home/rodrigo/Escritorio/BBDDAvanzadas/.venv/lib/python3.12/site-packages/airflow/example_dags/example_python_operator.py
[2026-05-07T19:57:15.385+0200] {processor.py:914} INFO - Processing file /home/rodrigo/Escritorio/BBDDAvanzadas/.venv/lib/python3.12/site-packages/airflow/example_dags/example_python_operator.py for tasks to queue
[2026-05-07T19:57:15.386+0200] {logging_mixin.py:190} INFO - [2026-05-07T19:57:15.386+0200] {dagbag.py:588} INFO - Filling up the DagBag from /home/rodrigo/Escritorio/BBDDAvanzadas/.venv/lib/python3.12/site-packages/airflow/example_dags/example_python_operator.py
[2026-05-07T19:57:15.391+0200] {logging_mixin.py:190} INFO - [2026-05-07T19:57:15.391+0200] {example_python_operator.py:93} WARNING - The virtalenv_python example task requires virtualenv, please install it.
[2026-05-07T19:57:15.393+0200] {processor.py:925} INFO - DAG(s) 'example_python_operator' retrieved from /home/rodrigo/Escritorio/BBDDAvanzadas/.venv/lib/python3.12/site-packages/airflow/example_dags/example_python_operator.py
[2026-05-07T19:57:15.405+0200] {logging_mixin.py:190} INFO - [2026-05-07T19:57:15.405+0200] {dag.py:3239} INFO - Sync 1 DAGs
[2026-05-07T19:57:15.414+0200] {logging_mixin.py:190} INFO - [2026-05-07T19:57:15.413+0200] {dag.py:4180} INFO - Setting next_dagrun for example_python_operator to None, run_after=None
[2026-05-07T19:57:15.429+0200] {processor.py:208} INFO - Processing /home/rodrigo/Escritorio/BBDDAvanzadas/.venv/lib/python3.12/site-packages/airflow/example_dags/example_python_operator.py took 0.066 seconds
[2026-05-07T19:59:18.158+0200] {processor.py:186} INFO - Started process (PID=17154) to work on /home/rodrigo/Escritorio/BBDDAvanzadas/.venv/lib/python3.12/site-packages/airflow/example_dags/example_python_operator.py
[2026-05-07T19:59:18.159+0200] {processor.py:914} INFO - Processing file /home/rodrigo/Escritorio/BBDDAvanzadas/.venv/lib/python3.12/site-packages/airflow/example_dags/example_python_operator.py for tasks to queue
[2026-05-07T19:59:18.160+0200] {logging_mixin.py:190} INFO - [2026-05-07T19:59:18.160+0200] {dagbag.py:588} INFO - Filling up the DagBag from /home/rodrigo/Escritorio/BBDDAvanzadas/.venv/lib/python3.12/site-packages/airflow/example_dags/example_python_operator.py
[2026-05-07T19:59:18.165+0200] {logging_mixin.py:190} INFO - [2026-05-07T19:59:18.165+0200] {example_python_operator.py:93} WARNING - The virtalenv_python example task requires virtualenv, please install it.
[2026-05-07T19:59:18.167+0200] {processor.py:925} INFO - DAG(s) 'example_python_operator' retrieved from /home/rodrigo/Escritorio/BBDDAvanzadas/.venv/lib/python3.12/site-packages/airflow/example_dags/example_python_operator.py
[2026-05-07T19:59:18.178+0200] {logging_mixin.py:190} INFO - [2026-05-07T19:59:18.178+0200] {dag.py:3239} INFO - Sync 1 DAGs
[2026-05-07T19:59:18.186+0200] {logging_mixin.py:190} INFO - [2026-05-07T19:59:18.186+0200] {dag.py:4180} INFO - Setting next_dagrun for example_python_operator to None, run_after=None
[2026-05-07T19:59:18.203+0200] {processor.py:208} INFO - Processing /home/rodrigo/Escritorio/BBDDAvanzadas/.venv/lib/python3.12/site-packages/airflow/example_dags/example_python_operator.py took 0.049 seconds
[2026-05-07T20:01:00.445+0200] {processor.py:186} INFO - Started process (PID=17371) to work on /home/rodrigo/Escritorio/BBDDAvanzadas/.venv/lib/python3.12/site-packages/airflow/example_dags/example_python_operator.py
[2026-05-07T20:01:00.447+0200] {processor.py:914} INFO - Processing file /home/rodrigo/Escritorio/BBDDAvanzadas/.venv/lib/python3.12/site-packages/airflow/example_dags/example_python_operator.py for tasks to queue
[2026-05-07T20:01:00.448+0200] {logging_mixin.py:190} INFO - [2026-05-07T20:01:00.448+0200] {dagbag.py:588} INFO - Filling up the DagBag from /home/rodrigo/Escritorio/BBDDAvanzadas/.venv/lib/python3.12/site-packages/airflow/example_dags/example_python_operator.py
[2026-05-07T20:01:00.453+0200] {logging_mixin.py:190} INFO - [2026-05-07T20:01:00.453+0200] {example_python_operator.py:93} WARNING - The virtalenv_python example task requires virtualenv, please install it.
[2026-05-07T20:01:00.454+0200] {processor.py:925} INFO - DAG(s) 'example_python_operator' retrieved from /home/rodrigo/Escritorio/BBDDAvanzadas/.venv/lib/python3.12/site-packages/airflow/example_dags/example_python_operator.py
[2026-05-07T20:01:00.465+0200] {logging_mixin.py:190} INFO - [2026-05-07T20:01:00.465+0200] {dag.py:3239} INFO - Sync 1 DAGs
[2026-05-07T20:01:00.473+0200] {logging_mixin.py:190} INFO - [2026-05-07T20:01:00.473+0200] {dag.py:4180} INFO - Setting next_dagrun for example_python_operator to None, run_after=None
[2026-05-07T20:01:00.498+0200] {processor.py:208} INFO - Processing /home/rodrigo/Escritorio/BBDDAvanzadas/.venv/lib/python3.12/site-packages/airflow/example_dags/example_python_operator.py took 0.057 seconds
[2026-05-07T20:02:04.472+0200] {processor.py:186} INFO - Started process (PID=17538) to work on /home/rodrigo/Escritorio/BBDDAvanzadas/.venv/lib/python3.12/site-packages/airflow/example_dags/example_python_operator.py
[2026-05-07T20:02:04.482+0200] {processor.py:914} INFO - Processing file /home/rodrigo/Escritorio/BBDDAvanzadas/.venv/lib/python3.12/site-packages/airflow/example_dags/example_python_operator.py for tasks to queue
[2026-05-07T20:02:04.492+0200] {logging_mixin.py:190} INFO - [2026-05-07T20:02:04.490+0200] {dagbag.py:588} INFO - Filling up the DagBag from /home/rodrigo/Escritorio/BBDDAvanzadas/.venv/lib/python3.12/site-packages/airflow/example_dags/example_python_operator.py
[2026-05-07T20:02:04.524+0200] {logging_mixin.py:190} INFO - [2026-05-07T20:02:04.523+0200] {example_python_operator.py:93} WARNING - The virtalenv_python example task requires virtualenv, please install it.
[2026-05-07T20:02:04.527+0200] {processor.py:925} INFO - DAG(s) 'example_python_operator' retrieved from /home/rodrigo/Escritorio/BBDDAvanzadas/.venv/lib/python3.12/site-packages/airflow/example_dags/example_python_operator.py
[2026-05-07T20:02:04.554+0200] {logging_mixin.py:190} INFO - [2026-05-07T20:02:04.554+0200] {dag.py:3239} INFO - Sync 1 DAGs
[2026-05-07T20:02:04.587+0200] {logging_mixin.py:190} INFO - [2026-05-07T20:02:04.586+0200] {dag.py:4180} INFO - Setting next_dagrun for example_python_operator to None, run_after=None
[2026-05-07T20:02:04.610+0200] {processor.py:208} INFO - Processing /home/rodrigo/Escritorio/BBDDAvanzadas/.venv/lib/python3.12/site-packages/airflow/example_dags/example_python_operator.py took 0.147 seconds
[2026-05-07T20:03:03.802+0200] {processor.py:186} INFO - Started process (PID=17689) to work on /home/rodrigo/Escritorio/BBDDAvanzadas/.venv/lib/python3.12/site-packages/airflow/example_dags/example_python_operator.py
[2026-05-07T20:03:03.803+0200] {processor.py:914} INFO - Processing file /home/rodrigo/Escritorio/BBDDAvanzadas/.venv/lib/python3.12/site-packages/airflow/example_dags/example_python_operator.py for tasks to queue
[2026-05-07T20:03:03.805+0200] {logging_mixin.py:190} INFO - [2026-05-07T20:03:03.804+0200] {dagbag.py:588} INFO - Filling up the DagBag from /home/rodrigo/Escritorio/BBDDAvanzadas/.venv/lib/python3.12/site-packages/airflow/example_dags/example_python_operator.py
[2026-05-07T20:03:03.810+0200] {logging_mixin.py:190} INFO - [2026-05-07T20:03:03.810+0200] {example_python_operator.py:93} WARNING - The virtalenv_python example task requires virtualenv, please install it.
[2026-05-07T20:03:03.813+0200] {processor.py:925} INFO - DAG(s) 'example_python_operator' retrieved from /home/rodrigo/Escritorio/BBDDAvanzadas/.venv/lib/python3.12/site-packages/airflow/example_dags/example_python_operator.py
[2026-05-07T20:03:03.825+0200] {logging_mixin.py:190} INFO - [2026-05-07T20:03:03.824+0200] {dag.py:3239} INFO - Sync 1 DAGs
[2026-05-07T20:03:03.835+0200] {logging_mixin.py:190} INFO - [2026-05-07T20:03:03.835+0200] {dag.py:4180} INFO - Setting next_dagrun for example_python_operator to None, run_after=None
[2026-05-07T20:03:03.879+0200] {processor.py:208} INFO - Processing /home/rodrigo/Escritorio/BBDDAvanzadas/.venv/lib/python3.12/site-packages/airflow/example_dags/example_python_operator.py took 0.081 seconds
[2026-05-07T20:04:01.358+0200] {processor.py:186} INFO - Started process (PID=17811) to work on /home/rodrigo/Escritorio/BBDDAvanzadas/.venv/lib/python3.12/site-packages/airflow/example_dags/example_python_operator.py
[2026-05-07T20:04:01.359+0200] {processor.py:914} INFO - Processing file /home/rodrigo/Escritorio/BBDDAvanzadas/.venv/lib/python3.12/site-packages/airflow/example_dags/example_python_operator.py for tasks to queue
[2026-05-07T20:04:01.361+0200] {logging_mixin.py:190} INFO - [2026-05-07T20:04:01.361+0200] {dagbag.py:588} INFO - Filling up the DagBag from /home/rodrigo/Escritorio/BBDDAvanzadas/.venv/lib/python3.12/site-packages/airflow/example_dags/example_python_operator.py
[2026-05-07T20:04:01.366+0200] {logging_mixin.py:190} INFO - [2026-05-07T20:04:01.366+0200] {example_python_operator.py:93} WARNING - The virtalenv_python example task requires virtualenv, please install it.
[2026-05-07T20:04:01.368+0200] {processor.py:925} INFO - DAG(s) 'example_python_operator' retrieved from /home/rodrigo/Escritorio/BBDDAvanzadas/.venv/lib/python3.12/site-packages/airflow/example_dags/example_python_operator.py
[2026-05-07T20:04:01.378+0200] {logging_mixin.py:190} INFO - [2026-05-07T20:04:01.378+0200] {dag.py:3239} INFO - Sync 1 DAGs
[2026-05-07T20:04:01.386+0200] {logging_mixin.py:190} INFO - [2026-05-07T20:04:01.386+0200] {dag.py:4180} INFO - Setting next_dagrun for example_python_operator to None, run_after=None
[2026-05-07T20:04:01.403+0200] {processor.py:208} INFO - Processing /home/rodrigo/Escritorio/BBDDAvanzadas/.venv/lib/python3.12/site-packages/airflow/example_dags/example_python_operator.py took 0.049 seconds
[2026-05-07T20:05:05.760+0200] {processor.py:186} INFO - Started process (PID=17939) to work on /home/rodrigo/Escritorio/BBDDAvanzadas/.venv/lib/python3.12/site-packages/airflow/example_dags/example_python_operator.py
[2026-05-07T20:05:05.761+0200] {processor.py:914} INFO - Processing file /home/rodrigo/Escritorio/BBDDAvanzadas/.venv/lib/python3.12/site-packages/airflow/example_dags/example_python_operator.py for tasks to queue
[2026-05-07T20:05:05.763+0200] {logging_mixin.py:190} INFO - [2026-05-07T20:05:05.762+0200] {dagbag.py:588} INFO - Filling up the DagBag from /home/rodrigo/Escritorio/BBDDAvanzadas/.venv/lib/python3.12/site-packages/airflow/example_dags/example_python_operator.py
[2026-05-07T20:05:05.768+0200] {logging_mixin.py:190} INFO - [2026-05-07T20:05:05.768+0200] {example_python_operator.py:93} WARNING - The virtalenv_python example task requires virtualenv, please install it.
[2026-05-07T20:05:05.769+0200] {processor.py:925} INFO - DAG(s) 'example_python_operator' retrieved from /home/rodrigo/Escritorio/BBDDAvanzadas/.venv/lib/python3.12/site-packages/airflow/example_dags/example_python_operator.py
[2026-05-07T20:05:05.782+0200] {logging_mixin.py:190} INFO - [2026-05-07T20:05:05.782+0200] {dag.py:3239} INFO - Sync 1 DAGs
[2026-05-07T20:05:05.792+0200] {logging_mixin.py:190} INFO - [2026-05-07T20:05:05.792+0200] {dag.py:4180} INFO - Setting next_dagrun for example_python_operator to None, run_after=None
[2026-05-07T20:05:05.813+0200] {processor.py:208} INFO - Processing /home/rodrigo/Escritorio/BBDDAvanzadas/.venv/lib/python3.12/site-packages/airflow/example_dags/example_python_operator.py took 0.058 seconds
[2026-05-07T20:06:07.111+0200] {processor.py:186} INFO - Started process (PID=18058) to work on /home/rodrigo/Escritorio/BBDDAvanzadas/.venv/lib/python3.12/site-packages/airflow/example_dags/example_python_operator.py
[2026-05-07T20:06:07.112+0200] {processor.py:914} INFO - Processing file /home/rodrigo/Escritorio/BBDDAvanzadas/.venv/lib/python3.12/site-packages/airflow/example_dags/example_python_operator.py for tasks to queue
[2026-05-07T20:06:07.114+0200] {logging_mixin.py:190} INFO - [2026-05-07T20:06:07.114+0200] {dagbag.py:588} INFO - Filling up the DagBag from /home/rodrigo/Escritorio/BBDDAvanzadas/.venv/lib/python3.12/site-packages/airflow/example_dags/example_python_operator.py
[2026-05-07T20:06:07.119+0200] {logging_mixin.py:190} INFO - [2026-05-07T20:06:07.119+0200] {example_python_operator.py:93} WARNING - The virtalenv_python example task requires virtualenv, please install it.
[2026-05-07T20:06:07.121+0200] {processor.py:925} INFO - DAG(s) 'example_python_operator' retrieved from /home/rodrigo/Escritorio/BBDDAvanzadas/.venv/lib/python3.12/site-packages/airflow/example_dags/example_python_operator.py
[2026-05-07T20:06:07.133+0200] {logging_mixin.py:190} INFO - [2026-05-07T20:06:07.133+0200] {dag.py:3239} INFO - Sync 1 DAGs
[2026-05-07T20:06:07.141+0200] {logging_mixin.py:190} INFO - [2026-05-07T20:06:07.141+0200] {dag.py:4180} INFO - Setting next_dagrun for example_python_operator to None, run_after=None
[2026-05-07T20:06:07.157+0200] {processor.py:208} INFO - Processing /home/rodrigo/Escritorio/BBDDAvanzadas/.venv/lib/python3.12/site-packages/airflow/example_dags/example_python_operator.py took 0.050 seconds
[2026-05-07T20:07:06.104+0200] {processor.py:186} INFO - Started process (PID=18178) to work on /home/rodrigo/Escritorio/BBDDAvanzadas/.venv/lib/python3.12/site-packages/airflow/example_dags/example_python_operator.py
[2026-05-07T20:07:06.105+0200] {processor.py:914} INFO - Processing file /home/rodrigo/Escritorio/BBDDAvanzadas/.venv/lib/python3.12/site-packages/airflow/example_dags/example_python_operator.py for tasks to queue
[2026-05-07T20:07:06.106+0200] {logging_mixin.py:190} INFO - [2026-05-07T20:07:06.106+0200] {dagbag.py:588} INFO - Filling up the DagBag from /home/rodrigo/Escritorio/BBDDAvanzadas/.venv/lib/python3.12/site-packages/airflow/example_dags/example_python_operator.py
[2026-05-07T20:07:06.111+0200] {logging_mixin.py:190} INFO - [2026-05-07T20:07:06.111+0200] {example_python_operator.py:93} WARNING - The virtalenv_python example task requires virtualenv, please install it.
[2026-05-07T20:07:06.113+0200] {processor.py:925} INFO - DAG(s) 'example_python_operator' retrieved from /home/rodrigo/Escritorio/BBDDAvanzadas/.venv/lib/python3.12/site-packages/airflow/example_dags/example_python_operator.py
[2026-05-07T20:07:06.128+0200] {logging_mixin.py:190} INFO - [2026-05-07T20:07:06.127+0200] {dag.py:3239} INFO - Sync 1 DAGs
[2026-05-07T20:07:06.146+0200] {logging_mixin.py:190} INFO - [2026-05-07T20:07:06.146+0200] {dag.py:4180} INFO - Setting next_dagrun for example_python_operator to None, run_after=None
[2026-05-07T20:07:06.165+0200] {processor.py:208} INFO - Processing /home/rodrigo/Escritorio/BBDDAvanzadas/.venv/lib/python3.12/site-packages/airflow/example_dags/example_python_operator.py took 0.065 seconds
[2026-05-07T20:08:03.565+0200] {processor.py:186} INFO - Started process (PID=18306) to work on /home/rodrigo/Escritorio/BBDDAvanzadas/.venv/lib/python3.12/site-packages/airflow/example_dags/example_python_operator.py
[2026-05-07T20:08:03.568+0200] {processor.py:914} INFO - Processing file /home/rodrigo/Escritorio/BBDDAvanzadas/.venv/lib/python3.12/site-packages/airflow/example_dags/example_python_operator.py for tasks to queue
[2026-05-07T20:08:03.569+0200] {logging_mixin.py:190} INFO - [2026-05-07T20:08:03.569+0200] {dagbag.py:588} INFO - Filling up the DagBag from /home/rodrigo/Escritorio/BBDDAvanzadas/.venv/lib/python3.12/site-packages/airflow/example_dags/example_python_operator.py
[2026-05-07T20:08:03.575+0200] {logging_mixin.py:190} INFO - [2026-05-07T20:08:03.575+0200] {example_python_operator.py:93} WARNING - The virtalenv_python example task requires virtualenv, please install it.
[2026-05-07T20:08:03.577+0200] {processor.py:925} INFO - DAG(s) 'example_python_operator' retrieved from /home/rodrigo/Escritorio/BBDDAvanzadas/.venv/lib/python3.12/site-packages/airflow/example_dags/example_python_operator.py
[2026-05-07T20:08:03.589+0200] {logging_mixin.py:190} INFO - [2026-05-07T20:08:03.589+0200] {dag.py:3239} INFO - Sync 1 DAGs
[2026-05-07T20:08:03.597+0200] {logging_mixin.py:190} INFO - [2026-05-07T20:08:03.597+0200] {dag.py:4180} INFO - Setting next_dagrun for example_python_operator to None, run_after=None
[2026-05-07T20:08:03.614+0200] {processor.py:208} INFO - Processing /home/rodrigo/Escritorio/BBDDAvanzadas/.venv/lib/python3.12/site-packages/airflow/example_dags/example_python_operator.py took 0.053 seconds
[2026-05-07T20:09:16.284+0200] {processor.py:186} INFO - Started process (PID=18503) to work on /home/rodrigo/Escritorio/BBDDAvanzadas/.venv/lib/python3.12/site-packages/airflow/example_dags/example_python_operator.py
[2026-05-07T20:09:16.286+0200] {processor.py:914} INFO - Processing file /home/rodrigo/Escritorio/BBDDAvanzadas/.venv/lib/python3.12/site-packages/airflow/example_dags/example_python_operator.py for tasks to queue
[2026-05-07T20:09:16.287+0200] {logging_mixin.py:190} INFO - [2026-05-07T20:09:16.287+0200] {dagbag.py:588} INFO - Filling up the DagBag from /home/rodrigo/Escritorio/BBDDAvanzadas/.venv/lib/python3.12/site-packages/airflow/example_dags/example_python_operator.py
[2026-05-07T20:09:16.292+0200] {logging_mixin.py:190} INFO - [2026-05-07T20:09:16.292+0200] {example_python_operator.py:93} WARNING - The virtalenv_python example task requires virtualenv, please install it.
[2026-05-07T20:09:16.294+0200] {processor.py:925} INFO - DAG(s) 'example_python_operator' retrieved from /home/rodrigo/Escritorio/BBDDAvanzadas/.venv/lib/python3.12/site-packages/airflow/example_dags/example_python_operator.py
[2026-05-07T20:09:16.305+0200] {logging_mixin.py:190} INFO - [2026-05-07T20:09:16.305+0200] {dag.py:3239} INFO - Sync 1 DAGs
[2026-05-07T20:09:16.313+0200] {logging_mixin.py:190} INFO - [2026-05-07T20:09:16.312+0200] {dag.py:4180} INFO - Setting next_dagrun for example_python_operator to None, run_after=None
[2026-05-07T20:09:16.329+0200] {processor.py:208} INFO - Processing /home/rodrigo/Escritorio/BBDDAvanzadas/.venv/lib/python3.12/site-packages/airflow/example_dags/example_python_operator.py took 0.049 seconds
[2026-05-07T20:10:25.362+0200] {processor.py:186} INFO - Started process (PID=18631) to work on /home/rodrigo/Escritorio/BBDDAvanzadas/.venv/lib/python3.12/site-packages/airflow/example_dags/example_python_operator.py
[2026-05-07T20:10:25.363+0200] {processor.py:914} INFO - Processing file /home/rodrigo/Escritorio/BBDDAvanzadas/.venv/lib/python3.12/site-packages/airflow/example_dags/example_python_operator.py for tasks to queue
[2026-05-07T20:10:25.364+0200] {logging_mixin.py:190} INFO - [2026-05-07T20:10:25.364+0200] {dagbag.py:588} INFO - Filling up the DagBag from /home/rodrigo/Escritorio/BBDDAvanzadas/.venv/lib/python3.12/site-packages/airflow/example_dags/example_python_operator.py
[2026-05-07T20:10:25.369+0200] {logging_mixin.py:190} INFO - [2026-05-07T20:10:25.369+0200] {example_python_operator.py:93} WARNING - The virtalenv_python example task requires virtualenv, please install it.
[2026-05-07T20:10:25.371+0200] {processor.py:925} INFO - DAG(s) 'example_python_operator' retrieved from /home/rodrigo/Escritorio/BBDDAvanzadas/.venv/lib/python3.12/site-packages/airflow/example_dags/example_python_operator.py
[2026-05-07T20:10:25.382+0200] {logging_mixin.py:190} INFO - [2026-05-07T20:10:25.382+0200] {dag.py:3239} INFO - Sync 1 DAGs
[2026-05-07T20:10:25.390+0200] {logging_mixin.py:190} INFO - [2026-05-07T20:10:25.390+0200] {dag.py:4180} INFO - Setting next_dagrun for example_python_operator to None, run_after=None
[2026-05-07T20:10:25.407+0200] {processor.py:208} INFO - Processing /home/rodrigo/Escritorio/BBDDAvanzadas/.venv/lib/python3.12/site-packages/airflow/example_dags/example_python_operator.py took 0.049 seconds
