[2026-05-07T19:33:10.916+0200] {processor.py:186} INFO - Started process (PID=14463) to work on /home/rodrigo/Escritorio/BBDDAvanzadas/.venv/lib/python3.12/site-packages/airflow/example_dags/example_branch_operator_decorator.py
[2026-05-07T19:33:10.918+0200] {processor.py:914} INFO - Processing file /home/rodrigo/Escritorio/BBDDAvanzadas/.venv/lib/python3.12/site-packages/airflow/example_dags/example_branch_operator_decorator.py for tasks to queue
[2026-05-07T19:33:10.924+0200] {logging_mixin.py:190} INFO - [2026-05-07T19:33:10.924+0200] {dagbag.py:588} INFO - Filling up the DagBag from /home/rodrigo/Escritorio/BBDDAvanzadas/.venv/lib/python3.12/site-packages/airflow/example_dags/example_branch_operator_decorator.py
[2026-05-07T19:33:10.930+0200] {processor.py:927} WARNING - No viable dags retrieved from /home/rodrigo/Escritorio/BBDDAvanzadas/.venv/lib/python3.12/site-packages/airflow/example_dags/example_branch_operator_decorator.py
[2026-05-07T19:33:10.947+0200] {processor.py:208} INFO - Processing /home/rodrigo/Escritorio/BBDDAvanzadas/.venv/lib/python3.12/site-packages/airflow/example_dags/example_branch_operator_decorator.py took 0.038 seconds
[2026-05-07T19:37:53.199+0200] {processor.py:186} INFO - Started process (PID=14931) to work on /home/rodrigo/Escritorio/BBDDAvanzadas/.venv/lib/python3.12/site-packages/airflow/example_dags/example_branch_operator_decorator.py
[2026-05-07T19:37:53.201+0200] {processor.py:914} INFO - Processing file /home/rodrigo/Escritorio/BBDDAvanzadas/.venv/lib/python3.12/site-packages/airflow/example_dags/example_branch_operator_decorator.py for tasks to queue
[2026-05-07T19:37:53.203+0200] {logging_mixin.py:190} INFO - [2026-05-07T19:37:53.203+0200] {dagbag.py:588} INFO - Filling up the DagBag from /home/rodrigo/Escritorio/BBDDAvanzadas/.venv/lib/python3.12/site-packages/airflow/example_dags/example_branch_operator_decorator.py
[2026-05-07T19:37:53.205+0200] {processor.py:927} WARNING - No viable dags retrieved from /home/rodrigo/Escritorio/BBDDAvanzadas/.venv/lib/python3.12/site-packages/airflow/example_dags/example_branch_operator_decorator.py
[2026-05-07T19:37:53.213+0200] {processor.py:208} INFO - Processing /home/rodrigo/Escritorio/BBDDAvanzadas/.venv/lib/python3.12/site-packages/airflow/example_dags/example_branch_operator_decorator.py took 0.018 seconds
[2026-05-07T19:39:03.530+0200] {processor.py:186} INFO - Started process (PID=15008) to work on /home/rodrigo/Escritorio/BBDDAvanzadas/.venv/lib/python3.12/site-packages/airflow/example_dags/example_branch_operator_decorator.py
[2026-05-07T19:39:03.536+0200] {processor.py:914} INFO - Processing file /home/rodrigo/Escritorio/BBDDAvanzadas/.venv/lib/python3.12/site-packages/airflow/example_dags/example_branch_operator_decorator.py for tasks to queue
[2026-05-07T19:39:03.539+0200] {logging_mixin.py:190} INFO - [2026-05-07T19:39:03.538+0200] {dagbag.py:588} INFO - Filling up the DagBag from /home/rodrigo/Escritorio/BBDDAvanzadas/.venv/lib/python3.12/site-packages/airflow/example_dags/example_branch_operator_decorator.py
[2026-05-07T19:39:03.541+0200] {processor.py:927} WARNING - No viable dags retrieved from /home/rodrigo/Escritorio/BBDDAvanzadas/.venv/lib/python3.12/site-packages/airflow/example_dags/example_branch_operator_decorator.py
[2026-05-07T19:39:03.550+0200] {processor.py:208} INFO - Processing /home/rodrigo/Escritorio/BBDDAvanzadas/.venv/lib/python3.12/site-packages/airflow/example_dags/example_branch_operator_decorator.py took 0.029 seconds
[2026-05-07T19:40:46.349+0200] {processor.py:186} INFO - Started process (PID=15151) to work on /home/rodrigo/Escritorio/BBDDAvanzadas/.venv/lib/python3.12/site-packages/airflow/example_dags/example_branch_operator_decorator.py
[2026-05-07T19:40:46.362+0200] {processor.py:914} INFO - Processing file /home/rodrigo/Escritorio/BBDDAvanzadas/.venv/lib/python3.12/site-packages/airflow/example_dags/example_branch_operator_decorator.py for tasks to queue
[2026-05-07T19:40:46.364+0200] {logging_mixin.py:190} INFO - [2026-05-07T19:40:46.363+0200] {dagbag.py:588} INFO - Filling up the DagBag from /home/rodrigo/Escritorio/BBDDAvanzadas/.venv/lib/python3.12/site-packages/airflow/example_dags/example_branch_operator_decorator.py
[2026-05-07T19:40:46.368+0200] {processor.py:927} WARNING - No viable dags retrieved from /home/rodrigo/Escritorio/BBDDAvanzadas/.venv/lib/python3.12/site-packages/airflow/example_dags/example_branch_operator_decorator.py
[2026-05-07T19:40:46.397+0200] {processor.py:208} INFO - Processing /home/rodrigo/Escritorio/BBDDAvanzadas/.venv/lib/python3.12/site-packages/airflow/example_dags/example_branch_operator_decorator.py took 0.079 seconds
[2026-05-07T19:42:08.732+0200] {processor.py:186} INFO - Started process (PID=15408) to work on /home/rodrigo/Escritorio/BBDDAvanzadas/.venv/lib/python3.12/site-packages/airflow/example_dags/example_branch_operator_decorator.py
[2026-05-07T19:42:08.734+0200] {processor.py:914} INFO - Processing file /home/rodrigo/Escritorio/BBDDAvanzadas/.venv/lib/python3.12/site-packages/airflow/example_dags/example_branch_operator_decorator.py for tasks to queue
[2026-05-07T19:42:08.735+0200] {logging_mixin.py:190} INFO - [2026-05-07T19:42:08.735+0200] {dagbag.py:588} INFO - Filling up the DagBag from /home/rodrigo/Escritorio/BBDDAvanzadas/.venv/lib/python3.12/site-packages/airflow/example_dags/example_branch_operator_decorator.py
[2026-05-07T19:42:08.737+0200] {processor.py:927} WARNING - No viable dags retrieved from /home/rodrigo/Escritorio/BBDDAvanzadas/.venv/lib/python3.12/site-packages/airflow/example_dags/example_branch_operator_decorator.py
[2026-05-07T19:42:08.744+0200] {processor.py:208} INFO - Processing /home/rodrigo/Escritorio/BBDDAvanzadas/.venv/lib/python3.12/site-packages/airflow/example_dags/example_branch_operator_decorator.py took 0.016 seconds
[2026-05-07T19:43:25.444+0200] {processor.py:186} INFO - Started process (PID=15586) to work on /home/rodrigo/Escritorio/BBDDAvanzadas/.venv/lib/python3.12/site-packages/airflow/example_dags/example_branch_operator_decorator.py
[2026-05-07T19:43:25.446+0200] {processor.py:914} INFO - Processing file /home/rodrigo/Escritorio/BBDDAvanzadas/.venv/lib/python3.12/site-packages/airflow/example_dags/example_branch_operator_decorator.py for tasks to queue
[2026-05-07T19:43:25.447+0200] {logging_mixin.py:190} INFO - [2026-05-07T19:43:25.447+0200] {dagbag.py:588} INFO - Filling up the DagBag from /home/rodrigo/Escritorio/BBDDAvanzadas/.venv/lib/python3.12/site-packages/airflow/example_dags/example_branch_operator_decorator.py
[2026-05-07T19:43:25.450+0200] {processor.py:927} WARNING - No viable dags retrieved from /home/rodrigo/Escritorio/BBDDAvanzadas/.venv/lib/python3.12/site-packages/airflow/example_dags/example_branch_operator_decorator.py
[2026-05-07T19:43:25.460+0200] {processor.py:208} INFO - Processing /home/rodrigo/Escritorio/BBDDAvanzadas/.venv/lib/python3.12/site-packages/airflow/example_dags/example_branch_operator_decorator.py took 0.021 seconds
[2026-05-07T19:44:53.024+0200] {processor.py:186} INFO - Started process (PID=15851) to work on /home/rodrigo/Escritorio/BBDDAvanzadas/.venv/lib/python3.12/site-packages/airflow/example_dags/example_branch_operator_decorator.py
[2026-05-07T19:44:53.026+0200] {processor.py:914} INFO - Processing file /home/rodrigo/Escritorio/BBDDAvanzadas/.venv/lib/python3.12/site-packages/airflow/example_dags/example_branch_operator_decorator.py for tasks to queue
[2026-05-07T19:44:53.027+0200] {logging_mixin.py:190} INFO - [2026-05-07T19:44:53.027+0200] {dagbag.py:588} INFO - Filling up the DagBag from /home/rodrigo/Escritorio/BBDDAvanzadas/.venv/lib/python3.12/site-packages/airflow/example_dags/example_branch_operator_decorator.py
[2026-05-07T19:44:53.029+0200] {processor.py:927} WARNING - No viable dags retrieved from /home/rodrigo/Escritorio/BBDDAvanzadas/.venv/lib/python3.12/site-packages/airflow/example_dags/example_branch_operator_decorator.py
[2026-05-07T19:44:53.037+0200] {processor.py:208} INFO - Processing /home/rodrigo/Escritorio/BBDDAvanzadas/.venv/lib/python3.12/site-packages/airflow/example_dags/example_branch_operator_decorator.py took 0.018 seconds
[2026-05-07T19:46:38.652+0200] {processor.py:186} INFO - Started process (PID=15949) to work on /home/rodrigo/Escritorio/BBDDAvanzadas/.venv/lib/python3.12/site-packages/airflow/example_dags/example_branch_operator_decorator.py
[2026-05-07T19:46:38.655+0200] {processor.py:914} INFO - Processing file /home/rodrigo/Escritorio/BBDDAvanzadas/.venv/lib/python3.12/site-packages/airflow/example_dags/example_branch_operator_decorator.py for tasks to queue
[2026-05-07T19:46:38.658+0200] {logging_mixin.py:190} INFO - [2026-05-07T19:46:38.657+0200] {dagbag.py:588} INFO - Filling up the DagBag from /home/rodrigo/Escritorio/BBDDAvanzadas/.venv/lib/python3.12/site-packages/airflow/example_dags/example_branch_operator_decorator.py
[2026-05-07T19:46:38.663+0200] {processor.py:927} WARNING - No viable dags retrieved from /home/rodrigo/Escritorio/BBDDAvanzadas/.venv/lib/python3.12/site-packages/airflow/example_dags/example_branch_operator_decorator.py
[2026-05-07T19:46:38.678+0200] {processor.py:208} INFO - Processing /home/rodrigo/Escritorio/BBDDAvanzadas/.venv/lib/python3.12/site-packages/airflow/example_dags/example_branch_operator_decorator.py took 0.040 seconds
[2026-05-07T19:47:50.598+0200] {processor.py:186} INFO - Started process (PID=16125) to work on /home/rodrigo/Escritorio/BBDDAvanzadas/.venv/lib/python3.12/site-packages/airflow/example_dags/example_branch_operator_decorator.py
[2026-05-07T19:47:50.599+0200] {processor.py:914} INFO - Processing file /home/rodrigo/Escritorio/BBDDAvanzadas/.venv/lib/python3.12/site-packages/airflow/example_dags/example_branch_operator_decorator.py for tasks to queue
[2026-05-07T19:47:50.601+0200] {logging_mixin.py:190} INFO - [2026-05-07T19:47:50.600+0200] {dagbag.py:588} INFO - Filling up the DagBag from /home/rodrigo/Escritorio/BBDDAvanzadas/.venv/lib/python3.12/site-packages/airflow/example_dags/example_branch_operator_decorator.py
[2026-05-07T19:47:50.603+0200] {processor.py:927} WARNING - No viable dags retrieved from /home/rodrigo/Escritorio/BBDDAvanzadas/.venv/lib/python3.12/site-packages/airflow/example_dags/example_branch_operator_decorator.py
[2026-05-07T19:47:50.611+0200] {processor.py:208} INFO - Processing /home/rodrigo/Escritorio/BBDDAvanzadas/.venv/lib/python3.12/site-packages/airflow/example_dags/example_branch_operator_decorator.py took 0.017 seconds
[2026-05-07T19:49:18.197+0200] {processor.py:186} INFO - Started process (PID=16254) to work on /home/rodrigo/Escritorio/BBDDAvanzadas/.venv/lib/python3.12/site-packages/airflow/example_dags/example_branch_operator_decorator.py
[2026-05-07T19:49:18.198+0200] {processor.py:914} INFO - Processing file /home/rodrigo/Escritorio/BBDDAvanzadas/.venv/lib/python3.12/site-packages/airflow/example_dags/example_branch_operator_decorator.py for tasks to queue
[2026-05-07T19:49:18.199+0200] {logging_mixin.py:190} INFO - [2026-05-07T19:49:18.199+0200] {dagbag.py:588} INFO - Filling up the DagBag from /home/rodrigo/Escritorio/BBDDAvanzadas/.venv/lib/python3.12/site-packages/airflow/example_dags/example_branch_operator_decorator.py
[2026-05-07T19:49:18.201+0200] {processor.py:927} WARNING - No viable dags retrieved from /home/rodrigo/Escritorio/BBDDAvanzadas/.venv/lib/python3.12/site-packages/airflow/example_dags/example_branch_operator_decorator.py
[2026-05-07T19:49:18.209+0200] {processor.py:208} INFO - Processing /home/rodrigo/Escritorio/BBDDAvanzadas/.venv/lib/python3.12/site-packages/airflow/example_dags/example_branch_operator_decorator.py took 0.016 seconds
[2026-05-07T19:51:03.103+0200] {processor.py:186} INFO - Started process (PID=16365) to work on /home/rodrigo/Escritorio/BBDDAvanzadas/.venv/lib/python3.12/site-packages/airflow/example_dags/example_branch_operator_decorator.py
[2026-05-07T19:51:03.104+0200] {processor.py:914} INFO - Processing file /home/rodrigo/Escritorio/BBDDAvanzadas/.venv/lib/python3.12/site-packages/airflow/example_dags/example_branch_operator_decorator.py for tasks to queue
[2026-05-07T19:51:03.105+0200] {logging_mixin.py:190} INFO - [2026-05-07T19:51:03.105+0200] {dagbag.py:588} INFO - Filling up the DagBag from /home/rodrigo/Escritorio/BBDDAvanzadas/.venv/lib/python3.12/site-packages/airflow/example_dags/example_branch_operator_decorator.py
[2026-05-07T19:51:03.107+0200] {processor.py:927} WARNING - No viable dags retrieved from /home/rodrigo/Escritorio/BBDDAvanzadas/.venv/lib/python3.12/site-packages/airflow/example_dags/example_branch_operator_decorator.py
[2026-05-07T19:51:03.114+0200] {processor.py:208} INFO - Processing /home/rodrigo/Escritorio/BBDDAvanzadas/.venv/lib/python3.12/site-packages/airflow/example_dags/example_branch_operator_decorator.py took 0.015 seconds
