[2026-05-07T19:31:47.475+0200] {processor.py:186} INFO - Started process (PID=14262) to work on /home/rodrigo/Escritorio/BBDDAvanzadas/.venv/lib/python3.12/site-packages/airflow/example_dags/example_trigger_target_dag.py
[2026-05-07T19:31:47.476+0200] {processor.py:914} INFO - Processing file /home/rodrigo/Escritorio/BBDDAvanzadas/.venv/lib/python3.12/site-packages/airflow/example_dags/example_trigger_target_dag.py for tasks to queue
[2026-05-07T19:31:47.478+0200] {logging_mixin.py:190} INFO - [2026-05-07T19:31:47.478+0200] {dagbag.py:588} INFO - Filling up the DagBag from /home/rodrigo/Escritorio/BBDDAvanzadas/.venv/lib/python3.12/site-packages/airflow/example_dags/example_trigger_target_dag.py
[2026-05-07T19:31:47.485+0200] {processor.py:925} INFO - DAG(s) 'example_trigger_target_dag' retrieved from /home/rodrigo/Escritorio/BBDDAvanzadas/.venv/lib/python3.12/site-packages/airflow/example_dags/example_trigger_target_dag.py
[2026-05-07T19:31:47.584+0200] {logging_mixin.py:190} INFO - [2026-05-07T19:31:47.584+0200] {override.py:1930} INFO - Created Permission View: can delete on DAG:example_trigger_target_dag
[2026-05-07T19:31:47.596+0200] {logging_mixin.py:190} INFO - [2026-05-07T19:31:47.595+0200] {override.py:1930} INFO - Created Permission View: can edit on DAG:example_trigger_target_dag
[2026-05-07T19:31:47.604+0200] {logging_mixin.py:190} INFO - [2026-05-07T19:31:47.604+0200] {override.py:1930} INFO - Created Permission View: can read on DAG:example_trigger_target_dag
[2026-05-07T19:31:47.620+0200] {logging_mixin.py:190} INFO - [2026-05-07T19:31:47.620+0200] {override.py:1930} INFO - Created Permission View: can delete on DAG Run:example_trigger_target_dag
[2026-05-07T19:31:47.632+0200] {logging_mixin.py:190} INFO - [2026-05-07T19:31:47.631+0200] {override.py:1930} INFO - Created Permission View: can create on DAG Run:example_trigger_target_dag
[2026-05-07T19:31:47.645+0200] {logging_mixin.py:190} INFO - [2026-05-07T19:31:47.645+0200] {override.py:1930} INFO - Created Permission View: menu access on DAG Run:example_trigger_target_dag
[2026-05-07T19:31:47.655+0200] {logging_mixin.py:190} INFO - [2026-05-07T19:31:47.654+0200] {override.py:1930} INFO - Created Permission View: can read on DAG Run:example_trigger_target_dag
[2026-05-07T19:31:47.655+0200] {logging_mixin.py:190} INFO - [2026-05-07T19:31:47.655+0200] {dag.py:3239} INFO - Sync 1 DAGs
[2026-05-07T19:31:47.664+0200] {logging_mixin.py:190} INFO - [2026-05-07T19:31:47.664+0200] {dag.py:3262} INFO - Creating ORM DAG for example_trigger_target_dag
[2026-05-07T19:31:47.664+0200] {logging_mixin.py:190} INFO - [2026-05-07T19:31:47.664+0200] {dag.py:4180} INFO - Setting next_dagrun for example_trigger_target_dag to None, run_after=None
[2026-05-07T19:31:47.681+0200] {processor.py:208} INFO - Processing /home/rodrigo/Escritorio/BBDDAvanzadas/.venv/lib/python3.12/site-packages/airflow/example_dags/example_trigger_target_dag.py took 0.210 seconds
[2026-05-07T19:32:19.767+0200] {processor.py:186} INFO - Started process (PID=14325) to work on /home/rodrigo/Escritorio/BBDDAvanzadas/.venv/lib/python3.12/site-packages/airflow/example_dags/example_trigger_target_dag.py
[2026-05-07T19:32:19.770+0200] {processor.py:914} INFO - Processing file /home/rodrigo/Escritorio/BBDDAvanzadas/.venv/lib/python3.12/site-packages/airflow/example_dags/example_trigger_target_dag.py for tasks to queue
[2026-05-07T19:32:19.772+0200] {logging_mixin.py:190} INFO - [2026-05-07T19:32:19.772+0200] {dagbag.py:588} INFO - Filling up the DagBag from /home/rodrigo/Escritorio/BBDDAvanzadas/.venv/lib/python3.12/site-packages/airflow/example_dags/example_trigger_target_dag.py
[2026-05-07T19:32:19.785+0200] {processor.py:925} INFO - DAG(s) 'example_trigger_target_dag' retrieved from /home/rodrigo/Escritorio/BBDDAvanzadas/.venv/lib/python3.12/site-packages/airflow/example_dags/example_trigger_target_dag.py
[2026-05-07T19:32:19.806+0200] {logging_mixin.py:190} INFO - [2026-05-07T19:32:19.806+0200] {dag.py:3239} INFO - Sync 1 DAGs
[2026-05-07T19:32:19.815+0200] {logging_mixin.py:190} INFO - [2026-05-07T19:32:19.815+0200] {dag.py:4180} INFO - Setting next_dagrun for example_trigger_target_dag to None, run_after=None
[2026-05-07T19:32:19.836+0200] {processor.py:208} INFO - Processing /home/rodrigo/Escritorio/BBDDAvanzadas/.venv/lib/python3.12/site-packages/airflow/example_dags/example_trigger_target_dag.py took 0.080 seconds
[2026-05-07T19:37:13.974+0200] {processor.py:186} INFO - Started process (PID=14830) to work on /home/rodrigo/Escritorio/BBDDAvanzadas/.venv/lib/python3.12/site-packages/airflow/example_dags/example_trigger_target_dag.py
[2026-05-07T19:37:13.977+0200] {processor.py:914} INFO - Processing file /home/rodrigo/Escritorio/BBDDAvanzadas/.venv/lib/python3.12/site-packages/airflow/example_dags/example_trigger_target_dag.py for tasks to queue
[2026-05-07T19:37:13.978+0200] {logging_mixin.py:190} INFO - [2026-05-07T19:37:13.978+0200] {dagbag.py:588} INFO - Filling up the DagBag from /home/rodrigo/Escritorio/BBDDAvanzadas/.venv/lib/python3.12/site-packages/airflow/example_dags/example_trigger_target_dag.py
[2026-05-07T19:37:13.984+0200] {processor.py:925} INFO - DAG(s) 'example_trigger_target_dag' retrieved from /home/rodrigo/Escritorio/BBDDAvanzadas/.venv/lib/python3.12/site-packages/airflow/example_dags/example_trigger_target_dag.py
[2026-05-07T19:37:13.999+0200] {logging_mixin.py:190} INFO - [2026-05-07T19:37:13.999+0200] {dag.py:3239} INFO - Sync 1 DAGs
[2026-05-07T19:37:14.006+0200] {logging_mixin.py:190} INFO - [2026-05-07T19:37:14.006+0200] {dag.py:4180} INFO - Setting next_dagrun for example_trigger_target_dag to None, run_after=None
[2026-05-07T19:37:14.030+0200] {processor.py:208} INFO - Processing /home/rodrigo/Escritorio/BBDDAvanzadas/.venv/lib/python3.12/site-packages/airflow/example_dags/example_trigger_target_dag.py took 0.060 seconds
[2026-05-07T19:38:17.627+0200] {processor.py:186} INFO - Started process (PID=14961) to work on /home/rodrigo/Escritorio/BBDDAvanzadas/.venv/lib/python3.12/site-packages/airflow/example_dags/example_trigger_target_dag.py
[2026-05-07T19:38:17.631+0200] {processor.py:914} INFO - Processing file /home/rodrigo/Escritorio/BBDDAvanzadas/.venv/lib/python3.12/site-packages/airflow/example_dags/example_trigger_target_dag.py for tasks to queue
[2026-05-07T19:38:17.633+0200] {logging_mixin.py:190} INFO - [2026-05-07T19:38:17.632+0200] {dagbag.py:588} INFO - Filling up the DagBag from /home/rodrigo/Escritorio/BBDDAvanzadas/.venv/lib/python3.12/site-packages/airflow/example_dags/example_trigger_target_dag.py
[2026-05-07T19:38:17.662+0200] {processor.py:925} INFO - DAG(s) 'example_trigger_target_dag' retrieved from /home/rodrigo/Escritorio/BBDDAvanzadas/.venv/lib/python3.12/site-packages/airflow/example_dags/example_trigger_target_dag.py
[2026-05-07T19:38:17.690+0200] {logging_mixin.py:190} INFO - [2026-05-07T19:38:17.690+0200] {dag.py:3239} INFO - Sync 1 DAGs
[2026-05-07T19:38:17.701+0200] {logging_mixin.py:190} INFO - [2026-05-07T19:38:17.701+0200] {dag.py:4180} INFO - Setting next_dagrun for example_trigger_target_dag to None, run_after=None
[2026-05-07T19:38:17.750+0200] {processor.py:208} INFO - Processing /home/rodrigo/Escritorio/BBDDAvanzadas/.venv/lib/python3.12/site-packages/airflow/example_dags/example_trigger_target_dag.py took 0.127 seconds
[2026-05-07T19:39:41.903+0200] {processor.py:186} INFO - Started process (PID=15057) to work on /home/rodrigo/Escritorio/BBDDAvanzadas/.venv/lib/python3.12/site-packages/airflow/example_dags/example_trigger_target_dag.py
[2026-05-07T19:39:41.913+0200] {processor.py:914} INFO - Processing file /home/rodrigo/Escritorio/BBDDAvanzadas/.venv/lib/python3.12/site-packages/airflow/example_dags/example_trigger_target_dag.py for tasks to queue
[2026-05-07T19:39:41.917+0200] {logging_mixin.py:190} INFO - [2026-05-07T19:39:41.917+0200] {dagbag.py:588} INFO - Filling up the DagBag from /home/rodrigo/Escritorio/BBDDAvanzadas/.venv/lib/python3.12/site-packages/airflow/example_dags/example_trigger_target_dag.py
[2026-05-07T19:39:41.924+0200] {processor.py:925} INFO - DAG(s) 'example_trigger_target_dag' retrieved from /home/rodrigo/Escritorio/BBDDAvanzadas/.venv/lib/python3.12/site-packages/airflow/example_dags/example_trigger_target_dag.py
[2026-05-07T19:39:41.939+0200] {logging_mixin.py:190} INFO - [2026-05-07T19:39:41.938+0200] {dag.py:3239} INFO - Sync 1 DAGs
[2026-05-07T19:39:41.964+0200] {logging_mixin.py:190} INFO - [2026-05-07T19:39:41.964+0200] {dag.py:4180} INFO - Setting next_dagrun for example_trigger_target_dag to None, run_after=None
[2026-05-07T19:39:42.006+0200] {processor.py:208} INFO - Processing /home/rodrigo/Escritorio/BBDDAvanzadas/.venv/lib/python3.12/site-packages/airflow/example_dags/example_trigger_target_dag.py took 0.108 seconds
[2026-05-07T19:41:10.219+0200] {processor.py:186} INFO - Started process (PID=15175) to work on /home/rodrigo/Escritorio/BBDDAvanzadas/.venv/lib/python3.12/site-packages/airflow/example_dags/example_trigger_target_dag.py
[2026-05-07T19:41:10.222+0200] {processor.py:914} INFO - Processing file /home/rodrigo/Escritorio/BBDDAvanzadas/.venv/lib/python3.12/site-packages/airflow/example_dags/example_trigger_target_dag.py for tasks to queue
[2026-05-07T19:41:10.225+0200] {logging_mixin.py:190} INFO - [2026-05-07T19:41:10.225+0200] {dagbag.py:588} INFO - Filling up the DagBag from /home/rodrigo/Escritorio/BBDDAvanzadas/.venv/lib/python3.12/site-packages/airflow/example_dags/example_trigger_target_dag.py
[2026-05-07T19:41:10.233+0200] {processor.py:925} INFO - DAG(s) 'example_trigger_target_dag' retrieved from /home/rodrigo/Escritorio/BBDDAvanzadas/.venv/lib/python3.12/site-packages/airflow/example_dags/example_trigger_target_dag.py
[2026-05-07T19:41:10.244+0200] {logging_mixin.py:190} INFO - [2026-05-07T19:41:10.244+0200] {dag.py:3239} INFO - Sync 1 DAGs
[2026-05-07T19:41:10.262+0200] {logging_mixin.py:190} INFO - [2026-05-07T19:41:10.261+0200] {dag.py:4180} INFO - Setting next_dagrun for example_trigger_target_dag to None, run_after=None
[2026-05-07T19:41:10.334+0200] {processor.py:208} INFO - Processing /home/rodrigo/Escritorio/BBDDAvanzadas/.venv/lib/python3.12/site-packages/airflow/example_dags/example_trigger_target_dag.py took 0.119 seconds
[2026-05-07T19:41:57.298+0200] {processor.py:186} INFO - Started process (PID=15270) to work on /home/rodrigo/Escritorio/BBDDAvanzadas/.venv/lib/python3.12/site-packages/airflow/example_dags/example_trigger_target_dag.py
[2026-05-07T19:41:57.302+0200] {processor.py:914} INFO - Processing file /home/rodrigo/Escritorio/BBDDAvanzadas/.venv/lib/python3.12/site-packages/airflow/example_dags/example_trigger_target_dag.py for tasks to queue
[2026-05-07T19:41:57.312+0200] {logging_mixin.py:190} INFO - [2026-05-07T19:41:57.310+0200] {dagbag.py:588} INFO - Filling up the DagBag from /home/rodrigo/Escritorio/BBDDAvanzadas/.venv/lib/python3.12/site-packages/airflow/example_dags/example_trigger_target_dag.py
[2026-05-07T19:41:57.338+0200] {processor.py:925} INFO - DAG(s) 'example_trigger_target_dag' retrieved from /home/rodrigo/Escritorio/BBDDAvanzadas/.venv/lib/python3.12/site-packages/airflow/example_dags/example_trigger_target_dag.py
[2026-05-07T19:41:57.350+0200] {logging_mixin.py:190} INFO - [2026-05-07T19:41:57.350+0200] {dag.py:3239} INFO - Sync 1 DAGs
[2026-05-07T19:41:57.365+0200] {logging_mixin.py:190} INFO - [2026-05-07T19:41:57.365+0200] {dag.py:4180} INFO - Setting next_dagrun for example_trigger_target_dag to None, run_after=None
[2026-05-07T19:41:57.409+0200] {processor.py:208} INFO - Processing /home/rodrigo/Escritorio/BBDDAvanzadas/.venv/lib/python3.12/site-packages/airflow/example_dags/example_trigger_target_dag.py took 0.116 seconds
[2026-05-07T19:43:12.752+0200] {processor.py:186} INFO - Started process (PID=15544) to work on /home/rodrigo/Escritorio/BBDDAvanzadas/.venv/lib/python3.12/site-packages/airflow/example_dags/example_trigger_target_dag.py
[2026-05-07T19:43:12.753+0200] {processor.py:914} INFO - Processing file /home/rodrigo/Escritorio/BBDDAvanzadas/.venv/lib/python3.12/site-packages/airflow/example_dags/example_trigger_target_dag.py for tasks to queue
[2026-05-07T19:43:12.755+0200] {logging_mixin.py:190} INFO - [2026-05-07T19:43:12.754+0200] {dagbag.py:588} INFO - Filling up the DagBag from /home/rodrigo/Escritorio/BBDDAvanzadas/.venv/lib/python3.12/site-packages/airflow/example_dags/example_trigger_target_dag.py
[2026-05-07T19:43:12.760+0200] {processor.py:925} INFO - DAG(s) 'example_trigger_target_dag' retrieved from /home/rodrigo/Escritorio/BBDDAvanzadas/.venv/lib/python3.12/site-packages/airflow/example_dags/example_trigger_target_dag.py
[2026-05-07T19:43:12.770+0200] {logging_mixin.py:190} INFO - [2026-05-07T19:43:12.770+0200] {dag.py:3239} INFO - Sync 1 DAGs
[2026-05-07T19:43:12.777+0200] {logging_mixin.py:190} INFO - [2026-05-07T19:43:12.777+0200] {dag.py:4180} INFO - Setting next_dagrun for example_trigger_target_dag to None, run_after=None
[2026-05-07T19:43:12.794+0200] {processor.py:208} INFO - Processing /home/rodrigo/Escritorio/BBDDAvanzadas/.venv/lib/python3.12/site-packages/airflow/example_dags/example_trigger_target_dag.py took 0.045 seconds
[2026-05-07T19:44:31.127+0200] {processor.py:186} INFO - Started process (PID=15803) to work on /home/rodrigo/Escritorio/BBDDAvanzadas/.venv/lib/python3.12/site-packages/airflow/example_dags/example_trigger_target_dag.py
[2026-05-07T19:44:31.130+0200] {processor.py:914} INFO - Processing file /home/rodrigo/Escritorio/BBDDAvanzadas/.venv/lib/python3.12/site-packages/airflow/example_dags/example_trigger_target_dag.py for tasks to queue
[2026-05-07T19:44:31.132+0200] {logging_mixin.py:190} INFO - [2026-05-07T19:44:31.131+0200] {dagbag.py:588} INFO - Filling up the DagBag from /home/rodrigo/Escritorio/BBDDAvanzadas/.venv/lib/python3.12/site-packages/airflow/example_dags/example_trigger_target_dag.py
[2026-05-07T19:44:31.141+0200] {processor.py:925} INFO - DAG(s) 'example_trigger_target_dag' retrieved from /home/rodrigo/Escritorio/BBDDAvanzadas/.venv/lib/python3.12/site-packages/airflow/example_dags/example_trigger_target_dag.py
[2026-05-07T19:44:31.154+0200] {logging_mixin.py:190} INFO - [2026-05-07T19:44:31.154+0200] {dag.py:3239} INFO - Sync 1 DAGs
[2026-05-07T19:44:31.164+0200] {logging_mixin.py:190} INFO - [2026-05-07T19:44:31.164+0200] {dag.py:4180} INFO - Setting next_dagrun for example_trigger_target_dag to None, run_after=None
[2026-05-07T19:44:31.182+0200] {processor.py:208} INFO - Processing /home/rodrigo/Escritorio/BBDDAvanzadas/.venv/lib/python3.12/site-packages/airflow/example_dags/example_trigger_target_dag.py took 0.060 seconds
[2026-05-07T19:46:16.094+0200] {processor.py:186} INFO - Started process (PID=15928) to work on /home/rodrigo/Escritorio/BBDDAvanzadas/.venv/lib/python3.12/site-packages/airflow/example_dags/example_trigger_target_dag.py
[2026-05-07T19:46:16.096+0200] {processor.py:914} INFO - Processing file /home/rodrigo/Escritorio/BBDDAvanzadas/.venv/lib/python3.12/site-packages/airflow/example_dags/example_trigger_target_dag.py for tasks to queue
[2026-05-07T19:46:16.098+0200] {logging_mixin.py:190} INFO - [2026-05-07T19:46:16.098+0200] {dagbag.py:588} INFO - Filling up the DagBag from /home/rodrigo/Escritorio/BBDDAvanzadas/.venv/lib/python3.12/site-packages/airflow/example_dags/example_trigger_target_dag.py
[2026-05-07T19:46:16.105+0200] {processor.py:925} INFO - DAG(s) 'example_trigger_target_dag' retrieved from /home/rodrigo/Escritorio/BBDDAvanzadas/.venv/lib/python3.12/site-packages/airflow/example_dags/example_trigger_target_dag.py
[2026-05-07T19:46:16.115+0200] {logging_mixin.py:190} INFO - [2026-05-07T19:46:16.115+0200] {dag.py:3239} INFO - Sync 1 DAGs
[2026-05-07T19:46:16.124+0200] {logging_mixin.py:190} INFO - [2026-05-07T19:46:16.124+0200] {dag.py:4180} INFO - Setting next_dagrun for example_trigger_target_dag to None, run_after=None
[2026-05-07T19:46:16.144+0200] {processor.py:208} INFO - Processing /home/rodrigo/Escritorio/BBDDAvanzadas/.venv/lib/python3.12/site-packages/airflow/example_dags/example_trigger_target_dag.py took 0.055 seconds
[2026-05-07T19:47:35.658+0200] {processor.py:186} INFO - Started process (PID=16096) to work on /home/rodrigo/Escritorio/BBDDAvanzadas/.venv/lib/python3.12/site-packages/airflow/example_dags/example_trigger_target_dag.py
[2026-05-07T19:47:35.666+0200] {processor.py:914} INFO - Processing file /home/rodrigo/Escritorio/BBDDAvanzadas/.venv/lib/python3.12/site-packages/airflow/example_dags/example_trigger_target_dag.py for tasks to queue
[2026-05-07T19:47:35.669+0200] {logging_mixin.py:190} INFO - [2026-05-07T19:47:35.668+0200] {dagbag.py:588} INFO - Filling up the DagBag from /home/rodrigo/Escritorio/BBDDAvanzadas/.venv/lib/python3.12/site-packages/airflow/example_dags/example_trigger_target_dag.py
[2026-05-07T19:47:35.685+0200] {processor.py:925} INFO - DAG(s) 'example_trigger_target_dag' retrieved from /home/rodrigo/Escritorio/BBDDAvanzadas/.venv/lib/python3.12/site-packages/airflow/example_dags/example_trigger_target_dag.py
[2026-05-07T19:47:35.730+0200] {logging_mixin.py:190} INFO - [2026-05-07T19:47:35.730+0200] {dag.py:3239} INFO - Sync 1 DAGs
[2026-05-07T19:47:35.760+0200] {logging_mixin.py:190} INFO - [2026-05-07T19:47:35.760+0200] {dag.py:4180} INFO - Setting next_dagrun for example_trigger_target_dag to None, run_after=None
[2026-05-07T19:47:35.868+0200] {processor.py:208} INFO - Processing /home/rodrigo/Escritorio/BBDDAvanzadas/.venv/lib/python3.12/site-packages/airflow/example_dags/example_trigger_target_dag.py took 0.222 seconds
[2026-05-07T19:48:59.010+0200] {processor.py:186} INFO - Started process (PID=16230) to work on /home/rodrigo/Escritorio/BBDDAvanzadas/.venv/lib/python3.12/site-packages/airflow/example_dags/example_trigger_target_dag.py
[2026-05-07T19:48:59.012+0200] {processor.py:914} INFO - Processing file /home/rodrigo/Escritorio/BBDDAvanzadas/.venv/lib/python3.12/site-packages/airflow/example_dags/example_trigger_target_dag.py for tasks to queue
[2026-05-07T19:48:59.014+0200] {logging_mixin.py:190} INFO - [2026-05-07T19:48:59.013+0200] {dagbag.py:588} INFO - Filling up the DagBag from /home/rodrigo/Escritorio/BBDDAvanzadas/.venv/lib/python3.12/site-packages/airflow/example_dags/example_trigger_target_dag.py
[2026-05-07T19:48:59.020+0200] {processor.py:925} INFO - DAG(s) 'example_trigger_target_dag' retrieved from /home/rodrigo/Escritorio/BBDDAvanzadas/.venv/lib/python3.12/site-packages/airflow/example_dags/example_trigger_target_dag.py
[2026-05-07T19:48:59.030+0200] {logging_mixin.py:190} INFO - [2026-05-07T19:48:59.029+0200] {dag.py:3239} INFO - Sync 1 DAGs
[2026-05-07T19:48:59.037+0200] {logging_mixin.py:190} INFO - [2026-05-07T19:48:59.037+0200] {dag.py:4180} INFO - Setting next_dagrun for example_trigger_target_dag to None, run_after=None
[2026-05-07T19:48:59.056+0200] {processor.py:208} INFO - Processing /home/rodrigo/Escritorio/BBDDAvanzadas/.venv/lib/python3.12/site-packages/airflow/example_dags/example_trigger_target_dag.py took 0.050 seconds
[2026-05-07T19:50:40.012+0200] {processor.py:186} INFO - Started process (PID=16347) to work on /home/rodrigo/Escritorio/BBDDAvanzadas/.venv/lib/python3.12/site-packages/airflow/example_dags/example_trigger_target_dag.py
[2026-05-07T19:50:40.014+0200] {processor.py:914} INFO - Processing file /home/rodrigo/Escritorio/BBDDAvanzadas/.venv/lib/python3.12/site-packages/airflow/example_dags/example_trigger_target_dag.py for tasks to queue
[2026-05-07T19:50:40.016+0200] {logging_mixin.py:190} INFO - [2026-05-07T19:50:40.016+0200] {dagbag.py:588} INFO - Filling up the DagBag from /home/rodrigo/Escritorio/BBDDAvanzadas/.venv/lib/python3.12/site-packages/airflow/example_dags/example_trigger_target_dag.py
[2026-05-07T19:50:40.022+0200] {processor.py:925} INFO - DAG(s) 'example_trigger_target_dag' retrieved from /home/rodrigo/Escritorio/BBDDAvanzadas/.venv/lib/python3.12/site-packages/airflow/example_dags/example_trigger_target_dag.py
[2026-05-07T19:50:40.033+0200] {logging_mixin.py:190} INFO - [2026-05-07T19:50:40.033+0200] {dag.py:3239} INFO - Sync 1 DAGs
[2026-05-07T19:50:40.042+0200] {logging_mixin.py:190} INFO - [2026-05-07T19:50:40.041+0200] {dag.py:4180} INFO - Setting next_dagrun for example_trigger_target_dag to None, run_after=None
[2026-05-07T19:50:40.063+0200] {processor.py:208} INFO - Processing /home/rodrigo/Escritorio/BBDDAvanzadas/.venv/lib/python3.12/site-packages/airflow/example_dags/example_trigger_target_dag.py took 0.055 seconds
[2026-05-07T19:51:30.953+0200] {processor.py:186} INFO - Started process (PID=16392) to work on /home/rodrigo/Escritorio/BBDDAvanzadas/.venv/lib/python3.12/site-packages/airflow/example_dags/example_trigger_target_dag.py
[2026-05-07T19:51:30.966+0200] {processor.py:914} INFO - Processing file /home/rodrigo/Escritorio/BBDDAvanzadas/.venv/lib/python3.12/site-packages/airflow/example_dags/example_trigger_target_dag.py for tasks to queue
[2026-05-07T19:51:30.968+0200] {logging_mixin.py:190} INFO - [2026-05-07T19:51:30.968+0200] {dagbag.py:588} INFO - Filling up the DagBag from /home/rodrigo/Escritorio/BBDDAvanzadas/.venv/lib/python3.12/site-packages/airflow/example_dags/example_trigger_target_dag.py
[2026-05-07T19:51:30.985+0200] {processor.py:925} INFO - DAG(s) 'example_trigger_target_dag' retrieved from /home/rodrigo/Escritorio/BBDDAvanzadas/.venv/lib/python3.12/site-packages/airflow/example_dags/example_trigger_target_dag.py
[2026-05-07T19:51:31.040+0200] {logging_mixin.py:190} INFO - [2026-05-07T19:51:31.040+0200] {dag.py:3239} INFO - Sync 1 DAGs
[2026-05-07T19:51:31.057+0200] {logging_mixin.py:190} INFO - [2026-05-07T19:51:31.057+0200] {dag.py:4180} INFO - Setting next_dagrun for example_trigger_target_dag to None, run_after=None
[2026-05-07T19:51:31.080+0200] {processor.py:208} INFO - Processing /home/rodrigo/Escritorio/BBDDAvanzadas/.venv/lib/python3.12/site-packages/airflow/example_dags/example_trigger_target_dag.py took 0.142 seconds
[2026-05-07T19:52:41.104+0200] {processor.py:186} INFO - Started process (PID=16640) to work on /home/rodrigo/Escritorio/BBDDAvanzadas/.venv/lib/python3.12/site-packages/airflow/example_dags/example_trigger_target_dag.py
[2026-05-07T19:52:41.106+0200] {processor.py:914} INFO - Processing file /home/rodrigo/Escritorio/BBDDAvanzadas/.venv/lib/python3.12/site-packages/airflow/example_dags/example_trigger_target_dag.py for tasks to queue
[2026-05-07T19:52:41.108+0200] {logging_mixin.py:190} INFO - [2026-05-07T19:52:41.108+0200] {dagbag.py:588} INFO - Filling up the DagBag from /home/rodrigo/Escritorio/BBDDAvanzadas/.venv/lib/python3.12/site-packages/airflow/example_dags/example_trigger_target_dag.py
[2026-05-07T19:52:41.114+0200] {processor.py:925} INFO - DAG(s) 'example_trigger_target_dag' retrieved from /home/rodrigo/Escritorio/BBDDAvanzadas/.venv/lib/python3.12/site-packages/airflow/example_dags/example_trigger_target_dag.py
[2026-05-07T19:52:41.125+0200] {logging_mixin.py:190} INFO - [2026-05-07T19:52:41.125+0200] {dag.py:3239} INFO - Sync 1 DAGs
[2026-05-07T19:52:41.133+0200] {logging_mixin.py:190} INFO - [2026-05-07T19:52:41.133+0200] {dag.py:4180} INFO - Setting next_dagrun for example_trigger_target_dag to None, run_after=None
[2026-05-07T19:52:41.167+0200] {processor.py:208} INFO - Processing /home/rodrigo/Escritorio/BBDDAvanzadas/.venv/lib/python3.12/site-packages/airflow/example_dags/example_trigger_target_dag.py took 0.066 seconds
[2026-05-07T19:53:51.767+0200] {processor.py:186} INFO - Started process (PID=16795) to work on /home/rodrigo/Escritorio/BBDDAvanzadas/.venv/lib/python3.12/site-packages/airflow/example_dags/example_trigger_target_dag.py
[2026-05-07T19:53:51.787+0200] {processor.py:914} INFO - Processing file /home/rodrigo/Escritorio/BBDDAvanzadas/.venv/lib/python3.12/site-packages/airflow/example_dags/example_trigger_target_dag.py for tasks to queue
[2026-05-07T19:53:51.789+0200] {logging_mixin.py:190} INFO - [2026-05-07T19:53:51.789+0200] {dagbag.py:588} INFO - Filling up the DagBag from /home/rodrigo/Escritorio/BBDDAvanzadas/.venv/lib/python3.12/site-packages/airflow/example_dags/example_trigger_target_dag.py
[2026-05-07T19:53:51.800+0200] {processor.py:925} INFO - DAG(s) 'example_trigger_target_dag' retrieved from /home/rodrigo/Escritorio/BBDDAvanzadas/.venv/lib/python3.12/site-packages/airflow/example_dags/example_trigger_target_dag.py
[2026-05-07T19:53:51.850+0200] {logging_mixin.py:190} INFO - [2026-05-07T19:53:51.849+0200] {dag.py:3239} INFO - Sync 1 DAGs
[2026-05-07T19:53:51.862+0200] {logging_mixin.py:190} INFO - [2026-05-07T19:53:51.862+0200] {dag.py:4180} INFO - Setting next_dagrun for example_trigger_target_dag to None, run_after=None
[2026-05-07T19:53:51.894+0200] {processor.py:208} INFO - Processing /home/rodrigo/Escritorio/BBDDAvanzadas/.venv/lib/python3.12/site-packages/airflow/example_dags/example_trigger_target_dag.py took 0.140 seconds
[2026-05-07T19:55:03.170+0200] {processor.py:186} INFO - Started process (PID=16946) to work on /home/rodrigo/Escritorio/BBDDAvanzadas/.venv/lib/python3.12/site-packages/airflow/example_dags/example_trigger_target_dag.py
[2026-05-07T19:55:03.173+0200] {processor.py:914} INFO - Processing file /home/rodrigo/Escritorio/BBDDAvanzadas/.venv/lib/python3.12/site-packages/airflow/example_dags/example_trigger_target_dag.py for tasks to queue
[2026-05-07T19:55:03.176+0200] {logging_mixin.py:190} INFO - [2026-05-07T19:55:03.176+0200] {dagbag.py:588} INFO - Filling up the DagBag from /home/rodrigo/Escritorio/BBDDAvanzadas/.venv/lib/python3.12/site-packages/airflow/example_dags/example_trigger_target_dag.py
[2026-05-07T19:55:03.184+0200] {processor.py:925} INFO - DAG(s) 'example_trigger_target_dag' retrieved from /home/rodrigo/Escritorio/BBDDAvanzadas/.venv/lib/python3.12/site-packages/airflow/example_dags/example_trigger_target_dag.py
[2026-05-07T19:55:03.204+0200] {logging_mixin.py:190} INFO - [2026-05-07T19:55:03.204+0200] {dag.py:3239} INFO - Sync 1 DAGs
[2026-05-07T19:55:03.242+0200] {logging_mixin.py:190} INFO - [2026-05-07T19:55:03.242+0200] {dag.py:4180} INFO - Setting next_dagrun for example_trigger_target_dag to None, run_after=None
[2026-05-07T19:55:03.320+0200] {processor.py:208} INFO - Processing /home/rodrigo/Escritorio/BBDDAvanzadas/.venv/lib/python3.12/site-packages/airflow/example_dags/example_trigger_target_dag.py took 0.155 seconds
[2026-05-07T19:55:56.730+0200] {processor.py:186} INFO - Started process (PID=16994) to work on /home/rodrigo/Escritorio/BBDDAvanzadas/.venv/lib/python3.12/site-packages/airflow/example_dags/example_trigger_target_dag.py
[2026-05-07T19:55:56.731+0200] {processor.py:914} INFO - Processing file /home/rodrigo/Escritorio/BBDDAvanzadas/.venv/lib/python3.12/site-packages/airflow/example_dags/example_trigger_target_dag.py for tasks to queue
[2026-05-07T19:55:56.733+0200] {logging_mixin.py:190} INFO - [2026-05-07T19:55:56.733+0200] {dagbag.py:588} INFO - Filling up the DagBag from /home/rodrigo/Escritorio/BBDDAvanzadas/.venv/lib/python3.12/site-packages/airflow/example_dags/example_trigger_target_dag.py
[2026-05-07T19:55:56.739+0200] {processor.py:925} INFO - DAG(s) 'example_trigger_target_dag' retrieved from /home/rodrigo/Escritorio/BBDDAvanzadas/.venv/lib/python3.12/site-packages/airflow/example_dags/example_trigger_target_dag.py
[2026-05-07T19:55:56.750+0200] {logging_mixin.py:190} INFO - [2026-05-07T19:55:56.750+0200] {dag.py:3239} INFO - Sync 1 DAGs
[2026-05-07T19:55:56.761+0200] {logging_mixin.py:190} INFO - [2026-05-07T19:55:56.761+0200] {dag.py:4180} INFO - Setting next_dagrun for example_trigger_target_dag to None, run_after=None
[2026-05-07T19:55:56.782+0200] {processor.py:208} INFO - Processing /home/rodrigo/Escritorio/BBDDAvanzadas/.venv/lib/python3.12/site-packages/airflow/example_dags/example_trigger_target_dag.py took 0.056 seconds
[2026-05-07T19:56:58.474+0200] {processor.py:186} INFO - Started process (PID=17041) to work on /home/rodrigo/Escritorio/BBDDAvanzadas/.venv/lib/python3.12/site-packages/airflow/example_dags/example_trigger_target_dag.py
[2026-05-07T19:56:58.475+0200] {processor.py:914} INFO - Processing file /home/rodrigo/Escritorio/BBDDAvanzadas/.venv/lib/python3.12/site-packages/airflow/example_dags/example_trigger_target_dag.py for tasks to queue
[2026-05-07T19:56:58.476+0200] {logging_mixin.py:190} INFO - [2026-05-07T19:56:58.476+0200] {dagbag.py:588} INFO - Filling up the DagBag from /home/rodrigo/Escritorio/BBDDAvanzadas/.venv/lib/python3.12/site-packages/airflow/example_dags/example_trigger_target_dag.py
[2026-05-07T19:56:58.482+0200] {processor.py:925} INFO - DAG(s) 'example_trigger_target_dag' retrieved from /home/rodrigo/Escritorio/BBDDAvanzadas/.venv/lib/python3.12/site-packages/airflow/example_dags/example_trigger_target_dag.py
[2026-05-07T19:56:58.492+0200] {logging_mixin.py:190} INFO - [2026-05-07T19:56:58.492+0200] {dag.py:3239} INFO - Sync 1 DAGs
[2026-05-07T19:56:58.501+0200] {logging_mixin.py:190} INFO - [2026-05-07T19:56:58.500+0200] {dag.py:4180} INFO - Setting next_dagrun for example_trigger_target_dag to None, run_after=None
[2026-05-07T19:56:58.517+0200] {processor.py:208} INFO - Processing /home/rodrigo/Escritorio/BBDDAvanzadas/.venv/lib/python3.12/site-packages/airflow/example_dags/example_trigger_target_dag.py took 0.048 seconds
[2026-05-07T19:57:55.879+0200] {processor.py:186} INFO - Started process (PID=17087) to work on /home/rodrigo/Escritorio/BBDDAvanzadas/.venv/lib/python3.12/site-packages/airflow/example_dags/example_trigger_target_dag.py
[2026-05-07T19:57:55.880+0200] {processor.py:914} INFO - Processing file /home/rodrigo/Escritorio/BBDDAvanzadas/.venv/lib/python3.12/site-packages/airflow/example_dags/example_trigger_target_dag.py for tasks to queue
[2026-05-07T19:57:55.881+0200] {logging_mixin.py:190} INFO - [2026-05-07T19:57:55.881+0200] {dagbag.py:588} INFO - Filling up the DagBag from /home/rodrigo/Escritorio/BBDDAvanzadas/.venv/lib/python3.12/site-packages/airflow/example_dags/example_trigger_target_dag.py
[2026-05-07T19:57:55.887+0200] {processor.py:925} INFO - DAG(s) 'example_trigger_target_dag' retrieved from /home/rodrigo/Escritorio/BBDDAvanzadas/.venv/lib/python3.12/site-packages/airflow/example_dags/example_trigger_target_dag.py
[2026-05-07T19:57:55.898+0200] {logging_mixin.py:190} INFO - [2026-05-07T19:57:55.898+0200] {dag.py:3239} INFO - Sync 1 DAGs
[2026-05-07T19:57:55.907+0200] {logging_mixin.py:190} INFO - [2026-05-07T19:57:55.907+0200] {dag.py:4180} INFO - Setting next_dagrun for example_trigger_target_dag to None, run_after=None
[2026-05-07T19:57:55.924+0200] {processor.py:208} INFO - Processing /home/rodrigo/Escritorio/BBDDAvanzadas/.venv/lib/python3.12/site-packages/airflow/example_dags/example_trigger_target_dag.py took 0.049 seconds
[2026-05-07T19:59:00.480+0200] {processor.py:186} INFO - Started process (PID=17141) to work on /home/rodrigo/Escritorio/BBDDAvanzadas/.venv/lib/python3.12/site-packages/airflow/example_dags/example_trigger_target_dag.py
[2026-05-07T19:59:00.482+0200] {processor.py:914} INFO - Processing file /home/rodrigo/Escritorio/BBDDAvanzadas/.venv/lib/python3.12/site-packages/airflow/example_dags/example_trigger_target_dag.py for tasks to queue
[2026-05-07T19:59:00.484+0200] {logging_mixin.py:190} INFO - [2026-05-07T19:59:00.483+0200] {dagbag.py:588} INFO - Filling up the DagBag from /home/rodrigo/Escritorio/BBDDAvanzadas/.venv/lib/python3.12/site-packages/airflow/example_dags/example_trigger_target_dag.py
[2026-05-07T19:59:00.489+0200] {processor.py:925} INFO - DAG(s) 'example_trigger_target_dag' retrieved from /home/rodrigo/Escritorio/BBDDAvanzadas/.venv/lib/python3.12/site-packages/airflow/example_dags/example_trigger_target_dag.py
[2026-05-07T19:59:00.499+0200] {logging_mixin.py:190} INFO - [2026-05-07T19:59:00.499+0200] {dag.py:3239} INFO - Sync 1 DAGs
[2026-05-07T19:59:00.506+0200] {logging_mixin.py:190} INFO - [2026-05-07T19:59:00.506+0200] {dag.py:4180} INFO - Setting next_dagrun for example_trigger_target_dag to None, run_after=None
[2026-05-07T19:59:00.521+0200] {processor.py:208} INFO - Processing /home/rodrigo/Escritorio/BBDDAvanzadas/.venv/lib/python3.12/site-packages/airflow/example_dags/example_trigger_target_dag.py took 0.044 seconds
[2026-05-07T19:59:58.231+0200] {processor.py:186} INFO - Started process (PID=17190) to work on /home/rodrigo/Escritorio/BBDDAvanzadas/.venv/lib/python3.12/site-packages/airflow/example_dags/example_trigger_target_dag.py
[2026-05-07T19:59:58.232+0200] {processor.py:914} INFO - Processing file /home/rodrigo/Escritorio/BBDDAvanzadas/.venv/lib/python3.12/site-packages/airflow/example_dags/example_trigger_target_dag.py for tasks to queue
[2026-05-07T19:59:58.234+0200] {logging_mixin.py:190} INFO - [2026-05-07T19:59:58.234+0200] {dagbag.py:588} INFO - Filling up the DagBag from /home/rodrigo/Escritorio/BBDDAvanzadas/.venv/lib/python3.12/site-packages/airflow/example_dags/example_trigger_target_dag.py
[2026-05-07T19:59:58.240+0200] {processor.py:925} INFO - DAG(s) 'example_trigger_target_dag' retrieved from /home/rodrigo/Escritorio/BBDDAvanzadas/.venv/lib/python3.12/site-packages/airflow/example_dags/example_trigger_target_dag.py
[2026-05-07T19:59:58.250+0200] {logging_mixin.py:190} INFO - [2026-05-07T19:59:58.250+0200] {dag.py:3239} INFO - Sync 1 DAGs
[2026-05-07T19:59:58.258+0200] {logging_mixin.py:190} INFO - [2026-05-07T19:59:58.258+0200] {dag.py:4180} INFO - Setting next_dagrun for example_trigger_target_dag to None, run_after=None
[2026-05-07T19:59:58.275+0200] {processor.py:208} INFO - Processing /home/rodrigo/Escritorio/BBDDAvanzadas/.venv/lib/python3.12/site-packages/airflow/example_dags/example_trigger_target_dag.py took 0.047 seconds
[2026-05-07T20:00:51.998+0200] {processor.py:186} INFO - Started process (PID=17356) to work on /home/rodrigo/Escritorio/BBDDAvanzadas/.venv/lib/python3.12/site-packages/airflow/example_dags/example_trigger_target_dag.py
[2026-05-07T20:00:52.001+0200] {processor.py:914} INFO - Processing file /home/rodrigo/Escritorio/BBDDAvanzadas/.venv/lib/python3.12/site-packages/airflow/example_dags/example_trigger_target_dag.py for tasks to queue
[2026-05-07T20:00:52.005+0200] {logging_mixin.py:190} INFO - [2026-05-07T20:00:52.005+0200] {dagbag.py:588} INFO - Filling up the DagBag from /home/rodrigo/Escritorio/BBDDAvanzadas/.venv/lib/python3.12/site-packages/airflow/example_dags/example_trigger_target_dag.py
[2026-05-07T20:00:52.013+0200] {processor.py:925} INFO - DAG(s) 'example_trigger_target_dag' retrieved from /home/rodrigo/Escritorio/BBDDAvanzadas/.venv/lib/python3.12/site-packages/airflow/example_dags/example_trigger_target_dag.py
[2026-05-07T20:00:52.025+0200] {logging_mixin.py:190} INFO - [2026-05-07T20:00:52.024+0200] {dag.py:3239} INFO - Sync 1 DAGs
[2026-05-07T20:00:52.033+0200] {logging_mixin.py:190} INFO - [2026-05-07T20:00:52.033+0200] {dag.py:4180} INFO - Setting next_dagrun for example_trigger_target_dag to None, run_after=None
[2026-05-07T20:00:52.049+0200] {processor.py:208} INFO - Processing /home/rodrigo/Escritorio/BBDDAvanzadas/.venv/lib/python3.12/site-packages/airflow/example_dags/example_trigger_target_dag.py took 0.056 seconds
[2026-05-07T20:01:57.205+0200] {processor.py:186} INFO - Started process (PID=17526) to work on /home/rodrigo/Escritorio/BBDDAvanzadas/.venv/lib/python3.12/site-packages/airflow/example_dags/example_trigger_target_dag.py
[2026-05-07T20:01:57.206+0200] {processor.py:914} INFO - Processing file /home/rodrigo/Escritorio/BBDDAvanzadas/.venv/lib/python3.12/site-packages/airflow/example_dags/example_trigger_target_dag.py for tasks to queue
[2026-05-07T20:01:57.207+0200] {logging_mixin.py:190} INFO - [2026-05-07T20:01:57.207+0200] {dagbag.py:588} INFO - Filling up the DagBag from /home/rodrigo/Escritorio/BBDDAvanzadas/.venv/lib/python3.12/site-packages/airflow/example_dags/example_trigger_target_dag.py
[2026-05-07T20:01:57.214+0200] {processor.py:925} INFO - DAG(s) 'example_trigger_target_dag' retrieved from /home/rodrigo/Escritorio/BBDDAvanzadas/.venv/lib/python3.12/site-packages/airflow/example_dags/example_trigger_target_dag.py
[2026-05-07T20:01:57.234+0200] {logging_mixin.py:190} INFO - [2026-05-07T20:01:57.234+0200] {dag.py:3239} INFO - Sync 1 DAGs
[2026-05-07T20:01:57.259+0200] {logging_mixin.py:190} INFO - [2026-05-07T20:01:57.259+0200] {dag.py:4180} INFO - Setting next_dagrun for example_trigger_target_dag to None, run_after=None
[2026-05-07T20:01:57.276+0200] {processor.py:208} INFO - Processing /home/rodrigo/Escritorio/BBDDAvanzadas/.venv/lib/python3.12/site-packages/airflow/example_dags/example_trigger_target_dag.py took 0.075 seconds
[2026-05-07T20:02:56.604+0200] {processor.py:186} INFO - Started process (PID=17674) to work on /home/rodrigo/Escritorio/BBDDAvanzadas/.venv/lib/python3.12/site-packages/airflow/example_dags/example_trigger_target_dag.py
[2026-05-07T20:02:56.605+0200] {processor.py:914} INFO - Processing file /home/rodrigo/Escritorio/BBDDAvanzadas/.venv/lib/python3.12/site-packages/airflow/example_dags/example_trigger_target_dag.py for tasks to queue
[2026-05-07T20:02:56.606+0200] {logging_mixin.py:190} INFO - [2026-05-07T20:02:56.606+0200] {dagbag.py:588} INFO - Filling up the DagBag from /home/rodrigo/Escritorio/BBDDAvanzadas/.venv/lib/python3.12/site-packages/airflow/example_dags/example_trigger_target_dag.py
[2026-05-07T20:02:56.612+0200] {processor.py:925} INFO - DAG(s) 'example_trigger_target_dag' retrieved from /home/rodrigo/Escritorio/BBDDAvanzadas/.venv/lib/python3.12/site-packages/airflow/example_dags/example_trigger_target_dag.py
[2026-05-07T20:02:56.623+0200] {logging_mixin.py:190} INFO - [2026-05-07T20:02:56.622+0200] {dag.py:3239} INFO - Sync 1 DAGs
[2026-05-07T20:02:56.631+0200] {logging_mixin.py:190} INFO - [2026-05-07T20:02:56.630+0200] {dag.py:4180} INFO - Setting next_dagrun for example_trigger_target_dag to None, run_after=None
[2026-05-07T20:02:56.647+0200] {processor.py:208} INFO - Processing /home/rodrigo/Escritorio/BBDDAvanzadas/.venv/lib/python3.12/site-packages/airflow/example_dags/example_trigger_target_dag.py took 0.047 seconds
[2026-05-07T20:03:53.929+0200] {processor.py:186} INFO - Started process (PID=17799) to work on /home/rodrigo/Escritorio/BBDDAvanzadas/.venv/lib/python3.12/site-packages/airflow/example_dags/example_trigger_target_dag.py
[2026-05-07T20:03:53.930+0200] {processor.py:914} INFO - Processing file /home/rodrigo/Escritorio/BBDDAvanzadas/.venv/lib/python3.12/site-packages/airflow/example_dags/example_trigger_target_dag.py for tasks to queue
[2026-05-07T20:03:53.932+0200] {logging_mixin.py:190} INFO - [2026-05-07T20:03:53.932+0200] {dagbag.py:588} INFO - Filling up the DagBag from /home/rodrigo/Escritorio/BBDDAvanzadas/.venv/lib/python3.12/site-packages/airflow/example_dags/example_trigger_target_dag.py
[2026-05-07T20:03:53.939+0200] {processor.py:925} INFO - DAG(s) 'example_trigger_target_dag' retrieved from /home/rodrigo/Escritorio/BBDDAvanzadas/.venv/lib/python3.12/site-packages/airflow/example_dags/example_trigger_target_dag.py
[2026-05-07T20:03:53.954+0200] {logging_mixin.py:190} INFO - [2026-05-07T20:03:53.954+0200] {dag.py:3239} INFO - Sync 1 DAGs
[2026-05-07T20:03:53.962+0200] {logging_mixin.py:190} INFO - [2026-05-07T20:03:53.962+0200] {dag.py:4180} INFO - Setting next_dagrun for example_trigger_target_dag to None, run_after=None
[2026-05-07T20:03:53.977+0200] {processor.py:208} INFO - Processing /home/rodrigo/Escritorio/BBDDAvanzadas/.venv/lib/python3.12/site-packages/airflow/example_dags/example_trigger_target_dag.py took 0.052 seconds
[2026-05-07T20:04:59.751+0200] {processor.py:186} INFO - Started process (PID=17923) to work on /home/rodrigo/Escritorio/BBDDAvanzadas/.venv/lib/python3.12/site-packages/airflow/example_dags/example_trigger_target_dag.py
[2026-05-07T20:04:59.752+0200] {processor.py:914} INFO - Processing file /home/rodrigo/Escritorio/BBDDAvanzadas/.venv/lib/python3.12/site-packages/airflow/example_dags/example_trigger_target_dag.py for tasks to queue
[2026-05-07T20:04:59.754+0200] {logging_mixin.py:190} INFO - [2026-05-07T20:04:59.754+0200] {dagbag.py:588} INFO - Filling up the DagBag from /home/rodrigo/Escritorio/BBDDAvanzadas/.venv/lib/python3.12/site-packages/airflow/example_dags/example_trigger_target_dag.py
[2026-05-07T20:04:59.768+0200] {processor.py:925} INFO - DAG(s) 'example_trigger_target_dag' retrieved from /home/rodrigo/Escritorio/BBDDAvanzadas/.venv/lib/python3.12/site-packages/airflow/example_dags/example_trigger_target_dag.py
[2026-05-07T20:04:59.811+0200] {logging_mixin.py:190} INFO - [2026-05-07T20:04:59.811+0200] {dag.py:3239} INFO - Sync 1 DAGs
[2026-05-07T20:04:59.823+0200] {logging_mixin.py:190} INFO - [2026-05-07T20:04:59.823+0200] {dag.py:4180} INFO - Setting next_dagrun for example_trigger_target_dag to None, run_after=None
[2026-05-07T20:04:59.868+0200] {processor.py:208} INFO - Processing /home/rodrigo/Escritorio/BBDDAvanzadas/.venv/lib/python3.12/site-packages/airflow/example_dags/example_trigger_target_dag.py took 0.122 seconds
[2026-05-07T20:05:59.806+0200] {processor.py:186} INFO - Started process (PID=18043) to work on /home/rodrigo/Escritorio/BBDDAvanzadas/.venv/lib/python3.12/site-packages/airflow/example_dags/example_trigger_target_dag.py
[2026-05-07T20:05:59.807+0200] {processor.py:914} INFO - Processing file /home/rodrigo/Escritorio/BBDDAvanzadas/.venv/lib/python3.12/site-packages/airflow/example_dags/example_trigger_target_dag.py for tasks to queue
[2026-05-07T20:05:59.809+0200] {logging_mixin.py:190} INFO - [2026-05-07T20:05:59.809+0200] {dagbag.py:588} INFO - Filling up the DagBag from /home/rodrigo/Escritorio/BBDDAvanzadas/.venv/lib/python3.12/site-packages/airflow/example_dags/example_trigger_target_dag.py
[2026-05-07T20:05:59.817+0200] {processor.py:925} INFO - DAG(s) 'example_trigger_target_dag' retrieved from /home/rodrigo/Escritorio/BBDDAvanzadas/.venv/lib/python3.12/site-packages/airflow/example_dags/example_trigger_target_dag.py
[2026-05-07T20:05:59.828+0200] {logging_mixin.py:190} INFO - [2026-05-07T20:05:59.828+0200] {dag.py:3239} INFO - Sync 1 DAGs
[2026-05-07T20:05:59.837+0200] {logging_mixin.py:190} INFO - [2026-05-07T20:05:59.837+0200] {dag.py:4180} INFO - Setting next_dagrun for example_trigger_target_dag to None, run_after=None
[2026-05-07T20:05:59.858+0200] {processor.py:208} INFO - Processing /home/rodrigo/Escritorio/BBDDAvanzadas/.venv/lib/python3.12/site-packages/airflow/example_dags/example_trigger_target_dag.py took 0.057 seconds
[2026-05-07T20:06:59.245+0200] {processor.py:186} INFO - Started process (PID=18163) to work on /home/rodrigo/Escritorio/BBDDAvanzadas/.venv/lib/python3.12/site-packages/airflow/example_dags/example_trigger_target_dag.py
[2026-05-07T20:06:59.246+0200] {processor.py:914} INFO - Processing file /home/rodrigo/Escritorio/BBDDAvanzadas/.venv/lib/python3.12/site-packages/airflow/example_dags/example_trigger_target_dag.py for tasks to queue
[2026-05-07T20:06:59.248+0200] {logging_mixin.py:190} INFO - [2026-05-07T20:06:59.248+0200] {dagbag.py:588} INFO - Filling up the DagBag from /home/rodrigo/Escritorio/BBDDAvanzadas/.venv/lib/python3.12/site-packages/airflow/example_dags/example_trigger_target_dag.py
[2026-05-07T20:06:59.254+0200] {processor.py:925} INFO - DAG(s) 'example_trigger_target_dag' retrieved from /home/rodrigo/Escritorio/BBDDAvanzadas/.venv/lib/python3.12/site-packages/airflow/example_dags/example_trigger_target_dag.py
[2026-05-07T20:06:59.265+0200] {logging_mixin.py:190} INFO - [2026-05-07T20:06:59.265+0200] {dag.py:3239} INFO - Sync 1 DAGs
[2026-05-07T20:06:59.273+0200] {logging_mixin.py:190} INFO - [2026-05-07T20:06:59.273+0200] {dag.py:4180} INFO - Setting next_dagrun for example_trigger_target_dag to None, run_after=None
[2026-05-07T20:06:59.295+0200] {processor.py:208} INFO - Processing /home/rodrigo/Escritorio/BBDDAvanzadas/.venv/lib/python3.12/site-packages/airflow/example_dags/example_trigger_target_dag.py took 0.054 seconds
[2026-05-07T20:07:57.825+0200] {processor.py:186} INFO - Started process (PID=18295) to work on /home/rodrigo/Escritorio/BBDDAvanzadas/.venv/lib/python3.12/site-packages/airflow/example_dags/example_trigger_target_dag.py
[2026-05-07T20:07:57.826+0200] {processor.py:914} INFO - Processing file /home/rodrigo/Escritorio/BBDDAvanzadas/.venv/lib/python3.12/site-packages/airflow/example_dags/example_trigger_target_dag.py for tasks to queue
[2026-05-07T20:07:57.828+0200] {logging_mixin.py:190} INFO - [2026-05-07T20:07:57.828+0200] {dagbag.py:588} INFO - Filling up the DagBag from /home/rodrigo/Escritorio/BBDDAvanzadas/.venv/lib/python3.12/site-packages/airflow/example_dags/example_trigger_target_dag.py
[2026-05-07T20:07:57.834+0200] {processor.py:925} INFO - DAG(s) 'example_trigger_target_dag' retrieved from /home/rodrigo/Escritorio/BBDDAvanzadas/.venv/lib/python3.12/site-packages/airflow/example_dags/example_trigger_target_dag.py
[2026-05-07T20:07:57.845+0200] {logging_mixin.py:190} INFO - [2026-05-07T20:07:57.845+0200] {dag.py:3239} INFO - Sync 1 DAGs
[2026-05-07T20:07:57.853+0200] {logging_mixin.py:190} INFO - [2026-05-07T20:07:57.853+0200] {dag.py:4180} INFO - Setting next_dagrun for example_trigger_target_dag to None, run_after=None
[2026-05-07T20:07:57.885+0200] {processor.py:208} INFO - Processing /home/rodrigo/Escritorio/BBDDAvanzadas/.venv/lib/python3.12/site-packages/airflow/example_dags/example_trigger_target_dag.py took 0.064 seconds
[2026-05-07T20:09:08.422+0200] {processor.py:186} INFO - Started process (PID=18491) to work on /home/rodrigo/Escritorio/BBDDAvanzadas/.venv/lib/python3.12/site-packages/airflow/example_dags/example_trigger_target_dag.py
[2026-05-07T20:09:08.424+0200] {processor.py:914} INFO - Processing file /home/rodrigo/Escritorio/BBDDAvanzadas/.venv/lib/python3.12/site-packages/airflow/example_dags/example_trigger_target_dag.py for tasks to queue
[2026-05-07T20:09:08.451+0200] {logging_mixin.py:190} INFO - [2026-05-07T20:09:08.426+0200] {dagbag.py:588} INFO - Filling up the DagBag from /home/rodrigo/Escritorio/BBDDAvanzadas/.venv/lib/python3.12/site-packages/airflow/example_dags/example_trigger_target_dag.py
[2026-05-07T20:09:08.475+0200] {processor.py:925} INFO - DAG(s) 'example_trigger_target_dag' retrieved from /home/rodrigo/Escritorio/BBDDAvanzadas/.venv/lib/python3.12/site-packages/airflow/example_dags/example_trigger_target_dag.py
[2026-05-07T20:09:08.486+0200] {logging_mixin.py:190} INFO - [2026-05-07T20:09:08.486+0200] {dag.py:3239} INFO - Sync 1 DAGs
[2026-05-07T20:09:08.495+0200] {logging_mixin.py:190} INFO - [2026-05-07T20:09:08.495+0200] {dag.py:4180} INFO - Setting next_dagrun for example_trigger_target_dag to None, run_after=None
[2026-05-07T20:09:08.517+0200] {processor.py:208} INFO - Processing /home/rodrigo/Escritorio/BBDDAvanzadas/.venv/lib/python3.12/site-packages/airflow/example_dags/example_trigger_target_dag.py took 0.103 seconds
[2026-05-07T20:10:18.063+0200] {processor.py:186} INFO - Started process (PID=18623) to work on /home/rodrigo/Escritorio/BBDDAvanzadas/.venv/lib/python3.12/site-packages/airflow/example_dags/example_trigger_target_dag.py
[2026-05-07T20:10:18.065+0200] {processor.py:914} INFO - Processing file /home/rodrigo/Escritorio/BBDDAvanzadas/.venv/lib/python3.12/site-packages/airflow/example_dags/example_trigger_target_dag.py for tasks to queue
[2026-05-07T20:10:18.066+0200] {logging_mixin.py:190} INFO - [2026-05-07T20:10:18.066+0200] {dagbag.py:588} INFO - Filling up the DagBag from /home/rodrigo/Escritorio/BBDDAvanzadas/.venv/lib/python3.12/site-packages/airflow/example_dags/example_trigger_target_dag.py
[2026-05-07T20:10:18.073+0200] {processor.py:925} INFO - DAG(s) 'example_trigger_target_dag' retrieved from /home/rodrigo/Escritorio/BBDDAvanzadas/.venv/lib/python3.12/site-packages/airflow/example_dags/example_trigger_target_dag.py
[2026-05-07T20:10:18.084+0200] {logging_mixin.py:190} INFO - [2026-05-07T20:10:18.084+0200] {dag.py:3239} INFO - Sync 1 DAGs
[2026-05-07T20:10:18.091+0200] {logging_mixin.py:190} INFO - [2026-05-07T20:10:18.091+0200] {dag.py:4180} INFO - Setting next_dagrun for example_trigger_target_dag to None, run_after=None
[2026-05-07T20:10:18.106+0200] {processor.py:208} INFO - Processing /home/rodrigo/Escritorio/BBDDAvanzadas/.venv/lib/python3.12/site-packages/airflow/example_dags/example_trigger_target_dag.py took 0.048 seconds
