[2026-05-07T19:32:54.598+0200] {processor.py:186} INFO - Started process (PID=14408) to work on /home/rodrigo/Escritorio/BBDDAvanzadas/.venv/lib/python3.12/site-packages/airflow/example_dags/example_external_task_marker_dag.py
[2026-05-07T19:32:54.598+0200] {processor.py:914} INFO - Processing file /home/rodrigo/Escritorio/BBDDAvanzadas/.venv/lib/python3.12/site-packages/airflow/example_dags/example_external_task_marker_dag.py for tasks to queue
[2026-05-07T19:32:54.600+0200] {logging_mixin.py:190} INFO - [2026-05-07T19:32:54.599+0200] {dagbag.py:588} INFO - Filling up the DagBag from /home/rodrigo/Escritorio/BBDDAvanzadas/.venv/lib/python3.12/site-packages/airflow/example_dags/example_external_task_marker_dag.py
[2026-05-07T19:32:54.607+0200] {processor.py:925} INFO - DAG(s) 'example_external_task_marker_child', 'example_external_task_marker_parent' retrieved from /home/rodrigo/Escritorio/BBDDAvanzadas/.venv/lib/python3.12/site-packages/airflow/example_dags/example_external_task_marker_dag.py
[2026-05-07T19:32:54.691+0200] {logging_mixin.py:190} INFO - [2026-05-07T19:32:54.690+0200] {override.py:1930} INFO - Created Permission View: can read on DAG:example_external_task_marker_child
[2026-05-07T19:32:54.702+0200] {logging_mixin.py:190} INFO - [2026-05-07T19:32:54.702+0200] {override.py:1930} INFO - Created Permission View: can edit on DAG:example_external_task_marker_child
[2026-05-07T19:32:54.710+0200] {logging_mixin.py:190} INFO - [2026-05-07T19:32:54.710+0200] {override.py:1930} INFO - Created Permission View: can delete on DAG:example_external_task_marker_child
[2026-05-07T19:32:54.728+0200] {logging_mixin.py:190} INFO - [2026-05-07T19:32:54.728+0200] {override.py:1930} INFO - Created Permission View: can create on DAG Run:example_external_task_marker_child
[2026-05-07T19:32:54.736+0200] {logging_mixin.py:190} INFO - [2026-05-07T19:32:54.736+0200] {override.py:1930} INFO - Created Permission View: can read on DAG Run:example_external_task_marker_child
[2026-05-07T19:32:54.746+0200] {logging_mixin.py:190} INFO - [2026-05-07T19:32:54.746+0200] {override.py:1930} INFO - Created Permission View: menu access on DAG Run:example_external_task_marker_child
[2026-05-07T19:32:54.775+0200] {logging_mixin.py:190} INFO - [2026-05-07T19:32:54.774+0200] {override.py:1930} INFO - Created Permission View: can delete on DAG Run:example_external_task_marker_child
[2026-05-07T19:32:54.793+0200] {logging_mixin.py:190} INFO - [2026-05-07T19:32:54.793+0200] {override.py:1930} INFO - Created Permission View: can read on DAG:example_external_task_marker_parent
[2026-05-07T19:32:54.801+0200] {logging_mixin.py:190} INFO - [2026-05-07T19:32:54.801+0200] {override.py:1930} INFO - Created Permission View: can edit on DAG:example_external_task_marker_parent
[2026-05-07T19:32:54.809+0200] {logging_mixin.py:190} INFO - [2026-05-07T19:32:54.809+0200] {override.py:1930} INFO - Created Permission View: can delete on DAG:example_external_task_marker_parent
[2026-05-07T19:32:54.823+0200] {logging_mixin.py:190} INFO - [2026-05-07T19:32:54.823+0200] {override.py:1930} INFO - Created Permission View: can create on DAG Run:example_external_task_marker_parent
[2026-05-07T19:32:54.832+0200] {logging_mixin.py:190} INFO - [2026-05-07T19:32:54.832+0200] {override.py:1930} INFO - Created Permission View: can read on DAG Run:example_external_task_marker_parent
[2026-05-07T19:32:54.841+0200] {logging_mixin.py:190} INFO - [2026-05-07T19:32:54.840+0200] {override.py:1930} INFO - Created Permission View: menu access on DAG Run:example_external_task_marker_parent
[2026-05-07T19:32:54.849+0200] {logging_mixin.py:190} INFO - [2026-05-07T19:32:54.849+0200] {override.py:1930} INFO - Created Permission View: can delete on DAG Run:example_external_task_marker_parent
[2026-05-07T19:32:54.850+0200] {logging_mixin.py:190} INFO - [2026-05-07T19:32:54.849+0200] {dag.py:3239} INFO - Sync 2 DAGs
[2026-05-07T19:32:54.857+0200] {logging_mixin.py:190} INFO - [2026-05-07T19:32:54.857+0200] {dag.py:3262} INFO - Creating ORM DAG for example_external_task_marker_parent
[2026-05-07T19:32:54.858+0200] {logging_mixin.py:190} INFO - [2026-05-07T19:32:54.858+0200] {dag.py:3262} INFO - Creating ORM DAG for example_external_task_marker_child
[2026-05-07T19:32:54.858+0200] {logging_mixin.py:190} INFO - [2026-05-07T19:32:54.858+0200] {dag.py:4180} INFO - Setting next_dagrun for example_external_task_marker_child to None, run_after=None
[2026-05-07T19:32:54.859+0200] {logging_mixin.py:190} INFO - [2026-05-07T19:32:54.859+0200] {dag.py:4180} INFO - Setting next_dagrun for example_external_task_marker_parent to None, run_after=None
[2026-05-07T19:32:54.877+0200] {processor.py:208} INFO - Processing /home/rodrigo/Escritorio/BBDDAvanzadas/.venv/lib/python3.12/site-packages/airflow/example_dags/example_external_task_marker_dag.py took 0.284 seconds
[2026-05-07T19:37:42.751+0200] {processor.py:186} INFO - Started process (PID=14920) to work on /home/rodrigo/Escritorio/BBDDAvanzadas/.venv/lib/python3.12/site-packages/airflow/example_dags/example_external_task_marker_dag.py
[2026-05-07T19:37:42.753+0200] {processor.py:914} INFO - Processing file /home/rodrigo/Escritorio/BBDDAvanzadas/.venv/lib/python3.12/site-packages/airflow/example_dags/example_external_task_marker_dag.py for tasks to queue
[2026-05-07T19:37:42.754+0200] {logging_mixin.py:190} INFO - [2026-05-07T19:37:42.754+0200] {dagbag.py:588} INFO - Filling up the DagBag from /home/rodrigo/Escritorio/BBDDAvanzadas/.venv/lib/python3.12/site-packages/airflow/example_dags/example_external_task_marker_dag.py
[2026-05-07T19:37:42.761+0200] {processor.py:925} INFO - DAG(s) 'example_external_task_marker_child', 'example_external_task_marker_parent' retrieved from /home/rodrigo/Escritorio/BBDDAvanzadas/.venv/lib/python3.12/site-packages/airflow/example_dags/example_external_task_marker_dag.py
[2026-05-07T19:37:42.775+0200] {logging_mixin.py:190} INFO - [2026-05-07T19:37:42.775+0200] {dag.py:3239} INFO - Sync 2 DAGs
[2026-05-07T19:37:42.788+0200] {logging_mixin.py:190} INFO - [2026-05-07T19:37:42.786+0200] {dag.py:4180} INFO - Setting next_dagrun for example_external_task_marker_child to None, run_after=None
[2026-05-07T19:37:42.791+0200] {logging_mixin.py:190} INFO - [2026-05-07T19:37:42.791+0200] {dag.py:4180} INFO - Setting next_dagrun for example_external_task_marker_parent to None, run_after=None
[2026-05-07T19:37:42.831+0200] {processor.py:208} INFO - Processing /home/rodrigo/Escritorio/BBDDAvanzadas/.venv/lib/python3.12/site-packages/airflow/example_dags/example_external_task_marker_dag.py took 0.084 seconds
[2026-05-07T19:38:52.900+0200] {processor.py:186} INFO - Started process (PID=14998) to work on /home/rodrigo/Escritorio/BBDDAvanzadas/.venv/lib/python3.12/site-packages/airflow/example_dags/example_external_task_marker_dag.py
[2026-05-07T19:38:52.911+0200] {processor.py:914} INFO - Processing file /home/rodrigo/Escritorio/BBDDAvanzadas/.venv/lib/python3.12/site-packages/airflow/example_dags/example_external_task_marker_dag.py for tasks to queue
[2026-05-07T19:38:52.918+0200] {logging_mixin.py:190} INFO - [2026-05-07T19:38:52.918+0200] {dagbag.py:588} INFO - Filling up the DagBag from /home/rodrigo/Escritorio/BBDDAvanzadas/.venv/lib/python3.12/site-packages/airflow/example_dags/example_external_task_marker_dag.py
[2026-05-07T19:38:52.938+0200] {processor.py:925} INFO - DAG(s) 'example_external_task_marker_child', 'example_external_task_marker_parent' retrieved from /home/rodrigo/Escritorio/BBDDAvanzadas/.venv/lib/python3.12/site-packages/airflow/example_dags/example_external_task_marker_dag.py
[2026-05-07T19:38:52.967+0200] {logging_mixin.py:190} INFO - [2026-05-07T19:38:52.967+0200] {dag.py:3239} INFO - Sync 2 DAGs
[2026-05-07T19:38:52.982+0200] {logging_mixin.py:190} INFO - [2026-05-07T19:38:52.982+0200] {dag.py:4180} INFO - Setting next_dagrun for example_external_task_marker_child to None, run_after=None
[2026-05-07T19:38:52.987+0200] {logging_mixin.py:190} INFO - [2026-05-07T19:38:52.987+0200] {dag.py:4180} INFO - Setting next_dagrun for example_external_task_marker_parent to None, run_after=None
[2026-05-07T19:38:53.009+0200] {processor.py:208} INFO - Processing /home/rodrigo/Escritorio/BBDDAvanzadas/.venv/lib/python3.12/site-packages/airflow/example_dags/example_external_task_marker_dag.py took 0.116 seconds
[2026-05-07T19:40:22.576+0200] {processor.py:186} INFO - Started process (PID=15111) to work on /home/rodrigo/Escritorio/BBDDAvanzadas/.venv/lib/python3.12/site-packages/airflow/example_dags/example_external_task_marker_dag.py
[2026-05-07T19:40:22.579+0200] {processor.py:914} INFO - Processing file /home/rodrigo/Escritorio/BBDDAvanzadas/.venv/lib/python3.12/site-packages/airflow/example_dags/example_external_task_marker_dag.py for tasks to queue
[2026-05-07T19:40:22.582+0200] {logging_mixin.py:190} INFO - [2026-05-07T19:40:22.581+0200] {dagbag.py:588} INFO - Filling up the DagBag from /home/rodrigo/Escritorio/BBDDAvanzadas/.venv/lib/python3.12/site-packages/airflow/example_dags/example_external_task_marker_dag.py
[2026-05-07T19:40:22.588+0200] {processor.py:925} INFO - DAG(s) 'example_external_task_marker_parent', 'example_external_task_marker_child' retrieved from /home/rodrigo/Escritorio/BBDDAvanzadas/.venv/lib/python3.12/site-packages/airflow/example_dags/example_external_task_marker_dag.py
[2026-05-07T19:40:22.602+0200] {logging_mixin.py:190} INFO - [2026-05-07T19:40:22.602+0200] {dag.py:3239} INFO - Sync 2 DAGs
[2026-05-07T19:40:22.634+0200] {logging_mixin.py:190} INFO - [2026-05-07T19:40:22.634+0200] {dag.py:4180} INFO - Setting next_dagrun for example_external_task_marker_child to None, run_after=None
[2026-05-07T19:40:22.639+0200] {logging_mixin.py:190} INFO - [2026-05-07T19:40:22.639+0200] {dag.py:4180} INFO - Setting next_dagrun for example_external_task_marker_parent to None, run_after=None
[2026-05-07T19:40:22.674+0200] {processor.py:208} INFO - Processing /home/rodrigo/Escritorio/BBDDAvanzadas/.venv/lib/python3.12/site-packages/airflow/example_dags/example_external_task_marker_dag.py took 0.106 seconds
[2026-05-07T19:41:38.627+0200] {processor.py:186} INFO - Started process (PID=15233) to work on /home/rodrigo/Escritorio/BBDDAvanzadas/.venv/lib/python3.12/site-packages/airflow/example_dags/example_external_task_marker_dag.py
[2026-05-07T19:41:38.629+0200] {processor.py:914} INFO - Processing file /home/rodrigo/Escritorio/BBDDAvanzadas/.venv/lib/python3.12/site-packages/airflow/example_dags/example_external_task_marker_dag.py for tasks to queue
[2026-05-07T19:41:38.630+0200] {logging_mixin.py:190} INFO - [2026-05-07T19:41:38.630+0200] {dagbag.py:588} INFO - Filling up the DagBag from /home/rodrigo/Escritorio/BBDDAvanzadas/.venv/lib/python3.12/site-packages/airflow/example_dags/example_external_task_marker_dag.py
[2026-05-07T19:41:38.638+0200] {processor.py:925} INFO - DAG(s) 'example_external_task_marker_parent', 'example_external_task_marker_child' retrieved from /home/rodrigo/Escritorio/BBDDAvanzadas/.venv/lib/python3.12/site-packages/airflow/example_dags/example_external_task_marker_dag.py
[2026-05-07T19:41:38.657+0200] {logging_mixin.py:190} INFO - [2026-05-07T19:41:38.657+0200] {dag.py:3239} INFO - Sync 2 DAGs
[2026-05-07T19:41:38.685+0200] {logging_mixin.py:190} INFO - [2026-05-07T19:41:38.685+0200] {dag.py:4180} INFO - Setting next_dagrun for example_external_task_marker_child to None, run_after=None
[2026-05-07T19:41:38.688+0200] {logging_mixin.py:190} INFO - [2026-05-07T19:41:38.687+0200] {dag.py:4180} INFO - Setting next_dagrun for example_external_task_marker_parent to None, run_after=None
[2026-05-07T19:41:38.714+0200] {processor.py:208} INFO - Processing /home/rodrigo/Escritorio/BBDDAvanzadas/.venv/lib/python3.12/site-packages/airflow/example_dags/example_external_task_marker_dag.py took 0.100 seconds
[2026-05-07T19:42:57.045+0200] {processor.py:186} INFO - Started process (PID=15479) to work on /home/rodrigo/Escritorio/BBDDAvanzadas/.venv/lib/python3.12/site-packages/airflow/example_dags/example_external_task_marker_dag.py
[2026-05-07T19:42:57.046+0200] {processor.py:914} INFO - Processing file /home/rodrigo/Escritorio/BBDDAvanzadas/.venv/lib/python3.12/site-packages/airflow/example_dags/example_external_task_marker_dag.py for tasks to queue
[2026-05-07T19:42:57.048+0200] {logging_mixin.py:190} INFO - [2026-05-07T19:42:57.047+0200] {dagbag.py:588} INFO - Filling up the DagBag from /home/rodrigo/Escritorio/BBDDAvanzadas/.venv/lib/python3.12/site-packages/airflow/example_dags/example_external_task_marker_dag.py
[2026-05-07T19:42:57.059+0200] {processor.py:925} INFO - DAG(s) 'example_external_task_marker_parent', 'example_external_task_marker_child' retrieved from /home/rodrigo/Escritorio/BBDDAvanzadas/.venv/lib/python3.12/site-packages/airflow/example_dags/example_external_task_marker_dag.py
[2026-05-07T19:42:57.073+0200] {logging_mixin.py:190} INFO - [2026-05-07T19:42:57.073+0200] {dag.py:3239} INFO - Sync 2 DAGs
[2026-05-07T19:42:57.083+0200] {logging_mixin.py:190} INFO - [2026-05-07T19:42:57.082+0200] {dag.py:4180} INFO - Setting next_dagrun for example_external_task_marker_child to None, run_after=None
[2026-05-07T19:42:57.084+0200] {logging_mixin.py:190} INFO - [2026-05-07T19:42:57.084+0200] {dag.py:4180} INFO - Setting next_dagrun for example_external_task_marker_parent to None, run_after=None
[2026-05-07T19:42:57.105+0200] {processor.py:208} INFO - Processing /home/rodrigo/Escritorio/BBDDAvanzadas/.venv/lib/python3.12/site-packages/airflow/example_dags/example_external_task_marker_dag.py took 0.064 seconds
[2026-05-07T19:44:10.304+0200] {processor.py:186} INFO - Started process (PID=15663) to work on /home/rodrigo/Escritorio/BBDDAvanzadas/.venv/lib/python3.12/site-packages/airflow/example_dags/example_external_task_marker_dag.py
[2026-05-07T19:44:10.305+0200] {processor.py:914} INFO - Processing file /home/rodrigo/Escritorio/BBDDAvanzadas/.venv/lib/python3.12/site-packages/airflow/example_dags/example_external_task_marker_dag.py for tasks to queue
[2026-05-07T19:44:10.306+0200] {logging_mixin.py:190} INFO - [2026-05-07T19:44:10.306+0200] {dagbag.py:588} INFO - Filling up the DagBag from /home/rodrigo/Escritorio/BBDDAvanzadas/.venv/lib/python3.12/site-packages/airflow/example_dags/example_external_task_marker_dag.py
[2026-05-07T19:44:10.314+0200] {processor.py:925} INFO - DAG(s) 'example_external_task_marker_child', 'example_external_task_marker_parent' retrieved from /home/rodrigo/Escritorio/BBDDAvanzadas/.venv/lib/python3.12/site-packages/airflow/example_dags/example_external_task_marker_dag.py
[2026-05-07T19:44:10.445+0200] {logging_mixin.py:190} INFO - [2026-05-07T19:44:10.445+0200] {dag.py:3239} INFO - Sync 2 DAGs
[2026-05-07T19:44:10.453+0200] {logging_mixin.py:190} INFO - [2026-05-07T19:44:10.452+0200] {dag.py:4180} INFO - Setting next_dagrun for example_external_task_marker_child to None, run_after=None
[2026-05-07T19:44:10.454+0200] {logging_mixin.py:190} INFO - [2026-05-07T19:44:10.454+0200] {dag.py:4180} INFO - Setting next_dagrun for example_external_task_marker_parent to None, run_after=None
[2026-05-07T19:44:10.469+0200] {processor.py:208} INFO - Processing /home/rodrigo/Escritorio/BBDDAvanzadas/.venv/lib/python3.12/site-packages/airflow/example_dags/example_external_task_marker_dag.py took 0.170 seconds
[2026-05-07T19:45:52.165+0200] {processor.py:186} INFO - Started process (PID=15907) to work on /home/rodrigo/Escritorio/BBDDAvanzadas/.venv/lib/python3.12/site-packages/airflow/example_dags/example_external_task_marker_dag.py
[2026-05-07T19:45:52.167+0200] {processor.py:914} INFO - Processing file /home/rodrigo/Escritorio/BBDDAvanzadas/.venv/lib/python3.12/site-packages/airflow/example_dags/example_external_task_marker_dag.py for tasks to queue
[2026-05-07T19:45:52.169+0200] {logging_mixin.py:190} INFO - [2026-05-07T19:45:52.168+0200] {dagbag.py:588} INFO - Filling up the DagBag from /home/rodrigo/Escritorio/BBDDAvanzadas/.venv/lib/python3.12/site-packages/airflow/example_dags/example_external_task_marker_dag.py
[2026-05-07T19:45:52.175+0200] {processor.py:925} INFO - DAG(s) 'example_external_task_marker_child', 'example_external_task_marker_parent' retrieved from /home/rodrigo/Escritorio/BBDDAvanzadas/.venv/lib/python3.12/site-packages/airflow/example_dags/example_external_task_marker_dag.py
[2026-05-07T19:45:52.187+0200] {logging_mixin.py:190} INFO - [2026-05-07T19:45:52.187+0200] {dag.py:3239} INFO - Sync 2 DAGs
[2026-05-07T19:45:52.196+0200] {logging_mixin.py:190} INFO - [2026-05-07T19:45:52.196+0200] {dag.py:4180} INFO - Setting next_dagrun for example_external_task_marker_child to None, run_after=None
[2026-05-07T19:45:52.198+0200] {logging_mixin.py:190} INFO - [2026-05-07T19:45:52.198+0200] {dag.py:4180} INFO - Setting next_dagrun for example_external_task_marker_parent to None, run_after=None
[2026-05-07T19:45:52.214+0200] {processor.py:208} INFO - Processing /home/rodrigo/Escritorio/BBDDAvanzadas/.venv/lib/python3.12/site-packages/airflow/example_dags/example_external_task_marker_dag.py took 0.053 seconds
[2026-05-07T19:47:22.968+0200] {processor.py:186} INFO - Started process (PID=16068) to work on /home/rodrigo/Escritorio/BBDDAvanzadas/.venv/lib/python3.12/site-packages/airflow/example_dags/example_external_task_marker_dag.py
[2026-05-07T19:47:22.970+0200] {processor.py:914} INFO - Processing file /home/rodrigo/Escritorio/BBDDAvanzadas/.venv/lib/python3.12/site-packages/airflow/example_dags/example_external_task_marker_dag.py for tasks to queue
[2026-05-07T19:47:22.972+0200] {logging_mixin.py:190} INFO - [2026-05-07T19:47:22.971+0200] {dagbag.py:588} INFO - Filling up the DagBag from /home/rodrigo/Escritorio/BBDDAvanzadas/.venv/lib/python3.12/site-packages/airflow/example_dags/example_external_task_marker_dag.py
[2026-05-07T19:47:22.979+0200] {processor.py:925} INFO - DAG(s) 'example_external_task_marker_parent', 'example_external_task_marker_child' retrieved from /home/rodrigo/Escritorio/BBDDAvanzadas/.venv/lib/python3.12/site-packages/airflow/example_dags/example_external_task_marker_dag.py
[2026-05-07T19:47:23.026+0200] {logging_mixin.py:190} INFO - [2026-05-07T19:47:23.025+0200] {dag.py:3239} INFO - Sync 2 DAGs
[2026-05-07T19:47:23.036+0200] {logging_mixin.py:190} INFO - [2026-05-07T19:47:23.036+0200] {dag.py:4180} INFO - Setting next_dagrun for example_external_task_marker_child to None, run_after=None
[2026-05-07T19:47:23.038+0200] {logging_mixin.py:190} INFO - [2026-05-07T19:47:23.038+0200] {dag.py:4180} INFO - Setting next_dagrun for example_external_task_marker_parent to None, run_after=None
[2026-05-07T19:47:23.056+0200] {processor.py:208} INFO - Processing /home/rodrigo/Escritorio/BBDDAvanzadas/.venv/lib/python3.12/site-packages/airflow/example_dags/example_external_task_marker_dag.py took 0.094 seconds
[2026-05-07T19:48:33.657+0200] {processor.py:186} INFO - Started process (PID=16198) to work on /home/rodrigo/Escritorio/BBDDAvanzadas/.venv/lib/python3.12/site-packages/airflow/example_dags/example_external_task_marker_dag.py
[2026-05-07T19:48:33.658+0200] {processor.py:914} INFO - Processing file /home/rodrigo/Escritorio/BBDDAvanzadas/.venv/lib/python3.12/site-packages/airflow/example_dags/example_external_task_marker_dag.py for tasks to queue
[2026-05-07T19:48:33.660+0200] {logging_mixin.py:190} INFO - [2026-05-07T19:48:33.660+0200] {dagbag.py:588} INFO - Filling up the DagBag from /home/rodrigo/Escritorio/BBDDAvanzadas/.venv/lib/python3.12/site-packages/airflow/example_dags/example_external_task_marker_dag.py
[2026-05-07T19:48:33.666+0200] {processor.py:925} INFO - DAG(s) 'example_external_task_marker_child', 'example_external_task_marker_parent' retrieved from /home/rodrigo/Escritorio/BBDDAvanzadas/.venv/lib/python3.12/site-packages/airflow/example_dags/example_external_task_marker_dag.py
[2026-05-07T19:48:33.678+0200] {logging_mixin.py:190} INFO - [2026-05-07T19:48:33.678+0200] {dag.py:3239} INFO - Sync 2 DAGs
[2026-05-07T19:48:33.688+0200] {logging_mixin.py:190} INFO - [2026-05-07T19:48:33.688+0200] {dag.py:4180} INFO - Setting next_dagrun for example_external_task_marker_child to None, run_after=None
[2026-05-07T19:48:33.690+0200] {logging_mixin.py:190} INFO - [2026-05-07T19:48:33.690+0200] {dag.py:4180} INFO - Setting next_dagrun for example_external_task_marker_parent to None, run_after=None
[2026-05-07T19:48:33.709+0200] {processor.py:208} INFO - Processing /home/rodrigo/Escritorio/BBDDAvanzadas/.venv/lib/python3.12/site-packages/airflow/example_dags/example_external_task_marker_dag.py took 0.056 seconds
[2026-05-07T19:50:14.354+0200] {processor.py:186} INFO - Started process (PID=16325) to work on /home/rodrigo/Escritorio/BBDDAvanzadas/.venv/lib/python3.12/site-packages/airflow/example_dags/example_external_task_marker_dag.py
[2026-05-07T19:50:14.356+0200] {processor.py:914} INFO - Processing file /home/rodrigo/Escritorio/BBDDAvanzadas/.venv/lib/python3.12/site-packages/airflow/example_dags/example_external_task_marker_dag.py for tasks to queue
[2026-05-07T19:50:14.357+0200] {logging_mixin.py:190} INFO - [2026-05-07T19:50:14.357+0200] {dagbag.py:588} INFO - Filling up the DagBag from /home/rodrigo/Escritorio/BBDDAvanzadas/.venv/lib/python3.12/site-packages/airflow/example_dags/example_external_task_marker_dag.py
[2026-05-07T19:50:14.363+0200] {processor.py:925} INFO - DAG(s) 'example_external_task_marker_child', 'example_external_task_marker_parent' retrieved from /home/rodrigo/Escritorio/BBDDAvanzadas/.venv/lib/python3.12/site-packages/airflow/example_dags/example_external_task_marker_dag.py
[2026-05-07T19:50:14.375+0200] {logging_mixin.py:190} INFO - [2026-05-07T19:50:14.375+0200] {dag.py:3239} INFO - Sync 2 DAGs
[2026-05-07T19:50:14.383+0200] {logging_mixin.py:190} INFO - [2026-05-07T19:50:14.383+0200] {dag.py:4180} INFO - Setting next_dagrun for example_external_task_marker_child to None, run_after=None
[2026-05-07T19:50:14.385+0200] {logging_mixin.py:190} INFO - [2026-05-07T19:50:14.384+0200] {dag.py:4180} INFO - Setting next_dagrun for example_external_task_marker_parent to None, run_after=None
[2026-05-07T19:50:14.398+0200] {processor.py:208} INFO - Processing /home/rodrigo/Escritorio/BBDDAvanzadas/.venv/lib/python3.12/site-packages/airflow/example_dags/example_external_task_marker_dag.py took 0.049 seconds
[2026-05-07T19:51:52.047+0200] {processor.py:186} INFO - Started process (PID=16422) to work on /home/rodrigo/Escritorio/BBDDAvanzadas/.venv/lib/python3.12/site-packages/airflow/example_dags/example_external_task_marker_dag.py
[2026-05-07T19:51:52.049+0200] {processor.py:914} INFO - Processing file /home/rodrigo/Escritorio/BBDDAvanzadas/.venv/lib/python3.12/site-packages/airflow/example_dags/example_external_task_marker_dag.py for tasks to queue
[2026-05-07T19:51:52.051+0200] {logging_mixin.py:190} INFO - [2026-05-07T19:51:52.051+0200] {dagbag.py:588} INFO - Filling up the DagBag from /home/rodrigo/Escritorio/BBDDAvanzadas/.venv/lib/python3.12/site-packages/airflow/example_dags/example_external_task_marker_dag.py
[2026-05-07T19:51:52.058+0200] {processor.py:925} INFO - DAG(s) 'example_external_task_marker_child', 'example_external_task_marker_parent' retrieved from /home/rodrigo/Escritorio/BBDDAvanzadas/.venv/lib/python3.12/site-packages/airflow/example_dags/example_external_task_marker_dag.py
[2026-05-07T19:51:52.071+0200] {logging_mixin.py:190} INFO - [2026-05-07T19:51:52.071+0200] {dag.py:3239} INFO - Sync 2 DAGs
[2026-05-07T19:51:52.079+0200] {logging_mixin.py:190} INFO - [2026-05-07T19:51:52.078+0200] {dag.py:4180} INFO - Setting next_dagrun for example_external_task_marker_child to None, run_after=None
[2026-05-07T19:51:52.080+0200] {logging_mixin.py:190} INFO - [2026-05-07T19:51:52.080+0200] {dag.py:4180} INFO - Setting next_dagrun for example_external_task_marker_parent to None, run_after=None
[2026-05-07T19:51:52.094+0200] {processor.py:208} INFO - Processing /home/rodrigo/Escritorio/BBDDAvanzadas/.venv/lib/python3.12/site-packages/airflow/example_dags/example_external_task_marker_dag.py took 0.051 seconds
[2026-05-07T19:53:02.683+0200] {processor.py:186} INFO - Started process (PID=16697) to work on /home/rodrigo/Escritorio/BBDDAvanzadas/.venv/lib/python3.12/site-packages/airflow/example_dags/example_external_task_marker_dag.py
[2026-05-07T19:53:02.686+0200] {processor.py:914} INFO - Processing file /home/rodrigo/Escritorio/BBDDAvanzadas/.venv/lib/python3.12/site-packages/airflow/example_dags/example_external_task_marker_dag.py for tasks to queue
[2026-05-07T19:53:02.693+0200] {logging_mixin.py:190} INFO - [2026-05-07T19:53:02.688+0200] {dagbag.py:588} INFO - Filling up the DagBag from /home/rodrigo/Escritorio/BBDDAvanzadas/.venv/lib/python3.12/site-packages/airflow/example_dags/example_external_task_marker_dag.py
[2026-05-07T19:53:02.708+0200] {processor.py:925} INFO - DAG(s) 'example_external_task_marker_parent', 'example_external_task_marker_child' retrieved from /home/rodrigo/Escritorio/BBDDAvanzadas/.venv/lib/python3.12/site-packages/airflow/example_dags/example_external_task_marker_dag.py
[2026-05-07T19:53:02.722+0200] {logging_mixin.py:190} INFO - [2026-05-07T19:53:02.722+0200] {dag.py:3239} INFO - Sync 2 DAGs
[2026-05-07T19:53:02.730+0200] {logging_mixin.py:190} INFO - [2026-05-07T19:53:02.730+0200] {dag.py:4180} INFO - Setting next_dagrun for example_external_task_marker_child to None, run_after=None
[2026-05-07T19:53:02.732+0200] {logging_mixin.py:190} INFO - [2026-05-07T19:53:02.732+0200] {dag.py:4180} INFO - Setting next_dagrun for example_external_task_marker_parent to None, run_after=None
[2026-05-07T19:53:02.746+0200] {processor.py:208} INFO - Processing /home/rodrigo/Escritorio/BBDDAvanzadas/.venv/lib/python3.12/site-packages/airflow/example_dags/example_external_task_marker_dag.py took 0.069 seconds
[2026-05-07T19:54:14.858+0200] {processor.py:186} INFO - Started process (PID=16817) to work on /home/rodrigo/Escritorio/BBDDAvanzadas/.venv/lib/python3.12/site-packages/airflow/example_dags/example_external_task_marker_dag.py
[2026-05-07T19:54:14.860+0200] {processor.py:914} INFO - Processing file /home/rodrigo/Escritorio/BBDDAvanzadas/.venv/lib/python3.12/site-packages/airflow/example_dags/example_external_task_marker_dag.py for tasks to queue
[2026-05-07T19:54:14.862+0200] {logging_mixin.py:190} INFO - [2026-05-07T19:54:14.861+0200] {dagbag.py:588} INFO - Filling up the DagBag from /home/rodrigo/Escritorio/BBDDAvanzadas/.venv/lib/python3.12/site-packages/airflow/example_dags/example_external_task_marker_dag.py
[2026-05-07T19:54:14.869+0200] {processor.py:925} INFO - DAG(s) 'example_external_task_marker_parent', 'example_external_task_marker_child' retrieved from /home/rodrigo/Escritorio/BBDDAvanzadas/.venv/lib/python3.12/site-packages/airflow/example_dags/example_external_task_marker_dag.py
[2026-05-07T19:54:14.883+0200] {logging_mixin.py:190} INFO - [2026-05-07T19:54:14.882+0200] {dag.py:3239} INFO - Sync 2 DAGs
[2026-05-07T19:54:14.911+0200] {logging_mixin.py:190} INFO - [2026-05-07T19:54:14.911+0200] {dag.py:4180} INFO - Setting next_dagrun for example_external_task_marker_child to None, run_after=None
[2026-05-07T19:54:14.917+0200] {logging_mixin.py:190} INFO - [2026-05-07T19:54:14.917+0200] {dag.py:4180} INFO - Setting next_dagrun for example_external_task_marker_parent to None, run_after=None
[2026-05-07T19:54:14.957+0200] {processor.py:208} INFO - Processing /home/rodrigo/Escritorio/BBDDAvanzadas/.venv/lib/python3.12/site-packages/airflow/example_dags/example_external_task_marker_dag.py took 0.103 seconds
[2026-05-07T19:55:32.694+0200] {processor.py:186} INFO - Started process (PID=16971) to work on /home/rodrigo/Escritorio/BBDDAvanzadas/.venv/lib/python3.12/site-packages/airflow/example_dags/example_external_task_marker_dag.py
[2026-05-07T19:55:32.696+0200] {processor.py:914} INFO - Processing file /home/rodrigo/Escritorio/BBDDAvanzadas/.venv/lib/python3.12/site-packages/airflow/example_dags/example_external_task_marker_dag.py for tasks to queue
[2026-05-07T19:55:32.698+0200] {logging_mixin.py:190} INFO - [2026-05-07T19:55:32.698+0200] {dagbag.py:588} INFO - Filling up the DagBag from /home/rodrigo/Escritorio/BBDDAvanzadas/.venv/lib/python3.12/site-packages/airflow/example_dags/example_external_task_marker_dag.py
[2026-05-07T19:55:32.704+0200] {processor.py:925} INFO - DAG(s) 'example_external_task_marker_child', 'example_external_task_marker_parent' retrieved from /home/rodrigo/Escritorio/BBDDAvanzadas/.venv/lib/python3.12/site-packages/airflow/example_dags/example_external_task_marker_dag.py
[2026-05-07T19:55:32.715+0200] {logging_mixin.py:190} INFO - [2026-05-07T19:55:32.715+0200] {dag.py:3239} INFO - Sync 2 DAGs
[2026-05-07T19:55:32.723+0200] {logging_mixin.py:190} INFO - [2026-05-07T19:55:32.723+0200] {dag.py:4180} INFO - Setting next_dagrun for example_external_task_marker_child to None, run_after=None
[2026-05-07T19:55:32.725+0200] {logging_mixin.py:190} INFO - [2026-05-07T19:55:32.725+0200] {dag.py:4180} INFO - Setting next_dagrun for example_external_task_marker_parent to None, run_after=None
[2026-05-07T19:55:32.739+0200] {processor.py:208} INFO - Processing /home/rodrigo/Escritorio/BBDDAvanzadas/.venv/lib/python3.12/site-packages/airflow/example_dags/example_external_task_marker_dag.py took 0.048 seconds
[2026-05-07T19:57:31.915+0200] {processor.py:186} INFO - Started process (PID=17065) to work on /home/rodrigo/Escritorio/BBDDAvanzadas/.venv/lib/python3.12/site-packages/airflow/example_dags/example_external_task_marker_dag.py
[2026-05-07T19:57:31.917+0200] {processor.py:914} INFO - Processing file /home/rodrigo/Escritorio/BBDDAvanzadas/.venv/lib/python3.12/site-packages/airflow/example_dags/example_external_task_marker_dag.py for tasks to queue
[2026-05-07T19:57:31.919+0200] {logging_mixin.py:190} INFO - [2026-05-07T19:57:31.919+0200] {dagbag.py:588} INFO - Filling up the DagBag from /home/rodrigo/Escritorio/BBDDAvanzadas/.venv/lib/python3.12/site-packages/airflow/example_dags/example_external_task_marker_dag.py
[2026-05-07T19:57:31.925+0200] {processor.py:925} INFO - DAG(s) 'example_external_task_marker_parent', 'example_external_task_marker_child' retrieved from /home/rodrigo/Escritorio/BBDDAvanzadas/.venv/lib/python3.12/site-packages/airflow/example_dags/example_external_task_marker_dag.py
[2026-05-07T19:57:31.939+0200] {logging_mixin.py:190} INFO - [2026-05-07T19:57:31.939+0200] {dag.py:3239} INFO - Sync 2 DAGs
[2026-05-07T19:57:31.948+0200] {logging_mixin.py:190} INFO - [2026-05-07T19:57:31.947+0200] {dag.py:4180} INFO - Setting next_dagrun for example_external_task_marker_child to None, run_after=None
[2026-05-07T19:57:31.949+0200] {logging_mixin.py:190} INFO - [2026-05-07T19:57:31.949+0200] {dag.py:4180} INFO - Setting next_dagrun for example_external_task_marker_parent to None, run_after=None
[2026-05-07T19:57:31.976+0200] {processor.py:208} INFO - Processing /home/rodrigo/Escritorio/BBDDAvanzadas/.venv/lib/python3.12/site-packages/airflow/example_dags/example_external_task_marker_dag.py took 0.065 seconds
[2026-05-07T19:59:38.261+0200] {processor.py:186} INFO - Started process (PID=17169) to work on /home/rodrigo/Escritorio/BBDDAvanzadas/.venv/lib/python3.12/site-packages/airflow/example_dags/example_external_task_marker_dag.py
[2026-05-07T19:59:38.262+0200] {processor.py:914} INFO - Processing file /home/rodrigo/Escritorio/BBDDAvanzadas/.venv/lib/python3.12/site-packages/airflow/example_dags/example_external_task_marker_dag.py for tasks to queue
[2026-05-07T19:59:38.264+0200] {logging_mixin.py:190} INFO - [2026-05-07T19:59:38.263+0200] {dagbag.py:588} INFO - Filling up the DagBag from /home/rodrigo/Escritorio/BBDDAvanzadas/.venv/lib/python3.12/site-packages/airflow/example_dags/example_external_task_marker_dag.py
[2026-05-07T19:59:38.270+0200] {processor.py:925} INFO - DAG(s) 'example_external_task_marker_parent', 'example_external_task_marker_child' retrieved from /home/rodrigo/Escritorio/BBDDAvanzadas/.venv/lib/python3.12/site-packages/airflow/example_dags/example_external_task_marker_dag.py
[2026-05-07T19:59:38.283+0200] {logging_mixin.py:190} INFO - [2026-05-07T19:59:38.283+0200] {dag.py:3239} INFO - Sync 2 DAGs
[2026-05-07T19:59:38.291+0200] {logging_mixin.py:190} INFO - [2026-05-07T19:59:38.291+0200] {dag.py:4180} INFO - Setting next_dagrun for example_external_task_marker_child to None, run_after=None
[2026-05-07T19:59:38.293+0200] {logging_mixin.py:190} INFO - [2026-05-07T19:59:38.293+0200] {dag.py:4180} INFO - Setting next_dagrun for example_external_task_marker_parent to None, run_after=None
[2026-05-07T19:59:38.310+0200] {processor.py:208} INFO - Processing /home/rodrigo/Escritorio/BBDDAvanzadas/.venv/lib/python3.12/site-packages/airflow/example_dags/example_external_task_marker_dag.py took 0.053 seconds
[2026-05-07T20:01:13.188+0200] {processor.py:186} INFO - Started process (PID=17401) to work on /home/rodrigo/Escritorio/BBDDAvanzadas/.venv/lib/python3.12/site-packages/airflow/example_dags/example_external_task_marker_dag.py
[2026-05-07T20:01:13.190+0200] {processor.py:914} INFO - Processing file /home/rodrigo/Escritorio/BBDDAvanzadas/.venv/lib/python3.12/site-packages/airflow/example_dags/example_external_task_marker_dag.py for tasks to queue
[2026-05-07T20:01:13.192+0200] {logging_mixin.py:190} INFO - [2026-05-07T20:01:13.191+0200] {dagbag.py:588} INFO - Filling up the DagBag from /home/rodrigo/Escritorio/BBDDAvanzadas/.venv/lib/python3.12/site-packages/airflow/example_dags/example_external_task_marker_dag.py
[2026-05-07T20:01:13.210+0200] {processor.py:925} INFO - DAG(s) 'example_external_task_marker_child', 'example_external_task_marker_parent' retrieved from /home/rodrigo/Escritorio/BBDDAvanzadas/.venv/lib/python3.12/site-packages/airflow/example_dags/example_external_task_marker_dag.py
[2026-05-07T20:01:13.238+0200] {logging_mixin.py:190} INFO - [2026-05-07T20:01:13.238+0200] {dag.py:3239} INFO - Sync 2 DAGs
[2026-05-07T20:01:13.247+0200] {logging_mixin.py:190} INFO - [2026-05-07T20:01:13.247+0200] {dag.py:4180} INFO - Setting next_dagrun for example_external_task_marker_child to None, run_after=None
[2026-05-07T20:01:13.250+0200] {logging_mixin.py:190} INFO - [2026-05-07T20:01:13.249+0200] {dag.py:4180} INFO - Setting next_dagrun for example_external_task_marker_parent to None, run_after=None
[2026-05-07T20:01:13.263+0200] {processor.py:208} INFO - Processing /home/rodrigo/Escritorio/BBDDAvanzadas/.venv/lib/python3.12/site-packages/airflow/example_dags/example_external_task_marker_dag.py took 0.080 seconds
[2026-05-07T20:02:16.353+0200] {processor.py:186} INFO - Started process (PID=17572) to work on /home/rodrigo/Escritorio/BBDDAvanzadas/.venv/lib/python3.12/site-packages/airflow/example_dags/example_external_task_marker_dag.py
[2026-05-07T20:02:16.354+0200] {processor.py:914} INFO - Processing file /home/rodrigo/Escritorio/BBDDAvanzadas/.venv/lib/python3.12/site-packages/airflow/example_dags/example_external_task_marker_dag.py for tasks to queue
[2026-05-07T20:02:16.356+0200] {logging_mixin.py:190} INFO - [2026-05-07T20:02:16.356+0200] {dagbag.py:588} INFO - Filling up the DagBag from /home/rodrigo/Escritorio/BBDDAvanzadas/.venv/lib/python3.12/site-packages/airflow/example_dags/example_external_task_marker_dag.py
[2026-05-07T20:02:16.364+0200] {processor.py:925} INFO - DAG(s) 'example_external_task_marker_child', 'example_external_task_marker_parent' retrieved from /home/rodrigo/Escritorio/BBDDAvanzadas/.venv/lib/python3.12/site-packages/airflow/example_dags/example_external_task_marker_dag.py
[2026-05-07T20:02:16.380+0200] {logging_mixin.py:190} INFO - [2026-05-07T20:02:16.380+0200] {dag.py:3239} INFO - Sync 2 DAGs
[2026-05-07T20:02:16.396+0200] {logging_mixin.py:190} INFO - [2026-05-07T20:02:16.396+0200] {dag.py:4180} INFO - Setting next_dagrun for example_external_task_marker_child to None, run_after=None
[2026-05-07T20:02:16.398+0200] {logging_mixin.py:190} INFO - [2026-05-07T20:02:16.398+0200] {dag.py:4180} INFO - Setting next_dagrun for example_external_task_marker_parent to None, run_after=None
[2026-05-07T20:02:16.444+0200] {processor.py:208} INFO - Processing /home/rodrigo/Escritorio/BBDDAvanzadas/.venv/lib/python3.12/site-packages/airflow/example_dags/example_external_task_marker_dag.py took 0.109 seconds
[2026-05-07T20:03:14.733+0200] {processor.py:186} INFO - Started process (PID=17712) to work on /home/rodrigo/Escritorio/BBDDAvanzadas/.venv/lib/python3.12/site-packages/airflow/example_dags/example_external_task_marker_dag.py
[2026-05-07T20:03:14.734+0200] {processor.py:914} INFO - Processing file /home/rodrigo/Escritorio/BBDDAvanzadas/.venv/lib/python3.12/site-packages/airflow/example_dags/example_external_task_marker_dag.py for tasks to queue
[2026-05-07T20:03:14.735+0200] {logging_mixin.py:190} INFO - [2026-05-07T20:03:14.735+0200] {dagbag.py:588} INFO - Filling up the DagBag from /home/rodrigo/Escritorio/BBDDAvanzadas/.venv/lib/python3.12/site-packages/airflow/example_dags/example_external_task_marker_dag.py
[2026-05-07T20:03:14.742+0200] {processor.py:925} INFO - DAG(s) 'example_external_task_marker_child', 'example_external_task_marker_parent' retrieved from /home/rodrigo/Escritorio/BBDDAvanzadas/.venv/lib/python3.12/site-packages/airflow/example_dags/example_external_task_marker_dag.py
[2026-05-07T20:03:14.756+0200] {logging_mixin.py:190} INFO - [2026-05-07T20:03:14.755+0200] {dag.py:3239} INFO - Sync 2 DAGs
[2026-05-07T20:03:14.766+0200] {logging_mixin.py:190} INFO - [2026-05-07T20:03:14.766+0200] {dag.py:4180} INFO - Setting next_dagrun for example_external_task_marker_child to None, run_after=None
[2026-05-07T20:03:14.783+0200] {logging_mixin.py:190} INFO - [2026-05-07T20:03:14.783+0200] {dag.py:4180} INFO - Setting next_dagrun for example_external_task_marker_parent to None, run_after=None
[2026-05-07T20:03:14.808+0200] {processor.py:208} INFO - Processing /home/rodrigo/Escritorio/BBDDAvanzadas/.venv/lib/python3.12/site-packages/airflow/example_dags/example_external_task_marker_dag.py took 0.081 seconds
[2026-05-07T20:04:14.421+0200] {processor.py:186} INFO - Started process (PID=17836) to work on /home/rodrigo/Escritorio/BBDDAvanzadas/.venv/lib/python3.12/site-packages/airflow/example_dags/example_external_task_marker_dag.py
[2026-05-07T20:04:14.430+0200] {processor.py:914} INFO - Processing file /home/rodrigo/Escritorio/BBDDAvanzadas/.venv/lib/python3.12/site-packages/airflow/example_dags/example_external_task_marker_dag.py for tasks to queue
[2026-05-07T20:04:14.432+0200] {logging_mixin.py:190} INFO - [2026-05-07T20:04:14.432+0200] {dagbag.py:588} INFO - Filling up the DagBag from /home/rodrigo/Escritorio/BBDDAvanzadas/.venv/lib/python3.12/site-packages/airflow/example_dags/example_external_task_marker_dag.py
[2026-05-07T20:04:14.440+0200] {processor.py:925} INFO - DAG(s) 'example_external_task_marker_parent', 'example_external_task_marker_child' retrieved from /home/rodrigo/Escritorio/BBDDAvanzadas/.venv/lib/python3.12/site-packages/airflow/example_dags/example_external_task_marker_dag.py
[2026-05-07T20:04:14.462+0200] {logging_mixin.py:190} INFO - [2026-05-07T20:04:14.462+0200] {dag.py:3239} INFO - Sync 2 DAGs
[2026-05-07T20:04:14.470+0200] {logging_mixin.py:190} INFO - [2026-05-07T20:04:14.470+0200] {dag.py:4180} INFO - Setting next_dagrun for example_external_task_marker_child to None, run_after=None
[2026-05-07T20:04:14.472+0200] {logging_mixin.py:190} INFO - [2026-05-07T20:04:14.472+0200] {dag.py:4180} INFO - Setting next_dagrun for example_external_task_marker_parent to None, run_after=None
[2026-05-07T20:04:14.534+0200] {processor.py:208} INFO - Processing /home/rodrigo/Escritorio/BBDDAvanzadas/.venv/lib/python3.12/site-packages/airflow/example_dags/example_external_task_marker_dag.py took 0.133 seconds
[2026-05-07T20:05:18.294+0200] {processor.py:186} INFO - Started process (PID=17964) to work on /home/rodrigo/Escritorio/BBDDAvanzadas/.venv/lib/python3.12/site-packages/airflow/example_dags/example_external_task_marker_dag.py
[2026-05-07T20:05:18.295+0200] {processor.py:914} INFO - Processing file /home/rodrigo/Escritorio/BBDDAvanzadas/.venv/lib/python3.12/site-packages/airflow/example_dags/example_external_task_marker_dag.py for tasks to queue
[2026-05-07T20:05:18.296+0200] {logging_mixin.py:190} INFO - [2026-05-07T20:05:18.296+0200] {dagbag.py:588} INFO - Filling up the DagBag from /home/rodrigo/Escritorio/BBDDAvanzadas/.venv/lib/python3.12/site-packages/airflow/example_dags/example_external_task_marker_dag.py
[2026-05-07T20:05:18.303+0200] {processor.py:925} INFO - DAG(s) 'example_external_task_marker_parent', 'example_external_task_marker_child' retrieved from /home/rodrigo/Escritorio/BBDDAvanzadas/.venv/lib/python3.12/site-packages/airflow/example_dags/example_external_task_marker_dag.py
[2026-05-07T20:05:18.315+0200] {logging_mixin.py:190} INFO - [2026-05-07T20:05:18.315+0200] {dag.py:3239} INFO - Sync 2 DAGs
[2026-05-07T20:05:18.322+0200] {logging_mixin.py:190} INFO - [2026-05-07T20:05:18.322+0200] {dag.py:4180} INFO - Setting next_dagrun for example_external_task_marker_child to None, run_after=None
[2026-05-07T20:05:18.324+0200] {logging_mixin.py:190} INFO - [2026-05-07T20:05:18.324+0200] {dag.py:4180} INFO - Setting next_dagrun for example_external_task_marker_parent to None, run_after=None
[2026-05-07T20:05:18.338+0200] {processor.py:208} INFO - Processing /home/rodrigo/Escritorio/BBDDAvanzadas/.venv/lib/python3.12/site-packages/airflow/example_dags/example_external_task_marker_dag.py took 0.049 seconds
[2026-05-07T20:06:19.355+0200] {processor.py:186} INFO - Started process (PID=18082) to work on /home/rodrigo/Escritorio/BBDDAvanzadas/.venv/lib/python3.12/site-packages/airflow/example_dags/example_external_task_marker_dag.py
[2026-05-07T20:06:19.356+0200] {processor.py:914} INFO - Processing file /home/rodrigo/Escritorio/BBDDAvanzadas/.venv/lib/python3.12/site-packages/airflow/example_dags/example_external_task_marker_dag.py for tasks to queue
[2026-05-07T20:06:19.358+0200] {logging_mixin.py:190} INFO - [2026-05-07T20:06:19.358+0200] {dagbag.py:588} INFO - Filling up the DagBag from /home/rodrigo/Escritorio/BBDDAvanzadas/.venv/lib/python3.12/site-packages/airflow/example_dags/example_external_task_marker_dag.py
[2026-05-07T20:06:19.365+0200] {processor.py:925} INFO - DAG(s) 'example_external_task_marker_child', 'example_external_task_marker_parent' retrieved from /home/rodrigo/Escritorio/BBDDAvanzadas/.venv/lib/python3.12/site-packages/airflow/example_dags/example_external_task_marker_dag.py
[2026-05-07T20:06:19.379+0200] {logging_mixin.py:190} INFO - [2026-05-07T20:06:19.379+0200] {dag.py:3239} INFO - Sync 2 DAGs
[2026-05-07T20:06:19.388+0200] {logging_mixin.py:190} INFO - [2026-05-07T20:06:19.388+0200] {dag.py:4180} INFO - Setting next_dagrun for example_external_task_marker_child to None, run_after=None
[2026-05-07T20:06:19.390+0200] {logging_mixin.py:190} INFO - [2026-05-07T20:06:19.390+0200] {dag.py:4180} INFO - Setting next_dagrun for example_external_task_marker_parent to None, run_after=None
[2026-05-07T20:06:19.404+0200] {processor.py:208} INFO - Processing /home/rodrigo/Escritorio/BBDDAvanzadas/.venv/lib/python3.12/site-packages/airflow/example_dags/example_external_task_marker_dag.py took 0.054 seconds
[2026-05-07T20:07:18.159+0200] {processor.py:186} INFO - Started process (PID=18202) to work on /home/rodrigo/Escritorio/BBDDAvanzadas/.venv/lib/python3.12/site-packages/airflow/example_dags/example_external_task_marker_dag.py
[2026-05-07T20:07:18.161+0200] {processor.py:914} INFO - Processing file /home/rodrigo/Escritorio/BBDDAvanzadas/.venv/lib/python3.12/site-packages/airflow/example_dags/example_external_task_marker_dag.py for tasks to queue
[2026-05-07T20:07:18.162+0200] {logging_mixin.py:190} INFO - [2026-05-07T20:07:18.162+0200] {dagbag.py:588} INFO - Filling up the DagBag from /home/rodrigo/Escritorio/BBDDAvanzadas/.venv/lib/python3.12/site-packages/airflow/example_dags/example_external_task_marker_dag.py
[2026-05-07T20:07:18.169+0200] {processor.py:925} INFO - DAG(s) 'example_external_task_marker_child', 'example_external_task_marker_parent' retrieved from /home/rodrigo/Escritorio/BBDDAvanzadas/.venv/lib/python3.12/site-packages/airflow/example_dags/example_external_task_marker_dag.py
[2026-05-07T20:07:18.181+0200] {logging_mixin.py:190} INFO - [2026-05-07T20:07:18.181+0200] {dag.py:3239} INFO - Sync 2 DAGs
[2026-05-07T20:07:18.189+0200] {logging_mixin.py:190} INFO - [2026-05-07T20:07:18.189+0200] {dag.py:4180} INFO - Setting next_dagrun for example_external_task_marker_child to None, run_after=None
[2026-05-07T20:07:18.191+0200] {logging_mixin.py:190} INFO - [2026-05-07T20:07:18.191+0200] {dag.py:4180} INFO - Setting next_dagrun for example_external_task_marker_parent to None, run_after=None
[2026-05-07T20:07:18.207+0200] {processor.py:208} INFO - Processing /home/rodrigo/Escritorio/BBDDAvanzadas/.venv/lib/python3.12/site-packages/airflow/example_dags/example_external_task_marker_dag.py took 0.051 seconds
[2026-05-07T20:08:18.607+0200] {processor.py:186} INFO - Started process (PID=18334) to work on /home/rodrigo/Escritorio/BBDDAvanzadas/.venv/lib/python3.12/site-packages/airflow/example_dags/example_external_task_marker_dag.py
[2026-05-07T20:08:18.608+0200] {processor.py:914} INFO - Processing file /home/rodrigo/Escritorio/BBDDAvanzadas/.venv/lib/python3.12/site-packages/airflow/example_dags/example_external_task_marker_dag.py for tasks to queue
[2026-05-07T20:08:18.609+0200] {logging_mixin.py:190} INFO - [2026-05-07T20:08:18.609+0200] {dagbag.py:588} INFO - Filling up the DagBag from /home/rodrigo/Escritorio/BBDDAvanzadas/.venv/lib/python3.12/site-packages/airflow/example_dags/example_external_task_marker_dag.py
[2026-05-07T20:08:18.615+0200] {processor.py:925} INFO - DAG(s) 'example_external_task_marker_child', 'example_external_task_marker_parent' retrieved from /home/rodrigo/Escritorio/BBDDAvanzadas/.venv/lib/python3.12/site-packages/airflow/example_dags/example_external_task_marker_dag.py
[2026-05-07T20:08:18.627+0200] {logging_mixin.py:190} INFO - [2026-05-07T20:08:18.626+0200] {dag.py:3239} INFO - Sync 2 DAGs
[2026-05-07T20:08:18.634+0200] {logging_mixin.py:190} INFO - [2026-05-07T20:08:18.634+0200] {dag.py:4180} INFO - Setting next_dagrun for example_external_task_marker_child to None, run_after=None
[2026-05-07T20:08:18.636+0200] {logging_mixin.py:190} INFO - [2026-05-07T20:08:18.636+0200] {dag.py:4180} INFO - Setting next_dagrun for example_external_task_marker_parent to None, run_after=None
[2026-05-07T20:08:18.650+0200] {processor.py:208} INFO - Processing /home/rodrigo/Escritorio/BBDDAvanzadas/.venv/lib/python3.12/site-packages/airflow/example_dags/example_external_task_marker_dag.py took 0.047 seconds
[2026-05-07T20:09:28.068+0200] {processor.py:186} INFO - Started process (PID=18528) to work on /home/rodrigo/Escritorio/BBDDAvanzadas/.venv/lib/python3.12/site-packages/airflow/example_dags/example_external_task_marker_dag.py
[2026-05-07T20:09:28.070+0200] {processor.py:914} INFO - Processing file /home/rodrigo/Escritorio/BBDDAvanzadas/.venv/lib/python3.12/site-packages/airflow/example_dags/example_external_task_marker_dag.py for tasks to queue
[2026-05-07T20:09:28.071+0200] {logging_mixin.py:190} INFO - [2026-05-07T20:09:28.071+0200] {dagbag.py:588} INFO - Filling up the DagBag from /home/rodrigo/Escritorio/BBDDAvanzadas/.venv/lib/python3.12/site-packages/airflow/example_dags/example_external_task_marker_dag.py
[2026-05-07T20:09:28.077+0200] {processor.py:925} INFO - DAG(s) 'example_external_task_marker_parent', 'example_external_task_marker_child' retrieved from /home/rodrigo/Escritorio/BBDDAvanzadas/.venv/lib/python3.12/site-packages/airflow/example_dags/example_external_task_marker_dag.py
[2026-05-07T20:09:28.090+0200] {logging_mixin.py:190} INFO - [2026-05-07T20:09:28.090+0200] {dag.py:3239} INFO - Sync 2 DAGs
[2026-05-07T20:09:28.098+0200] {logging_mixin.py:190} INFO - [2026-05-07T20:09:28.098+0200] {dag.py:4180} INFO - Setting next_dagrun for example_external_task_marker_child to None, run_after=None
[2026-05-07T20:09:28.100+0200] {logging_mixin.py:190} INFO - [2026-05-07T20:09:28.100+0200] {dag.py:4180} INFO - Setting next_dagrun for example_external_task_marker_parent to None, run_after=None
[2026-05-07T20:09:28.129+0200] {processor.py:208} INFO - Processing /home/rodrigo/Escritorio/BBDDAvanzadas/.venv/lib/python3.12/site-packages/airflow/example_dags/example_external_task_marker_dag.py took 0.066 seconds
