[2026-05-07T19:33:06.270+0200] {processor.py:186} INFO - Started process (PID=14427) to work on /home/rodrigo/Escritorio/BBDDAvanzadas/.venv/lib/python3.12/site-packages/airflow/example_dags/example_dag_decorator.py
[2026-05-07T19:33:06.271+0200] {processor.py:914} INFO - Processing file /home/rodrigo/Escritorio/BBDDAvanzadas/.venv/lib/python3.12/site-packages/airflow/example_dags/example_dag_decorator.py for tasks to queue
[2026-05-07T19:33:06.272+0200] {logging_mixin.py:190} INFO - [2026-05-07T19:33:06.272+0200] {dagbag.py:588} INFO - Filling up the DagBag from /home/rodrigo/Escritorio/BBDDAvanzadas/.venv/lib/python3.12/site-packages/airflow/example_dags/example_dag_decorator.py
[2026-05-07T19:33:06.414+0200] {processor.py:925} INFO - DAG(s) 'example_dag_decorator' retrieved from /home/rodrigo/Escritorio/BBDDAvanzadas/.venv/lib/python3.12/site-packages/airflow/example_dags/example_dag_decorator.py
[2026-05-07T19:33:06.566+0200] {logging_mixin.py:190} INFO - [2026-05-07T19:33:06.565+0200] {override.py:1930} INFO - Created Permission View: can read on DAG:example_dag_decorator
[2026-05-07T19:33:06.578+0200] {logging_mixin.py:190} INFO - [2026-05-07T19:33:06.577+0200] {override.py:1930} INFO - Created Permission View: can edit on DAG:example_dag_decorator
[2026-05-07T19:33:06.622+0200] {logging_mixin.py:190} INFO - [2026-05-07T19:33:06.619+0200] {override.py:1930} INFO - Created Permission View: can delete on DAG:example_dag_decorator
[2026-05-07T19:33:06.807+0200] {logging_mixin.py:190} INFO - [2026-05-07T19:33:06.806+0200] {override.py:1930} INFO - Created Permission View: can create on DAG Run:example_dag_decorator
[2026-05-07T19:33:06.844+0200] {logging_mixin.py:190} INFO - [2026-05-07T19:33:06.839+0200] {override.py:1930} INFO - Created Permission View: can read on DAG Run:example_dag_decorator
[2026-05-07T19:33:06.857+0200] {logging_mixin.py:190} INFO - [2026-05-07T19:33:06.857+0200] {override.py:1930} INFO - Created Permission View: menu access on DAG Run:example_dag_decorator
[2026-05-07T19:33:06.881+0200] {logging_mixin.py:190} INFO - [2026-05-07T19:33:06.881+0200] {override.py:1930} INFO - Created Permission View: can delete on DAG Run:example_dag_decorator
[2026-05-07T19:33:06.883+0200] {logging_mixin.py:190} INFO - [2026-05-07T19:33:06.881+0200] {dag.py:3239} INFO - Sync 1 DAGs
[2026-05-07T19:33:06.900+0200] {logging_mixin.py:190} INFO - [2026-05-07T19:33:06.899+0200] {dag.py:3262} INFO - Creating ORM DAG for example_dag_decorator
[2026-05-07T19:33:06.904+0200] {logging_mixin.py:190} INFO - [2026-05-07T19:33:06.904+0200] {dag.py:4180} INFO - Setting next_dagrun for example_dag_decorator to None, run_after=None
[2026-05-07T19:33:06.947+0200] {processor.py:208} INFO - Processing /home/rodrigo/Escritorio/BBDDAvanzadas/.venv/lib/python3.12/site-packages/airflow/example_dags/example_dag_decorator.py took 0.680 seconds
[2026-05-07T19:37:49.385+0200] {processor.py:186} INFO - Started process (PID=14928) to work on /home/rodrigo/Escritorio/BBDDAvanzadas/.venv/lib/python3.12/site-packages/airflow/example_dags/example_dag_decorator.py
[2026-05-07T19:37:49.387+0200] {processor.py:914} INFO - Processing file /home/rodrigo/Escritorio/BBDDAvanzadas/.venv/lib/python3.12/site-packages/airflow/example_dags/example_dag_decorator.py for tasks to queue
[2026-05-07T19:37:49.389+0200] {logging_mixin.py:190} INFO - [2026-05-07T19:37:49.389+0200] {dagbag.py:588} INFO - Filling up the DagBag from /home/rodrigo/Escritorio/BBDDAvanzadas/.venv/lib/python3.12/site-packages/airflow/example_dags/example_dag_decorator.py
[2026-05-07T19:37:49.443+0200] {processor.py:925} INFO - DAG(s) 'example_dag_decorator' retrieved from /home/rodrigo/Escritorio/BBDDAvanzadas/.venv/lib/python3.12/site-packages/airflow/example_dags/example_dag_decorator.py
[2026-05-07T19:37:49.503+0200] {logging_mixin.py:190} INFO - [2026-05-07T19:37:49.503+0200] {dag.py:3239} INFO - Sync 1 DAGs
[2026-05-07T19:37:49.510+0200] {logging_mixin.py:190} INFO - [2026-05-07T19:37:49.510+0200] {dag.py:4180} INFO - Setting next_dagrun for example_dag_decorator to None, run_after=None
[2026-05-07T19:37:49.526+0200] {processor.py:208} INFO - Processing /home/rodrigo/Escritorio/BBDDAvanzadas/.venv/lib/python3.12/site-packages/airflow/example_dags/example_dag_decorator.py took 0.144 seconds
[2026-05-07T19:39:00.161+0200] {processor.py:186} INFO - Started process (PID=15005) to work on /home/rodrigo/Escritorio/BBDDAvanzadas/.venv/lib/python3.12/site-packages/airflow/example_dags/example_dag_decorator.py
[2026-05-07T19:39:00.166+0200] {processor.py:914} INFO - Processing file /home/rodrigo/Escritorio/BBDDAvanzadas/.venv/lib/python3.12/site-packages/airflow/example_dags/example_dag_decorator.py for tasks to queue
[2026-05-07T19:39:00.176+0200] {logging_mixin.py:190} INFO - [2026-05-07T19:39:00.175+0200] {dagbag.py:588} INFO - Filling up the DagBag from /home/rodrigo/Escritorio/BBDDAvanzadas/.venv/lib/python3.12/site-packages/airflow/example_dags/example_dag_decorator.py
[2026-05-07T19:39:00.335+0200] {processor.py:925} INFO - DAG(s) 'example_dag_decorator' retrieved from /home/rodrigo/Escritorio/BBDDAvanzadas/.venv/lib/python3.12/site-packages/airflow/example_dags/example_dag_decorator.py
[2026-05-07T19:39:00.472+0200] {logging_mixin.py:190} INFO - [2026-05-07T19:39:00.472+0200] {dag.py:3239} INFO - Sync 1 DAGs
[2026-05-07T19:39:00.482+0200] {logging_mixin.py:190} INFO - [2026-05-07T19:39:00.482+0200] {dag.py:4180} INFO - Setting next_dagrun for example_dag_decorator to None, run_after=None
[2026-05-07T19:39:00.550+0200] {processor.py:208} INFO - Processing /home/rodrigo/Escritorio/BBDDAvanzadas/.venv/lib/python3.12/site-packages/airflow/example_dags/example_dag_decorator.py took 0.394 seconds
[2026-05-07T19:40:34.572+0200] {processor.py:186} INFO - Started process (PID=15138) to work on /home/rodrigo/Escritorio/BBDDAvanzadas/.venv/lib/python3.12/site-packages/airflow/example_dags/example_dag_decorator.py
[2026-05-07T19:40:34.590+0200] {processor.py:914} INFO - Processing file /home/rodrigo/Escritorio/BBDDAvanzadas/.venv/lib/python3.12/site-packages/airflow/example_dags/example_dag_decorator.py for tasks to queue
[2026-05-07T19:40:34.593+0200] {logging_mixin.py:190} INFO - [2026-05-07T19:40:34.593+0200] {dagbag.py:588} INFO - Filling up the DagBag from /home/rodrigo/Escritorio/BBDDAvanzadas/.venv/lib/python3.12/site-packages/airflow/example_dags/example_dag_decorator.py
[2026-05-07T19:40:34.739+0200] {processor.py:925} INFO - DAG(s) 'example_dag_decorator' retrieved from /home/rodrigo/Escritorio/BBDDAvanzadas/.venv/lib/python3.12/site-packages/airflow/example_dags/example_dag_decorator.py
[2026-05-07T19:40:34.861+0200] {logging_mixin.py:190} INFO - [2026-05-07T19:40:34.861+0200] {dag.py:3239} INFO - Sync 1 DAGs
[2026-05-07T19:40:35.092+0200] {logging_mixin.py:190} INFO - [2026-05-07T19:40:35.086+0200] {dag.py:4180} INFO - Setting next_dagrun for example_dag_decorator to None, run_after=None
[2026-05-07T19:40:35.143+0200] {processor.py:208} INFO - Processing /home/rodrigo/Escritorio/BBDDAvanzadas/.venv/lib/python3.12/site-packages/airflow/example_dags/example_dag_decorator.py took 0.605 seconds
[2026-05-07T19:42:04.911+0200] {processor.py:186} INFO - Started process (PID=15405) to work on /home/rodrigo/Escritorio/BBDDAvanzadas/.venv/lib/python3.12/site-packages/airflow/example_dags/example_dag_decorator.py
[2026-05-07T19:42:04.913+0200] {processor.py:914} INFO - Processing file /home/rodrigo/Escritorio/BBDDAvanzadas/.venv/lib/python3.12/site-packages/airflow/example_dags/example_dag_decorator.py for tasks to queue
[2026-05-07T19:42:04.914+0200] {logging_mixin.py:190} INFO - [2026-05-07T19:42:04.914+0200] {dagbag.py:588} INFO - Filling up the DagBag from /home/rodrigo/Escritorio/BBDDAvanzadas/.venv/lib/python3.12/site-packages/airflow/example_dags/example_dag_decorator.py
[2026-05-07T19:42:04.972+0200] {processor.py:925} INFO - DAG(s) 'example_dag_decorator' retrieved from /home/rodrigo/Escritorio/BBDDAvanzadas/.venv/lib/python3.12/site-packages/airflow/example_dags/example_dag_decorator.py
[2026-05-07T19:42:05.117+0200] {logging_mixin.py:190} INFO - [2026-05-07T19:42:05.117+0200] {dag.py:3239} INFO - Sync 1 DAGs
[2026-05-07T19:42:05.123+0200] {logging_mixin.py:190} INFO - [2026-05-07T19:42:05.123+0200] {dag.py:4180} INFO - Setting next_dagrun for example_dag_decorator to None, run_after=None
[2026-05-07T19:42:05.137+0200] {processor.py:208} INFO - Processing /home/rodrigo/Escritorio/BBDDAvanzadas/.venv/lib/python3.12/site-packages/airflow/example_dags/example_dag_decorator.py took 0.230 seconds
[2026-05-07T19:43:21.721+0200] {processor.py:186} INFO - Started process (PID=15563) to work on /home/rodrigo/Escritorio/BBDDAvanzadas/.venv/lib/python3.12/site-packages/airflow/example_dags/example_dag_decorator.py
[2026-05-07T19:43:21.722+0200] {processor.py:914} INFO - Processing file /home/rodrigo/Escritorio/BBDDAvanzadas/.venv/lib/python3.12/site-packages/airflow/example_dags/example_dag_decorator.py for tasks to queue
[2026-05-07T19:43:21.724+0200] {logging_mixin.py:190} INFO - [2026-05-07T19:43:21.723+0200] {dagbag.py:588} INFO - Filling up the DagBag from /home/rodrigo/Escritorio/BBDDAvanzadas/.venv/lib/python3.12/site-packages/airflow/example_dags/example_dag_decorator.py
[2026-05-07T19:43:22.062+0200] {processor.py:925} INFO - DAG(s) 'example_dag_decorator' retrieved from /home/rodrigo/Escritorio/BBDDAvanzadas/.venv/lib/python3.12/site-packages/airflow/example_dags/example_dag_decorator.py
[2026-05-07T19:43:22.159+0200] {logging_mixin.py:190} INFO - [2026-05-07T19:43:22.158+0200] {dag.py:3239} INFO - Sync 1 DAGs
[2026-05-07T19:43:22.175+0200] {logging_mixin.py:190} INFO - [2026-05-07T19:43:22.173+0200] {dag.py:4180} INFO - Setting next_dagrun for example_dag_decorator to None, run_after=None
[2026-05-07T19:43:22.219+0200] {processor.py:208} INFO - Processing /home/rodrigo/Escritorio/BBDDAvanzadas/.venv/lib/python3.12/site-packages/airflow/example_dags/example_dag_decorator.py took 0.502 seconds
[2026-05-07T19:44:48.610+0200] {processor.py:186} INFO - Started process (PID=15844) to work on /home/rodrigo/Escritorio/BBDDAvanzadas/.venv/lib/python3.12/site-packages/airflow/example_dags/example_dag_decorator.py
[2026-05-07T19:44:48.611+0200] {processor.py:914} INFO - Processing file /home/rodrigo/Escritorio/BBDDAvanzadas/.venv/lib/python3.12/site-packages/airflow/example_dags/example_dag_decorator.py for tasks to queue
[2026-05-07T19:44:48.613+0200] {logging_mixin.py:190} INFO - [2026-05-07T19:44:48.613+0200] {dagbag.py:588} INFO - Filling up the DagBag from /home/rodrigo/Escritorio/BBDDAvanzadas/.venv/lib/python3.12/site-packages/airflow/example_dags/example_dag_decorator.py
[2026-05-07T19:44:48.669+0200] {processor.py:925} INFO - DAG(s) 'example_dag_decorator' retrieved from /home/rodrigo/Escritorio/BBDDAvanzadas/.venv/lib/python3.12/site-packages/airflow/example_dags/example_dag_decorator.py
[2026-05-07T19:44:48.737+0200] {logging_mixin.py:190} INFO - [2026-05-07T19:44:48.737+0200] {dag.py:3239} INFO - Sync 1 DAGs
[2026-05-07T19:44:48.744+0200] {logging_mixin.py:190} INFO - [2026-05-07T19:44:48.744+0200] {dag.py:4180} INFO - Setting next_dagrun for example_dag_decorator to None, run_after=None
[2026-05-07T19:44:48.763+0200] {processor.py:208} INFO - Processing /home/rodrigo/Escritorio/BBDDAvanzadas/.venv/lib/python3.12/site-packages/airflow/example_dags/example_dag_decorator.py took 0.157 seconds
[2026-05-07T19:46:33.195+0200] {processor.py:186} INFO - Started process (PID=15942) to work on /home/rodrigo/Escritorio/BBDDAvanzadas/.venv/lib/python3.12/site-packages/airflow/example_dags/example_dag_decorator.py
[2026-05-07T19:46:33.197+0200] {processor.py:914} INFO - Processing file /home/rodrigo/Escritorio/BBDDAvanzadas/.venv/lib/python3.12/site-packages/airflow/example_dags/example_dag_decorator.py for tasks to queue
[2026-05-07T19:46:33.199+0200] {logging_mixin.py:190} INFO - [2026-05-07T19:46:33.198+0200] {dagbag.py:588} INFO - Filling up the DagBag from /home/rodrigo/Escritorio/BBDDAvanzadas/.venv/lib/python3.12/site-packages/airflow/example_dags/example_dag_decorator.py
[2026-05-07T19:46:33.255+0200] {processor.py:925} INFO - DAG(s) 'example_dag_decorator' retrieved from /home/rodrigo/Escritorio/BBDDAvanzadas/.venv/lib/python3.12/site-packages/airflow/example_dags/example_dag_decorator.py
[2026-05-07T19:46:33.321+0200] {logging_mixin.py:190} INFO - [2026-05-07T19:46:33.321+0200] {dag.py:3239} INFO - Sync 1 DAGs
[2026-05-07T19:46:33.328+0200] {logging_mixin.py:190} INFO - [2026-05-07T19:46:33.328+0200] {dag.py:4180} INFO - Setting next_dagrun for example_dag_decorator to None, run_after=None
[2026-05-07T19:46:33.343+0200] {processor.py:208} INFO - Processing /home/rodrigo/Escritorio/BBDDAvanzadas/.venv/lib/python3.12/site-packages/airflow/example_dags/example_dag_decorator.py took 0.152 seconds
[2026-05-07T19:47:47.759+0200] {processor.py:186} INFO - Started process (PID=16119) to work on /home/rodrigo/Escritorio/BBDDAvanzadas/.venv/lib/python3.12/site-packages/airflow/example_dags/example_dag_decorator.py
[2026-05-07T19:47:47.760+0200] {processor.py:914} INFO - Processing file /home/rodrigo/Escritorio/BBDDAvanzadas/.venv/lib/python3.12/site-packages/airflow/example_dags/example_dag_decorator.py for tasks to queue
[2026-05-07T19:47:47.762+0200] {logging_mixin.py:190} INFO - [2026-05-07T19:47:47.761+0200] {dagbag.py:588} INFO - Filling up the DagBag from /home/rodrigo/Escritorio/BBDDAvanzadas/.venv/lib/python3.12/site-packages/airflow/example_dags/example_dag_decorator.py
[2026-05-07T19:47:47.820+0200] {processor.py:925} INFO - DAG(s) 'example_dag_decorator' retrieved from /home/rodrigo/Escritorio/BBDDAvanzadas/.venv/lib/python3.12/site-packages/airflow/example_dags/example_dag_decorator.py
[2026-05-07T19:47:47.901+0200] {logging_mixin.py:190} INFO - [2026-05-07T19:47:47.900+0200] {dag.py:3239} INFO - Sync 1 DAGs
[2026-05-07T19:47:47.909+0200] {logging_mixin.py:190} INFO - [2026-05-07T19:47:47.909+0200] {dag.py:4180} INFO - Setting next_dagrun for example_dag_decorator to None, run_after=None
[2026-05-07T19:47:47.987+0200] {processor.py:208} INFO - Processing /home/rodrigo/Escritorio/BBDDAvanzadas/.venv/lib/python3.12/site-packages/airflow/example_dags/example_dag_decorator.py took 0.233 seconds
[2026-05-07T19:49:14.574+0200] {processor.py:186} INFO - Started process (PID=16251) to work on /home/rodrigo/Escritorio/BBDDAvanzadas/.venv/lib/python3.12/site-packages/airflow/example_dags/example_dag_decorator.py
[2026-05-07T19:49:14.575+0200] {processor.py:914} INFO - Processing file /home/rodrigo/Escritorio/BBDDAvanzadas/.venv/lib/python3.12/site-packages/airflow/example_dags/example_dag_decorator.py for tasks to queue
[2026-05-07T19:49:14.577+0200] {logging_mixin.py:190} INFO - [2026-05-07T19:49:14.577+0200] {dagbag.py:588} INFO - Filling up the DagBag from /home/rodrigo/Escritorio/BBDDAvanzadas/.venv/lib/python3.12/site-packages/airflow/example_dags/example_dag_decorator.py
[2026-05-07T19:49:14.688+0200] {processor.py:925} INFO - DAG(s) 'example_dag_decorator' retrieved from /home/rodrigo/Escritorio/BBDDAvanzadas/.venv/lib/python3.12/site-packages/airflow/example_dags/example_dag_decorator.py
[2026-05-07T19:49:14.769+0200] {logging_mixin.py:190} INFO - [2026-05-07T19:49:14.769+0200] {dag.py:3239} INFO - Sync 1 DAGs
[2026-05-07T19:49:14.776+0200] {logging_mixin.py:190} INFO - [2026-05-07T19:49:14.776+0200] {dag.py:4180} INFO - Setting next_dagrun for example_dag_decorator to None, run_after=None
[2026-05-07T19:49:14.795+0200] {processor.py:208} INFO - Processing /home/rodrigo/Escritorio/BBDDAvanzadas/.venv/lib/python3.12/site-packages/airflow/example_dags/example_dag_decorator.py took 0.233 seconds
[2026-05-07T19:50:59.091+0200] {processor.py:186} INFO - Started process (PID=16362) to work on /home/rodrigo/Escritorio/BBDDAvanzadas/.venv/lib/python3.12/site-packages/airflow/example_dags/example_dag_decorator.py
[2026-05-07T19:50:59.093+0200] {processor.py:914} INFO - Processing file /home/rodrigo/Escritorio/BBDDAvanzadas/.venv/lib/python3.12/site-packages/airflow/example_dags/example_dag_decorator.py for tasks to queue
[2026-05-07T19:50:59.094+0200] {logging_mixin.py:190} INFO - [2026-05-07T19:50:59.094+0200] {dagbag.py:588} INFO - Filling up the DagBag from /home/rodrigo/Escritorio/BBDDAvanzadas/.venv/lib/python3.12/site-packages/airflow/example_dags/example_dag_decorator.py
[2026-05-07T19:50:59.145+0200] {processor.py:925} INFO - DAG(s) 'example_dag_decorator' retrieved from /home/rodrigo/Escritorio/BBDDAvanzadas/.venv/lib/python3.12/site-packages/airflow/example_dags/example_dag_decorator.py
[2026-05-07T19:50:59.212+0200] {logging_mixin.py:190} INFO - [2026-05-07T19:50:59.212+0200] {dag.py:3239} INFO - Sync 1 DAGs
[2026-05-07T19:50:59.219+0200] {logging_mixin.py:190} INFO - [2026-05-07T19:50:59.218+0200] {dag.py:4180} INFO - Setting next_dagrun for example_dag_decorator to None, run_after=None
[2026-05-07T19:50:59.234+0200] {processor.py:208} INFO - Processing /home/rodrigo/Escritorio/BBDDAvanzadas/.venv/lib/python3.12/site-packages/airflow/example_dags/example_dag_decorator.py took 0.146 seconds
