[2026-05-07T19:32:29.554+0200] {processor.py:186} INFO - Started process (PID=14335) to work on /home/rodrigo/Escritorio/BBDDAvanzadas/.venv/lib/python3.12/site-packages/airflow/example_dags/example_short_circuit_operator.py
[2026-05-07T19:32:29.555+0200] {processor.py:914} INFO - Processing file /home/rodrigo/Escritorio/BBDDAvanzadas/.venv/lib/python3.12/site-packages/airflow/example_dags/example_short_circuit_operator.py for tasks to queue
[2026-05-07T19:32:29.559+0200] {logging_mixin.py:190} INFO - [2026-05-07T19:32:29.558+0200] {dagbag.py:588} INFO - Filling up the DagBag from /home/rodrigo/Escritorio/BBDDAvanzadas/.venv/lib/python3.12/site-packages/airflow/example_dags/example_short_circuit_operator.py
[2026-05-07T19:32:29.567+0200] {processor.py:925} INFO - DAG(s) 'example_short_circuit_operator' retrieved from /home/rodrigo/Escritorio/BBDDAvanzadas/.venv/lib/python3.12/site-packages/airflow/example_dags/example_short_circuit_operator.py
[2026-05-07T19:32:29.770+0200] {logging_mixin.py:190} INFO - [2026-05-07T19:32:29.768+0200] {override.py:1930} INFO - Created Permission View: can read on DAG:example_short_circuit_operator
[2026-05-07T19:32:29.845+0200] {logging_mixin.py:190} INFO - [2026-05-07T19:32:29.844+0200] {override.py:1930} INFO - Created Permission View: can edit on DAG:example_short_circuit_operator
[2026-05-07T19:32:29.881+0200] {logging_mixin.py:190} INFO - [2026-05-07T19:32:29.879+0200] {override.py:1930} INFO - Created Permission View: can delete on DAG:example_short_circuit_operator
[2026-05-07T19:32:29.927+0200] {logging_mixin.py:190} INFO - [2026-05-07T19:32:29.926+0200] {override.py:1930} INFO - Created Permission View: can create on DAG Run:example_short_circuit_operator
[2026-05-07T19:32:29.949+0200] {logging_mixin.py:190} INFO - [2026-05-07T19:32:29.947+0200] {override.py:1930} INFO - Created Permission View: can read on DAG Run:example_short_circuit_operator
[2026-05-07T19:32:30.005+0200] {logging_mixin.py:190} INFO - [2026-05-07T19:32:30.002+0200] {override.py:1930} INFO - Created Permission View: menu access on DAG Run:example_short_circuit_operator
[2026-05-07T19:32:30.041+0200] {logging_mixin.py:190} INFO - [2026-05-07T19:32:30.040+0200] {override.py:1930} INFO - Created Permission View: can delete on DAG Run:example_short_circuit_operator
[2026-05-07T19:32:30.041+0200] {logging_mixin.py:190} INFO - [2026-05-07T19:32:30.041+0200] {dag.py:3239} INFO - Sync 1 DAGs
[2026-05-07T19:32:30.063+0200] {logging_mixin.py:190} INFO - [2026-05-07T19:32:30.063+0200] {dag.py:3262} INFO - Creating ORM DAG for example_short_circuit_operator
[2026-05-07T19:32:30.064+0200] {logging_mixin.py:190} INFO - [2026-05-07T19:32:30.064+0200] {dag.py:4180} INFO - Setting next_dagrun for example_short_circuit_operator to None, run_after=None
[2026-05-07T19:32:30.190+0200] {processor.py:208} INFO - Processing /home/rodrigo/Escritorio/BBDDAvanzadas/.venv/lib/python3.12/site-packages/airflow/example_dags/example_short_circuit_operator.py took 0.640 seconds
[2026-05-07T19:37:22.759+0200] {processor.py:186} INFO - Started process (PID=14856) to work on /home/rodrigo/Escritorio/BBDDAvanzadas/.venv/lib/python3.12/site-packages/airflow/example_dags/example_short_circuit_operator.py
[2026-05-07T19:37:22.761+0200] {processor.py:914} INFO - Processing file /home/rodrigo/Escritorio/BBDDAvanzadas/.venv/lib/python3.12/site-packages/airflow/example_dags/example_short_circuit_operator.py for tasks to queue
[2026-05-07T19:37:22.763+0200] {logging_mixin.py:190} INFO - [2026-05-07T19:37:22.762+0200] {dagbag.py:588} INFO - Filling up the DagBag from /home/rodrigo/Escritorio/BBDDAvanzadas/.venv/lib/python3.12/site-packages/airflow/example_dags/example_short_circuit_operator.py
[2026-05-07T19:37:22.769+0200] {processor.py:925} INFO - DAG(s) 'example_short_circuit_operator' retrieved from /home/rodrigo/Escritorio/BBDDAvanzadas/.venv/lib/python3.12/site-packages/airflow/example_dags/example_short_circuit_operator.py
[2026-05-07T19:37:22.783+0200] {logging_mixin.py:190} INFO - [2026-05-07T19:37:22.783+0200] {dag.py:3239} INFO - Sync 1 DAGs
[2026-05-07T19:37:22.792+0200] {logging_mixin.py:190} INFO - [2026-05-07T19:37:22.792+0200] {dag.py:4180} INFO - Setting next_dagrun for example_short_circuit_operator to None, run_after=None
[2026-05-07T19:37:22.808+0200] {processor.py:208} INFO - Processing /home/rodrigo/Escritorio/BBDDAvanzadas/.venv/lib/python3.12/site-packages/airflow/example_dags/example_short_circuit_operator.py took 0.053 seconds
[2026-05-07T19:38:26.738+0200] {processor.py:186} INFO - Started process (PID=14969) to work on /home/rodrigo/Escritorio/BBDDAvanzadas/.venv/lib/python3.12/site-packages/airflow/example_dags/example_short_circuit_operator.py
[2026-05-07T19:38:26.741+0200] {processor.py:914} INFO - Processing file /home/rodrigo/Escritorio/BBDDAvanzadas/.venv/lib/python3.12/site-packages/airflow/example_dags/example_short_circuit_operator.py for tasks to queue
[2026-05-07T19:38:26.743+0200] {logging_mixin.py:190} INFO - [2026-05-07T19:38:26.743+0200] {dagbag.py:588} INFO - Filling up the DagBag from /home/rodrigo/Escritorio/BBDDAvanzadas/.venv/lib/python3.12/site-packages/airflow/example_dags/example_short_circuit_operator.py
[2026-05-07T19:38:26.754+0200] {processor.py:925} INFO - DAG(s) 'example_short_circuit_operator' retrieved from /home/rodrigo/Escritorio/BBDDAvanzadas/.venv/lib/python3.12/site-packages/airflow/example_dags/example_short_circuit_operator.py
[2026-05-07T19:38:26.775+0200] {logging_mixin.py:190} INFO - [2026-05-07T19:38:26.769+0200] {dag.py:3239} INFO - Sync 1 DAGs
[2026-05-07T19:38:26.799+0200] {logging_mixin.py:190} INFO - [2026-05-07T19:38:26.798+0200] {dag.py:4180} INFO - Setting next_dagrun for example_short_circuit_operator to None, run_after=None
[2026-05-07T19:38:26.862+0200] {processor.py:208} INFO - Processing /home/rodrigo/Escritorio/BBDDAvanzadas/.venv/lib/python3.12/site-packages/airflow/example_dags/example_short_circuit_operator.py took 0.129 seconds
[2026-05-07T19:39:51.082+0200] {processor.py:186} INFO - Started process (PID=15068) to work on /home/rodrigo/Escritorio/BBDDAvanzadas/.venv/lib/python3.12/site-packages/airflow/example_dags/example_short_circuit_operator.py
[2026-05-07T19:39:51.088+0200] {processor.py:914} INFO - Processing file /home/rodrigo/Escritorio/BBDDAvanzadas/.venv/lib/python3.12/site-packages/airflow/example_dags/example_short_circuit_operator.py for tasks to queue
[2026-05-07T19:39:51.092+0200] {logging_mixin.py:190} INFO - [2026-05-07T19:39:51.092+0200] {dagbag.py:588} INFO - Filling up the DagBag from /home/rodrigo/Escritorio/BBDDAvanzadas/.venv/lib/python3.12/site-packages/airflow/example_dags/example_short_circuit_operator.py
[2026-05-07T19:39:51.104+0200] {processor.py:925} INFO - DAG(s) 'example_short_circuit_operator' retrieved from /home/rodrigo/Escritorio/BBDDAvanzadas/.venv/lib/python3.12/site-packages/airflow/example_dags/example_short_circuit_operator.py
[2026-05-07T19:39:51.117+0200] {logging_mixin.py:190} INFO - [2026-05-07T19:39:51.117+0200] {dag.py:3239} INFO - Sync 1 DAGs
[2026-05-07T19:39:51.133+0200] {logging_mixin.py:190} INFO - [2026-05-07T19:39:51.133+0200] {dag.py:4180} INFO - Setting next_dagrun for example_short_circuit_operator to None, run_after=None
[2026-05-07T19:39:51.158+0200] {processor.py:208} INFO - Processing /home/rodrigo/Escritorio/BBDDAvanzadas/.venv/lib/python3.12/site-packages/airflow/example_dags/example_short_circuit_operator.py took 0.080 seconds
[2026-05-07T19:41:18.848+0200] {processor.py:186} INFO - Started process (PID=15186) to work on /home/rodrigo/Escritorio/BBDDAvanzadas/.venv/lib/python3.12/site-packages/airflow/example_dags/example_short_circuit_operator.py
[2026-05-07T19:41:18.850+0200] {processor.py:914} INFO - Processing file /home/rodrigo/Escritorio/BBDDAvanzadas/.venv/lib/python3.12/site-packages/airflow/example_dags/example_short_circuit_operator.py for tasks to queue
[2026-05-07T19:41:18.852+0200] {logging_mixin.py:190} INFO - [2026-05-07T19:41:18.851+0200] {dagbag.py:588} INFO - Filling up the DagBag from /home/rodrigo/Escritorio/BBDDAvanzadas/.venv/lib/python3.12/site-packages/airflow/example_dags/example_short_circuit_operator.py
[2026-05-07T19:41:18.860+0200] {processor.py:925} INFO - DAG(s) 'example_short_circuit_operator' retrieved from /home/rodrigo/Escritorio/BBDDAvanzadas/.venv/lib/python3.12/site-packages/airflow/example_dags/example_short_circuit_operator.py
[2026-05-07T19:41:18.901+0200] {logging_mixin.py:190} INFO - [2026-05-07T19:41:18.900+0200] {dag.py:3239} INFO - Sync 1 DAGs
[2026-05-07T19:41:18.911+0200] {logging_mixin.py:190} INFO - [2026-05-07T19:41:18.911+0200] {dag.py:4180} INFO - Setting next_dagrun for example_short_circuit_operator to None, run_after=None
[2026-05-07T19:41:18.960+0200] {processor.py:208} INFO - Processing /home/rodrigo/Escritorio/BBDDAvanzadas/.venv/lib/python3.12/site-packages/airflow/example_dags/example_short_circuit_operator.py took 0.119 seconds
[2026-05-07T19:42:37.545+0200] {processor.py:186} INFO - Started process (PID=15434) to work on /home/rodrigo/Escritorio/BBDDAvanzadas/.venv/lib/python3.12/site-packages/airflow/example_dags/example_short_circuit_operator.py
[2026-05-07T19:42:37.547+0200] {processor.py:914} INFO - Processing file /home/rodrigo/Escritorio/BBDDAvanzadas/.venv/lib/python3.12/site-packages/airflow/example_dags/example_short_circuit_operator.py for tasks to queue
[2026-05-07T19:42:37.550+0200] {logging_mixin.py:190} INFO - [2026-05-07T19:42:37.549+0200] {dagbag.py:588} INFO - Filling up the DagBag from /home/rodrigo/Escritorio/BBDDAvanzadas/.venv/lib/python3.12/site-packages/airflow/example_dags/example_short_circuit_operator.py
[2026-05-07T19:42:37.564+0200] {processor.py:925} INFO - DAG(s) 'example_short_circuit_operator' retrieved from /home/rodrigo/Escritorio/BBDDAvanzadas/.venv/lib/python3.12/site-packages/airflow/example_dags/example_short_circuit_operator.py
[2026-05-07T19:42:37.578+0200] {logging_mixin.py:190} INFO - [2026-05-07T19:42:37.578+0200] {dag.py:3239} INFO - Sync 1 DAGs
[2026-05-07T19:42:37.591+0200] {logging_mixin.py:190} INFO - [2026-05-07T19:42:37.591+0200] {dag.py:4180} INFO - Setting next_dagrun for example_short_circuit_operator to None, run_after=None
[2026-05-07T19:42:37.661+0200] {processor.py:208} INFO - Processing /home/rodrigo/Escritorio/BBDDAvanzadas/.venv/lib/python3.12/site-packages/airflow/example_dags/example_short_circuit_operator.py took 0.120 seconds
[2026-05-07T19:43:47.427+0200] {processor.py:186} INFO - Started process (PID=15628) to work on /home/rodrigo/Escritorio/BBDDAvanzadas/.venv/lib/python3.12/site-packages/airflow/example_dags/example_short_circuit_operator.py
[2026-05-07T19:43:47.429+0200] {processor.py:914} INFO - Processing file /home/rodrigo/Escritorio/BBDDAvanzadas/.venv/lib/python3.12/site-packages/airflow/example_dags/example_short_circuit_operator.py for tasks to queue
[2026-05-07T19:43:47.431+0200] {logging_mixin.py:190} INFO - [2026-05-07T19:43:47.431+0200] {dagbag.py:588} INFO - Filling up the DagBag from /home/rodrigo/Escritorio/BBDDAvanzadas/.venv/lib/python3.12/site-packages/airflow/example_dags/example_short_circuit_operator.py
[2026-05-07T19:43:47.440+0200] {processor.py:925} INFO - DAG(s) 'example_short_circuit_operator' retrieved from /home/rodrigo/Escritorio/BBDDAvanzadas/.venv/lib/python3.12/site-packages/airflow/example_dags/example_short_circuit_operator.py
[2026-05-07T19:43:47.456+0200] {logging_mixin.py:190} INFO - [2026-05-07T19:43:47.456+0200] {dag.py:3239} INFO - Sync 1 DAGs
[2026-05-07T19:43:47.576+0200] {logging_mixin.py:190} INFO - [2026-05-07T19:43:47.576+0200] {dag.py:4180} INFO - Setting next_dagrun for example_short_circuit_operator to None, run_after=None
[2026-05-07T19:43:47.593+0200] {processor.py:208} INFO - Processing /home/rodrigo/Escritorio/BBDDAvanzadas/.venv/lib/python3.12/site-packages/airflow/example_dags/example_short_circuit_operator.py took 0.175 seconds
[2026-05-07T19:45:28.882+0200] {processor.py:186} INFO - Started process (PID=15885) to work on /home/rodrigo/Escritorio/BBDDAvanzadas/.venv/lib/python3.12/site-packages/airflow/example_dags/example_short_circuit_operator.py
[2026-05-07T19:45:28.888+0200] {processor.py:914} INFO - Processing file /home/rodrigo/Escritorio/BBDDAvanzadas/.venv/lib/python3.12/site-packages/airflow/example_dags/example_short_circuit_operator.py for tasks to queue
[2026-05-07T19:45:28.889+0200] {logging_mixin.py:190} INFO - [2026-05-07T19:45:28.889+0200] {dagbag.py:588} INFO - Filling up the DagBag from /home/rodrigo/Escritorio/BBDDAvanzadas/.venv/lib/python3.12/site-packages/airflow/example_dags/example_short_circuit_operator.py
[2026-05-07T19:45:28.896+0200] {processor.py:925} INFO - DAG(s) 'example_short_circuit_operator' retrieved from /home/rodrigo/Escritorio/BBDDAvanzadas/.venv/lib/python3.12/site-packages/airflow/example_dags/example_short_circuit_operator.py
[2026-05-07T19:45:28.910+0200] {logging_mixin.py:190} INFO - [2026-05-07T19:45:28.910+0200] {dag.py:3239} INFO - Sync 1 DAGs
[2026-05-07T19:45:28.919+0200] {logging_mixin.py:190} INFO - [2026-05-07T19:45:28.919+0200] {dag.py:4180} INFO - Setting next_dagrun for example_short_circuit_operator to None, run_after=None
[2026-05-07T19:45:28.936+0200] {processor.py:208} INFO - Processing /home/rodrigo/Escritorio/BBDDAvanzadas/.venv/lib/python3.12/site-packages/airflow/example_dags/example_short_circuit_operator.py took 0.059 seconds
[2026-05-07T19:47:02.955+0200] {processor.py:186} INFO - Started process (PID=16025) to work on /home/rodrigo/Escritorio/BBDDAvanzadas/.venv/lib/python3.12/site-packages/airflow/example_dags/example_short_circuit_operator.py
[2026-05-07T19:47:02.958+0200] {processor.py:914} INFO - Processing file /home/rodrigo/Escritorio/BBDDAvanzadas/.venv/lib/python3.12/site-packages/airflow/example_dags/example_short_circuit_operator.py for tasks to queue
[2026-05-07T19:47:02.961+0200] {logging_mixin.py:190} INFO - [2026-05-07T19:47:02.961+0200] {dagbag.py:588} INFO - Filling up the DagBag from /home/rodrigo/Escritorio/BBDDAvanzadas/.venv/lib/python3.12/site-packages/airflow/example_dags/example_short_circuit_operator.py
[2026-05-07T19:47:02.969+0200] {processor.py:925} INFO - DAG(s) 'example_short_circuit_operator' retrieved from /home/rodrigo/Escritorio/BBDDAvanzadas/.venv/lib/python3.12/site-packages/airflow/example_dags/example_short_circuit_operator.py
[2026-05-07T19:47:02.984+0200] {logging_mixin.py:190} INFO - [2026-05-07T19:47:02.984+0200] {dag.py:3239} INFO - Sync 1 DAGs
[2026-05-07T19:47:02.994+0200] {logging_mixin.py:190} INFO - [2026-05-07T19:47:02.994+0200] {dag.py:4180} INFO - Setting next_dagrun for example_short_circuit_operator to None, run_after=None
[2026-05-07T19:47:03.017+0200] {processor.py:208} INFO - Processing /home/rodrigo/Escritorio/BBDDAvanzadas/.venv/lib/python3.12/site-packages/airflow/example_dags/example_short_circuit_operator.py took 0.075 seconds
[2026-05-07T19:48:08.850+0200] {processor.py:186} INFO - Started process (PID=16176) to work on /home/rodrigo/Escritorio/BBDDAvanzadas/.venv/lib/python3.12/site-packages/airflow/example_dags/example_short_circuit_operator.py
[2026-05-07T19:48:08.851+0200] {processor.py:914} INFO - Processing file /home/rodrigo/Escritorio/BBDDAvanzadas/.venv/lib/python3.12/site-packages/airflow/example_dags/example_short_circuit_operator.py for tasks to queue
[2026-05-07T19:48:08.852+0200] {logging_mixin.py:190} INFO - [2026-05-07T19:48:08.852+0200] {dagbag.py:588} INFO - Filling up the DagBag from /home/rodrigo/Escritorio/BBDDAvanzadas/.venv/lib/python3.12/site-packages/airflow/example_dags/example_short_circuit_operator.py
[2026-05-07T19:48:08.859+0200] {processor.py:925} INFO - DAG(s) 'example_short_circuit_operator' retrieved from /home/rodrigo/Escritorio/BBDDAvanzadas/.venv/lib/python3.12/site-packages/airflow/example_dags/example_short_circuit_operator.py
[2026-05-07T19:48:08.873+0200] {logging_mixin.py:190} INFO - [2026-05-07T19:48:08.872+0200] {dag.py:3239} INFO - Sync 1 DAGs
[2026-05-07T19:48:08.883+0200] {logging_mixin.py:190} INFO - [2026-05-07T19:48:08.882+0200] {dag.py:4180} INFO - Setting next_dagrun for example_short_circuit_operator to None, run_after=None
[2026-05-07T19:48:08.901+0200] {processor.py:208} INFO - Processing /home/rodrigo/Escritorio/BBDDAvanzadas/.venv/lib/python3.12/site-packages/airflow/example_dags/example_short_circuit_operator.py took 0.056 seconds
[2026-05-07T19:49:54.196+0200] {processor.py:186} INFO - Started process (PID=16302) to work on /home/rodrigo/Escritorio/BBDDAvanzadas/.venv/lib/python3.12/site-packages/airflow/example_dags/example_short_circuit_operator.py
[2026-05-07T19:49:54.197+0200] {processor.py:914} INFO - Processing file /home/rodrigo/Escritorio/BBDDAvanzadas/.venv/lib/python3.12/site-packages/airflow/example_dags/example_short_circuit_operator.py for tasks to queue
[2026-05-07T19:49:54.199+0200] {logging_mixin.py:190} INFO - [2026-05-07T19:49:54.199+0200] {dagbag.py:588} INFO - Filling up the DagBag from /home/rodrigo/Escritorio/BBDDAvanzadas/.venv/lib/python3.12/site-packages/airflow/example_dags/example_short_circuit_operator.py
[2026-05-07T19:49:54.224+0200] {processor.py:925} INFO - DAG(s) 'example_short_circuit_operator' retrieved from /home/rodrigo/Escritorio/BBDDAvanzadas/.venv/lib/python3.12/site-packages/airflow/example_dags/example_short_circuit_operator.py
[2026-05-07T19:49:54.267+0200] {logging_mixin.py:190} INFO - [2026-05-07T19:49:54.267+0200] {dag.py:3239} INFO - Sync 1 DAGs
[2026-05-07T19:49:54.286+0200] {logging_mixin.py:190} INFO - [2026-05-07T19:49:54.285+0200] {dag.py:4180} INFO - Setting next_dagrun for example_short_circuit_operator to None, run_after=None
[2026-05-07T19:49:54.327+0200] {processor.py:208} INFO - Processing /home/rodrigo/Escritorio/BBDDAvanzadas/.venv/lib/python3.12/site-packages/airflow/example_dags/example_short_circuit_operator.py took 0.135 seconds
[2026-05-07T19:51:32.947+0200] {processor.py:186} INFO - Started process (PID=16395) to work on /home/rodrigo/Escritorio/BBDDAvanzadas/.venv/lib/python3.12/site-packages/airflow/example_dags/example_short_circuit_operator.py
[2026-05-07T19:51:32.950+0200] {processor.py:914} INFO - Processing file /home/rodrigo/Escritorio/BBDDAvanzadas/.venv/lib/python3.12/site-packages/airflow/example_dags/example_short_circuit_operator.py for tasks to queue
[2026-05-07T19:51:32.952+0200] {logging_mixin.py:190} INFO - [2026-05-07T19:51:32.952+0200] {dagbag.py:588} INFO - Filling up the DagBag from /home/rodrigo/Escritorio/BBDDAvanzadas/.venv/lib/python3.12/site-packages/airflow/example_dags/example_short_circuit_operator.py
[2026-05-07T19:51:32.960+0200] {processor.py:925} INFO - DAG(s) 'example_short_circuit_operator' retrieved from /home/rodrigo/Escritorio/BBDDAvanzadas/.venv/lib/python3.12/site-packages/airflow/example_dags/example_short_circuit_operator.py
[2026-05-07T19:51:32.980+0200] {logging_mixin.py:190} INFO - [2026-05-07T19:51:32.980+0200] {dag.py:3239} INFO - Sync 1 DAGs
[2026-05-07T19:51:32.998+0200] {logging_mixin.py:190} INFO - [2026-05-07T19:51:32.998+0200] {dag.py:4180} INFO - Setting next_dagrun for example_short_circuit_operator to None, run_after=None
[2026-05-07T19:51:33.051+0200] {processor.py:208} INFO - Processing /home/rodrigo/Escritorio/BBDDAvanzadas/.venv/lib/python3.12/site-packages/airflow/example_dags/example_short_circuit_operator.py took 0.131 seconds
