[2026-05-07T19:32:26.514+0200] {processor.py:186} INFO - Started process (PID=14331) to work on /home/rodrigo/Escritorio/BBDDAvanzadas/.venv/lib/python3.12/site-packages/airflow/example_dags/example_sla_dag.py
[2026-05-07T19:32:26.514+0200] {processor.py:914} INFO - Processing file /home/rodrigo/Escritorio/BBDDAvanzadas/.venv/lib/python3.12/site-packages/airflow/example_dags/example_sla_dag.py for tasks to queue
[2026-05-07T19:32:26.516+0200] {logging_mixin.py:190} INFO - [2026-05-07T19:32:26.516+0200] {dagbag.py:588} INFO - Filling up the DagBag from /home/rodrigo/Escritorio/BBDDAvanzadas/.venv/lib/python3.12/site-packages/airflow/example_dags/example_sla_dag.py
[2026-05-07T19:32:26.523+0200] {processor.py:925} INFO - DAG(s) 'example_sla_dag' retrieved from /home/rodrigo/Escritorio/BBDDAvanzadas/.venv/lib/python3.12/site-packages/airflow/example_dags/example_sla_dag.py
[2026-05-07T19:32:26.621+0200] {logging_mixin.py:190} INFO - [2026-05-07T19:32:26.618+0200] {override.py:1930} INFO - Created Permission View: can read on DAG:example_sla_dag
[2026-05-07T19:32:26.633+0200] {logging_mixin.py:190} INFO - [2026-05-07T19:32:26.633+0200] {override.py:1930} INFO - Created Permission View: can edit on DAG:example_sla_dag
[2026-05-07T19:32:26.642+0200] {logging_mixin.py:190} INFO - [2026-05-07T19:32:26.641+0200] {override.py:1930} INFO - Created Permission View: can delete on DAG:example_sla_dag
[2026-05-07T19:32:26.659+0200] {logging_mixin.py:190} INFO - [2026-05-07T19:32:26.659+0200] {override.py:1930} INFO - Created Permission View: can create on DAG Run:example_sla_dag
[2026-05-07T19:32:26.667+0200] {logging_mixin.py:190} INFO - [2026-05-07T19:32:26.667+0200] {override.py:1930} INFO - Created Permission View: can read on DAG Run:example_sla_dag
[2026-05-07T19:32:26.678+0200] {logging_mixin.py:190} INFO - [2026-05-07T19:32:26.678+0200] {override.py:1930} INFO - Created Permission View: menu access on DAG Run:example_sla_dag
[2026-05-07T19:32:26.687+0200] {logging_mixin.py:190} INFO - [2026-05-07T19:32:26.687+0200] {override.py:1930} INFO - Created Permission View: can delete on DAG Run:example_sla_dag
[2026-05-07T19:32:26.687+0200] {logging_mixin.py:190} INFO - [2026-05-07T19:32:26.687+0200] {dag.py:3239} INFO - Sync 1 DAGs
[2026-05-07T19:32:26.696+0200] {logging_mixin.py:190} INFO - [2026-05-07T19:32:26.696+0200] {dag.py:3262} INFO - Creating ORM DAG for example_sla_dag
[2026-05-07T19:32:26.704+0200] {logging_mixin.py:190} INFO - [2026-05-07T19:32:26.704+0200] {dag.py:4180} INFO - Setting next_dagrun for example_sla_dag to 2026-05-07 17:30:00+00:00, run_after=2026-05-07 17:32:00+00:00
[2026-05-07T19:32:26.722+0200] {processor.py:208} INFO - Processing /home/rodrigo/Escritorio/BBDDAvanzadas/.venv/lib/python3.12/site-packages/airflow/example_dags/example_sla_dag.py took 0.212 seconds
[2026-05-07T19:37:20.422+0200] {processor.py:186} INFO - Started process (PID=14846) to work on /home/rodrigo/Escritorio/BBDDAvanzadas/.venv/lib/python3.12/site-packages/airflow/example_dags/example_sla_dag.py
[2026-05-07T19:37:20.424+0200] {processor.py:914} INFO - Processing file /home/rodrigo/Escritorio/BBDDAvanzadas/.venv/lib/python3.12/site-packages/airflow/example_dags/example_sla_dag.py for tasks to queue
[2026-05-07T19:37:20.426+0200] {logging_mixin.py:190} INFO - [2026-05-07T19:37:20.426+0200] {dagbag.py:588} INFO - Filling up the DagBag from /home/rodrigo/Escritorio/BBDDAvanzadas/.venv/lib/python3.12/site-packages/airflow/example_dags/example_sla_dag.py
[2026-05-07T19:37:20.435+0200] {processor.py:925} INFO - DAG(s) 'example_sla_dag' retrieved from /home/rodrigo/Escritorio/BBDDAvanzadas/.venv/lib/python3.12/site-packages/airflow/example_dags/example_sla_dag.py
[2026-05-07T19:37:20.450+0200] {logging_mixin.py:190} INFO - [2026-05-07T19:37:20.450+0200] {dag.py:3239} INFO - Sync 1 DAGs
[2026-05-07T19:37:20.472+0200] {logging_mixin.py:190} INFO - [2026-05-07T19:37:20.472+0200] {dag.py:4180} INFO - Setting next_dagrun for example_sla_dag to 2026-05-07 17:34:00+00:00, run_after=2026-05-07 17:36:00+00:00
[2026-05-07T19:37:20.490+0200] {processor.py:208} INFO - Processing /home/rodrigo/Escritorio/BBDDAvanzadas/.venv/lib/python3.12/site-packages/airflow/example_dags/example_sla_dag.py took 0.074 seconds
[2026-05-07T19:38:24.228+0200] {processor.py:186} INFO - Started process (PID=14967) to work on /home/rodrigo/Escritorio/BBDDAvanzadas/.venv/lib/python3.12/site-packages/airflow/example_dags/example_sla_dag.py
[2026-05-07T19:38:24.231+0200] {processor.py:914} INFO - Processing file /home/rodrigo/Escritorio/BBDDAvanzadas/.venv/lib/python3.12/site-packages/airflow/example_dags/example_sla_dag.py for tasks to queue
[2026-05-07T19:38:24.238+0200] {logging_mixin.py:190} INFO - [2026-05-07T19:38:24.237+0200] {dagbag.py:588} INFO - Filling up the DagBag from /home/rodrigo/Escritorio/BBDDAvanzadas/.venv/lib/python3.12/site-packages/airflow/example_dags/example_sla_dag.py
[2026-05-07T19:38:24.246+0200] {processor.py:925} INFO - DAG(s) 'example_sla_dag' retrieved from /home/rodrigo/Escritorio/BBDDAvanzadas/.venv/lib/python3.12/site-packages/airflow/example_dags/example_sla_dag.py
[2026-05-07T19:38:24.271+0200] {logging_mixin.py:190} INFO - [2026-05-07T19:38:24.271+0200] {dag.py:3239} INFO - Sync 1 DAGs
[2026-05-07T19:38:24.310+0200] {logging_mixin.py:190} INFO - [2026-05-07T19:38:24.310+0200] {dag.py:4180} INFO - Setting next_dagrun for example_sla_dag to 2026-05-07 17:36:00+00:00, run_after=2026-05-07 17:38:00+00:00
[2026-05-07T19:38:24.332+0200] {processor.py:208} INFO - Processing /home/rodrigo/Escritorio/BBDDAvanzadas/.venv/lib/python3.12/site-packages/airflow/example_dags/example_sla_dag.py took 0.107 seconds
[2026-05-07T19:39:48.748+0200] {processor.py:186} INFO - Started process (PID=15065) to work on /home/rodrigo/Escritorio/BBDDAvanzadas/.venv/lib/python3.12/site-packages/airflow/example_dags/example_sla_dag.py
[2026-05-07T19:39:48.750+0200] {processor.py:914} INFO - Processing file /home/rodrigo/Escritorio/BBDDAvanzadas/.venv/lib/python3.12/site-packages/airflow/example_dags/example_sla_dag.py for tasks to queue
[2026-05-07T19:39:48.758+0200] {logging_mixin.py:190} INFO - [2026-05-07T19:39:48.756+0200] {dagbag.py:588} INFO - Filling up the DagBag from /home/rodrigo/Escritorio/BBDDAvanzadas/.venv/lib/python3.12/site-packages/airflow/example_dags/example_sla_dag.py
[2026-05-07T19:39:48.797+0200] {processor.py:925} INFO - DAG(s) 'example_sla_dag' retrieved from /home/rodrigo/Escritorio/BBDDAvanzadas/.venv/lib/python3.12/site-packages/airflow/example_dags/example_sla_dag.py
[2026-05-07T19:39:48.812+0200] {logging_mixin.py:190} INFO - [2026-05-07T19:39:48.812+0200] {dag.py:3239} INFO - Sync 1 DAGs
[2026-05-07T19:39:48.831+0200] {logging_mixin.py:190} INFO - [2026-05-07T19:39:48.831+0200] {dag.py:4180} INFO - Setting next_dagrun for example_sla_dag to 2026-05-07 17:36:00+00:00, run_after=2026-05-07 17:38:00+00:00
[2026-05-07T19:39:48.894+0200] {processor.py:208} INFO - Processing /home/rodrigo/Escritorio/BBDDAvanzadas/.venv/lib/python3.12/site-packages/airflow/example_dags/example_sla_dag.py took 0.151 seconds
[2026-05-07T19:41:16.244+0200] {processor.py:186} INFO - Started process (PID=15184) to work on /home/rodrigo/Escritorio/BBDDAvanzadas/.venv/lib/python3.12/site-packages/airflow/example_dags/example_sla_dag.py
[2026-05-07T19:41:16.246+0200] {processor.py:914} INFO - Processing file /home/rodrigo/Escritorio/BBDDAvanzadas/.venv/lib/python3.12/site-packages/airflow/example_dags/example_sla_dag.py for tasks to queue
[2026-05-07T19:41:16.251+0200] {logging_mixin.py:190} INFO - [2026-05-07T19:41:16.251+0200] {dagbag.py:588} INFO - Filling up the DagBag from /home/rodrigo/Escritorio/BBDDAvanzadas/.venv/lib/python3.12/site-packages/airflow/example_dags/example_sla_dag.py
[2026-05-07T19:41:16.268+0200] {processor.py:925} INFO - DAG(s) 'example_sla_dag' retrieved from /home/rodrigo/Escritorio/BBDDAvanzadas/.venv/lib/python3.12/site-packages/airflow/example_dags/example_sla_dag.py
[2026-05-07T19:41:16.280+0200] {logging_mixin.py:190} INFO - [2026-05-07T19:41:16.280+0200] {dag.py:3239} INFO - Sync 1 DAGs
[2026-05-07T19:41:16.302+0200] {logging_mixin.py:190} INFO - [2026-05-07T19:41:16.301+0200] {dag.py:4180} INFO - Setting next_dagrun for example_sla_dag to 2026-05-07 17:38:00+00:00, run_after=2026-05-07 17:40:00+00:00
[2026-05-07T19:41:16.356+0200] {processor.py:208} INFO - Processing /home/rodrigo/Escritorio/BBDDAvanzadas/.venv/lib/python3.12/site-packages/airflow/example_dags/example_sla_dag.py took 0.117 seconds
[2026-05-07T19:42:35.067+0200] {processor.py:186} INFO - Started process (PID=15431) to work on /home/rodrigo/Escritorio/BBDDAvanzadas/.venv/lib/python3.12/site-packages/airflow/example_dags/example_sla_dag.py
[2026-05-07T19:42:35.069+0200] {processor.py:914} INFO - Processing file /home/rodrigo/Escritorio/BBDDAvanzadas/.venv/lib/python3.12/site-packages/airflow/example_dags/example_sla_dag.py for tasks to queue
[2026-05-07T19:42:35.071+0200] {logging_mixin.py:190} INFO - [2026-05-07T19:42:35.070+0200] {dagbag.py:588} INFO - Filling up the DagBag from /home/rodrigo/Escritorio/BBDDAvanzadas/.venv/lib/python3.12/site-packages/airflow/example_dags/example_sla_dag.py
[2026-05-07T19:42:35.078+0200] {processor.py:925} INFO - DAG(s) 'example_sla_dag' retrieved from /home/rodrigo/Escritorio/BBDDAvanzadas/.venv/lib/python3.12/site-packages/airflow/example_dags/example_sla_dag.py
[2026-05-07T19:42:35.089+0200] {logging_mixin.py:190} INFO - [2026-05-07T19:42:35.088+0200] {dag.py:3239} INFO - Sync 1 DAGs
[2026-05-07T19:42:35.102+0200] {logging_mixin.py:190} INFO - [2026-05-07T19:42:35.102+0200] {dag.py:4180} INFO - Setting next_dagrun for example_sla_dag to 2026-05-07 17:40:00+00:00, run_after=2026-05-07 17:42:00+00:00
[2026-05-07T19:42:35.118+0200] {processor.py:208} INFO - Processing /home/rodrigo/Escritorio/BBDDAvanzadas/.venv/lib/python3.12/site-packages/airflow/example_dags/example_sla_dag.py took 0.055 seconds
[2026-05-07T19:43:44.507+0200] {processor.py:186} INFO - Started process (PID=15621) to work on /home/rodrigo/Escritorio/BBDDAvanzadas/.venv/lib/python3.12/site-packages/airflow/example_dags/example_sla_dag.py
[2026-05-07T19:43:44.512+0200] {processor.py:914} INFO - Processing file /home/rodrigo/Escritorio/BBDDAvanzadas/.venv/lib/python3.12/site-packages/airflow/example_dags/example_sla_dag.py for tasks to queue
[2026-05-07T19:43:44.514+0200] {logging_mixin.py:190} INFO - [2026-05-07T19:43:44.513+0200] {dagbag.py:588} INFO - Filling up the DagBag from /home/rodrigo/Escritorio/BBDDAvanzadas/.venv/lib/python3.12/site-packages/airflow/example_dags/example_sla_dag.py
[2026-05-07T19:43:44.521+0200] {processor.py:925} INFO - DAG(s) 'example_sla_dag' retrieved from /home/rodrigo/Escritorio/BBDDAvanzadas/.venv/lib/python3.12/site-packages/airflow/example_dags/example_sla_dag.py
[2026-05-07T19:43:44.531+0200] {logging_mixin.py:190} INFO - [2026-05-07T19:43:44.530+0200] {dag.py:3239} INFO - Sync 1 DAGs
[2026-05-07T19:43:44.631+0200] {logging_mixin.py:190} INFO - [2026-05-07T19:43:44.631+0200] {dag.py:4180} INFO - Setting next_dagrun for example_sla_dag to 2026-05-07 17:40:00+00:00, run_after=2026-05-07 17:42:00+00:00
[2026-05-07T19:43:44.650+0200] {processor.py:208} INFO - Processing /home/rodrigo/Escritorio/BBDDAvanzadas/.venv/lib/python3.12/site-packages/airflow/example_dags/example_sla_dag.py took 0.147 seconds
[2026-05-07T19:45:25.192+0200] {processor.py:186} INFO - Started process (PID=15883) to work on /home/rodrigo/Escritorio/BBDDAvanzadas/.venv/lib/python3.12/site-packages/airflow/example_dags/example_sla_dag.py
[2026-05-07T19:45:25.194+0200] {processor.py:914} INFO - Processing file /home/rodrigo/Escritorio/BBDDAvanzadas/.venv/lib/python3.12/site-packages/airflow/example_dags/example_sla_dag.py for tasks to queue
[2026-05-07T19:45:25.196+0200] {logging_mixin.py:190} INFO - [2026-05-07T19:45:25.196+0200] {dagbag.py:588} INFO - Filling up the DagBag from /home/rodrigo/Escritorio/BBDDAvanzadas/.venv/lib/python3.12/site-packages/airflow/example_dags/example_sla_dag.py
[2026-05-07T19:45:25.205+0200] {processor.py:925} INFO - DAG(s) 'example_sla_dag' retrieved from /home/rodrigo/Escritorio/BBDDAvanzadas/.venv/lib/python3.12/site-packages/airflow/example_dags/example_sla_dag.py
[2026-05-07T19:45:25.216+0200] {logging_mixin.py:190} INFO - [2026-05-07T19:45:25.216+0200] {dag.py:3239} INFO - Sync 1 DAGs
[2026-05-07T19:45:25.231+0200] {logging_mixin.py:190} INFO - [2026-05-07T19:45:25.231+0200] {dag.py:4180} INFO - Setting next_dagrun for example_sla_dag to 2026-05-07 17:42:00+00:00, run_after=2026-05-07 17:44:00+00:00
[2026-05-07T19:45:25.248+0200] {processor.py:208} INFO - Processing /home/rodrigo/Escritorio/BBDDAvanzadas/.venv/lib/python3.12/site-packages/airflow/example_dags/example_sla_dag.py took 0.061 seconds
[2026-05-07T19:47:00.647+0200] {processor.py:186} INFO - Started process (PID=16023) to work on /home/rodrigo/Escritorio/BBDDAvanzadas/.venv/lib/python3.12/site-packages/airflow/example_dags/example_sla_dag.py
[2026-05-07T19:47:00.648+0200] {processor.py:914} INFO - Processing file /home/rodrigo/Escritorio/BBDDAvanzadas/.venv/lib/python3.12/site-packages/airflow/example_dags/example_sla_dag.py for tasks to queue
[2026-05-07T19:47:00.650+0200] {logging_mixin.py:190} INFO - [2026-05-07T19:47:00.650+0200] {dagbag.py:588} INFO - Filling up the DagBag from /home/rodrigo/Escritorio/BBDDAvanzadas/.venv/lib/python3.12/site-packages/airflow/example_dags/example_sla_dag.py
[2026-05-07T19:47:00.659+0200] {processor.py:925} INFO - DAG(s) 'example_sla_dag' retrieved from /home/rodrigo/Escritorio/BBDDAvanzadas/.venv/lib/python3.12/site-packages/airflow/example_dags/example_sla_dag.py
[2026-05-07T19:47:00.670+0200] {logging_mixin.py:190} INFO - [2026-05-07T19:47:00.670+0200] {dag.py:3239} INFO - Sync 1 DAGs
[2026-05-07T19:47:00.684+0200] {logging_mixin.py:190} INFO - [2026-05-07T19:47:00.684+0200] {dag.py:4180} INFO - Setting next_dagrun for example_sla_dag to 2026-05-07 17:44:00+00:00, run_after=2026-05-07 17:46:00+00:00
[2026-05-07T19:47:00.700+0200] {processor.py:208} INFO - Processing /home/rodrigo/Escritorio/BBDDAvanzadas/.venv/lib/python3.12/site-packages/airflow/example_dags/example_sla_dag.py took 0.061 seconds
[2026-05-07T19:48:06.189+0200] {processor.py:186} INFO - Started process (PID=16174) to work on /home/rodrigo/Escritorio/BBDDAvanzadas/.venv/lib/python3.12/site-packages/airflow/example_dags/example_sla_dag.py
[2026-05-07T19:48:06.196+0200] {processor.py:914} INFO - Processing file /home/rodrigo/Escritorio/BBDDAvanzadas/.venv/lib/python3.12/site-packages/airflow/example_dags/example_sla_dag.py for tasks to queue
[2026-05-07T19:48:06.198+0200] {logging_mixin.py:190} INFO - [2026-05-07T19:48:06.197+0200] {dagbag.py:588} INFO - Filling up the DagBag from /home/rodrigo/Escritorio/BBDDAvanzadas/.venv/lib/python3.12/site-packages/airflow/example_dags/example_sla_dag.py
[2026-05-07T19:48:06.211+0200] {processor.py:925} INFO - DAG(s) 'example_sla_dag' retrieved from /home/rodrigo/Escritorio/BBDDAvanzadas/.venv/lib/python3.12/site-packages/airflow/example_dags/example_sla_dag.py
[2026-05-07T19:48:06.246+0200] {logging_mixin.py:190} INFO - [2026-05-07T19:48:06.245+0200] {dag.py:3239} INFO - Sync 1 DAGs
[2026-05-07T19:48:06.275+0200] {logging_mixin.py:190} INFO - [2026-05-07T19:48:06.275+0200] {dag.py:4180} INFO - Setting next_dagrun for example_sla_dag to 2026-05-07 17:46:00+00:00, run_after=2026-05-07 17:48:00+00:00
[2026-05-07T19:48:06.370+0200] {processor.py:208} INFO - Processing /home/rodrigo/Escritorio/BBDDAvanzadas/.venv/lib/python3.12/site-packages/airflow/example_dags/example_sla_dag.py took 0.188 seconds
[2026-05-07T19:49:05.799+0200] {processor.py:186} INFO - Started process (PID=16236) to work on /home/rodrigo/Escritorio/BBDDAvanzadas/.venv/lib/python3.12/site-packages/airflow/example_dags/example_sla_dag.py
[2026-05-07T19:49:05.801+0200] {processor.py:914} INFO - Processing file /home/rodrigo/Escritorio/BBDDAvanzadas/.venv/lib/python3.12/site-packages/airflow/example_dags/example_sla_dag.py for tasks to queue
[2026-05-07T19:49:05.802+0200] {logging_mixin.py:190} INFO - [2026-05-07T19:49:05.802+0200] {dagbag.py:588} INFO - Filling up the DagBag from /home/rodrigo/Escritorio/BBDDAvanzadas/.venv/lib/python3.12/site-packages/airflow/example_dags/example_sla_dag.py
[2026-05-07T19:49:05.810+0200] {processor.py:925} INFO - DAG(s) 'example_sla_dag' retrieved from /home/rodrigo/Escritorio/BBDDAvanzadas/.venv/lib/python3.12/site-packages/airflow/example_dags/example_sla_dag.py
[2026-05-07T19:49:05.821+0200] {logging_mixin.py:190} INFO - [2026-05-07T19:49:05.820+0200] {dag.py:3239} INFO - Sync 1 DAGs
[2026-05-07T19:49:05.836+0200] {logging_mixin.py:190} INFO - [2026-05-07T19:49:05.835+0200] {dag.py:4180} INFO - Setting next_dagrun for example_sla_dag to 2026-05-07 17:46:00+00:00, run_after=2026-05-07 17:48:00+00:00
[2026-05-07T19:49:05.854+0200] {processor.py:208} INFO - Processing /home/rodrigo/Escritorio/BBDDAvanzadas/.venv/lib/python3.12/site-packages/airflow/example_dags/example_sla_dag.py took 0.060 seconds
[2026-05-07T19:50:51.568+0200] {processor.py:186} INFO - Started process (PID=16356) to work on /home/rodrigo/Escritorio/BBDDAvanzadas/.venv/lib/python3.12/site-packages/airflow/example_dags/example_sla_dag.py
[2026-05-07T19:50:51.570+0200] {processor.py:914} INFO - Processing file /home/rodrigo/Escritorio/BBDDAvanzadas/.venv/lib/python3.12/site-packages/airflow/example_dags/example_sla_dag.py for tasks to queue
[2026-05-07T19:50:51.572+0200] {logging_mixin.py:190} INFO - [2026-05-07T19:50:51.572+0200] {dagbag.py:588} INFO - Filling up the DagBag from /home/rodrigo/Escritorio/BBDDAvanzadas/.venv/lib/python3.12/site-packages/airflow/example_dags/example_sla_dag.py
[2026-05-07T19:50:51.580+0200] {processor.py:925} INFO - DAG(s) 'example_sla_dag' retrieved from /home/rodrigo/Escritorio/BBDDAvanzadas/.venv/lib/python3.12/site-packages/airflow/example_dags/example_sla_dag.py
[2026-05-07T19:50:51.592+0200] {logging_mixin.py:190} INFO - [2026-05-07T19:50:51.592+0200] {dag.py:3239} INFO - Sync 1 DAGs
[2026-05-07T19:50:51.607+0200] {logging_mixin.py:190} INFO - [2026-05-07T19:50:51.607+0200] {dag.py:4180} INFO - Setting next_dagrun for example_sla_dag to 2026-05-07 17:48:00+00:00, run_after=2026-05-07 17:50:00+00:00
[2026-05-07T19:50:51.623+0200] {processor.py:208} INFO - Processing /home/rodrigo/Escritorio/BBDDAvanzadas/.venv/lib/python3.12/site-packages/airflow/example_dags/example_sla_dag.py took 0.058 seconds
[2026-05-07T19:52:12.329+0200] {processor.py:186} INFO - Started process (PID=16441) to work on /home/rodrigo/Escritorio/BBDDAvanzadas/.venv/lib/python3.12/site-packages/airflow/example_dags/example_sla_dag.py
[2026-05-07T19:52:12.331+0200] {processor.py:914} INFO - Processing file /home/rodrigo/Escritorio/BBDDAvanzadas/.venv/lib/python3.12/site-packages/airflow/example_dags/example_sla_dag.py for tasks to queue
[2026-05-07T19:52:12.333+0200] {logging_mixin.py:190} INFO - [2026-05-07T19:52:12.333+0200] {dagbag.py:588} INFO - Filling up the DagBag from /home/rodrigo/Escritorio/BBDDAvanzadas/.venv/lib/python3.12/site-packages/airflow/example_dags/example_sla_dag.py
[2026-05-07T19:52:12.341+0200] {processor.py:925} INFO - DAG(s) 'example_sla_dag' retrieved from /home/rodrigo/Escritorio/BBDDAvanzadas/.venv/lib/python3.12/site-packages/airflow/example_dags/example_sla_dag.py
[2026-05-07T19:52:12.351+0200] {logging_mixin.py:190} INFO - [2026-05-07T19:52:12.351+0200] {dag.py:3239} INFO - Sync 1 DAGs
[2026-05-07T19:52:12.365+0200] {logging_mixin.py:190} INFO - [2026-05-07T19:52:12.365+0200] {dag.py:4180} INFO - Setting next_dagrun for example_sla_dag to 2026-05-07 17:50:00+00:00, run_after=2026-05-07 17:52:00+00:00
[2026-05-07T19:52:12.380+0200] {processor.py:208} INFO - Processing /home/rodrigo/Escritorio/BBDDAvanzadas/.venv/lib/python3.12/site-packages/airflow/example_dags/example_sla_dag.py took 0.055 seconds
[2026-05-07T19:53:23.844+0200] {processor.py:186} INFO - Started process (PID=16754) to work on /home/rodrigo/Escritorio/BBDDAvanzadas/.venv/lib/python3.12/site-packages/airflow/example_dags/example_sla_dag.py
[2026-05-07T19:53:23.859+0200] {processor.py:914} INFO - Processing file /home/rodrigo/Escritorio/BBDDAvanzadas/.venv/lib/python3.12/site-packages/airflow/example_dags/example_sla_dag.py for tasks to queue
[2026-05-07T19:53:23.864+0200] {logging_mixin.py:190} INFO - [2026-05-07T19:53:23.863+0200] {dagbag.py:588} INFO - Filling up the DagBag from /home/rodrigo/Escritorio/BBDDAvanzadas/.venv/lib/python3.12/site-packages/airflow/example_dags/example_sla_dag.py
[2026-05-07T19:53:23.875+0200] {processor.py:925} INFO - DAG(s) 'example_sla_dag' retrieved from /home/rodrigo/Escritorio/BBDDAvanzadas/.venv/lib/python3.12/site-packages/airflow/example_dags/example_sla_dag.py
[2026-05-07T19:53:23.901+0200] {logging_mixin.py:190} INFO - [2026-05-07T19:53:23.901+0200] {dag.py:3239} INFO - Sync 1 DAGs
[2026-05-07T19:53:23.949+0200] {logging_mixin.py:190} INFO - [2026-05-07T19:53:23.948+0200] {dag.py:4180} INFO - Setting next_dagrun for example_sla_dag to 2026-05-07 17:50:00+00:00, run_after=2026-05-07 17:52:00+00:00
[2026-05-07T19:53:23.975+0200] {processor.py:208} INFO - Processing /home/rodrigo/Escritorio/BBDDAvanzadas/.venv/lib/python3.12/site-packages/airflow/example_dags/example_sla_dag.py took 0.139 seconds
[2026-05-07T19:54:35.325+0200] {processor.py:186} INFO - Started process (PID=16841) to work on /home/rodrigo/Escritorio/BBDDAvanzadas/.venv/lib/python3.12/site-packages/airflow/example_dags/example_sla_dag.py
[2026-05-07T19:54:35.329+0200] {processor.py:914} INFO - Processing file /home/rodrigo/Escritorio/BBDDAvanzadas/.venv/lib/python3.12/site-packages/airflow/example_dags/example_sla_dag.py for tasks to queue
[2026-05-07T19:54:35.335+0200] {logging_mixin.py:190} INFO - [2026-05-07T19:54:35.334+0200] {dagbag.py:588} INFO - Filling up the DagBag from /home/rodrigo/Escritorio/BBDDAvanzadas/.venv/lib/python3.12/site-packages/airflow/example_dags/example_sla_dag.py
[2026-05-07T19:54:35.343+0200] {processor.py:925} INFO - DAG(s) 'example_sla_dag' retrieved from /home/rodrigo/Escritorio/BBDDAvanzadas/.venv/lib/python3.12/site-packages/airflow/example_dags/example_sla_dag.py
[2026-05-07T19:54:35.356+0200] {logging_mixin.py:190} INFO - [2026-05-07T19:54:35.356+0200] {dag.py:3239} INFO - Sync 1 DAGs
[2026-05-07T19:54:35.406+0200] {logging_mixin.py:190} INFO - [2026-05-07T19:54:35.405+0200] {dag.py:4180} INFO - Setting next_dagrun for example_sla_dag to 2026-05-07 17:52:00+00:00, run_after=2026-05-07 17:54:00+00:00
[2026-05-07T19:54:35.453+0200] {processor.py:208} INFO - Processing /home/rodrigo/Escritorio/BBDDAvanzadas/.venv/lib/python3.12/site-packages/airflow/example_dags/example_sla_dag.py took 0.132 seconds
[2026-05-07T19:56:03.347+0200] {processor.py:186} INFO - Started process (PID=17000) to work on /home/rodrigo/Escritorio/BBDDAvanzadas/.venv/lib/python3.12/site-packages/airflow/example_dags/example_sla_dag.py
[2026-05-07T19:56:03.349+0200] {processor.py:914} INFO - Processing file /home/rodrigo/Escritorio/BBDDAvanzadas/.venv/lib/python3.12/site-packages/airflow/example_dags/example_sla_dag.py for tasks to queue
[2026-05-07T19:56:03.350+0200] {logging_mixin.py:190} INFO - [2026-05-07T19:56:03.350+0200] {dagbag.py:588} INFO - Filling up the DagBag from /home/rodrigo/Escritorio/BBDDAvanzadas/.venv/lib/python3.12/site-packages/airflow/example_dags/example_sla_dag.py
[2026-05-07T19:56:03.358+0200] {processor.py:925} INFO - DAG(s) 'example_sla_dag' retrieved from /home/rodrigo/Escritorio/BBDDAvanzadas/.venv/lib/python3.12/site-packages/airflow/example_dags/example_sla_dag.py
[2026-05-07T19:56:03.368+0200] {logging_mixin.py:190} INFO - [2026-05-07T19:56:03.367+0200] {dag.py:3239} INFO - Sync 1 DAGs
[2026-05-07T19:56:03.382+0200] {logging_mixin.py:190} INFO - [2026-05-07T19:56:03.381+0200] {dag.py:4180} INFO - Setting next_dagrun for example_sla_dag to 2026-05-07 17:54:00+00:00, run_after=2026-05-07 17:56:00+00:00
[2026-05-07T19:56:03.397+0200] {processor.py:208} INFO - Processing /home/rodrigo/Escritorio/BBDDAvanzadas/.venv/lib/python3.12/site-packages/airflow/example_dags/example_sla_dag.py took 0.055 seconds
[2026-05-07T19:58:10.447+0200] {processor.py:186} INFO - Started process (PID=17093) to work on /home/rodrigo/Escritorio/BBDDAvanzadas/.venv/lib/python3.12/site-packages/airflow/example_dags/example_sla_dag.py
[2026-05-07T19:58:10.449+0200] {processor.py:914} INFO - Processing file /home/rodrigo/Escritorio/BBDDAvanzadas/.venv/lib/python3.12/site-packages/airflow/example_dags/example_sla_dag.py for tasks to queue
[2026-05-07T19:58:10.451+0200] {logging_mixin.py:190} INFO - [2026-05-07T19:58:10.451+0200] {dagbag.py:588} INFO - Filling up the DagBag from /home/rodrigo/Escritorio/BBDDAvanzadas/.venv/lib/python3.12/site-packages/airflow/example_dags/example_sla_dag.py
[2026-05-07T19:58:10.458+0200] {processor.py:925} INFO - DAG(s) 'example_sla_dag' retrieved from /home/rodrigo/Escritorio/BBDDAvanzadas/.venv/lib/python3.12/site-packages/airflow/example_dags/example_sla_dag.py
[2026-05-07T19:58:10.468+0200] {logging_mixin.py:190} INFO - [2026-05-07T19:58:10.467+0200] {dag.py:3239} INFO - Sync 1 DAGs
[2026-05-07T19:58:10.480+0200] {logging_mixin.py:190} INFO - [2026-05-07T19:58:10.480+0200] {dag.py:4180} INFO - Setting next_dagrun for example_sla_dag to 2026-05-07 17:56:00+00:00, run_after=2026-05-07 17:58:00+00:00
[2026-05-07T19:58:10.495+0200] {processor.py:208} INFO - Processing /home/rodrigo/Escritorio/BBDDAvanzadas/.venv/lib/python3.12/site-packages/airflow/example_dags/example_sla_dag.py took 0.052 seconds
[2026-05-07T20:00:06.131+0200] {processor.py:186} INFO - Started process (PID=17223) to work on /home/rodrigo/Escritorio/BBDDAvanzadas/.venv/lib/python3.12/site-packages/airflow/example_dags/example_sla_dag.py
[2026-05-07T20:00:06.133+0200] {processor.py:914} INFO - Processing file /home/rodrigo/Escritorio/BBDDAvanzadas/.venv/lib/python3.12/site-packages/airflow/example_dags/example_sla_dag.py for tasks to queue
[2026-05-07T20:00:06.135+0200] {logging_mixin.py:190} INFO - [2026-05-07T20:00:06.134+0200] {dagbag.py:588} INFO - Filling up the DagBag from /home/rodrigo/Escritorio/BBDDAvanzadas/.venv/lib/python3.12/site-packages/airflow/example_dags/example_sla_dag.py
[2026-05-07T20:00:06.142+0200] {processor.py:925} INFO - DAG(s) 'example_sla_dag' retrieved from /home/rodrigo/Escritorio/BBDDAvanzadas/.venv/lib/python3.12/site-packages/airflow/example_dags/example_sla_dag.py
[2026-05-07T20:00:06.152+0200] {logging_mixin.py:190} INFO - [2026-05-07T20:00:06.152+0200] {dag.py:3239} INFO - Sync 1 DAGs
[2026-05-07T20:00:06.166+0200] {logging_mixin.py:190} INFO - [2026-05-07T20:00:06.165+0200] {dag.py:4180} INFO - Setting next_dagrun for example_sla_dag to 2026-05-07 17:58:00+00:00, run_after=2026-05-07 18:00:00+00:00
[2026-05-07T20:00:06.190+0200] {processor.py:208} INFO - Processing /home/rodrigo/Escritorio/BBDDAvanzadas/.venv/lib/python3.12/site-packages/airflow/example_dags/example_sla_dag.py took 0.063 seconds
[2026-05-07T20:01:28.359+0200] {processor.py:186} INFO - Started process (PID=17436) to work on /home/rodrigo/Escritorio/BBDDAvanzadas/.venv/lib/python3.12/site-packages/airflow/example_dags/example_sla_dag.py
[2026-05-07T20:01:28.362+0200] {processor.py:914} INFO - Processing file /home/rodrigo/Escritorio/BBDDAvanzadas/.venv/lib/python3.12/site-packages/airflow/example_dags/example_sla_dag.py for tasks to queue
[2026-05-07T20:01:28.366+0200] {logging_mixin.py:190} INFO - [2026-05-07T20:01:28.366+0200] {dagbag.py:588} INFO - Filling up the DagBag from /home/rodrigo/Escritorio/BBDDAvanzadas/.venv/lib/python3.12/site-packages/airflow/example_dags/example_sla_dag.py
[2026-05-07T20:01:28.410+0200] {processor.py:925} INFO - DAG(s) 'example_sla_dag' retrieved from /home/rodrigo/Escritorio/BBDDAvanzadas/.venv/lib/python3.12/site-packages/airflow/example_dags/example_sla_dag.py
[2026-05-07T20:01:28.432+0200] {logging_mixin.py:190} INFO - [2026-05-07T20:01:28.431+0200] {dag.py:3239} INFO - Sync 1 DAGs
[2026-05-07T20:01:28.479+0200] {logging_mixin.py:190} INFO - [2026-05-07T20:01:28.479+0200] {dag.py:4180} INFO - Setting next_dagrun for example_sla_dag to 2026-05-07 17:58:00+00:00, run_after=2026-05-07 18:00:00+00:00
[2026-05-07T20:01:28.538+0200] {processor.py:208} INFO - Processing /home/rodrigo/Escritorio/BBDDAvanzadas/.venv/lib/python3.12/site-packages/airflow/example_dags/example_sla_dag.py took 0.185 seconds
[2026-05-07T20:02:29.348+0200] {processor.py:186} INFO - Started process (PID=17623) to work on /home/rodrigo/Escritorio/BBDDAvanzadas/.venv/lib/python3.12/site-packages/airflow/example_dags/example_sla_dag.py
[2026-05-07T20:02:29.350+0200] {processor.py:914} INFO - Processing file /home/rodrigo/Escritorio/BBDDAvanzadas/.venv/lib/python3.12/site-packages/airflow/example_dags/example_sla_dag.py for tasks to queue
[2026-05-07T20:02:29.351+0200] {logging_mixin.py:190} INFO - [2026-05-07T20:02:29.351+0200] {dagbag.py:588} INFO - Filling up the DagBag from /home/rodrigo/Escritorio/BBDDAvanzadas/.venv/lib/python3.12/site-packages/airflow/example_dags/example_sla_dag.py
[2026-05-07T20:02:29.360+0200] {processor.py:925} INFO - DAG(s) 'example_sla_dag' retrieved from /home/rodrigo/Escritorio/BBDDAvanzadas/.venv/lib/python3.12/site-packages/airflow/example_dags/example_sla_dag.py
[2026-05-07T20:02:29.375+0200] {logging_mixin.py:190} INFO - [2026-05-07T20:02:29.375+0200] {dag.py:3239} INFO - Sync 1 DAGs
[2026-05-07T20:02:29.390+0200] {logging_mixin.py:190} INFO - [2026-05-07T20:02:29.390+0200] {dag.py:4180} INFO - Setting next_dagrun for example_sla_dag to 2026-05-07 18:00:00+00:00, run_after=2026-05-07 18:02:00+00:00
[2026-05-07T20:02:29.418+0200] {processor.py:208} INFO - Processing /home/rodrigo/Escritorio/BBDDAvanzadas/.venv/lib/python3.12/site-packages/airflow/example_dags/example_sla_dag.py took 0.074 seconds
[2026-05-07T20:03:28.062+0200] {processor.py:186} INFO - Started process (PID=17748) to work on /home/rodrigo/Escritorio/BBDDAvanzadas/.venv/lib/python3.12/site-packages/airflow/example_dags/example_sla_dag.py
[2026-05-07T20:03:28.063+0200] {processor.py:914} INFO - Processing file /home/rodrigo/Escritorio/BBDDAvanzadas/.venv/lib/python3.12/site-packages/airflow/example_dags/example_sla_dag.py for tasks to queue
[2026-05-07T20:03:28.065+0200] {logging_mixin.py:190} INFO - [2026-05-07T20:03:28.065+0200] {dagbag.py:588} INFO - Filling up the DagBag from /home/rodrigo/Escritorio/BBDDAvanzadas/.venv/lib/python3.12/site-packages/airflow/example_dags/example_sla_dag.py
[2026-05-07T20:03:28.073+0200] {processor.py:925} INFO - DAG(s) 'example_sla_dag' retrieved from /home/rodrigo/Escritorio/BBDDAvanzadas/.venv/lib/python3.12/site-packages/airflow/example_dags/example_sla_dag.py
[2026-05-07T20:03:28.095+0200] {logging_mixin.py:190} INFO - [2026-05-07T20:03:28.094+0200] {dag.py:3239} INFO - Sync 1 DAGs
[2026-05-07T20:03:28.127+0200] {logging_mixin.py:190} INFO - [2026-05-07T20:03:28.127+0200] {dag.py:4180} INFO - Setting next_dagrun for example_sla_dag to 2026-05-07 18:00:00+00:00, run_after=2026-05-07 18:02:00+00:00
[2026-05-07T20:03:28.149+0200] {processor.py:208} INFO - Processing /home/rodrigo/Escritorio/BBDDAvanzadas/.venv/lib/python3.12/site-packages/airflow/example_dags/example_sla_dag.py took 0.091 seconds
[2026-05-07T20:04:30.197+0200] {processor.py:186} INFO - Started process (PID=17868) to work on /home/rodrigo/Escritorio/BBDDAvanzadas/.venv/lib/python3.12/site-packages/airflow/example_dags/example_sla_dag.py
[2026-05-07T20:04:30.198+0200] {processor.py:914} INFO - Processing file /home/rodrigo/Escritorio/BBDDAvanzadas/.venv/lib/python3.12/site-packages/airflow/example_dags/example_sla_dag.py for tasks to queue
[2026-05-07T20:04:30.204+0200] {logging_mixin.py:190} INFO - [2026-05-07T20:04:30.204+0200] {dagbag.py:588} INFO - Filling up the DagBag from /home/rodrigo/Escritorio/BBDDAvanzadas/.venv/lib/python3.12/site-packages/airflow/example_dags/example_sla_dag.py
[2026-05-07T20:04:30.212+0200] {processor.py:925} INFO - DAG(s) 'example_sla_dag' retrieved from /home/rodrigo/Escritorio/BBDDAvanzadas/.venv/lib/python3.12/site-packages/airflow/example_dags/example_sla_dag.py
[2026-05-07T20:04:30.226+0200] {logging_mixin.py:190} INFO - [2026-05-07T20:04:30.226+0200] {dag.py:3239} INFO - Sync 1 DAGs
[2026-05-07T20:04:30.240+0200] {logging_mixin.py:190} INFO - [2026-05-07T20:04:30.240+0200] {dag.py:4180} INFO - Setting next_dagrun for example_sla_dag to 2026-05-07 18:02:00+00:00, run_after=2026-05-07 18:04:00+00:00
[2026-05-07T20:04:30.257+0200] {processor.py:208} INFO - Processing /home/rodrigo/Escritorio/BBDDAvanzadas/.venv/lib/python3.12/site-packages/airflow/example_dags/example_sla_dag.py took 0.064 seconds
[2026-05-07T20:05:32.659+0200] {processor.py:186} INFO - Started process (PID=17993) to work on /home/rodrigo/Escritorio/BBDDAvanzadas/.venv/lib/python3.12/site-packages/airflow/example_dags/example_sla_dag.py
[2026-05-07T20:05:32.661+0200] {processor.py:914} INFO - Processing file /home/rodrigo/Escritorio/BBDDAvanzadas/.venv/lib/python3.12/site-packages/airflow/example_dags/example_sla_dag.py for tasks to queue
[2026-05-07T20:05:32.662+0200] {logging_mixin.py:190} INFO - [2026-05-07T20:05:32.662+0200] {dagbag.py:588} INFO - Filling up the DagBag from /home/rodrigo/Escritorio/BBDDAvanzadas/.venv/lib/python3.12/site-packages/airflow/example_dags/example_sla_dag.py
[2026-05-07T20:05:32.670+0200] {processor.py:925} INFO - DAG(s) 'example_sla_dag' retrieved from /home/rodrigo/Escritorio/BBDDAvanzadas/.venv/lib/python3.12/site-packages/airflow/example_dags/example_sla_dag.py
[2026-05-07T20:05:32.681+0200] {logging_mixin.py:190} INFO - [2026-05-07T20:05:32.680+0200] {dag.py:3239} INFO - Sync 1 DAGs
[2026-05-07T20:05:32.695+0200] {logging_mixin.py:190} INFO - [2026-05-07T20:05:32.695+0200] {dag.py:4180} INFO - Setting next_dagrun for example_sla_dag to 2026-05-07 18:02:00+00:00, run_after=2026-05-07 18:04:00+00:00
[2026-05-07T20:05:32.710+0200] {processor.py:208} INFO - Processing /home/rodrigo/Escritorio/BBDDAvanzadas/.venv/lib/python3.12/site-packages/airflow/example_dags/example_sla_dag.py took 0.055 seconds
[2026-05-07T20:06:33.970+0200] {processor.py:186} INFO - Started process (PID=18110) to work on /home/rodrigo/Escritorio/BBDDAvanzadas/.venv/lib/python3.12/site-packages/airflow/example_dags/example_sla_dag.py
[2026-05-07T20:06:33.971+0200] {processor.py:914} INFO - Processing file /home/rodrigo/Escritorio/BBDDAvanzadas/.venv/lib/python3.12/site-packages/airflow/example_dags/example_sla_dag.py for tasks to queue
[2026-05-07T20:06:33.973+0200] {logging_mixin.py:190} INFO - [2026-05-07T20:06:33.973+0200] {dagbag.py:588} INFO - Filling up the DagBag from /home/rodrigo/Escritorio/BBDDAvanzadas/.venv/lib/python3.12/site-packages/airflow/example_dags/example_sla_dag.py
[2026-05-07T20:06:33.981+0200] {processor.py:925} INFO - DAG(s) 'example_sla_dag' retrieved from /home/rodrigo/Escritorio/BBDDAvanzadas/.venv/lib/python3.12/site-packages/airflow/example_dags/example_sla_dag.py
[2026-05-07T20:06:34.018+0200] {logging_mixin.py:190} INFO - [2026-05-07T20:06:34.018+0200] {dag.py:3239} INFO - Sync 1 DAGs
[2026-05-07T20:06:34.034+0200] {logging_mixin.py:190} INFO - [2026-05-07T20:06:34.034+0200] {dag.py:4180} INFO - Setting next_dagrun for example_sla_dag to 2026-05-07 18:04:00+00:00, run_after=2026-05-07 18:06:00+00:00
[2026-05-07T20:06:34.053+0200] {processor.py:208} INFO - Processing /home/rodrigo/Escritorio/BBDDAvanzadas/.venv/lib/python3.12/site-packages/airflow/example_dags/example_sla_dag.py took 0.087 seconds
[2026-05-07T20:07:32.151+0200] {processor.py:186} INFO - Started process (PID=18230) to work on /home/rodrigo/Escritorio/BBDDAvanzadas/.venv/lib/python3.12/site-packages/airflow/example_dags/example_sla_dag.py
[2026-05-07T20:07:32.152+0200] {processor.py:914} INFO - Processing file /home/rodrigo/Escritorio/BBDDAvanzadas/.venv/lib/python3.12/site-packages/airflow/example_dags/example_sla_dag.py for tasks to queue
[2026-05-07T20:07:32.153+0200] {logging_mixin.py:190} INFO - [2026-05-07T20:07:32.153+0200] {dagbag.py:588} INFO - Filling up the DagBag from /home/rodrigo/Escritorio/BBDDAvanzadas/.venv/lib/python3.12/site-packages/airflow/example_dags/example_sla_dag.py
[2026-05-07T20:07:32.161+0200] {processor.py:925} INFO - DAG(s) 'example_sla_dag' retrieved from /home/rodrigo/Escritorio/BBDDAvanzadas/.venv/lib/python3.12/site-packages/airflow/example_dags/example_sla_dag.py
[2026-05-07T20:07:32.172+0200] {logging_mixin.py:190} INFO - [2026-05-07T20:07:32.172+0200] {dag.py:3239} INFO - Sync 1 DAGs
[2026-05-07T20:07:32.185+0200] {logging_mixin.py:190} INFO - [2026-05-07T20:07:32.185+0200] {dag.py:4180} INFO - Setting next_dagrun for example_sla_dag to 2026-05-07 18:04:00+00:00, run_after=2026-05-07 18:06:00+00:00
[2026-05-07T20:07:32.201+0200] {processor.py:208} INFO - Processing /home/rodrigo/Escritorio/BBDDAvanzadas/.venv/lib/python3.12/site-packages/airflow/example_dags/example_sla_dag.py took 0.055 seconds
[2026-05-07T20:08:35.152+0200] {processor.py:186} INFO - Started process (PID=18367) to work on /home/rodrigo/Escritorio/BBDDAvanzadas/.venv/lib/python3.12/site-packages/airflow/example_dags/example_sla_dag.py
[2026-05-07T20:08:35.165+0200] {processor.py:914} INFO - Processing file /home/rodrigo/Escritorio/BBDDAvanzadas/.venv/lib/python3.12/site-packages/airflow/example_dags/example_sla_dag.py for tasks to queue
[2026-05-07T20:08:35.169+0200] {logging_mixin.py:190} INFO - [2026-05-07T20:08:35.168+0200] {dagbag.py:588} INFO - Filling up the DagBag from /home/rodrigo/Escritorio/BBDDAvanzadas/.venv/lib/python3.12/site-packages/airflow/example_dags/example_sla_dag.py
[2026-05-07T20:08:35.188+0200] {processor.py:925} INFO - DAG(s) 'example_sla_dag' retrieved from /home/rodrigo/Escritorio/BBDDAvanzadas/.venv/lib/python3.12/site-packages/airflow/example_dags/example_sla_dag.py
[2026-05-07T20:08:35.224+0200] {logging_mixin.py:190} INFO - [2026-05-07T20:08:35.224+0200] {dag.py:3239} INFO - Sync 1 DAGs
[2026-05-07T20:08:35.250+0200] {logging_mixin.py:190} INFO - [2026-05-07T20:08:35.249+0200] {dag.py:4180} INFO - Setting next_dagrun for example_sla_dag to 2026-05-07 18:06:00+00:00, run_after=2026-05-07 18:08:00+00:00
[2026-05-07T20:08:35.317+0200] {processor.py:208} INFO - Processing /home/rodrigo/Escritorio/BBDDAvanzadas/.venv/lib/python3.12/site-packages/airflow/example_dags/example_sla_dag.py took 0.184 seconds
[2026-05-07T20:09:43.603+0200] {processor.py:186} INFO - Started process (PID=18573) to work on /home/rodrigo/Escritorio/BBDDAvanzadas/.venv/lib/python3.12/site-packages/airflow/example_dags/example_sla_dag.py
[2026-05-07T20:09:43.617+0200] {processor.py:914} INFO - Processing file /home/rodrigo/Escritorio/BBDDAvanzadas/.venv/lib/python3.12/site-packages/airflow/example_dags/example_sla_dag.py for tasks to queue
[2026-05-07T20:09:43.619+0200] {logging_mixin.py:190} INFO - [2026-05-07T20:09:43.618+0200] {dagbag.py:588} INFO - Filling up the DagBag from /home/rodrigo/Escritorio/BBDDAvanzadas/.venv/lib/python3.12/site-packages/airflow/example_dags/example_sla_dag.py
[2026-05-07T20:09:43.629+0200] {processor.py:925} INFO - DAG(s) 'example_sla_dag' retrieved from /home/rodrigo/Escritorio/BBDDAvanzadas/.venv/lib/python3.12/site-packages/airflow/example_dags/example_sla_dag.py
[2026-05-07T20:09:43.645+0200] {logging_mixin.py:190} INFO - [2026-05-07T20:09:43.645+0200] {dag.py:3239} INFO - Sync 1 DAGs
[2026-05-07T20:09:43.661+0200] {logging_mixin.py:190} INFO - [2026-05-07T20:09:43.661+0200] {dag.py:4180} INFO - Setting next_dagrun for example_sla_dag to 2026-05-07 18:06:00+00:00, run_after=2026-05-07 18:08:00+00:00
[2026-05-07T20:09:43.680+0200] {processor.py:208} INFO - Processing /home/rodrigo/Escritorio/BBDDAvanzadas/.venv/lib/python3.12/site-packages/airflow/example_dags/example_sla_dag.py took 0.082 seconds
