[2026-05-07T19:32:34.906+0200] {processor.py:186} INFO - Started process (PID=14383) to work on /home/rodrigo/Escritorio/BBDDAvanzadas/.venv/lib/python3.12/site-packages/airflow/example_dags/example_setup_teardown.py
[2026-05-07T19:32:34.907+0200] {processor.py:914} INFO - Processing file /home/rodrigo/Escritorio/BBDDAvanzadas/.venv/lib/python3.12/site-packages/airflow/example_dags/example_setup_teardown.py for tasks to queue
[2026-05-07T19:32:34.909+0200] {logging_mixin.py:190} INFO - [2026-05-07T19:32:34.908+0200] {dagbag.py:588} INFO - Filling up the DagBag from /home/rodrigo/Escritorio/BBDDAvanzadas/.venv/lib/python3.12/site-packages/airflow/example_dags/example_setup_teardown.py
[2026-05-07T19:32:34.920+0200] {processor.py:925} INFO - DAG(s) 'example_setup_teardown' retrieved from /home/rodrigo/Escritorio/BBDDAvanzadas/.venv/lib/python3.12/site-packages/airflow/example_dags/example_setup_teardown.py
[2026-05-07T19:32:35.066+0200] {logging_mixin.py:190} INFO - [2026-05-07T19:32:35.065+0200] {override.py:1930} INFO - Created Permission View: can read on DAG:example_setup_teardown
[2026-05-07T19:32:35.077+0200] {logging_mixin.py:190} INFO - [2026-05-07T19:32:35.077+0200] {override.py:1930} INFO - Created Permission View: can edit on DAG:example_setup_teardown
[2026-05-07T19:32:35.086+0200] {logging_mixin.py:190} INFO - [2026-05-07T19:32:35.086+0200] {override.py:1930} INFO - Created Permission View: can delete on DAG:example_setup_teardown
[2026-05-07T19:32:35.102+0200] {logging_mixin.py:190} INFO - [2026-05-07T19:32:35.102+0200] {override.py:1930} INFO - Created Permission View: can create on DAG Run:example_setup_teardown
[2026-05-07T19:32:35.111+0200] {logging_mixin.py:190} INFO - [2026-05-07T19:32:35.111+0200] {override.py:1930} INFO - Created Permission View: can read on DAG Run:example_setup_teardown
[2026-05-07T19:32:35.121+0200] {logging_mixin.py:190} INFO - [2026-05-07T19:32:35.121+0200] {override.py:1930} INFO - Created Permission View: menu access on DAG Run:example_setup_teardown
[2026-05-07T19:32:35.137+0200] {logging_mixin.py:190} INFO - [2026-05-07T19:32:35.137+0200] {override.py:1930} INFO - Created Permission View: can delete on DAG Run:example_setup_teardown
[2026-05-07T19:32:35.137+0200] {logging_mixin.py:190} INFO - [2026-05-07T19:32:35.137+0200] {dag.py:3239} INFO - Sync 1 DAGs
[2026-05-07T19:32:35.145+0200] {logging_mixin.py:190} INFO - [2026-05-07T19:32:35.145+0200] {dag.py:3262} INFO - Creating ORM DAG for example_setup_teardown
[2026-05-07T19:32:35.146+0200] {logging_mixin.py:190} INFO - [2026-05-07T19:32:35.146+0200] {dag.py:4180} INFO - Setting next_dagrun for example_setup_teardown to None, run_after=None
[2026-05-07T19:32:35.299+0200] {processor.py:208} INFO - Processing /home/rodrigo/Escritorio/BBDDAvanzadas/.venv/lib/python3.12/site-packages/airflow/example_dags/example_setup_teardown.py took 0.400 seconds
[2026-05-07T19:37:25.729+0200] {processor.py:186} INFO - Started process (PID=14859) to work on /home/rodrigo/Escritorio/BBDDAvanzadas/.venv/lib/python3.12/site-packages/airflow/example_dags/example_setup_teardown.py
[2026-05-07T19:37:25.731+0200] {processor.py:914} INFO - Processing file /home/rodrigo/Escritorio/BBDDAvanzadas/.venv/lib/python3.12/site-packages/airflow/example_dags/example_setup_teardown.py for tasks to queue
[2026-05-07T19:37:25.732+0200] {logging_mixin.py:190} INFO - [2026-05-07T19:37:25.732+0200] {dagbag.py:588} INFO - Filling up the DagBag from /home/rodrigo/Escritorio/BBDDAvanzadas/.venv/lib/python3.12/site-packages/airflow/example_dags/example_setup_teardown.py
[2026-05-07T19:37:25.738+0200] {processor.py:925} INFO - DAG(s) 'example_setup_teardown' retrieved from /home/rodrigo/Escritorio/BBDDAvanzadas/.venv/lib/python3.12/site-packages/airflow/example_dags/example_setup_teardown.py
[2026-05-07T19:37:25.750+0200] {logging_mixin.py:190} INFO - [2026-05-07T19:37:25.750+0200] {dag.py:3239} INFO - Sync 1 DAGs
[2026-05-07T19:37:25.759+0200] {logging_mixin.py:190} INFO - [2026-05-07T19:37:25.759+0200] {dag.py:4180} INFO - Setting next_dagrun for example_setup_teardown to None, run_after=None
[2026-05-07T19:37:25.780+0200] {processor.py:208} INFO - Processing /home/rodrigo/Escritorio/BBDDAvanzadas/.venv/lib/python3.12/site-packages/airflow/example_dags/example_setup_teardown.py took 0.055 seconds
[2026-05-07T19:38:29.470+0200] {processor.py:186} INFO - Started process (PID=14972) to work on /home/rodrigo/Escritorio/BBDDAvanzadas/.venv/lib/python3.12/site-packages/airflow/example_dags/example_setup_teardown.py
[2026-05-07T19:38:29.476+0200] {processor.py:914} INFO - Processing file /home/rodrigo/Escritorio/BBDDAvanzadas/.venv/lib/python3.12/site-packages/airflow/example_dags/example_setup_teardown.py for tasks to queue
[2026-05-07T19:38:29.478+0200] {logging_mixin.py:190} INFO - [2026-05-07T19:38:29.478+0200] {dagbag.py:588} INFO - Filling up the DagBag from /home/rodrigo/Escritorio/BBDDAvanzadas/.venv/lib/python3.12/site-packages/airflow/example_dags/example_setup_teardown.py
[2026-05-07T19:38:29.507+0200] {processor.py:925} INFO - DAG(s) 'example_setup_teardown' retrieved from /home/rodrigo/Escritorio/BBDDAvanzadas/.venv/lib/python3.12/site-packages/airflow/example_dags/example_setup_teardown.py
[2026-05-07T19:38:29.525+0200] {logging_mixin.py:190} INFO - [2026-05-07T19:38:29.524+0200] {dag.py:3239} INFO - Sync 1 DAGs
[2026-05-07T19:38:29.534+0200] {logging_mixin.py:190} INFO - [2026-05-07T19:38:29.534+0200] {dag.py:4180} INFO - Setting next_dagrun for example_setup_teardown to None, run_after=None
[2026-05-07T19:38:29.601+0200] {processor.py:208} INFO - Processing /home/rodrigo/Escritorio/BBDDAvanzadas/.venv/lib/python3.12/site-packages/airflow/example_dags/example_setup_teardown.py took 0.136 seconds
[2026-05-07T19:39:54.731+0200] {processor.py:186} INFO - Started process (PID=15071) to work on /home/rodrigo/Escritorio/BBDDAvanzadas/.venv/lib/python3.12/site-packages/airflow/example_dags/example_setup_teardown.py
[2026-05-07T19:39:54.734+0200] {processor.py:914} INFO - Processing file /home/rodrigo/Escritorio/BBDDAvanzadas/.venv/lib/python3.12/site-packages/airflow/example_dags/example_setup_teardown.py for tasks to queue
[2026-05-07T19:39:54.735+0200] {logging_mixin.py:190} INFO - [2026-05-07T19:39:54.735+0200] {dagbag.py:588} INFO - Filling up the DagBag from /home/rodrigo/Escritorio/BBDDAvanzadas/.venv/lib/python3.12/site-packages/airflow/example_dags/example_setup_teardown.py
[2026-05-07T19:39:54.741+0200] {processor.py:925} INFO - DAG(s) 'example_setup_teardown' retrieved from /home/rodrigo/Escritorio/BBDDAvanzadas/.venv/lib/python3.12/site-packages/airflow/example_dags/example_setup_teardown.py
[2026-05-07T19:39:54.756+0200] {logging_mixin.py:190} INFO - [2026-05-07T19:39:54.756+0200] {dag.py:3239} INFO - Sync 1 DAGs
[2026-05-07T19:39:54.767+0200] {logging_mixin.py:190} INFO - [2026-05-07T19:39:54.767+0200] {dag.py:4180} INFO - Setting next_dagrun for example_setup_teardown to None, run_after=None
[2026-05-07T19:39:54.834+0200] {processor.py:208} INFO - Processing /home/rodrigo/Escritorio/BBDDAvanzadas/.venv/lib/python3.12/site-packages/airflow/example_dags/example_setup_teardown.py took 0.108 seconds
[2026-05-07T19:41:21.571+0200] {processor.py:186} INFO - Started process (PID=15189) to work on /home/rodrigo/Escritorio/BBDDAvanzadas/.venv/lib/python3.12/site-packages/airflow/example_dags/example_setup_teardown.py
[2026-05-07T19:41:21.581+0200] {processor.py:914} INFO - Processing file /home/rodrigo/Escritorio/BBDDAvanzadas/.venv/lib/python3.12/site-packages/airflow/example_dags/example_setup_teardown.py for tasks to queue
[2026-05-07T19:41:21.583+0200] {logging_mixin.py:190} INFO - [2026-05-07T19:41:21.583+0200] {dagbag.py:588} INFO - Filling up the DagBag from /home/rodrigo/Escritorio/BBDDAvanzadas/.venv/lib/python3.12/site-packages/airflow/example_dags/example_setup_teardown.py
[2026-05-07T19:41:21.597+0200] {processor.py:925} INFO - DAG(s) 'example_setup_teardown' retrieved from /home/rodrigo/Escritorio/BBDDAvanzadas/.venv/lib/python3.12/site-packages/airflow/example_dags/example_setup_teardown.py
[2026-05-07T19:41:21.619+0200] {logging_mixin.py:190} INFO - [2026-05-07T19:41:21.618+0200] {dag.py:3239} INFO - Sync 1 DAGs
[2026-05-07T19:41:21.630+0200] {logging_mixin.py:190} INFO - [2026-05-07T19:41:21.630+0200] {dag.py:4180} INFO - Setting next_dagrun for example_setup_teardown to None, run_after=None
[2026-05-07T19:41:21.691+0200] {processor.py:208} INFO - Processing /home/rodrigo/Escritorio/BBDDAvanzadas/.venv/lib/python3.12/site-packages/airflow/example_dags/example_setup_teardown.py took 0.130 seconds
[2026-05-07T19:42:41.266+0200] {processor.py:186} INFO - Started process (PID=15443) to work on /home/rodrigo/Escritorio/BBDDAvanzadas/.venv/lib/python3.12/site-packages/airflow/example_dags/example_setup_teardown.py
[2026-05-07T19:42:41.267+0200] {processor.py:914} INFO - Processing file /home/rodrigo/Escritorio/BBDDAvanzadas/.venv/lib/python3.12/site-packages/airflow/example_dags/example_setup_teardown.py for tasks to queue
[2026-05-07T19:42:41.269+0200] {logging_mixin.py:190} INFO - [2026-05-07T19:42:41.268+0200] {dagbag.py:588} INFO - Filling up the DagBag from /home/rodrigo/Escritorio/BBDDAvanzadas/.venv/lib/python3.12/site-packages/airflow/example_dags/example_setup_teardown.py
[2026-05-07T19:42:41.276+0200] {processor.py:925} INFO - DAG(s) 'example_setup_teardown' retrieved from /home/rodrigo/Escritorio/BBDDAvanzadas/.venv/lib/python3.12/site-packages/airflow/example_dags/example_setup_teardown.py
[2026-05-07T19:42:41.288+0200] {logging_mixin.py:190} INFO - [2026-05-07T19:42:41.288+0200] {dag.py:3239} INFO - Sync 1 DAGs
[2026-05-07T19:42:41.296+0200] {logging_mixin.py:190} INFO - [2026-05-07T19:42:41.296+0200] {dag.py:4180} INFO - Setting next_dagrun for example_setup_teardown to None, run_after=None
[2026-05-07T19:42:41.312+0200] {processor.py:208} INFO - Processing /home/rodrigo/Escritorio/BBDDAvanzadas/.venv/lib/python3.12/site-packages/airflow/example_dags/example_setup_teardown.py took 0.050 seconds
[2026-05-07T19:43:51.825+0200] {processor.py:186} INFO - Started process (PID=15638) to work on /home/rodrigo/Escritorio/BBDDAvanzadas/.venv/lib/python3.12/site-packages/airflow/example_dags/example_setup_teardown.py
[2026-05-07T19:43:51.826+0200] {processor.py:914} INFO - Processing file /home/rodrigo/Escritorio/BBDDAvanzadas/.venv/lib/python3.12/site-packages/airflow/example_dags/example_setup_teardown.py for tasks to queue
[2026-05-07T19:43:51.829+0200] {logging_mixin.py:190} INFO - [2026-05-07T19:43:51.828+0200] {dagbag.py:588} INFO - Filling up the DagBag from /home/rodrigo/Escritorio/BBDDAvanzadas/.venv/lib/python3.12/site-packages/airflow/example_dags/example_setup_teardown.py
[2026-05-07T19:43:51.835+0200] {processor.py:925} INFO - DAG(s) 'example_setup_teardown' retrieved from /home/rodrigo/Escritorio/BBDDAvanzadas/.venv/lib/python3.12/site-packages/airflow/example_dags/example_setup_teardown.py
[2026-05-07T19:43:51.847+0200] {logging_mixin.py:190} INFO - [2026-05-07T19:43:51.847+0200] {dag.py:3239} INFO - Sync 1 DAGs
[2026-05-07T19:43:51.962+0200] {logging_mixin.py:190} INFO - [2026-05-07T19:43:51.962+0200] {dag.py:4180} INFO - Setting next_dagrun for example_setup_teardown to None, run_after=None
[2026-05-07T19:43:51.979+0200] {processor.py:208} INFO - Processing /home/rodrigo/Escritorio/BBDDAvanzadas/.venv/lib/python3.12/site-packages/airflow/example_dags/example_setup_teardown.py took 0.158 seconds
[2026-05-07T19:45:33.045+0200] {processor.py:186} INFO - Started process (PID=15890) to work on /home/rodrigo/Escritorio/BBDDAvanzadas/.venv/lib/python3.12/site-packages/airflow/example_dags/example_setup_teardown.py
[2026-05-07T19:45:33.047+0200] {processor.py:914} INFO - Processing file /home/rodrigo/Escritorio/BBDDAvanzadas/.venv/lib/python3.12/site-packages/airflow/example_dags/example_setup_teardown.py for tasks to queue
[2026-05-07T19:45:33.049+0200] {logging_mixin.py:190} INFO - [2026-05-07T19:45:33.049+0200] {dagbag.py:588} INFO - Filling up the DagBag from /home/rodrigo/Escritorio/BBDDAvanzadas/.venv/lib/python3.12/site-packages/airflow/example_dags/example_setup_teardown.py
[2026-05-07T19:45:33.056+0200] {processor.py:925} INFO - DAG(s) 'example_setup_teardown' retrieved from /home/rodrigo/Escritorio/BBDDAvanzadas/.venv/lib/python3.12/site-packages/airflow/example_dags/example_setup_teardown.py
[2026-05-07T19:45:33.068+0200] {logging_mixin.py:190} INFO - [2026-05-07T19:45:33.068+0200] {dag.py:3239} INFO - Sync 1 DAGs
[2026-05-07T19:45:33.077+0200] {logging_mixin.py:190} INFO - [2026-05-07T19:45:33.077+0200] {dag.py:4180} INFO - Setting next_dagrun for example_setup_teardown to None, run_after=None
[2026-05-07T19:45:33.094+0200] {processor.py:208} INFO - Processing /home/rodrigo/Escritorio/BBDDAvanzadas/.venv/lib/python3.12/site-packages/airflow/example_dags/example_setup_teardown.py took 0.053 seconds
[2026-05-07T19:47:07.860+0200] {processor.py:186} INFO - Started process (PID=16033) to work on /home/rodrigo/Escritorio/BBDDAvanzadas/.venv/lib/python3.12/site-packages/airflow/example_dags/example_setup_teardown.py
[2026-05-07T19:47:07.862+0200] {processor.py:914} INFO - Processing file /home/rodrigo/Escritorio/BBDDAvanzadas/.venv/lib/python3.12/site-packages/airflow/example_dags/example_setup_teardown.py for tasks to queue
[2026-05-07T19:47:07.864+0200] {logging_mixin.py:190} INFO - [2026-05-07T19:47:07.863+0200] {dagbag.py:588} INFO - Filling up the DagBag from /home/rodrigo/Escritorio/BBDDAvanzadas/.venv/lib/python3.12/site-packages/airflow/example_dags/example_setup_teardown.py
[2026-05-07T19:47:07.881+0200] {processor.py:925} INFO - DAG(s) 'example_setup_teardown' retrieved from /home/rodrigo/Escritorio/BBDDAvanzadas/.venv/lib/python3.12/site-packages/airflow/example_dags/example_setup_teardown.py
[2026-05-07T19:47:07.893+0200] {logging_mixin.py:190} INFO - [2026-05-07T19:47:07.893+0200] {dag.py:3239} INFO - Sync 1 DAGs
[2026-05-07T19:47:07.902+0200] {logging_mixin.py:190} INFO - [2026-05-07T19:47:07.902+0200] {dag.py:4180} INFO - Setting next_dagrun for example_setup_teardown to None, run_after=None
[2026-05-07T19:47:07.920+0200] {processor.py:208} INFO - Processing /home/rodrigo/Escritorio/BBDDAvanzadas/.venv/lib/python3.12/site-packages/airflow/example_dags/example_setup_teardown.py took 0.065 seconds
[2026-05-07T19:48:13.255+0200] {processor.py:186} INFO - Started process (PID=16180) to work on /home/rodrigo/Escritorio/BBDDAvanzadas/.venv/lib/python3.12/site-packages/airflow/example_dags/example_setup_teardown.py
[2026-05-07T19:48:13.257+0200] {processor.py:914} INFO - Processing file /home/rodrigo/Escritorio/BBDDAvanzadas/.venv/lib/python3.12/site-packages/airflow/example_dags/example_setup_teardown.py for tasks to queue
[2026-05-07T19:48:13.259+0200] {logging_mixin.py:190} INFO - [2026-05-07T19:48:13.259+0200] {dagbag.py:588} INFO - Filling up the DagBag from /home/rodrigo/Escritorio/BBDDAvanzadas/.venv/lib/python3.12/site-packages/airflow/example_dags/example_setup_teardown.py
[2026-05-07T19:48:13.266+0200] {processor.py:925} INFO - DAG(s) 'example_setup_teardown' retrieved from /home/rodrigo/Escritorio/BBDDAvanzadas/.venv/lib/python3.12/site-packages/airflow/example_dags/example_setup_teardown.py
[2026-05-07T19:48:13.281+0200] {logging_mixin.py:190} INFO - [2026-05-07T19:48:13.281+0200] {dag.py:3239} INFO - Sync 1 DAGs
[2026-05-07T19:48:13.292+0200] {logging_mixin.py:190} INFO - [2026-05-07T19:48:13.292+0200] {dag.py:4180} INFO - Setting next_dagrun for example_setup_teardown to None, run_after=None
[2026-05-07T19:48:13.316+0200] {processor.py:208} INFO - Processing /home/rodrigo/Escritorio/BBDDAvanzadas/.venv/lib/python3.12/site-packages/airflow/example_dags/example_setup_teardown.py took 0.065 seconds
[2026-05-07T19:49:56.334+0200] {processor.py:186} INFO - Started process (PID=16308) to work on /home/rodrigo/Escritorio/BBDDAvanzadas/.venv/lib/python3.12/site-packages/airflow/example_dags/example_setup_teardown.py
[2026-05-07T19:49:56.335+0200] {processor.py:914} INFO - Processing file /home/rodrigo/Escritorio/BBDDAvanzadas/.venv/lib/python3.12/site-packages/airflow/example_dags/example_setup_teardown.py for tasks to queue
[2026-05-07T19:49:56.337+0200] {logging_mixin.py:190} INFO - [2026-05-07T19:49:56.337+0200] {dagbag.py:588} INFO - Filling up the DagBag from /home/rodrigo/Escritorio/BBDDAvanzadas/.venv/lib/python3.12/site-packages/airflow/example_dags/example_setup_teardown.py
[2026-05-07T19:49:56.343+0200] {processor.py:925} INFO - DAG(s) 'example_setup_teardown' retrieved from /home/rodrigo/Escritorio/BBDDAvanzadas/.venv/lib/python3.12/site-packages/airflow/example_dags/example_setup_teardown.py
[2026-05-07T19:49:56.355+0200] {logging_mixin.py:190} INFO - [2026-05-07T19:49:56.355+0200] {dag.py:3239} INFO - Sync 1 DAGs
[2026-05-07T19:49:56.363+0200] {logging_mixin.py:190} INFO - [2026-05-07T19:49:56.363+0200] {dag.py:4180} INFO - Setting next_dagrun for example_setup_teardown to None, run_after=None
[2026-05-07T19:49:56.381+0200] {processor.py:208} INFO - Processing /home/rodrigo/Escritorio/BBDDAvanzadas/.venv/lib/python3.12/site-packages/airflow/example_dags/example_setup_teardown.py took 0.052 seconds
[2026-05-07T19:51:36.193+0200] {processor.py:186} INFO - Started process (PID=16400) to work on /home/rodrigo/Escritorio/BBDDAvanzadas/.venv/lib/python3.12/site-packages/airflow/example_dags/example_setup_teardown.py
[2026-05-07T19:51:36.195+0200] {processor.py:914} INFO - Processing file /home/rodrigo/Escritorio/BBDDAvanzadas/.venv/lib/python3.12/site-packages/airflow/example_dags/example_setup_teardown.py for tasks to queue
[2026-05-07T19:51:36.197+0200] {logging_mixin.py:190} INFO - [2026-05-07T19:51:36.196+0200] {dagbag.py:588} INFO - Filling up the DagBag from /home/rodrigo/Escritorio/BBDDAvanzadas/.venv/lib/python3.12/site-packages/airflow/example_dags/example_setup_teardown.py
[2026-05-07T19:51:36.203+0200] {processor.py:925} INFO - DAG(s) 'example_setup_teardown' retrieved from /home/rodrigo/Escritorio/BBDDAvanzadas/.venv/lib/python3.12/site-packages/airflow/example_dags/example_setup_teardown.py
[2026-05-07T19:51:36.213+0200] {logging_mixin.py:190} INFO - [2026-05-07T19:51:36.213+0200] {dag.py:3239} INFO - Sync 1 DAGs
[2026-05-07T19:51:36.222+0200] {logging_mixin.py:190} INFO - [2026-05-07T19:51:36.222+0200] {dag.py:4180} INFO - Setting next_dagrun for example_setup_teardown to None, run_after=None
[2026-05-07T19:51:36.239+0200] {processor.py:208} INFO - Processing /home/rodrigo/Escritorio/BBDDAvanzadas/.venv/lib/python3.12/site-packages/airflow/example_dags/example_setup_teardown.py took 0.050 seconds
[2026-05-07T19:52:46.282+0200] {processor.py:186} INFO - Started process (PID=16645) to work on /home/rodrigo/Escritorio/BBDDAvanzadas/.venv/lib/python3.12/site-packages/airflow/example_dags/example_setup_teardown.py
[2026-05-07T19:52:46.284+0200] {processor.py:914} INFO - Processing file /home/rodrigo/Escritorio/BBDDAvanzadas/.venv/lib/python3.12/site-packages/airflow/example_dags/example_setup_teardown.py for tasks to queue
[2026-05-07T19:52:46.286+0200] {logging_mixin.py:190} INFO - [2026-05-07T19:52:46.286+0200] {dagbag.py:588} INFO - Filling up the DagBag from /home/rodrigo/Escritorio/BBDDAvanzadas/.venv/lib/python3.12/site-packages/airflow/example_dags/example_setup_teardown.py
[2026-05-07T19:52:46.292+0200] {processor.py:925} INFO - DAG(s) 'example_setup_teardown' retrieved from /home/rodrigo/Escritorio/BBDDAvanzadas/.venv/lib/python3.12/site-packages/airflow/example_dags/example_setup_teardown.py
[2026-05-07T19:52:46.303+0200] {logging_mixin.py:190} INFO - [2026-05-07T19:52:46.303+0200] {dag.py:3239} INFO - Sync 1 DAGs
[2026-05-07T19:52:46.311+0200] {logging_mixin.py:190} INFO - [2026-05-07T19:52:46.311+0200] {dag.py:4180} INFO - Setting next_dagrun for example_setup_teardown to None, run_after=None
[2026-05-07T19:52:46.327+0200] {processor.py:208} INFO - Processing /home/rodrigo/Escritorio/BBDDAvanzadas/.venv/lib/python3.12/site-packages/airflow/example_dags/example_setup_teardown.py took 0.049 seconds
[2026-05-07T19:53:58.122+0200] {processor.py:186} INFO - Started process (PID=16800) to work on /home/rodrigo/Escritorio/BBDDAvanzadas/.venv/lib/python3.12/site-packages/airflow/example_dags/example_setup_teardown.py
[2026-05-07T19:53:58.129+0200] {processor.py:914} INFO - Processing file /home/rodrigo/Escritorio/BBDDAvanzadas/.venv/lib/python3.12/site-packages/airflow/example_dags/example_setup_teardown.py for tasks to queue
[2026-05-07T19:53:58.132+0200] {logging_mixin.py:190} INFO - [2026-05-07T19:53:58.132+0200] {dagbag.py:588} INFO - Filling up the DagBag from /home/rodrigo/Escritorio/BBDDAvanzadas/.venv/lib/python3.12/site-packages/airflow/example_dags/example_setup_teardown.py
[2026-05-07T19:53:58.182+0200] {processor.py:925} INFO - DAG(s) 'example_setup_teardown' retrieved from /home/rodrigo/Escritorio/BBDDAvanzadas/.venv/lib/python3.12/site-packages/airflow/example_dags/example_setup_teardown.py
[2026-05-07T19:53:58.218+0200] {logging_mixin.py:190} INFO - [2026-05-07T19:53:58.218+0200] {dag.py:3239} INFO - Sync 1 DAGs
[2026-05-07T19:53:58.246+0200] {logging_mixin.py:190} INFO - [2026-05-07T19:53:58.244+0200] {dag.py:4180} INFO - Setting next_dagrun for example_setup_teardown to None, run_after=None
[2026-05-07T19:53:58.274+0200] {processor.py:208} INFO - Processing /home/rodrigo/Escritorio/BBDDAvanzadas/.venv/lib/python3.12/site-packages/airflow/example_dags/example_setup_teardown.py took 0.163 seconds
[2026-05-07T19:55:08.970+0200] {processor.py:186} INFO - Started process (PID=16953) to work on /home/rodrigo/Escritorio/BBDDAvanzadas/.venv/lib/python3.12/site-packages/airflow/example_dags/example_setup_teardown.py
[2026-05-07T19:55:08.972+0200] {processor.py:914} INFO - Processing file /home/rodrigo/Escritorio/BBDDAvanzadas/.venv/lib/python3.12/site-packages/airflow/example_dags/example_setup_teardown.py for tasks to queue
[2026-05-07T19:55:08.973+0200] {logging_mixin.py:190} INFO - [2026-05-07T19:55:08.973+0200] {dagbag.py:588} INFO - Filling up the DagBag from /home/rodrigo/Escritorio/BBDDAvanzadas/.venv/lib/python3.12/site-packages/airflow/example_dags/example_setup_teardown.py
[2026-05-07T19:55:08.979+0200] {processor.py:925} INFO - DAG(s) 'example_setup_teardown' retrieved from /home/rodrigo/Escritorio/BBDDAvanzadas/.venv/lib/python3.12/site-packages/airflow/example_dags/example_setup_teardown.py
[2026-05-07T19:55:08.990+0200] {logging_mixin.py:190} INFO - [2026-05-07T19:55:08.989+0200] {dag.py:3239} INFO - Sync 1 DAGs
[2026-05-07T19:55:08.997+0200] {logging_mixin.py:190} INFO - [2026-05-07T19:55:08.997+0200] {dag.py:4180} INFO - Setting next_dagrun for example_setup_teardown to None, run_after=None
[2026-05-07T19:55:09.013+0200] {processor.py:208} INFO - Processing /home/rodrigo/Escritorio/BBDDAvanzadas/.venv/lib/python3.12/site-packages/airflow/example_dags/example_setup_teardown.py took 0.047 seconds
[2026-05-07T19:57:11.198+0200] {processor.py:186} INFO - Started process (PID=17047) to work on /home/rodrigo/Escritorio/BBDDAvanzadas/.venv/lib/python3.12/site-packages/airflow/example_dags/example_setup_teardown.py
[2026-05-07T19:57:11.200+0200] {processor.py:914} INFO - Processing file /home/rodrigo/Escritorio/BBDDAvanzadas/.venv/lib/python3.12/site-packages/airflow/example_dags/example_setup_teardown.py for tasks to queue
[2026-05-07T19:57:11.202+0200] {logging_mixin.py:190} INFO - [2026-05-07T19:57:11.201+0200] {dagbag.py:588} INFO - Filling up the DagBag from /home/rodrigo/Escritorio/BBDDAvanzadas/.venv/lib/python3.12/site-packages/airflow/example_dags/example_setup_teardown.py
[2026-05-07T19:57:11.208+0200] {processor.py:925} INFO - DAG(s) 'example_setup_teardown' retrieved from /home/rodrigo/Escritorio/BBDDAvanzadas/.venv/lib/python3.12/site-packages/airflow/example_dags/example_setup_teardown.py
[2026-05-07T19:57:11.218+0200] {logging_mixin.py:190} INFO - [2026-05-07T19:57:11.218+0200] {dag.py:3239} INFO - Sync 1 DAGs
[2026-05-07T19:57:11.227+0200] {logging_mixin.py:190} INFO - [2026-05-07T19:57:11.227+0200] {dag.py:4180} INFO - Setting next_dagrun for example_setup_teardown to None, run_after=None
[2026-05-07T19:57:11.250+0200] {processor.py:208} INFO - Processing /home/rodrigo/Escritorio/BBDDAvanzadas/.venv/lib/python3.12/site-packages/airflow/example_dags/example_setup_teardown.py took 0.056 seconds
[2026-05-07T19:59:13.791+0200] {processor.py:186} INFO - Started process (PID=17150) to work on /home/rodrigo/Escritorio/BBDDAvanzadas/.venv/lib/python3.12/site-packages/airflow/example_dags/example_setup_teardown.py
[2026-05-07T19:59:13.791+0200] {processor.py:914} INFO - Processing file /home/rodrigo/Escritorio/BBDDAvanzadas/.venv/lib/python3.12/site-packages/airflow/example_dags/example_setup_teardown.py for tasks to queue
[2026-05-07T19:59:13.793+0200] {logging_mixin.py:190} INFO - [2026-05-07T19:59:13.793+0200] {dagbag.py:588} INFO - Filling up the DagBag from /home/rodrigo/Escritorio/BBDDAvanzadas/.venv/lib/python3.12/site-packages/airflow/example_dags/example_setup_teardown.py
[2026-05-07T19:59:13.798+0200] {processor.py:925} INFO - DAG(s) 'example_setup_teardown' retrieved from /home/rodrigo/Escritorio/BBDDAvanzadas/.venv/lib/python3.12/site-packages/airflow/example_dags/example_setup_teardown.py
[2026-05-07T19:59:13.809+0200] {logging_mixin.py:190} INFO - [2026-05-07T19:59:13.809+0200] {dag.py:3239} INFO - Sync 1 DAGs
[2026-05-07T19:59:13.817+0200] {logging_mixin.py:190} INFO - [2026-05-07T19:59:13.816+0200] {dag.py:4180} INFO - Setting next_dagrun for example_setup_teardown to None, run_after=None
[2026-05-07T19:59:13.831+0200] {processor.py:208} INFO - Processing /home/rodrigo/Escritorio/BBDDAvanzadas/.venv/lib/python3.12/site-packages/airflow/example_dags/example_setup_teardown.py took 0.044 seconds
[2026-05-07T20:00:57.449+0200] {processor.py:186} INFO - Started process (PID=17368) to work on /home/rodrigo/Escritorio/BBDDAvanzadas/.venv/lib/python3.12/site-packages/airflow/example_dags/example_setup_teardown.py
[2026-05-07T20:00:57.451+0200] {processor.py:914} INFO - Processing file /home/rodrigo/Escritorio/BBDDAvanzadas/.venv/lib/python3.12/site-packages/airflow/example_dags/example_setup_teardown.py for tasks to queue
[2026-05-07T20:00:57.454+0200] {logging_mixin.py:190} INFO - [2026-05-07T20:00:57.454+0200] {dagbag.py:588} INFO - Filling up the DagBag from /home/rodrigo/Escritorio/BBDDAvanzadas/.venv/lib/python3.12/site-packages/airflow/example_dags/example_setup_teardown.py
[2026-05-07T20:00:57.461+0200] {processor.py:925} INFO - DAG(s) 'example_setup_teardown' retrieved from /home/rodrigo/Escritorio/BBDDAvanzadas/.venv/lib/python3.12/site-packages/airflow/example_dags/example_setup_teardown.py
[2026-05-07T20:00:57.474+0200] {logging_mixin.py:190} INFO - [2026-05-07T20:00:57.474+0200] {dag.py:3239} INFO - Sync 1 DAGs
[2026-05-07T20:00:57.485+0200] {logging_mixin.py:190} INFO - [2026-05-07T20:00:57.485+0200] {dag.py:4180} INFO - Setting next_dagrun for example_setup_teardown to None, run_after=None
[2026-05-07T20:00:57.503+0200] {processor.py:208} INFO - Processing /home/rodrigo/Escritorio/BBDDAvanzadas/.venv/lib/python3.12/site-packages/airflow/example_dags/example_setup_teardown.py took 0.058 seconds
[2026-05-07T20:02:00.847+0200] {processor.py:186} INFO - Started process (PID=17531) to work on /home/rodrigo/Escritorio/BBDDAvanzadas/.venv/lib/python3.12/site-packages/airflow/example_dags/example_setup_teardown.py
[2026-05-07T20:02:00.848+0200] {processor.py:914} INFO - Processing file /home/rodrigo/Escritorio/BBDDAvanzadas/.venv/lib/python3.12/site-packages/airflow/example_dags/example_setup_teardown.py for tasks to queue
[2026-05-07T20:02:00.849+0200] {logging_mixin.py:190} INFO - [2026-05-07T20:02:00.849+0200] {dagbag.py:588} INFO - Filling up the DagBag from /home/rodrigo/Escritorio/BBDDAvanzadas/.venv/lib/python3.12/site-packages/airflow/example_dags/example_setup_teardown.py
[2026-05-07T20:02:00.856+0200] {processor.py:925} INFO - DAG(s) 'example_setup_teardown' retrieved from /home/rodrigo/Escritorio/BBDDAvanzadas/.venv/lib/python3.12/site-packages/airflow/example_dags/example_setup_teardown.py
[2026-05-07T20:02:00.875+0200] {logging_mixin.py:190} INFO - [2026-05-07T20:02:00.875+0200] {dag.py:3239} INFO - Sync 1 DAGs
[2026-05-07T20:02:00.884+0200] {logging_mixin.py:190} INFO - [2026-05-07T20:02:00.884+0200] {dag.py:4180} INFO - Setting next_dagrun for example_setup_teardown to None, run_after=None
[2026-05-07T20:02:00.901+0200] {processor.py:208} INFO - Processing /home/rodrigo/Escritorio/BBDDAvanzadas/.venv/lib/python3.12/site-packages/airflow/example_dags/example_setup_teardown.py took 0.058 seconds
[2026-05-07T20:03:00.859+0200] {processor.py:186} INFO - Started process (PID=17682) to work on /home/rodrigo/Escritorio/BBDDAvanzadas/.venv/lib/python3.12/site-packages/airflow/example_dags/example_setup_teardown.py
[2026-05-07T20:03:00.860+0200] {processor.py:914} INFO - Processing file /home/rodrigo/Escritorio/BBDDAvanzadas/.venv/lib/python3.12/site-packages/airflow/example_dags/example_setup_teardown.py for tasks to queue
[2026-05-07T20:03:00.871+0200] {logging_mixin.py:190} INFO - [2026-05-07T20:03:00.867+0200] {dagbag.py:588} INFO - Filling up the DagBag from /home/rodrigo/Escritorio/BBDDAvanzadas/.venv/lib/python3.12/site-packages/airflow/example_dags/example_setup_teardown.py
[2026-05-07T20:03:00.879+0200] {processor.py:925} INFO - DAG(s) 'example_setup_teardown' retrieved from /home/rodrigo/Escritorio/BBDDAvanzadas/.venv/lib/python3.12/site-packages/airflow/example_dags/example_setup_teardown.py
[2026-05-07T20:03:00.891+0200] {logging_mixin.py:190} INFO - [2026-05-07T20:03:00.891+0200] {dag.py:3239} INFO - Sync 1 DAGs
[2026-05-07T20:03:00.899+0200] {logging_mixin.py:190} INFO - [2026-05-07T20:03:00.899+0200] {dag.py:4180} INFO - Setting next_dagrun for example_setup_teardown to None, run_after=None
[2026-05-07T20:03:00.916+0200] {processor.py:208} INFO - Processing /home/rodrigo/Escritorio/BBDDAvanzadas/.venv/lib/python3.12/site-packages/airflow/example_dags/example_setup_teardown.py took 0.072 seconds
[2026-05-07T20:03:58.592+0200] {processor.py:186} INFO - Started process (PID=17807) to work on /home/rodrigo/Escritorio/BBDDAvanzadas/.venv/lib/python3.12/site-packages/airflow/example_dags/example_setup_teardown.py
[2026-05-07T20:03:58.597+0200] {processor.py:914} INFO - Processing file /home/rodrigo/Escritorio/BBDDAvanzadas/.venv/lib/python3.12/site-packages/airflow/example_dags/example_setup_teardown.py for tasks to queue
[2026-05-07T20:03:58.601+0200] {logging_mixin.py:190} INFO - [2026-05-07T20:03:58.600+0200] {dagbag.py:588} INFO - Filling up the DagBag from /home/rodrigo/Escritorio/BBDDAvanzadas/.venv/lib/python3.12/site-packages/airflow/example_dags/example_setup_teardown.py
[2026-05-07T20:03:58.614+0200] {processor.py:925} INFO - DAG(s) 'example_setup_teardown' retrieved from /home/rodrigo/Escritorio/BBDDAvanzadas/.venv/lib/python3.12/site-packages/airflow/example_dags/example_setup_teardown.py
[2026-05-07T20:03:58.626+0200] {logging_mixin.py:190} INFO - [2026-05-07T20:03:58.626+0200] {dag.py:3239} INFO - Sync 1 DAGs
[2026-05-07T20:03:58.635+0200] {logging_mixin.py:190} INFO - [2026-05-07T20:03:58.635+0200] {dag.py:4180} INFO - Setting next_dagrun for example_setup_teardown to None, run_after=None
[2026-05-07T20:03:58.651+0200] {processor.py:208} INFO - Processing /home/rodrigo/Escritorio/BBDDAvanzadas/.venv/lib/python3.12/site-packages/airflow/example_dags/example_setup_teardown.py took 0.076 seconds
[2026-05-07T20:05:02.819+0200] {processor.py:186} INFO - Started process (PID=17930) to work on /home/rodrigo/Escritorio/BBDDAvanzadas/.venv/lib/python3.12/site-packages/airflow/example_dags/example_setup_teardown.py
[2026-05-07T20:05:02.821+0200] {processor.py:914} INFO - Processing file /home/rodrigo/Escritorio/BBDDAvanzadas/.venv/lib/python3.12/site-packages/airflow/example_dags/example_setup_teardown.py for tasks to queue
[2026-05-07T20:05:02.822+0200] {logging_mixin.py:190} INFO - [2026-05-07T20:05:02.822+0200] {dagbag.py:588} INFO - Filling up the DagBag from /home/rodrigo/Escritorio/BBDDAvanzadas/.venv/lib/python3.12/site-packages/airflow/example_dags/example_setup_teardown.py
[2026-05-07T20:05:02.829+0200] {processor.py:925} INFO - DAG(s) 'example_setup_teardown' retrieved from /home/rodrigo/Escritorio/BBDDAvanzadas/.venv/lib/python3.12/site-packages/airflow/example_dags/example_setup_teardown.py
[2026-05-07T20:05:02.840+0200] {logging_mixin.py:190} INFO - [2026-05-07T20:05:02.840+0200] {dag.py:3239} INFO - Sync 1 DAGs
[2026-05-07T20:05:02.848+0200] {logging_mixin.py:190} INFO - [2026-05-07T20:05:02.848+0200] {dag.py:4180} INFO - Setting next_dagrun for example_setup_teardown to None, run_after=None
[2026-05-07T20:05:02.863+0200] {processor.py:208} INFO - Processing /home/rodrigo/Escritorio/BBDDAvanzadas/.venv/lib/python3.12/site-packages/airflow/example_dags/example_setup_teardown.py took 0.048 seconds
[2026-05-07T20:06:03.780+0200] {processor.py:186} INFO - Started process (PID=18051) to work on /home/rodrigo/Escritorio/BBDDAvanzadas/.venv/lib/python3.12/site-packages/airflow/example_dags/example_setup_teardown.py
[2026-05-07T20:06:03.781+0200] {processor.py:914} INFO - Processing file /home/rodrigo/Escritorio/BBDDAvanzadas/.venv/lib/python3.12/site-packages/airflow/example_dags/example_setup_teardown.py for tasks to queue
[2026-05-07T20:06:03.783+0200] {logging_mixin.py:190} INFO - [2026-05-07T20:06:03.782+0200] {dagbag.py:588} INFO - Filling up the DagBag from /home/rodrigo/Escritorio/BBDDAvanzadas/.venv/lib/python3.12/site-packages/airflow/example_dags/example_setup_teardown.py
[2026-05-07T20:06:03.790+0200] {processor.py:925} INFO - DAG(s) 'example_setup_teardown' retrieved from /home/rodrigo/Escritorio/BBDDAvanzadas/.venv/lib/python3.12/site-packages/airflow/example_dags/example_setup_teardown.py
[2026-05-07T20:06:03.800+0200] {logging_mixin.py:190} INFO - [2026-05-07T20:06:03.800+0200] {dag.py:3239} INFO - Sync 1 DAGs
[2026-05-07T20:06:03.809+0200] {logging_mixin.py:190} INFO - [2026-05-07T20:06:03.809+0200] {dag.py:4180} INFO - Setting next_dagrun for example_setup_teardown to None, run_after=None
[2026-05-07T20:06:03.825+0200] {processor.py:208} INFO - Processing /home/rodrigo/Escritorio/BBDDAvanzadas/.venv/lib/python3.12/site-packages/airflow/example_dags/example_setup_teardown.py took 0.049 seconds
[2026-05-07T20:07:02.995+0200] {processor.py:186} INFO - Started process (PID=18171) to work on /home/rodrigo/Escritorio/BBDDAvanzadas/.venv/lib/python3.12/site-packages/airflow/example_dags/example_setup_teardown.py
[2026-05-07T20:07:02.996+0200] {processor.py:914} INFO - Processing file /home/rodrigo/Escritorio/BBDDAvanzadas/.venv/lib/python3.12/site-packages/airflow/example_dags/example_setup_teardown.py for tasks to queue
[2026-05-07T20:07:02.997+0200] {logging_mixin.py:190} INFO - [2026-05-07T20:07:02.997+0200] {dagbag.py:588} INFO - Filling up the DagBag from /home/rodrigo/Escritorio/BBDDAvanzadas/.venv/lib/python3.12/site-packages/airflow/example_dags/example_setup_teardown.py
[2026-05-07T20:07:03.005+0200] {processor.py:925} INFO - DAG(s) 'example_setup_teardown' retrieved from /home/rodrigo/Escritorio/BBDDAvanzadas/.venv/lib/python3.12/site-packages/airflow/example_dags/example_setup_teardown.py
[2026-05-07T20:07:03.040+0200] {logging_mixin.py:190} INFO - [2026-05-07T20:07:03.040+0200] {dag.py:3239} INFO - Sync 1 DAGs
[2026-05-07T20:07:03.049+0200] {logging_mixin.py:190} INFO - [2026-05-07T20:07:03.049+0200] {dag.py:4180} INFO - Setting next_dagrun for example_setup_teardown to None, run_after=None
[2026-05-07T20:07:03.070+0200] {processor.py:208} INFO - Processing /home/rodrigo/Escritorio/BBDDAvanzadas/.venv/lib/python3.12/site-packages/airflow/example_dags/example_setup_teardown.py took 0.080 seconds
[2026-05-07T20:08:01.794+0200] {processor.py:186} INFO - Started process (PID=18303) to work on /home/rodrigo/Escritorio/BBDDAvanzadas/.venv/lib/python3.12/site-packages/airflow/example_dags/example_setup_teardown.py
[2026-05-07T20:08:01.795+0200] {processor.py:914} INFO - Processing file /home/rodrigo/Escritorio/BBDDAvanzadas/.venv/lib/python3.12/site-packages/airflow/example_dags/example_setup_teardown.py for tasks to queue
[2026-05-07T20:08:01.797+0200] {logging_mixin.py:190} INFO - [2026-05-07T20:08:01.796+0200] {dagbag.py:588} INFO - Filling up the DagBag from /home/rodrigo/Escritorio/BBDDAvanzadas/.venv/lib/python3.12/site-packages/airflow/example_dags/example_setup_teardown.py
[2026-05-07T20:08:01.803+0200] {processor.py:925} INFO - DAG(s) 'example_setup_teardown' retrieved from /home/rodrigo/Escritorio/BBDDAvanzadas/.venv/lib/python3.12/site-packages/airflow/example_dags/example_setup_teardown.py
[2026-05-07T20:08:01.814+0200] {logging_mixin.py:190} INFO - [2026-05-07T20:08:01.814+0200] {dag.py:3239} INFO - Sync 1 DAGs
[2026-05-07T20:08:01.823+0200] {logging_mixin.py:190} INFO - [2026-05-07T20:08:01.822+0200] {dag.py:4180} INFO - Setting next_dagrun for example_setup_teardown to None, run_after=None
[2026-05-07T20:08:01.871+0200] {processor.py:208} INFO - Processing /home/rodrigo/Escritorio/BBDDAvanzadas/.venv/lib/python3.12/site-packages/airflow/example_dags/example_setup_teardown.py took 0.080 seconds
[2026-05-07T20:09:13.647+0200] {processor.py:186} INFO - Started process (PID=18499) to work on /home/rodrigo/Escritorio/BBDDAvanzadas/.venv/lib/python3.12/site-packages/airflow/example_dags/example_setup_teardown.py
[2026-05-07T20:09:13.649+0200] {processor.py:914} INFO - Processing file /home/rodrigo/Escritorio/BBDDAvanzadas/.venv/lib/python3.12/site-packages/airflow/example_dags/example_setup_teardown.py for tasks to queue
[2026-05-07T20:09:13.651+0200] {logging_mixin.py:190} INFO - [2026-05-07T20:09:13.651+0200] {dagbag.py:588} INFO - Filling up the DagBag from /home/rodrigo/Escritorio/BBDDAvanzadas/.venv/lib/python3.12/site-packages/airflow/example_dags/example_setup_teardown.py
[2026-05-07T20:09:13.657+0200] {processor.py:925} INFO - DAG(s) 'example_setup_teardown' retrieved from /home/rodrigo/Escritorio/BBDDAvanzadas/.venv/lib/python3.12/site-packages/airflow/example_dags/example_setup_teardown.py
[2026-05-07T20:09:13.668+0200] {logging_mixin.py:190} INFO - [2026-05-07T20:09:13.668+0200] {dag.py:3239} INFO - Sync 1 DAGs
[2026-05-07T20:09:13.675+0200] {logging_mixin.py:190} INFO - [2026-05-07T20:09:13.675+0200] {dag.py:4180} INFO - Setting next_dagrun for example_setup_teardown to None, run_after=None
[2026-05-07T20:09:13.716+0200] {processor.py:208} INFO - Processing /home/rodrigo/Escritorio/BBDDAvanzadas/.venv/lib/python3.12/site-packages/airflow/example_dags/example_setup_teardown.py took 0.073 seconds
[2026-05-07T20:10:22.330+0200] {processor.py:186} INFO - Started process (PID=18627) to work on /home/rodrigo/Escritorio/BBDDAvanzadas/.venv/lib/python3.12/site-packages/airflow/example_dags/example_setup_teardown.py
[2026-05-07T20:10:22.332+0200] {processor.py:914} INFO - Processing file /home/rodrigo/Escritorio/BBDDAvanzadas/.venv/lib/python3.12/site-packages/airflow/example_dags/example_setup_teardown.py for tasks to queue
[2026-05-07T20:10:22.336+0200] {logging_mixin.py:190} INFO - [2026-05-07T20:10:22.336+0200] {dagbag.py:588} INFO - Filling up the DagBag from /home/rodrigo/Escritorio/BBDDAvanzadas/.venv/lib/python3.12/site-packages/airflow/example_dags/example_setup_teardown.py
[2026-05-07T20:10:22.342+0200] {processor.py:925} INFO - DAG(s) 'example_setup_teardown' retrieved from /home/rodrigo/Escritorio/BBDDAvanzadas/.venv/lib/python3.12/site-packages/airflow/example_dags/example_setup_teardown.py
[2026-05-07T20:10:22.352+0200] {logging_mixin.py:190} INFO - [2026-05-07T20:10:22.352+0200] {dag.py:3239} INFO - Sync 1 DAGs
[2026-05-07T20:10:22.360+0200] {logging_mixin.py:190} INFO - [2026-05-07T20:10:22.360+0200] {dag.py:4180} INFO - Setting next_dagrun for example_setup_teardown to None, run_after=None
[2026-05-07T20:10:22.379+0200] {processor.py:208} INFO - Processing /home/rodrigo/Escritorio/BBDDAvanzadas/.venv/lib/python3.12/site-packages/airflow/example_dags/example_setup_teardown.py took 0.055 seconds
