[2026-05-07T19:32:57.381+0200] {processor.py:186} INFO - Started process (PID=14410) to work on /home/rodrigo/Escritorio/BBDDAvanzadas/.venv/lib/python3.12/site-packages/airflow/example_dags/example_dynamic_task_mapping.py
[2026-05-07T19:32:57.381+0200] {processor.py:914} INFO - Processing file /home/rodrigo/Escritorio/BBDDAvanzadas/.venv/lib/python3.12/site-packages/airflow/example_dags/example_dynamic_task_mapping.py for tasks to queue
[2026-05-07T19:32:57.383+0200] {logging_mixin.py:190} INFO - [2026-05-07T19:32:57.383+0200] {dagbag.py:588} INFO - Filling up the DagBag from /home/rodrigo/Escritorio/BBDDAvanzadas/.venv/lib/python3.12/site-packages/airflow/example_dags/example_dynamic_task_mapping.py
[2026-05-07T19:32:57.390+0200] {processor.py:925} INFO - DAG(s) 'example_dynamic_task_mapping' retrieved from /home/rodrigo/Escritorio/BBDDAvanzadas/.venv/lib/python3.12/site-packages/airflow/example_dags/example_dynamic_task_mapping.py
[2026-05-07T19:32:57.482+0200] {logging_mixin.py:190} INFO - [2026-05-07T19:32:57.481+0200] {override.py:1930} INFO - Created Permission View: can read on DAG:example_dynamic_task_mapping
[2026-05-07T19:32:57.500+0200] {logging_mixin.py:190} INFO - [2026-05-07T19:32:57.500+0200] {override.py:1930} INFO - Created Permission View: can edit on DAG:example_dynamic_task_mapping
[2026-05-07T19:32:57.508+0200] {logging_mixin.py:190} INFO - [2026-05-07T19:32:57.508+0200] {override.py:1930} INFO - Created Permission View: can delete on DAG:example_dynamic_task_mapping
[2026-05-07T19:32:57.524+0200] {logging_mixin.py:190} INFO - [2026-05-07T19:32:57.524+0200] {override.py:1930} INFO - Created Permission View: can create on DAG Run:example_dynamic_task_mapping
[2026-05-07T19:32:57.533+0200] {logging_mixin.py:190} INFO - [2026-05-07T19:32:57.533+0200] {override.py:1930} INFO - Created Permission View: can read on DAG Run:example_dynamic_task_mapping
[2026-05-07T19:32:57.545+0200] {logging_mixin.py:190} INFO - [2026-05-07T19:32:57.545+0200] {override.py:1930} INFO - Created Permission View: menu access on DAG Run:example_dynamic_task_mapping
[2026-05-07T19:32:57.559+0200] {logging_mixin.py:190} INFO - [2026-05-07T19:32:57.559+0200] {override.py:1930} INFO - Created Permission View: can delete on DAG Run:example_dynamic_task_mapping
[2026-05-07T19:32:57.559+0200] {logging_mixin.py:190} INFO - [2026-05-07T19:32:57.559+0200] {dag.py:3239} INFO - Sync 1 DAGs
[2026-05-07T19:32:57.567+0200] {logging_mixin.py:190} INFO - [2026-05-07T19:32:57.567+0200] {dag.py:3262} INFO - Creating ORM DAG for example_dynamic_task_mapping
[2026-05-07T19:32:57.567+0200] {logging_mixin.py:190} INFO - [2026-05-07T19:32:57.567+0200] {dag.py:4180} INFO - Setting next_dagrun for example_dynamic_task_mapping to None, run_after=None
[2026-05-07T19:32:57.584+0200] {processor.py:208} INFO - Processing /home/rodrigo/Escritorio/BBDDAvanzadas/.venv/lib/python3.12/site-packages/airflow/example_dags/example_dynamic_task_mapping.py took 0.208 seconds
[2026-05-07T19:37:44.045+0200] {processor.py:186} INFO - Started process (PID=14922) to work on /home/rodrigo/Escritorio/BBDDAvanzadas/.venv/lib/python3.12/site-packages/airflow/example_dags/example_dynamic_task_mapping.py
[2026-05-07T19:37:44.048+0200] {processor.py:914} INFO - Processing file /home/rodrigo/Escritorio/BBDDAvanzadas/.venv/lib/python3.12/site-packages/airflow/example_dags/example_dynamic_task_mapping.py for tasks to queue
[2026-05-07T19:37:44.053+0200] {logging_mixin.py:190} INFO - [2026-05-07T19:37:44.052+0200] {dagbag.py:588} INFO - Filling up the DagBag from /home/rodrigo/Escritorio/BBDDAvanzadas/.venv/lib/python3.12/site-packages/airflow/example_dags/example_dynamic_task_mapping.py
[2026-05-07T19:37:44.067+0200] {processor.py:925} INFO - DAG(s) 'example_dynamic_task_mapping' retrieved from /home/rodrigo/Escritorio/BBDDAvanzadas/.venv/lib/python3.12/site-packages/airflow/example_dags/example_dynamic_task_mapping.py
[2026-05-07T19:37:44.096+0200] {logging_mixin.py:190} INFO - [2026-05-07T19:37:44.096+0200] {dag.py:3239} INFO - Sync 1 DAGs
[2026-05-07T19:37:44.104+0200] {logging_mixin.py:190} INFO - [2026-05-07T19:37:44.103+0200] {dag.py:4180} INFO - Setting next_dagrun for example_dynamic_task_mapping to None, run_after=None
[2026-05-07T19:37:44.173+0200] {processor.py:208} INFO - Processing /home/rodrigo/Escritorio/BBDDAvanzadas/.venv/lib/python3.12/site-packages/airflow/example_dags/example_dynamic_task_mapping.py took 0.136 seconds
[2026-05-07T19:38:55.404+0200] {processor.py:186} INFO - Started process (PID=15000) to work on /home/rodrigo/Escritorio/BBDDAvanzadas/.venv/lib/python3.12/site-packages/airflow/example_dags/example_dynamic_task_mapping.py
[2026-05-07T19:38:55.417+0200] {processor.py:914} INFO - Processing file /home/rodrigo/Escritorio/BBDDAvanzadas/.venv/lib/python3.12/site-packages/airflow/example_dags/example_dynamic_task_mapping.py for tasks to queue
[2026-05-07T19:38:55.423+0200] {logging_mixin.py:190} INFO - [2026-05-07T19:38:55.421+0200] {dagbag.py:588} INFO - Filling up the DagBag from /home/rodrigo/Escritorio/BBDDAvanzadas/.venv/lib/python3.12/site-packages/airflow/example_dags/example_dynamic_task_mapping.py
[2026-05-07T19:38:55.438+0200] {processor.py:925} INFO - DAG(s) 'example_dynamic_task_mapping' retrieved from /home/rodrigo/Escritorio/BBDDAvanzadas/.venv/lib/python3.12/site-packages/airflow/example_dags/example_dynamic_task_mapping.py
[2026-05-07T19:38:55.459+0200] {logging_mixin.py:190} INFO - [2026-05-07T19:38:55.459+0200] {dag.py:3239} INFO - Sync 1 DAGs
[2026-05-07T19:38:55.467+0200] {logging_mixin.py:190} INFO - [2026-05-07T19:38:55.467+0200] {dag.py:4180} INFO - Setting next_dagrun for example_dynamic_task_mapping to None, run_after=None
[2026-05-07T19:38:55.495+0200] {processor.py:208} INFO - Processing /home/rodrigo/Escritorio/BBDDAvanzadas/.venv/lib/python3.12/site-packages/airflow/example_dags/example_dynamic_task_mapping.py took 0.097 seconds
[2026-05-07T19:40:25.152+0200] {processor.py:186} INFO - Started process (PID=15122) to work on /home/rodrigo/Escritorio/BBDDAvanzadas/.venv/lib/python3.12/site-packages/airflow/example_dags/example_dynamic_task_mapping.py
[2026-05-07T19:40:25.155+0200] {processor.py:914} INFO - Processing file /home/rodrigo/Escritorio/BBDDAvanzadas/.venv/lib/python3.12/site-packages/airflow/example_dags/example_dynamic_task_mapping.py for tasks to queue
[2026-05-07T19:40:25.163+0200] {logging_mixin.py:190} INFO - [2026-05-07T19:40:25.162+0200] {dagbag.py:588} INFO - Filling up the DagBag from /home/rodrigo/Escritorio/BBDDAvanzadas/.venv/lib/python3.12/site-packages/airflow/example_dags/example_dynamic_task_mapping.py
[2026-05-07T19:40:25.190+0200] {processor.py:925} INFO - DAG(s) 'example_dynamic_task_mapping' retrieved from /home/rodrigo/Escritorio/BBDDAvanzadas/.venv/lib/python3.12/site-packages/airflow/example_dags/example_dynamic_task_mapping.py
[2026-05-07T19:40:25.211+0200] {logging_mixin.py:190} INFO - [2026-05-07T19:40:25.210+0200] {dag.py:3239} INFO - Sync 1 DAGs
[2026-05-07T19:40:25.248+0200] {logging_mixin.py:190} INFO - [2026-05-07T19:40:25.247+0200] {dag.py:4180} INFO - Setting next_dagrun for example_dynamic_task_mapping to None, run_after=None
[2026-05-07T19:40:25.308+0200] {processor.py:208} INFO - Processing /home/rodrigo/Escritorio/BBDDAvanzadas/.venv/lib/python3.12/site-packages/airflow/example_dags/example_dynamic_task_mapping.py took 0.164 seconds
[2026-05-07T19:41:59.669+0200] {processor.py:186} INFO - Started process (PID=15372) to work on /home/rodrigo/Escritorio/BBDDAvanzadas/.venv/lib/python3.12/site-packages/airflow/example_dags/example_dynamic_task_mapping.py
[2026-05-07T19:41:59.707+0200] {processor.py:914} INFO - Processing file /home/rodrigo/Escritorio/BBDDAvanzadas/.venv/lib/python3.12/site-packages/airflow/example_dags/example_dynamic_task_mapping.py for tasks to queue
[2026-05-07T19:41:59.713+0200] {logging_mixin.py:190} INFO - [2026-05-07T19:41:59.711+0200] {dagbag.py:588} INFO - Filling up the DagBag from /home/rodrigo/Escritorio/BBDDAvanzadas/.venv/lib/python3.12/site-packages/airflow/example_dags/example_dynamic_task_mapping.py
[2026-05-07T19:41:59.727+0200] {processor.py:925} INFO - DAG(s) 'example_dynamic_task_mapping' retrieved from /home/rodrigo/Escritorio/BBDDAvanzadas/.venv/lib/python3.12/site-packages/airflow/example_dags/example_dynamic_task_mapping.py
[2026-05-07T19:41:59.738+0200] {logging_mixin.py:190} INFO - [2026-05-07T19:41:59.738+0200] {dag.py:3239} INFO - Sync 1 DAGs
[2026-05-07T19:41:59.748+0200] {logging_mixin.py:190} INFO - [2026-05-07T19:41:59.748+0200] {dag.py:4180} INFO - Setting next_dagrun for example_dynamic_task_mapping to None, run_after=None
[2026-05-07T19:41:59.881+0200] {processor.py:208} INFO - Processing /home/rodrigo/Escritorio/BBDDAvanzadas/.venv/lib/python3.12/site-packages/airflow/example_dags/example_dynamic_task_mapping.py took 0.230 seconds
[2026-05-07T19:43:14.744+0200] {processor.py:186} INFO - Started process (PID=15546) to work on /home/rodrigo/Escritorio/BBDDAvanzadas/.venv/lib/python3.12/site-packages/airflow/example_dags/example_dynamic_task_mapping.py
[2026-05-07T19:43:14.760+0200] {processor.py:914} INFO - Processing file /home/rodrigo/Escritorio/BBDDAvanzadas/.venv/lib/python3.12/site-packages/airflow/example_dags/example_dynamic_task_mapping.py for tasks to queue
[2026-05-07T19:43:14.773+0200] {logging_mixin.py:190} INFO - [2026-05-07T19:43:14.769+0200] {dagbag.py:588} INFO - Filling up the DagBag from /home/rodrigo/Escritorio/BBDDAvanzadas/.venv/lib/python3.12/site-packages/airflow/example_dags/example_dynamic_task_mapping.py
[2026-05-07T19:43:14.785+0200] {processor.py:925} INFO - DAG(s) 'example_dynamic_task_mapping' retrieved from /home/rodrigo/Escritorio/BBDDAvanzadas/.venv/lib/python3.12/site-packages/airflow/example_dags/example_dynamic_task_mapping.py
[2026-05-07T19:43:14.826+0200] {logging_mixin.py:190} INFO - [2026-05-07T19:43:14.826+0200] {dag.py:3239} INFO - Sync 1 DAGs
[2026-05-07T19:43:14.866+0200] {logging_mixin.py:190} INFO - [2026-05-07T19:43:14.864+0200] {dag.py:4180} INFO - Setting next_dagrun for example_dynamic_task_mapping to None, run_after=None
[2026-05-07T19:43:14.929+0200] {processor.py:208} INFO - Processing /home/rodrigo/Escritorio/BBDDAvanzadas/.venv/lib/python3.12/site-packages/airflow/example_dags/example_dynamic_task_mapping.py took 0.189 seconds
[2026-05-07T19:44:40.209+0200] {processor.py:186} INFO - Started process (PID=15839) to work on /home/rodrigo/Escritorio/BBDDAvanzadas/.venv/lib/python3.12/site-packages/airflow/example_dags/example_dynamic_task_mapping.py
[2026-05-07T19:44:40.215+0200] {processor.py:914} INFO - Processing file /home/rodrigo/Escritorio/BBDDAvanzadas/.venv/lib/python3.12/site-packages/airflow/example_dags/example_dynamic_task_mapping.py for tasks to queue
[2026-05-07T19:44:40.218+0200] {logging_mixin.py:190} INFO - [2026-05-07T19:44:40.218+0200] {dagbag.py:588} INFO - Filling up the DagBag from /home/rodrigo/Escritorio/BBDDAvanzadas/.venv/lib/python3.12/site-packages/airflow/example_dags/example_dynamic_task_mapping.py
[2026-05-07T19:44:40.228+0200] {processor.py:925} INFO - DAG(s) 'example_dynamic_task_mapping' retrieved from /home/rodrigo/Escritorio/BBDDAvanzadas/.venv/lib/python3.12/site-packages/airflow/example_dags/example_dynamic_task_mapping.py
[2026-05-07T19:44:40.240+0200] {logging_mixin.py:190} INFO - [2026-05-07T19:44:40.240+0200] {dag.py:3239} INFO - Sync 1 DAGs
[2026-05-07T19:44:40.249+0200] {logging_mixin.py:190} INFO - [2026-05-07T19:44:40.249+0200] {dag.py:4180} INFO - Setting next_dagrun for example_dynamic_task_mapping to None, run_after=None
[2026-05-07T19:44:40.268+0200] {processor.py:208} INFO - Processing /home/rodrigo/Escritorio/BBDDAvanzadas/.venv/lib/python3.12/site-packages/airflow/example_dags/example_dynamic_task_mapping.py took 0.064 seconds
[2026-05-07T19:46:23.824+0200] {processor.py:186} INFO - Started process (PID=15934) to work on /home/rodrigo/Escritorio/BBDDAvanzadas/.venv/lib/python3.12/site-packages/airflow/example_dags/example_dynamic_task_mapping.py
[2026-05-07T19:46:23.826+0200] {processor.py:914} INFO - Processing file /home/rodrigo/Escritorio/BBDDAvanzadas/.venv/lib/python3.12/site-packages/airflow/example_dags/example_dynamic_task_mapping.py for tasks to queue
[2026-05-07T19:46:23.828+0200] {logging_mixin.py:190} INFO - [2026-05-07T19:46:23.828+0200] {dagbag.py:588} INFO - Filling up the DagBag from /home/rodrigo/Escritorio/BBDDAvanzadas/.venv/lib/python3.12/site-packages/airflow/example_dags/example_dynamic_task_mapping.py
[2026-05-07T19:46:23.834+0200] {processor.py:925} INFO - DAG(s) 'example_dynamic_task_mapping' retrieved from /home/rodrigo/Escritorio/BBDDAvanzadas/.venv/lib/python3.12/site-packages/airflow/example_dags/example_dynamic_task_mapping.py
[2026-05-07T19:46:23.846+0200] {logging_mixin.py:190} INFO - [2026-05-07T19:46:23.845+0200] {dag.py:3239} INFO - Sync 1 DAGs
[2026-05-07T19:46:23.854+0200] {logging_mixin.py:190} INFO - [2026-05-07T19:46:23.854+0200] {dag.py:4180} INFO - Setting next_dagrun for example_dynamic_task_mapping to None, run_after=None
[2026-05-07T19:46:23.872+0200] {processor.py:208} INFO - Processing /home/rodrigo/Escritorio/BBDDAvanzadas/.venv/lib/python3.12/site-packages/airflow/example_dags/example_dynamic_task_mapping.py took 0.052 seconds
[2026-05-07T19:47:42.274+0200] {processor.py:186} INFO - Started process (PID=16107) to work on /home/rodrigo/Escritorio/BBDDAvanzadas/.venv/lib/python3.12/site-packages/airflow/example_dags/example_dynamic_task_mapping.py
[2026-05-07T19:47:42.276+0200] {processor.py:914} INFO - Processing file /home/rodrigo/Escritorio/BBDDAvanzadas/.venv/lib/python3.12/site-packages/airflow/example_dags/example_dynamic_task_mapping.py for tasks to queue
[2026-05-07T19:47:42.281+0200] {logging_mixin.py:190} INFO - [2026-05-07T19:47:42.281+0200] {dagbag.py:588} INFO - Filling up the DagBag from /home/rodrigo/Escritorio/BBDDAvanzadas/.venv/lib/python3.12/site-packages/airflow/example_dags/example_dynamic_task_mapping.py
[2026-05-07T19:47:42.289+0200] {processor.py:925} INFO - DAG(s) 'example_dynamic_task_mapping' retrieved from /home/rodrigo/Escritorio/BBDDAvanzadas/.venv/lib/python3.12/site-packages/airflow/example_dags/example_dynamic_task_mapping.py
[2026-05-07T19:47:42.302+0200] {logging_mixin.py:190} INFO - [2026-05-07T19:47:42.302+0200] {dag.py:3239} INFO - Sync 1 DAGs
[2026-05-07T19:47:42.315+0200] {logging_mixin.py:190} INFO - [2026-05-07T19:47:42.315+0200] {dag.py:4180} INFO - Setting next_dagrun for example_dynamic_task_mapping to None, run_after=None
[2026-05-07T19:47:42.413+0200] {processor.py:208} INFO - Processing /home/rodrigo/Escritorio/BBDDAvanzadas/.venv/lib/python3.12/site-packages/airflow/example_dags/example_dynamic_task_mapping.py took 0.146 seconds
[2026-05-07T19:49:06.579+0200] {processor.py:186} INFO - Started process (PID=16237) to work on /home/rodrigo/Escritorio/BBDDAvanzadas/.venv/lib/python3.12/site-packages/airflow/example_dags/example_dynamic_task_mapping.py
[2026-05-07T19:49:06.580+0200] {processor.py:914} INFO - Processing file /home/rodrigo/Escritorio/BBDDAvanzadas/.venv/lib/python3.12/site-packages/airflow/example_dags/example_dynamic_task_mapping.py for tasks to queue
[2026-05-07T19:49:06.581+0200] {logging_mixin.py:190} INFO - [2026-05-07T19:49:06.581+0200] {dagbag.py:588} INFO - Filling up the DagBag from /home/rodrigo/Escritorio/BBDDAvanzadas/.venv/lib/python3.12/site-packages/airflow/example_dags/example_dynamic_task_mapping.py
[2026-05-07T19:49:06.587+0200] {processor.py:925} INFO - DAG(s) 'example_dynamic_task_mapping' retrieved from /home/rodrigo/Escritorio/BBDDAvanzadas/.venv/lib/python3.12/site-packages/airflow/example_dags/example_dynamic_task_mapping.py
[2026-05-07T19:49:06.598+0200] {logging_mixin.py:190} INFO - [2026-05-07T19:49:06.597+0200] {dag.py:3239} INFO - Sync 1 DAGs
[2026-05-07T19:49:06.605+0200] {logging_mixin.py:190} INFO - [2026-05-07T19:49:06.605+0200] {dag.py:4180} INFO - Setting next_dagrun for example_dynamic_task_mapping to None, run_after=None
[2026-05-07T19:49:06.623+0200] {processor.py:208} INFO - Processing /home/rodrigo/Escritorio/BBDDAvanzadas/.venv/lib/python3.12/site-packages/airflow/example_dags/example_dynamic_task_mapping.py took 0.048 seconds
[2026-05-07T19:50:52.784+0200] {processor.py:186} INFO - Started process (PID=16357) to work on /home/rodrigo/Escritorio/BBDDAvanzadas/.venv/lib/python3.12/site-packages/airflow/example_dags/example_dynamic_task_mapping.py
[2026-05-07T19:50:52.786+0200] {processor.py:914} INFO - Processing file /home/rodrigo/Escritorio/BBDDAvanzadas/.venv/lib/python3.12/site-packages/airflow/example_dags/example_dynamic_task_mapping.py for tasks to queue
[2026-05-07T19:50:52.788+0200] {logging_mixin.py:190} INFO - [2026-05-07T19:50:52.787+0200] {dagbag.py:588} INFO - Filling up the DagBag from /home/rodrigo/Escritorio/BBDDAvanzadas/.venv/lib/python3.12/site-packages/airflow/example_dags/example_dynamic_task_mapping.py
[2026-05-07T19:50:52.794+0200] {processor.py:925} INFO - DAG(s) 'example_dynamic_task_mapping' retrieved from /home/rodrigo/Escritorio/BBDDAvanzadas/.venv/lib/python3.12/site-packages/airflow/example_dags/example_dynamic_task_mapping.py
[2026-05-07T19:50:52.804+0200] {logging_mixin.py:190} INFO - [2026-05-07T19:50:52.804+0200] {dag.py:3239} INFO - Sync 1 DAGs
[2026-05-07T19:50:52.812+0200] {logging_mixin.py:190} INFO - [2026-05-07T19:50:52.812+0200] {dag.py:4180} INFO - Setting next_dagrun for example_dynamic_task_mapping to None, run_after=None
[2026-05-07T19:50:52.829+0200] {processor.py:208} INFO - Processing /home/rodrigo/Escritorio/BBDDAvanzadas/.venv/lib/python3.12/site-packages/airflow/example_dags/example_dynamic_task_mapping.py took 0.049 seconds
