[2026-05-07T19:31:33.911+0200] {processor.py:186} INFO - Started process (PID=14223) to work on /home/rodrigo/Escritorio/BBDDAvanzadas/.venv/lib/python3.12/site-packages/airflow/example_dags/tutorial_taskflow_templates.py
[2026-05-07T19:31:33.912+0200] {processor.py:914} INFO - Processing file /home/rodrigo/Escritorio/BBDDAvanzadas/.venv/lib/python3.12/site-packages/airflow/example_dags/tutorial_taskflow_templates.py for tasks to queue
[2026-05-07T19:31:33.913+0200] {logging_mixin.py:190} INFO - [2026-05-07T19:31:33.913+0200] {dagbag.py:588} INFO - Filling up the DagBag from /home/rodrigo/Escritorio/BBDDAvanzadas/.venv/lib/python3.12/site-packages/airflow/example_dags/tutorial_taskflow_templates.py
[2026-05-07T19:31:33.924+0200] {processor.py:925} INFO - DAG(s) 'tutorial_taskflow_templates' retrieved from /home/rodrigo/Escritorio/BBDDAvanzadas/.venv/lib/python3.12/site-packages/airflow/example_dags/tutorial_taskflow_templates.py
[2026-05-07T19:31:34.042+0200] {logging_mixin.py:190} INFO - [2026-05-07T19:31:34.041+0200] {override.py:1930} INFO - Created Permission View: can delete on DAG:tutorial_taskflow_templates
[2026-05-07T19:31:34.077+0200] {logging_mixin.py:190} INFO - [2026-05-07T19:31:34.076+0200] {override.py:1930} INFO - Created Permission View: can edit on DAG:tutorial_taskflow_templates
[2026-05-07T19:31:34.087+0200] {logging_mixin.py:190} INFO - [2026-05-07T19:31:34.087+0200] {override.py:1930} INFO - Created Permission View: can read on DAG:tutorial_taskflow_templates
[2026-05-07T19:31:34.103+0200] {logging_mixin.py:190} INFO - [2026-05-07T19:31:34.102+0200] {override.py:1930} INFO - Created Permission View: can delete on DAG Run:tutorial_taskflow_templates
[2026-05-07T19:31:34.116+0200] {logging_mixin.py:190} INFO - [2026-05-07T19:31:34.116+0200] {override.py:1930} INFO - Created Permission View: can create on DAG Run:tutorial_taskflow_templates
[2026-05-07T19:31:34.124+0200] {logging_mixin.py:190} INFO - [2026-05-07T19:31:34.124+0200] {override.py:1930} INFO - Created Permission View: menu access on DAG Run:tutorial_taskflow_templates
[2026-05-07T19:31:34.132+0200] {logging_mixin.py:190} INFO - [2026-05-07T19:31:34.132+0200] {override.py:1930} INFO - Created Permission View: can read on DAG Run:tutorial_taskflow_templates
[2026-05-07T19:31:34.132+0200] {logging_mixin.py:190} INFO - [2026-05-07T19:31:34.132+0200] {dag.py:3239} INFO - Sync 1 DAGs
[2026-05-07T19:31:34.142+0200] {logging_mixin.py:190} INFO - [2026-05-07T19:31:34.142+0200] {dag.py:3262} INFO - Creating ORM DAG for tutorial_taskflow_templates
[2026-05-07T19:31:34.147+0200] {logging_mixin.py:190} INFO - [2026-05-07T19:31:34.147+0200] {dag.py:4180} INFO - Setting next_dagrun for tutorial_taskflow_templates to 2026-05-06 00:00:00+00:00, run_after=2026-05-07 00:00:00+00:00
[2026-05-07T19:31:34.164+0200] {processor.py:208} INFO - Processing /home/rodrigo/Escritorio/BBDDAvanzadas/.venv/lib/python3.12/site-packages/airflow/example_dags/tutorial_taskflow_templates.py took 0.257 seconds
[2026-05-07T19:31:39.728+0200] {processor.py:186} INFO - Started process (PID=14241) to work on /home/rodrigo/Escritorio/BBDDAvanzadas/.venv/lib/python3.12/site-packages/airflow/example_dags/tutorial_taskflow_templates.py
[2026-05-07T19:31:39.731+0200] {processor.py:914} INFO - Processing file /home/rodrigo/Escritorio/BBDDAvanzadas/.venv/lib/python3.12/site-packages/airflow/example_dags/tutorial_taskflow_templates.py for tasks to queue
[2026-05-07T19:31:39.737+0200] {logging_mixin.py:190} INFO - [2026-05-07T19:31:39.737+0200] {dagbag.py:588} INFO - Filling up the DagBag from /home/rodrigo/Escritorio/BBDDAvanzadas/.venv/lib/python3.12/site-packages/airflow/example_dags/tutorial_taskflow_templates.py
[2026-05-07T19:31:39.764+0200] {processor.py:925} INFO - DAG(s) 'tutorial_taskflow_templates' retrieved from /home/rodrigo/Escritorio/BBDDAvanzadas/.venv/lib/python3.12/site-packages/airflow/example_dags/tutorial_taskflow_templates.py
[2026-05-07T19:31:39.998+0200] {logging_mixin.py:190} INFO - [2026-05-07T19:31:39.998+0200] {dag.py:3239} INFO - Sync 1 DAGs
[2026-05-07T19:31:40.105+0200] {logging_mixin.py:190} INFO - [2026-05-07T19:31:40.105+0200] {dag.py:4180} INFO - Setting next_dagrun for tutorial_taskflow_templates to 2026-05-06 00:00:00+00:00, run_after=2026-05-07 00:00:00+00:00
[2026-05-07T19:31:40.168+0200] {processor.py:208} INFO - Processing /home/rodrigo/Escritorio/BBDDAvanzadas/.venv/lib/python3.12/site-packages/airflow/example_dags/tutorial_taskflow_templates.py took 0.464 seconds
[2026-05-07T19:32:10.749+0200] {processor.py:186} INFO - Started process (PID=14313) to work on /home/rodrigo/Escritorio/BBDDAvanzadas/.venv/lib/python3.12/site-packages/airflow/example_dags/tutorial_taskflow_templates.py
[2026-05-07T19:32:10.751+0200] {processor.py:914} INFO - Processing file /home/rodrigo/Escritorio/BBDDAvanzadas/.venv/lib/python3.12/site-packages/airflow/example_dags/tutorial_taskflow_templates.py for tasks to queue
[2026-05-07T19:32:10.753+0200] {logging_mixin.py:190} INFO - [2026-05-07T19:32:10.753+0200] {dagbag.py:588} INFO - Filling up the DagBag from /home/rodrigo/Escritorio/BBDDAvanzadas/.venv/lib/python3.12/site-packages/airflow/example_dags/tutorial_taskflow_templates.py
[2026-05-07T19:32:10.776+0200] {processor.py:925} INFO - DAG(s) 'tutorial_taskflow_templates' retrieved from /home/rodrigo/Escritorio/BBDDAvanzadas/.venv/lib/python3.12/site-packages/airflow/example_dags/tutorial_taskflow_templates.py
[2026-05-07T19:32:10.809+0200] {logging_mixin.py:190} INFO - [2026-05-07T19:32:10.808+0200] {dag.py:3239} INFO - Sync 1 DAGs
[2026-05-07T19:32:10.840+0200] {logging_mixin.py:190} INFO - [2026-05-07T19:32:10.840+0200] {dag.py:4180} INFO - Setting next_dagrun for tutorial_taskflow_templates to 2026-05-06 00:00:00+00:00, run_after=2026-05-07 00:00:00+00:00
[2026-05-07T19:32:10.889+0200] {processor.py:208} INFO - Processing /home/rodrigo/Escritorio/BBDDAvanzadas/.venv/lib/python3.12/site-packages/airflow/example_dags/tutorial_taskflow_templates.py took 0.149 seconds
[2026-05-07T19:33:26.778+0200] {processor.py:186} INFO - Started process (PID=14509) to work on /home/rodrigo/Escritorio/BBDDAvanzadas/.venv/lib/python3.12/site-packages/airflow/example_dags/tutorial_taskflow_templates.py
[2026-05-07T19:33:26.783+0200] {processor.py:914} INFO - Processing file /home/rodrigo/Escritorio/BBDDAvanzadas/.venv/lib/python3.12/site-packages/airflow/example_dags/tutorial_taskflow_templates.py for tasks to queue
[2026-05-07T19:33:26.785+0200] {logging_mixin.py:190} INFO - [2026-05-07T19:33:26.785+0200] {dagbag.py:588} INFO - Filling up the DagBag from /home/rodrigo/Escritorio/BBDDAvanzadas/.venv/lib/python3.12/site-packages/airflow/example_dags/tutorial_taskflow_templates.py
[2026-05-07T19:33:26.800+0200] {processor.py:925} INFO - DAG(s) 'tutorial_taskflow_templates' retrieved from /home/rodrigo/Escritorio/BBDDAvanzadas/.venv/lib/python3.12/site-packages/airflow/example_dags/tutorial_taskflow_templates.py
[2026-05-07T19:33:26.818+0200] {logging_mixin.py:190} INFO - [2026-05-07T19:33:26.818+0200] {dag.py:3239} INFO - Sync 1 DAGs
[2026-05-07T19:33:26.840+0200] {logging_mixin.py:190} INFO - [2026-05-07T19:33:26.840+0200] {dag.py:4180} INFO - Setting next_dagrun for tutorial_taskflow_templates to 2026-05-06 00:00:00+00:00, run_after=2026-05-07 00:00:00+00:00
[2026-05-07T19:33:26.878+0200] {processor.py:208} INFO - Processing /home/rodrigo/Escritorio/BBDDAvanzadas/.venv/lib/python3.12/site-packages/airflow/example_dags/tutorial_taskflow_templates.py took 0.114 seconds
[2026-05-07T19:35:13.006+0200] {processor.py:186} INFO - Started process (PID=14684) to work on /home/rodrigo/Escritorio/BBDDAvanzadas/.venv/lib/python3.12/site-packages/airflow/example_dags/tutorial_taskflow_templates.py
[2026-05-07T19:35:13.008+0200] {processor.py:914} INFO - Processing file /home/rodrigo/Escritorio/BBDDAvanzadas/.venv/lib/python3.12/site-packages/airflow/example_dags/tutorial_taskflow_templates.py for tasks to queue
[2026-05-07T19:35:13.009+0200] {logging_mixin.py:190} INFO - [2026-05-07T19:35:13.009+0200] {dagbag.py:588} INFO - Filling up the DagBag from /home/rodrigo/Escritorio/BBDDAvanzadas/.venv/lib/python3.12/site-packages/airflow/example_dags/tutorial_taskflow_templates.py
[2026-05-07T19:35:13.018+0200] {processor.py:925} INFO - DAG(s) 'tutorial_taskflow_templates' retrieved from /home/rodrigo/Escritorio/BBDDAvanzadas/.venv/lib/python3.12/site-packages/airflow/example_dags/tutorial_taskflow_templates.py
[2026-05-07T19:35:13.032+0200] {logging_mixin.py:190} INFO - [2026-05-07T19:35:13.032+0200] {dag.py:3239} INFO - Sync 1 DAGs
[2026-05-07T19:35:13.045+0200] {logging_mixin.py:190} INFO - [2026-05-07T19:35:13.045+0200] {dag.py:4180} INFO - Setting next_dagrun for tutorial_taskflow_templates to 2026-05-06 00:00:00+00:00, run_after=2026-05-07 00:00:00+00:00
[2026-05-07T19:35:13.061+0200] {processor.py:208} INFO - Processing /home/rodrigo/Escritorio/BBDDAvanzadas/.venv/lib/python3.12/site-packages/airflow/example_dags/tutorial_taskflow_templates.py took 0.059 seconds
[2026-05-07T19:37:06.116+0200] {processor.py:186} INFO - Started process (PID=14789) to work on /home/rodrigo/Escritorio/BBDDAvanzadas/.venv/lib/python3.12/site-packages/airflow/example_dags/tutorial_taskflow_templates.py
[2026-05-07T19:37:06.117+0200] {processor.py:914} INFO - Processing file /home/rodrigo/Escritorio/BBDDAvanzadas/.venv/lib/python3.12/site-packages/airflow/example_dags/tutorial_taskflow_templates.py for tasks to queue
[2026-05-07T19:37:06.119+0200] {logging_mixin.py:190} INFO - [2026-05-07T19:37:06.118+0200] {dagbag.py:588} INFO - Filling up the DagBag from /home/rodrigo/Escritorio/BBDDAvanzadas/.venv/lib/python3.12/site-packages/airflow/example_dags/tutorial_taskflow_templates.py
[2026-05-07T19:37:06.127+0200] {processor.py:925} INFO - DAG(s) 'tutorial_taskflow_templates' retrieved from /home/rodrigo/Escritorio/BBDDAvanzadas/.venv/lib/python3.12/site-packages/airflow/example_dags/tutorial_taskflow_templates.py
[2026-05-07T19:37:06.141+0200] {logging_mixin.py:190} INFO - [2026-05-07T19:37:06.141+0200] {dag.py:3239} INFO - Sync 1 DAGs
[2026-05-07T19:37:06.154+0200] {logging_mixin.py:190} INFO - [2026-05-07T19:37:06.154+0200] {dag.py:4180} INFO - Setting next_dagrun for tutorial_taskflow_templates to 2026-05-06 00:00:00+00:00, run_after=2026-05-07 00:00:00+00:00
[2026-05-07T19:37:06.170+0200] {processor.py:208} INFO - Processing /home/rodrigo/Escritorio/BBDDAvanzadas/.venv/lib/python3.12/site-packages/airflow/example_dags/tutorial_taskflow_templates.py took 0.058 seconds
[2026-05-07T19:38:06.426+0200] {processor.py:186} INFO - Started process (PID=14946) to work on /home/rodrigo/Escritorio/BBDDAvanzadas/.venv/lib/python3.12/site-packages/airflow/example_dags/tutorial_taskflow_templates.py
[2026-05-07T19:38:06.428+0200] {processor.py:914} INFO - Processing file /home/rodrigo/Escritorio/BBDDAvanzadas/.venv/lib/python3.12/site-packages/airflow/example_dags/tutorial_taskflow_templates.py for tasks to queue
[2026-05-07T19:38:06.430+0200] {logging_mixin.py:190} INFO - [2026-05-07T19:38:06.429+0200] {dagbag.py:588} INFO - Filling up the DagBag from /home/rodrigo/Escritorio/BBDDAvanzadas/.venv/lib/python3.12/site-packages/airflow/example_dags/tutorial_taskflow_templates.py
[2026-05-07T19:38:06.439+0200] {processor.py:925} INFO - DAG(s) 'tutorial_taskflow_templates' retrieved from /home/rodrigo/Escritorio/BBDDAvanzadas/.venv/lib/python3.12/site-packages/airflow/example_dags/tutorial_taskflow_templates.py
[2026-05-07T19:38:06.449+0200] {logging_mixin.py:190} INFO - [2026-05-07T19:38:06.449+0200] {dag.py:3239} INFO - Sync 1 DAGs
[2026-05-07T19:38:06.462+0200] {logging_mixin.py:190} INFO - [2026-05-07T19:38:06.461+0200] {dag.py:4180} INFO - Setting next_dagrun for tutorial_taskflow_templates to 2026-05-06 00:00:00+00:00, run_after=2026-05-07 00:00:00+00:00
[2026-05-07T19:38:06.478+0200] {processor.py:208} INFO - Processing /home/rodrigo/Escritorio/BBDDAvanzadas/.venv/lib/python3.12/site-packages/airflow/example_dags/tutorial_taskflow_templates.py took 0.056 seconds
[2026-05-07T19:39:31.576+0200] {processor.py:186} INFO - Started process (PID=15047) to work on /home/rodrigo/Escritorio/BBDDAvanzadas/.venv/lib/python3.12/site-packages/airflow/example_dags/tutorial_taskflow_templates.py
[2026-05-07T19:39:31.584+0200] {processor.py:914} INFO - Processing file /home/rodrigo/Escritorio/BBDDAvanzadas/.venv/lib/python3.12/site-packages/airflow/example_dags/tutorial_taskflow_templates.py for tasks to queue
[2026-05-07T19:39:31.589+0200] {logging_mixin.py:190} INFO - [2026-05-07T19:39:31.589+0200] {dagbag.py:588} INFO - Filling up the DagBag from /home/rodrigo/Escritorio/BBDDAvanzadas/.venv/lib/python3.12/site-packages/airflow/example_dags/tutorial_taskflow_templates.py
[2026-05-07T19:39:31.611+0200] {processor.py:925} INFO - DAG(s) 'tutorial_taskflow_templates' retrieved from /home/rodrigo/Escritorio/BBDDAvanzadas/.venv/lib/python3.12/site-packages/airflow/example_dags/tutorial_taskflow_templates.py
[2026-05-07T19:39:31.634+0200] {logging_mixin.py:190} INFO - [2026-05-07T19:39:31.634+0200] {dag.py:3239} INFO - Sync 1 DAGs
[2026-05-07T19:39:31.650+0200] {logging_mixin.py:190} INFO - [2026-05-07T19:39:31.650+0200] {dag.py:4180} INFO - Setting next_dagrun for tutorial_taskflow_templates to 2026-05-06 00:00:00+00:00, run_after=2026-05-07 00:00:00+00:00
[2026-05-07T19:39:31.691+0200] {processor.py:208} INFO - Processing /home/rodrigo/Escritorio/BBDDAvanzadas/.venv/lib/python3.12/site-packages/airflow/example_dags/tutorial_taskflow_templates.py took 0.118 seconds
[2026-05-07T19:40:13.275+0200] {processor.py:186} INFO - Started process (PID=15102) to work on /home/rodrigo/Escritorio/BBDDAvanzadas/.venv/lib/python3.12/site-packages/airflow/example_dags/tutorial_taskflow_templates.py
[2026-05-07T19:40:13.276+0200] {processor.py:914} INFO - Processing file /home/rodrigo/Escritorio/BBDDAvanzadas/.venv/lib/python3.12/site-packages/airflow/example_dags/tutorial_taskflow_templates.py for tasks to queue
[2026-05-07T19:40:13.278+0200] {logging_mixin.py:190} INFO - [2026-05-07T19:40:13.278+0200] {dagbag.py:588} INFO - Filling up the DagBag from /home/rodrigo/Escritorio/BBDDAvanzadas/.venv/lib/python3.12/site-packages/airflow/example_dags/tutorial_taskflow_templates.py
[2026-05-07T19:40:13.288+0200] {processor.py:925} INFO - DAG(s) 'tutorial_taskflow_templates' retrieved from /home/rodrigo/Escritorio/BBDDAvanzadas/.venv/lib/python3.12/site-packages/airflow/example_dags/tutorial_taskflow_templates.py
[2026-05-07T19:40:13.298+0200] {logging_mixin.py:190} INFO - [2026-05-07T19:40:13.298+0200] {dag.py:3239} INFO - Sync 1 DAGs
[2026-05-07T19:40:13.310+0200] {logging_mixin.py:190} INFO - [2026-05-07T19:40:13.310+0200] {dag.py:4180} INFO - Setting next_dagrun for tutorial_taskflow_templates to 2026-05-06 00:00:00+00:00, run_after=2026-05-07 00:00:00+00:00
[2026-05-07T19:40:13.326+0200] {processor.py:208} INFO - Processing /home/rodrigo/Escritorio/BBDDAvanzadas/.venv/lib/python3.12/site-packages/airflow/example_dags/tutorial_taskflow_templates.py took 0.055 seconds
[2026-05-07T19:41:00.224+0200] {processor.py:186} INFO - Started process (PID=15166) to work on /home/rodrigo/Escritorio/BBDDAvanzadas/.venv/lib/python3.12/site-packages/airflow/example_dags/tutorial_taskflow_templates.py
[2026-05-07T19:41:00.228+0200] {processor.py:914} INFO - Processing file /home/rodrigo/Escritorio/BBDDAvanzadas/.venv/lib/python3.12/site-packages/airflow/example_dags/tutorial_taskflow_templates.py for tasks to queue
[2026-05-07T19:41:00.230+0200] {logging_mixin.py:190} INFO - [2026-05-07T19:41:00.229+0200] {dagbag.py:588} INFO - Filling up the DagBag from /home/rodrigo/Escritorio/BBDDAvanzadas/.venv/lib/python3.12/site-packages/airflow/example_dags/tutorial_taskflow_templates.py
[2026-05-07T19:41:00.242+0200] {processor.py:925} INFO - DAG(s) 'tutorial_taskflow_templates' retrieved from /home/rodrigo/Escritorio/BBDDAvanzadas/.venv/lib/python3.12/site-packages/airflow/example_dags/tutorial_taskflow_templates.py
[2026-05-07T19:41:00.262+0200] {logging_mixin.py:190} INFO - [2026-05-07T19:41:00.262+0200] {dag.py:3239} INFO - Sync 1 DAGs
[2026-05-07T19:41:00.299+0200] {logging_mixin.py:190} INFO - [2026-05-07T19:41:00.298+0200] {dag.py:4180} INFO - Setting next_dagrun for tutorial_taskflow_templates to 2026-05-06 00:00:00+00:00, run_after=2026-05-07 00:00:00+00:00
[2026-05-07T19:41:00.331+0200] {processor.py:208} INFO - Processing /home/rodrigo/Escritorio/BBDDAvanzadas/.venv/lib/python3.12/site-packages/airflow/example_dags/tutorial_taskflow_templates.py took 0.114 seconds
[2026-05-07T19:41:47.805+0200] {processor.py:186} INFO - Started process (PID=15248) to work on /home/rodrigo/Escritorio/BBDDAvanzadas/.venv/lib/python3.12/site-packages/airflow/example_dags/tutorial_taskflow_templates.py
[2026-05-07T19:41:47.807+0200] {processor.py:914} INFO - Processing file /home/rodrigo/Escritorio/BBDDAvanzadas/.venv/lib/python3.12/site-packages/airflow/example_dags/tutorial_taskflow_templates.py for tasks to queue
[2026-05-07T19:41:47.809+0200] {logging_mixin.py:190} INFO - [2026-05-07T19:41:47.809+0200] {dagbag.py:588} INFO - Filling up the DagBag from /home/rodrigo/Escritorio/BBDDAvanzadas/.venv/lib/python3.12/site-packages/airflow/example_dags/tutorial_taskflow_templates.py
[2026-05-07T19:41:47.818+0200] {processor.py:925} INFO - DAG(s) 'tutorial_taskflow_templates' retrieved from /home/rodrigo/Escritorio/BBDDAvanzadas/.venv/lib/python3.12/site-packages/airflow/example_dags/tutorial_taskflow_templates.py
[2026-05-07T19:41:47.838+0200] {logging_mixin.py:190} INFO - [2026-05-07T19:41:47.836+0200] {dag.py:3239} INFO - Sync 1 DAGs
[2026-05-07T19:41:47.865+0200] {logging_mixin.py:190} INFO - [2026-05-07T19:41:47.865+0200] {dag.py:4180} INFO - Setting next_dagrun for tutorial_taskflow_templates to 2026-05-06 00:00:00+00:00, run_after=2026-05-07 00:00:00+00:00
[2026-05-07T19:41:47.893+0200] {processor.py:208} INFO - Processing /home/rodrigo/Escritorio/BBDDAvanzadas/.venv/lib/python3.12/site-packages/airflow/example_dags/tutorial_taskflow_templates.py took 0.097 seconds
[2026-05-07T19:43:03.921+0200] {processor.py:186} INFO - Started process (PID=15498) to work on /home/rodrigo/Escritorio/BBDDAvanzadas/.venv/lib/python3.12/site-packages/airflow/example_dags/tutorial_taskflow_templates.py
[2026-05-07T19:43:03.922+0200] {processor.py:914} INFO - Processing file /home/rodrigo/Escritorio/BBDDAvanzadas/.venv/lib/python3.12/site-packages/airflow/example_dags/tutorial_taskflow_templates.py for tasks to queue
[2026-05-07T19:43:03.931+0200] {logging_mixin.py:190} INFO - [2026-05-07T19:43:03.929+0200] {dagbag.py:588} INFO - Filling up the DagBag from /home/rodrigo/Escritorio/BBDDAvanzadas/.venv/lib/python3.12/site-packages/airflow/example_dags/tutorial_taskflow_templates.py
[2026-05-07T19:43:03.962+0200] {processor.py:925} INFO - DAG(s) 'tutorial_taskflow_templates' retrieved from /home/rodrigo/Escritorio/BBDDAvanzadas/.venv/lib/python3.12/site-packages/airflow/example_dags/tutorial_taskflow_templates.py
[2026-05-07T19:43:03.976+0200] {logging_mixin.py:190} INFO - [2026-05-07T19:43:03.975+0200] {dag.py:3239} INFO - Sync 1 DAGs
[2026-05-07T19:43:03.990+0200] {logging_mixin.py:190} INFO - [2026-05-07T19:43:03.990+0200] {dag.py:4180} INFO - Setting next_dagrun for tutorial_taskflow_templates to 2026-05-06 00:00:00+00:00, run_after=2026-05-07 00:00:00+00:00
[2026-05-07T19:43:04.006+0200] {processor.py:208} INFO - Processing /home/rodrigo/Escritorio/BBDDAvanzadas/.venv/lib/python3.12/site-packages/airflow/example_dags/tutorial_taskflow_templates.py took 0.090 seconds
[2026-05-07T19:44:20.669+0200] {processor.py:186} INFO - Started process (PID=15687) to work on /home/rodrigo/Escritorio/BBDDAvanzadas/.venv/lib/python3.12/site-packages/airflow/example_dags/tutorial_taskflow_templates.py
[2026-05-07T19:44:20.671+0200] {processor.py:914} INFO - Processing file /home/rodrigo/Escritorio/BBDDAvanzadas/.venv/lib/python3.12/site-packages/airflow/example_dags/tutorial_taskflow_templates.py for tasks to queue
[2026-05-07T19:44:20.673+0200] {logging_mixin.py:190} INFO - [2026-05-07T19:44:20.673+0200] {dagbag.py:588} INFO - Filling up the DagBag from /home/rodrigo/Escritorio/BBDDAvanzadas/.venv/lib/python3.12/site-packages/airflow/example_dags/tutorial_taskflow_templates.py
[2026-05-07T19:44:20.683+0200] {processor.py:925} INFO - DAG(s) 'tutorial_taskflow_templates' retrieved from /home/rodrigo/Escritorio/BBDDAvanzadas/.venv/lib/python3.12/site-packages/airflow/example_dags/tutorial_taskflow_templates.py
[2026-05-07T19:44:20.695+0200] {logging_mixin.py:190} INFO - [2026-05-07T19:44:20.695+0200] {dag.py:3239} INFO - Sync 1 DAGs
[2026-05-07T19:44:20.712+0200] {logging_mixin.py:190} INFO - [2026-05-07T19:44:20.712+0200] {dag.py:4180} INFO - Setting next_dagrun for tutorial_taskflow_templates to 2026-05-06 00:00:00+00:00, run_after=2026-05-07 00:00:00+00:00
[2026-05-07T19:44:20.729+0200] {processor.py:208} INFO - Processing /home/rodrigo/Escritorio/BBDDAvanzadas/.venv/lib/python3.12/site-packages/airflow/example_dags/tutorial_taskflow_templates.py took 0.064 seconds
[2026-05-07T19:45:10.775+0200] {processor.py:186} INFO - Started process (PID=15868) to work on /home/rodrigo/Escritorio/BBDDAvanzadas/.venv/lib/python3.12/site-packages/airflow/example_dags/tutorial_taskflow_templates.py
[2026-05-07T19:45:10.777+0200] {processor.py:914} INFO - Processing file /home/rodrigo/Escritorio/BBDDAvanzadas/.venv/lib/python3.12/site-packages/airflow/example_dags/tutorial_taskflow_templates.py for tasks to queue
[2026-05-07T19:45:10.779+0200] {logging_mixin.py:190} INFO - [2026-05-07T19:45:10.778+0200] {dagbag.py:588} INFO - Filling up the DagBag from /home/rodrigo/Escritorio/BBDDAvanzadas/.venv/lib/python3.12/site-packages/airflow/example_dags/tutorial_taskflow_templates.py
[2026-05-07T19:45:10.788+0200] {processor.py:925} INFO - DAG(s) 'tutorial_taskflow_templates' retrieved from /home/rodrigo/Escritorio/BBDDAvanzadas/.venv/lib/python3.12/site-packages/airflow/example_dags/tutorial_taskflow_templates.py
[2026-05-07T19:45:10.799+0200] {logging_mixin.py:190} INFO - [2026-05-07T19:45:10.799+0200] {dag.py:3239} INFO - Sync 1 DAGs
[2026-05-07T19:45:10.812+0200] {logging_mixin.py:190} INFO - [2026-05-07T19:45:10.812+0200] {dag.py:4180} INFO - Setting next_dagrun for tutorial_taskflow_templates to 2026-05-06 00:00:00+00:00, run_after=2026-05-07 00:00:00+00:00
[2026-05-07T19:45:10.828+0200] {processor.py:208} INFO - Processing /home/rodrigo/Escritorio/BBDDAvanzadas/.venv/lib/python3.12/site-packages/airflow/example_dags/tutorial_taskflow_templates.py took 0.057 seconds
[2026-05-07T19:46:03.286+0200] {processor.py:186} INFO - Started process (PID=15916) to work on /home/rodrigo/Escritorio/BBDDAvanzadas/.venv/lib/python3.12/site-packages/airflow/example_dags/tutorial_taskflow_templates.py
[2026-05-07T19:46:03.287+0200] {processor.py:914} INFO - Processing file /home/rodrigo/Escritorio/BBDDAvanzadas/.venv/lib/python3.12/site-packages/airflow/example_dags/tutorial_taskflow_templates.py for tasks to queue
[2026-05-07T19:46:03.288+0200] {logging_mixin.py:190} INFO - [2026-05-07T19:46:03.288+0200] {dagbag.py:588} INFO - Filling up the DagBag from /home/rodrigo/Escritorio/BBDDAvanzadas/.venv/lib/python3.12/site-packages/airflow/example_dags/tutorial_taskflow_templates.py
[2026-05-07T19:46:03.299+0200] {processor.py:925} INFO - DAG(s) 'tutorial_taskflow_templates' retrieved from /home/rodrigo/Escritorio/BBDDAvanzadas/.venv/lib/python3.12/site-packages/airflow/example_dags/tutorial_taskflow_templates.py
[2026-05-07T19:46:03.312+0200] {logging_mixin.py:190} INFO - [2026-05-07T19:46:03.311+0200] {dag.py:3239} INFO - Sync 1 DAGs
[2026-05-07T19:46:03.328+0200] {logging_mixin.py:190} INFO - [2026-05-07T19:46:03.328+0200] {dag.py:4180} INFO - Setting next_dagrun for tutorial_taskflow_templates to 2026-05-06 00:00:00+00:00, run_after=2026-05-07 00:00:00+00:00
[2026-05-07T19:46:03.347+0200] {processor.py:208} INFO - Processing /home/rodrigo/Escritorio/BBDDAvanzadas/.venv/lib/python3.12/site-packages/airflow/example_dags/tutorial_taskflow_templates.py took 0.066 seconds
[2026-05-07T19:46:53.343+0200] {processor.py:186} INFO - Started process (PID=15995) to work on /home/rodrigo/Escritorio/BBDDAvanzadas/.venv/lib/python3.12/site-packages/airflow/example_dags/tutorial_taskflow_templates.py
[2026-05-07T19:46:53.363+0200] {processor.py:914} INFO - Processing file /home/rodrigo/Escritorio/BBDDAvanzadas/.venv/lib/python3.12/site-packages/airflow/example_dags/tutorial_taskflow_templates.py for tasks to queue
[2026-05-07T19:46:53.370+0200] {logging_mixin.py:190} INFO - [2026-05-07T19:46:53.370+0200] {dagbag.py:588} INFO - Filling up the DagBag from /home/rodrigo/Escritorio/BBDDAvanzadas/.venv/lib/python3.12/site-packages/airflow/example_dags/tutorial_taskflow_templates.py
[2026-05-07T19:46:53.414+0200] {processor.py:925} INFO - DAG(s) 'tutorial_taskflow_templates' retrieved from /home/rodrigo/Escritorio/BBDDAvanzadas/.venv/lib/python3.12/site-packages/airflow/example_dags/tutorial_taskflow_templates.py
[2026-05-07T19:46:53.431+0200] {logging_mixin.py:190} INFO - [2026-05-07T19:46:53.431+0200] {dag.py:3239} INFO - Sync 1 DAGs
[2026-05-07T19:46:53.450+0200] {logging_mixin.py:190} INFO - [2026-05-07T19:46:53.450+0200] {dag.py:4180} INFO - Setting next_dagrun for tutorial_taskflow_templates to 2026-05-06 00:00:00+00:00, run_after=2026-05-07 00:00:00+00:00
[2026-05-07T19:46:53.501+0200] {processor.py:208} INFO - Processing /home/rodrigo/Escritorio/BBDDAvanzadas/.venv/lib/python3.12/site-packages/airflow/example_dags/tutorial_taskflow_templates.py took 0.170 seconds
[2026-05-07T19:47:34.398+0200] {processor.py:186} INFO - Started process (PID=16088) to work on /home/rodrigo/Escritorio/BBDDAvanzadas/.venv/lib/python3.12/site-packages/airflow/example_dags/tutorial_taskflow_templates.py
[2026-05-07T19:47:34.400+0200] {processor.py:914} INFO - Processing file /home/rodrigo/Escritorio/BBDDAvanzadas/.venv/lib/python3.12/site-packages/airflow/example_dags/tutorial_taskflow_templates.py for tasks to queue
[2026-05-07T19:47:34.401+0200] {logging_mixin.py:190} INFO - [2026-05-07T19:47:34.401+0200] {dagbag.py:588} INFO - Filling up the DagBag from /home/rodrigo/Escritorio/BBDDAvanzadas/.venv/lib/python3.12/site-packages/airflow/example_dags/tutorial_taskflow_templates.py
[2026-05-07T19:47:34.412+0200] {processor.py:925} INFO - DAG(s) 'tutorial_taskflow_templates' retrieved from /home/rodrigo/Escritorio/BBDDAvanzadas/.venv/lib/python3.12/site-packages/airflow/example_dags/tutorial_taskflow_templates.py
[2026-05-07T19:47:34.426+0200] {logging_mixin.py:190} INFO - [2026-05-07T19:47:34.426+0200] {dag.py:3239} INFO - Sync 1 DAGs
[2026-05-07T19:47:34.445+0200] {logging_mixin.py:190} INFO - [2026-05-07T19:47:34.444+0200] {dag.py:4180} INFO - Setting next_dagrun for tutorial_taskflow_templates to 2026-05-06 00:00:00+00:00, run_after=2026-05-07 00:00:00+00:00
[2026-05-07T19:47:34.477+0200] {processor.py:208} INFO - Processing /home/rodrigo/Escritorio/BBDDAvanzadas/.venv/lib/python3.12/site-packages/airflow/example_dags/tutorial_taskflow_templates.py took 0.084 seconds
[2026-05-07T19:48:48.269+0200] {processor.py:186} INFO - Started process (PID=16219) to work on /home/rodrigo/Escritorio/BBDDAvanzadas/.venv/lib/python3.12/site-packages/airflow/example_dags/tutorial_taskflow_templates.py
[2026-05-07T19:48:48.270+0200] {processor.py:914} INFO - Processing file /home/rodrigo/Escritorio/BBDDAvanzadas/.venv/lib/python3.12/site-packages/airflow/example_dags/tutorial_taskflow_templates.py for tasks to queue
[2026-05-07T19:48:48.272+0200] {logging_mixin.py:190} INFO - [2026-05-07T19:48:48.271+0200] {dagbag.py:588} INFO - Filling up the DagBag from /home/rodrigo/Escritorio/BBDDAvanzadas/.venv/lib/python3.12/site-packages/airflow/example_dags/tutorial_taskflow_templates.py
[2026-05-07T19:48:48.282+0200] {processor.py:925} INFO - DAG(s) 'tutorial_taskflow_templates' retrieved from /home/rodrigo/Escritorio/BBDDAvanzadas/.venv/lib/python3.12/site-packages/airflow/example_dags/tutorial_taskflow_templates.py
[2026-05-07T19:48:48.292+0200] {logging_mixin.py:190} INFO - [2026-05-07T19:48:48.292+0200] {dag.py:3239} INFO - Sync 1 DAGs
[2026-05-07T19:48:48.305+0200] {logging_mixin.py:190} INFO - [2026-05-07T19:48:48.305+0200] {dag.py:4180} INFO - Setting next_dagrun for tutorial_taskflow_templates to 2026-05-06 00:00:00+00:00, run_after=2026-05-07 00:00:00+00:00
[2026-05-07T19:48:48.323+0200] {processor.py:208} INFO - Processing /home/rodrigo/Escritorio/BBDDAvanzadas/.venv/lib/python3.12/site-packages/airflow/example_dags/tutorial_taskflow_templates.py took 0.058 seconds
[2026-05-07T19:49:35.232+0200] {processor.py:186} INFO - Started process (PID=16282) to work on /home/rodrigo/Escritorio/BBDDAvanzadas/.venv/lib/python3.12/site-packages/airflow/example_dags/tutorial_taskflow_templates.py
[2026-05-07T19:49:35.233+0200] {processor.py:914} INFO - Processing file /home/rodrigo/Escritorio/BBDDAvanzadas/.venv/lib/python3.12/site-packages/airflow/example_dags/tutorial_taskflow_templates.py for tasks to queue
[2026-05-07T19:49:35.234+0200] {logging_mixin.py:190} INFO - [2026-05-07T19:49:35.234+0200] {dagbag.py:588} INFO - Filling up the DagBag from /home/rodrigo/Escritorio/BBDDAvanzadas/.venv/lib/python3.12/site-packages/airflow/example_dags/tutorial_taskflow_templates.py
[2026-05-07T19:49:35.243+0200] {processor.py:925} INFO - DAG(s) 'tutorial_taskflow_templates' retrieved from /home/rodrigo/Escritorio/BBDDAvanzadas/.venv/lib/python3.12/site-packages/airflow/example_dags/tutorial_taskflow_templates.py
[2026-05-07T19:49:35.253+0200] {logging_mixin.py:190} INFO - [2026-05-07T19:49:35.253+0200] {dag.py:3239} INFO - Sync 1 DAGs
[2026-05-07T19:49:35.266+0200] {logging_mixin.py:190} INFO - [2026-05-07T19:49:35.266+0200] {dag.py:4180} INFO - Setting next_dagrun for tutorial_taskflow_templates to 2026-05-06 00:00:00+00:00, run_after=2026-05-07 00:00:00+00:00
[2026-05-07T19:49:35.282+0200] {processor.py:208} INFO - Processing /home/rodrigo/Escritorio/BBDDAvanzadas/.venv/lib/python3.12/site-packages/airflow/example_dags/tutorial_taskflow_templates.py took 0.055 seconds
[2026-05-07T19:50:23.868+0200] {processor.py:186} INFO - Started process (PID=16337) to work on /home/rodrigo/Escritorio/BBDDAvanzadas/.venv/lib/python3.12/site-packages/airflow/example_dags/tutorial_taskflow_templates.py
[2026-05-07T19:50:23.869+0200] {processor.py:914} INFO - Processing file /home/rodrigo/Escritorio/BBDDAvanzadas/.venv/lib/python3.12/site-packages/airflow/example_dags/tutorial_taskflow_templates.py for tasks to queue
[2026-05-07T19:50:23.870+0200] {logging_mixin.py:190} INFO - [2026-05-07T19:50:23.870+0200] {dagbag.py:588} INFO - Filling up the DagBag from /home/rodrigo/Escritorio/BBDDAvanzadas/.venv/lib/python3.12/site-packages/airflow/example_dags/tutorial_taskflow_templates.py
[2026-05-07T19:50:23.880+0200] {processor.py:925} INFO - DAG(s) 'tutorial_taskflow_templates' retrieved from /home/rodrigo/Escritorio/BBDDAvanzadas/.venv/lib/python3.12/site-packages/airflow/example_dags/tutorial_taskflow_templates.py
[2026-05-07T19:50:23.890+0200] {logging_mixin.py:190} INFO - [2026-05-07T19:50:23.890+0200] {dag.py:3239} INFO - Sync 1 DAGs
[2026-05-07T19:50:23.903+0200] {logging_mixin.py:190} INFO - [2026-05-07T19:50:23.903+0200] {dag.py:4180} INFO - Setting next_dagrun for tutorial_taskflow_templates to 2026-05-06 00:00:00+00:00, run_after=2026-05-07 00:00:00+00:00
[2026-05-07T19:50:23.923+0200] {processor.py:208} INFO - Processing /home/rodrigo/Escritorio/BBDDAvanzadas/.venv/lib/python3.12/site-packages/airflow/example_dags/tutorial_taskflow_templates.py took 0.059 seconds
[2026-05-07T19:51:19.970+0200] {processor.py:186} INFO - Started process (PID=16383) to work on /home/rodrigo/Escritorio/BBDDAvanzadas/.venv/lib/python3.12/site-packages/airflow/example_dags/tutorial_taskflow_templates.py
[2026-05-07T19:51:19.971+0200] {processor.py:914} INFO - Processing file /home/rodrigo/Escritorio/BBDDAvanzadas/.venv/lib/python3.12/site-packages/airflow/example_dags/tutorial_taskflow_templates.py for tasks to queue
[2026-05-07T19:51:19.972+0200] {logging_mixin.py:190} INFO - [2026-05-07T19:51:19.972+0200] {dagbag.py:588} INFO - Filling up the DagBag from /home/rodrigo/Escritorio/BBDDAvanzadas/.venv/lib/python3.12/site-packages/airflow/example_dags/tutorial_taskflow_templates.py
[2026-05-07T19:51:19.981+0200] {processor.py:925} INFO - DAG(s) 'tutorial_taskflow_templates' retrieved from /home/rodrigo/Escritorio/BBDDAvanzadas/.venv/lib/python3.12/site-packages/airflow/example_dags/tutorial_taskflow_templates.py
[2026-05-07T19:51:19.992+0200] {logging_mixin.py:190} INFO - [2026-05-07T19:51:19.992+0200] {dag.py:3239} INFO - Sync 1 DAGs
[2026-05-07T19:51:20.005+0200] {logging_mixin.py:190} INFO - [2026-05-07T19:51:20.005+0200] {dag.py:4180} INFO - Setting next_dagrun for tutorial_taskflow_templates to 2026-05-06 00:00:00+00:00, run_after=2026-05-07 00:00:00+00:00
[2026-05-07T19:51:20.022+0200] {processor.py:208} INFO - Processing /home/rodrigo/Escritorio/BBDDAvanzadas/.venv/lib/python3.12/site-packages/airflow/example_dags/tutorial_taskflow_templates.py took 0.056 seconds
[2026-05-07T19:52:02.440+0200] {processor.py:186} INFO - Started process (PID=16432) to work on /home/rodrigo/Escritorio/BBDDAvanzadas/.venv/lib/python3.12/site-packages/airflow/example_dags/tutorial_taskflow_templates.py
[2026-05-07T19:52:02.446+0200] {processor.py:914} INFO - Processing file /home/rodrigo/Escritorio/BBDDAvanzadas/.venv/lib/python3.12/site-packages/airflow/example_dags/tutorial_taskflow_templates.py for tasks to queue
[2026-05-07T19:52:02.448+0200] {logging_mixin.py:190} INFO - [2026-05-07T19:52:02.448+0200] {dagbag.py:588} INFO - Filling up the DagBag from /home/rodrigo/Escritorio/BBDDAvanzadas/.venv/lib/python3.12/site-packages/airflow/example_dags/tutorial_taskflow_templates.py
[2026-05-07T19:52:02.461+0200] {processor.py:925} INFO - DAG(s) 'tutorial_taskflow_templates' retrieved from /home/rodrigo/Escritorio/BBDDAvanzadas/.venv/lib/python3.12/site-packages/airflow/example_dags/tutorial_taskflow_templates.py
[2026-05-07T19:52:02.474+0200] {logging_mixin.py:190} INFO - [2026-05-07T19:52:02.474+0200] {dag.py:3239} INFO - Sync 1 DAGs
[2026-05-07T19:52:02.488+0200] {logging_mixin.py:190} INFO - [2026-05-07T19:52:02.488+0200] {dag.py:4180} INFO - Setting next_dagrun for tutorial_taskflow_templates to 2026-05-06 00:00:00+00:00, run_after=2026-05-07 00:00:00+00:00
[2026-05-07T19:52:02.524+0200] {processor.py:208} INFO - Processing /home/rodrigo/Escritorio/BBDDAvanzadas/.venv/lib/python3.12/site-packages/airflow/example_dags/tutorial_taskflow_templates.py took 0.088 seconds
[2026-05-07T19:53:12.212+0200] {processor.py:186} INFO - Started process (PID=16711) to work on /home/rodrigo/Escritorio/BBDDAvanzadas/.venv/lib/python3.12/site-packages/airflow/example_dags/tutorial_taskflow_templates.py
[2026-05-07T19:53:12.214+0200] {processor.py:914} INFO - Processing file /home/rodrigo/Escritorio/BBDDAvanzadas/.venv/lib/python3.12/site-packages/airflow/example_dags/tutorial_taskflow_templates.py for tasks to queue
[2026-05-07T19:53:12.215+0200] {logging_mixin.py:190} INFO - [2026-05-07T19:53:12.215+0200] {dagbag.py:588} INFO - Filling up the DagBag from /home/rodrigo/Escritorio/BBDDAvanzadas/.venv/lib/python3.12/site-packages/airflow/example_dags/tutorial_taskflow_templates.py
[2026-05-07T19:53:12.226+0200] {processor.py:925} INFO - DAG(s) 'tutorial_taskflow_templates' retrieved from /home/rodrigo/Escritorio/BBDDAvanzadas/.venv/lib/python3.12/site-packages/airflow/example_dags/tutorial_taskflow_templates.py
[2026-05-07T19:53:12.237+0200] {logging_mixin.py:190} INFO - [2026-05-07T19:53:12.237+0200] {dag.py:3239} INFO - Sync 1 DAGs
[2026-05-07T19:53:12.250+0200] {logging_mixin.py:190} INFO - [2026-05-07T19:53:12.250+0200] {dag.py:4180} INFO - Setting next_dagrun for tutorial_taskflow_templates to 2026-05-06 00:00:00+00:00, run_after=2026-05-07 00:00:00+00:00
[2026-05-07T19:53:12.269+0200] {processor.py:208} INFO - Processing /home/rodrigo/Escritorio/BBDDAvanzadas/.venv/lib/python3.12/site-packages/airflow/example_dags/tutorial_taskflow_templates.py took 0.062 seconds
[2026-05-07T19:54:23.974+0200] {processor.py:186} INFO - Started process (PID=16829) to work on /home/rodrigo/Escritorio/BBDDAvanzadas/.venv/lib/python3.12/site-packages/airflow/example_dags/tutorial_taskflow_templates.py
[2026-05-07T19:54:23.976+0200] {processor.py:914} INFO - Processing file /home/rodrigo/Escritorio/BBDDAvanzadas/.venv/lib/python3.12/site-packages/airflow/example_dags/tutorial_taskflow_templates.py for tasks to queue
[2026-05-07T19:54:23.978+0200] {logging_mixin.py:190} INFO - [2026-05-07T19:54:23.977+0200] {dagbag.py:588} INFO - Filling up the DagBag from /home/rodrigo/Escritorio/BBDDAvanzadas/.venv/lib/python3.12/site-packages/airflow/example_dags/tutorial_taskflow_templates.py
[2026-05-07T19:54:23.988+0200] {processor.py:925} INFO - DAG(s) 'tutorial_taskflow_templates' retrieved from /home/rodrigo/Escritorio/BBDDAvanzadas/.venv/lib/python3.12/site-packages/airflow/example_dags/tutorial_taskflow_templates.py
[2026-05-07T19:54:24.005+0200] {logging_mixin.py:190} INFO - [2026-05-07T19:54:24.005+0200] {dag.py:3239} INFO - Sync 1 DAGs
[2026-05-07T19:54:24.022+0200] {logging_mixin.py:190} INFO - [2026-05-07T19:54:24.021+0200] {dag.py:4180} INFO - Setting next_dagrun for tutorial_taskflow_templates to 2026-05-06 00:00:00+00:00, run_after=2026-05-07 00:00:00+00:00
[2026-05-07T19:54:24.096+0200] {processor.py:208} INFO - Processing /home/rodrigo/Escritorio/BBDDAvanzadas/.venv/lib/python3.12/site-packages/airflow/example_dags/tutorial_taskflow_templates.py took 0.126 seconds
[2026-05-07T19:55:44.206+0200] {processor.py:186} INFO - Started process (PID=16982) to work on /home/rodrigo/Escritorio/BBDDAvanzadas/.venv/lib/python3.12/site-packages/airflow/example_dags/tutorial_taskflow_templates.py
[2026-05-07T19:55:44.208+0200] {processor.py:914} INFO - Processing file /home/rodrigo/Escritorio/BBDDAvanzadas/.venv/lib/python3.12/site-packages/airflow/example_dags/tutorial_taskflow_templates.py for tasks to queue
[2026-05-07T19:55:44.209+0200] {logging_mixin.py:190} INFO - [2026-05-07T19:55:44.209+0200] {dagbag.py:588} INFO - Filling up the DagBag from /home/rodrigo/Escritorio/BBDDAvanzadas/.venv/lib/python3.12/site-packages/airflow/example_dags/tutorial_taskflow_templates.py
[2026-05-07T19:55:44.218+0200] {processor.py:925} INFO - DAG(s) 'tutorial_taskflow_templates' retrieved from /home/rodrigo/Escritorio/BBDDAvanzadas/.venv/lib/python3.12/site-packages/airflow/example_dags/tutorial_taskflow_templates.py
[2026-05-07T19:55:44.228+0200] {logging_mixin.py:190} INFO - [2026-05-07T19:55:44.228+0200] {dag.py:3239} INFO - Sync 1 DAGs
[2026-05-07T19:55:44.240+0200] {logging_mixin.py:190} INFO - [2026-05-07T19:55:44.240+0200] {dag.py:4180} INFO - Setting next_dagrun for tutorial_taskflow_templates to 2026-05-06 00:00:00+00:00, run_after=2026-05-07 00:00:00+00:00
[2026-05-07T19:55:44.254+0200] {processor.py:208} INFO - Processing /home/rodrigo/Escritorio/BBDDAvanzadas/.venv/lib/python3.12/site-packages/airflow/example_dags/tutorial_taskflow_templates.py took 0.052 seconds
[2026-05-07T19:56:41.294+0200] {processor.py:186} INFO - Started process (PID=17030) to work on /home/rodrigo/Escritorio/BBDDAvanzadas/.venv/lib/python3.12/site-packages/airflow/example_dags/tutorial_taskflow_templates.py
[2026-05-07T19:56:41.296+0200] {processor.py:914} INFO - Processing file /home/rodrigo/Escritorio/BBDDAvanzadas/.venv/lib/python3.12/site-packages/airflow/example_dags/tutorial_taskflow_templates.py for tasks to queue
[2026-05-07T19:56:41.297+0200] {logging_mixin.py:190} INFO - [2026-05-07T19:56:41.297+0200] {dagbag.py:588} INFO - Filling up the DagBag from /home/rodrigo/Escritorio/BBDDAvanzadas/.venv/lib/python3.12/site-packages/airflow/example_dags/tutorial_taskflow_templates.py
[2026-05-07T19:56:41.306+0200] {processor.py:925} INFO - DAG(s) 'tutorial_taskflow_templates' retrieved from /home/rodrigo/Escritorio/BBDDAvanzadas/.venv/lib/python3.12/site-packages/airflow/example_dags/tutorial_taskflow_templates.py
[2026-05-07T19:56:41.317+0200] {logging_mixin.py:190} INFO - [2026-05-07T19:56:41.317+0200] {dag.py:3239} INFO - Sync 1 DAGs
[2026-05-07T19:56:41.329+0200] {logging_mixin.py:190} INFO - [2026-05-07T19:56:41.329+0200] {dag.py:4180} INFO - Setting next_dagrun for tutorial_taskflow_templates to 2026-05-06 00:00:00+00:00, run_after=2026-05-07 00:00:00+00:00
[2026-05-07T19:56:41.358+0200] {processor.py:208} INFO - Processing /home/rodrigo/Escritorio/BBDDAvanzadas/.venv/lib/python3.12/site-packages/airflow/example_dags/tutorial_taskflow_templates.py took 0.068 seconds
[2026-05-07T19:57:42.579+0200] {processor.py:186} INFO - Started process (PID=17076) to work on /home/rodrigo/Escritorio/BBDDAvanzadas/.venv/lib/python3.12/site-packages/airflow/example_dags/tutorial_taskflow_templates.py
[2026-05-07T19:57:42.581+0200] {processor.py:914} INFO - Processing file /home/rodrigo/Escritorio/BBDDAvanzadas/.venv/lib/python3.12/site-packages/airflow/example_dags/tutorial_taskflow_templates.py for tasks to queue
[2026-05-07T19:57:42.582+0200] {logging_mixin.py:190} INFO - [2026-05-07T19:57:42.582+0200] {dagbag.py:588} INFO - Filling up the DagBag from /home/rodrigo/Escritorio/BBDDAvanzadas/.venv/lib/python3.12/site-packages/airflow/example_dags/tutorial_taskflow_templates.py
[2026-05-07T19:57:42.591+0200] {processor.py:925} INFO - DAG(s) 'tutorial_taskflow_templates' retrieved from /home/rodrigo/Escritorio/BBDDAvanzadas/.venv/lib/python3.12/site-packages/airflow/example_dags/tutorial_taskflow_templates.py
[2026-05-07T19:57:42.602+0200] {logging_mixin.py:190} INFO - [2026-05-07T19:57:42.602+0200] {dag.py:3239} INFO - Sync 1 DAGs
[2026-05-07T19:57:42.616+0200] {logging_mixin.py:190} INFO - [2026-05-07T19:57:42.616+0200] {dag.py:4180} INFO - Setting next_dagrun for tutorial_taskflow_templates to 2026-05-06 00:00:00+00:00, run_after=2026-05-07 00:00:00+00:00
[2026-05-07T19:57:42.638+0200] {processor.py:208} INFO - Processing /home/rodrigo/Escritorio/BBDDAvanzadas/.venv/lib/python3.12/site-packages/airflow/example_dags/tutorial_taskflow_templates.py took 0.063 seconds
[2026-05-07T19:58:49.964+0200] {processor.py:186} INFO - Started process (PID=17130) to work on /home/rodrigo/Escritorio/BBDDAvanzadas/.venv/lib/python3.12/site-packages/airflow/example_dags/tutorial_taskflow_templates.py
[2026-05-07T19:58:49.966+0200] {processor.py:914} INFO - Processing file /home/rodrigo/Escritorio/BBDDAvanzadas/.venv/lib/python3.12/site-packages/airflow/example_dags/tutorial_taskflow_templates.py for tasks to queue
[2026-05-07T19:58:49.967+0200] {logging_mixin.py:190} INFO - [2026-05-07T19:58:49.967+0200] {dagbag.py:588} INFO - Filling up the DagBag from /home/rodrigo/Escritorio/BBDDAvanzadas/.venv/lib/python3.12/site-packages/airflow/example_dags/tutorial_taskflow_templates.py
[2026-05-07T19:58:49.976+0200] {processor.py:925} INFO - DAG(s) 'tutorial_taskflow_templates' retrieved from /home/rodrigo/Escritorio/BBDDAvanzadas/.venv/lib/python3.12/site-packages/airflow/example_dags/tutorial_taskflow_templates.py
[2026-05-07T19:58:49.986+0200] {logging_mixin.py:190} INFO - [2026-05-07T19:58:49.986+0200] {dag.py:3239} INFO - Sync 1 DAGs
[2026-05-07T19:58:49.998+0200] {logging_mixin.py:190} INFO - [2026-05-07T19:58:49.998+0200] {dag.py:4180} INFO - Setting next_dagrun for tutorial_taskflow_templates to 2026-05-06 00:00:00+00:00, run_after=2026-05-07 00:00:00+00:00
[2026-05-07T19:58:50.012+0200] {processor.py:208} INFO - Processing /home/rodrigo/Escritorio/BBDDAvanzadas/.venv/lib/python3.12/site-packages/airflow/example_dags/tutorial_taskflow_templates.py took 0.052 seconds
[2026-05-07T19:59:47.572+0200] {processor.py:186} INFO - Started process (PID=17179) to work on /home/rodrigo/Escritorio/BBDDAvanzadas/.venv/lib/python3.12/site-packages/airflow/example_dags/tutorial_taskflow_templates.py
[2026-05-07T19:59:47.573+0200] {processor.py:914} INFO - Processing file /home/rodrigo/Escritorio/BBDDAvanzadas/.venv/lib/python3.12/site-packages/airflow/example_dags/tutorial_taskflow_templates.py for tasks to queue
[2026-05-07T19:59:47.575+0200] {logging_mixin.py:190} INFO - [2026-05-07T19:59:47.574+0200] {dagbag.py:588} INFO - Filling up the DagBag from /home/rodrigo/Escritorio/BBDDAvanzadas/.venv/lib/python3.12/site-packages/airflow/example_dags/tutorial_taskflow_templates.py
[2026-05-07T19:59:47.583+0200] {processor.py:925} INFO - DAG(s) 'tutorial_taskflow_templates' retrieved from /home/rodrigo/Escritorio/BBDDAvanzadas/.venv/lib/python3.12/site-packages/airflow/example_dags/tutorial_taskflow_templates.py
[2026-05-07T19:59:47.593+0200] {logging_mixin.py:190} INFO - [2026-05-07T19:59:47.593+0200] {dag.py:3239} INFO - Sync 1 DAGs
[2026-05-07T19:59:47.605+0200] {logging_mixin.py:190} INFO - [2026-05-07T19:59:47.605+0200] {dag.py:4180} INFO - Setting next_dagrun for tutorial_taskflow_templates to 2026-05-06 00:00:00+00:00, run_after=2026-05-07 00:00:00+00:00
[2026-05-07T19:59:47.620+0200] {processor.py:208} INFO - Processing /home/rodrigo/Escritorio/BBDDAvanzadas/.venv/lib/python3.12/site-packages/airflow/example_dags/tutorial_taskflow_templates.py took 0.052 seconds
[2026-05-07T20:00:42.784+0200] {processor.py:186} INFO - Started process (PID=17316) to work on /home/rodrigo/Escritorio/BBDDAvanzadas/.venv/lib/python3.12/site-packages/airflow/example_dags/tutorial_taskflow_templates.py
[2026-05-07T20:00:42.787+0200] {processor.py:914} INFO - Processing file /home/rodrigo/Escritorio/BBDDAvanzadas/.venv/lib/python3.12/site-packages/airflow/example_dags/tutorial_taskflow_templates.py for tasks to queue
[2026-05-07T20:00:42.789+0200] {logging_mixin.py:190} INFO - [2026-05-07T20:00:42.789+0200] {dagbag.py:588} INFO - Filling up the DagBag from /home/rodrigo/Escritorio/BBDDAvanzadas/.venv/lib/python3.12/site-packages/airflow/example_dags/tutorial_taskflow_templates.py
[2026-05-07T20:00:42.813+0200] {processor.py:925} INFO - DAG(s) 'tutorial_taskflow_templates' retrieved from /home/rodrigo/Escritorio/BBDDAvanzadas/.venv/lib/python3.12/site-packages/airflow/example_dags/tutorial_taskflow_templates.py
[2026-05-07T20:00:42.844+0200] {logging_mixin.py:190} INFO - [2026-05-07T20:00:42.844+0200] {dag.py:3239} INFO - Sync 1 DAGs
[2026-05-07T20:00:42.866+0200] {logging_mixin.py:190} INFO - [2026-05-07T20:00:42.865+0200] {dag.py:4180} INFO - Setting next_dagrun for tutorial_taskflow_templates to 2026-05-06 00:00:00+00:00, run_after=2026-05-07 00:00:00+00:00
[2026-05-07T20:00:42.887+0200] {processor.py:208} INFO - Processing /home/rodrigo/Escritorio/BBDDAvanzadas/.venv/lib/python3.12/site-packages/airflow/example_dags/tutorial_taskflow_templates.py took 0.108 seconds
[2026-05-07T20:01:22.996+0200] {processor.py:186} INFO - Started process (PID=17421) to work on /home/rodrigo/Escritorio/BBDDAvanzadas/.venv/lib/python3.12/site-packages/airflow/example_dags/tutorial_taskflow_templates.py
[2026-05-07T20:01:22.997+0200] {processor.py:914} INFO - Processing file /home/rodrigo/Escritorio/BBDDAvanzadas/.venv/lib/python3.12/site-packages/airflow/example_dags/tutorial_taskflow_templates.py for tasks to queue
[2026-05-07T20:01:22.999+0200] {logging_mixin.py:190} INFO - [2026-05-07T20:01:22.999+0200] {dagbag.py:588} INFO - Filling up the DagBag from /home/rodrigo/Escritorio/BBDDAvanzadas/.venv/lib/python3.12/site-packages/airflow/example_dags/tutorial_taskflow_templates.py
[2026-05-07T20:01:23.008+0200] {processor.py:925} INFO - DAG(s) 'tutorial_taskflow_templates' retrieved from /home/rodrigo/Escritorio/BBDDAvanzadas/.venv/lib/python3.12/site-packages/airflow/example_dags/tutorial_taskflow_templates.py
[2026-05-07T20:01:23.019+0200] {logging_mixin.py:190} INFO - [2026-05-07T20:01:23.019+0200] {dag.py:3239} INFO - Sync 1 DAGs
[2026-05-07T20:01:23.031+0200] {logging_mixin.py:190} INFO - [2026-05-07T20:01:23.031+0200] {dag.py:4180} INFO - Setting next_dagrun for tutorial_taskflow_templates to 2026-05-06 00:00:00+00:00, run_after=2026-05-07 00:00:00+00:00
[2026-05-07T20:01:23.062+0200] {processor.py:208} INFO - Processing /home/rodrigo/Escritorio/BBDDAvanzadas/.venv/lib/python3.12/site-packages/airflow/example_dags/tutorial_taskflow_templates.py took 0.070 seconds
[2026-05-07T20:02:23.897+0200] {processor.py:186} INFO - Started process (PID=17612) to work on /home/rodrigo/Escritorio/BBDDAvanzadas/.venv/lib/python3.12/site-packages/airflow/example_dags/tutorial_taskflow_templates.py
[2026-05-07T20:02:23.898+0200] {processor.py:914} INFO - Processing file /home/rodrigo/Escritorio/BBDDAvanzadas/.venv/lib/python3.12/site-packages/airflow/example_dags/tutorial_taskflow_templates.py for tasks to queue
[2026-05-07T20:02:23.899+0200] {logging_mixin.py:190} INFO - [2026-05-07T20:02:23.899+0200] {dagbag.py:588} INFO - Filling up the DagBag from /home/rodrigo/Escritorio/BBDDAvanzadas/.venv/lib/python3.12/site-packages/airflow/example_dags/tutorial_taskflow_templates.py
[2026-05-07T20:02:23.909+0200] {processor.py:925} INFO - DAG(s) 'tutorial_taskflow_templates' retrieved from /home/rodrigo/Escritorio/BBDDAvanzadas/.venv/lib/python3.12/site-packages/airflow/example_dags/tutorial_taskflow_templates.py
[2026-05-07T20:02:23.920+0200] {logging_mixin.py:190} INFO - [2026-05-07T20:02:23.920+0200] {dag.py:3239} INFO - Sync 1 DAGs
[2026-05-07T20:02:23.939+0200] {logging_mixin.py:190} INFO - [2026-05-07T20:02:23.939+0200] {dag.py:4180} INFO - Setting next_dagrun for tutorial_taskflow_templates to 2026-05-06 00:00:00+00:00, run_after=2026-05-07 00:00:00+00:00
[2026-05-07T20:02:23.999+0200] {processor.py:208} INFO - Processing /home/rodrigo/Escritorio/BBDDAvanzadas/.venv/lib/python3.12/site-packages/airflow/example_dags/tutorial_taskflow_templates.py took 0.107 seconds
[2026-05-07T20:03:22.424+0200] {processor.py:186} INFO - Started process (PID=17735) to work on /home/rodrigo/Escritorio/BBDDAvanzadas/.venv/lib/python3.12/site-packages/airflow/example_dags/tutorial_taskflow_templates.py
[2026-05-07T20:03:22.438+0200] {processor.py:914} INFO - Processing file /home/rodrigo/Escritorio/BBDDAvanzadas/.venv/lib/python3.12/site-packages/airflow/example_dags/tutorial_taskflow_templates.py for tasks to queue
[2026-05-07T20:03:22.441+0200] {logging_mixin.py:190} INFO - [2026-05-07T20:03:22.441+0200] {dagbag.py:588} INFO - Filling up the DagBag from /home/rodrigo/Escritorio/BBDDAvanzadas/.venv/lib/python3.12/site-packages/airflow/example_dags/tutorial_taskflow_templates.py
[2026-05-07T20:03:22.480+0200] {processor.py:925} INFO - DAG(s) 'tutorial_taskflow_templates' retrieved from /home/rodrigo/Escritorio/BBDDAvanzadas/.venv/lib/python3.12/site-packages/airflow/example_dags/tutorial_taskflow_templates.py
[2026-05-07T20:03:22.500+0200] {logging_mixin.py:190} INFO - [2026-05-07T20:03:22.500+0200] {dag.py:3239} INFO - Sync 1 DAGs
[2026-05-07T20:03:22.518+0200] {logging_mixin.py:190} INFO - [2026-05-07T20:03:22.518+0200] {dag.py:4180} INFO - Setting next_dagrun for tutorial_taskflow_templates to 2026-05-06 00:00:00+00:00, run_after=2026-05-07 00:00:00+00:00
[2026-05-07T20:03:22.538+0200] {processor.py:208} INFO - Processing /home/rodrigo/Escritorio/BBDDAvanzadas/.venv/lib/python3.12/site-packages/airflow/example_dags/tutorial_taskflow_templates.py took 0.149 seconds
[2026-05-07T20:04:23.850+0200] {processor.py:186} INFO - Started process (PID=17857) to work on /home/rodrigo/Escritorio/BBDDAvanzadas/.venv/lib/python3.12/site-packages/airflow/example_dags/tutorial_taskflow_templates.py
[2026-05-07T20:04:23.852+0200] {processor.py:914} INFO - Processing file /home/rodrigo/Escritorio/BBDDAvanzadas/.venv/lib/python3.12/site-packages/airflow/example_dags/tutorial_taskflow_templates.py for tasks to queue
[2026-05-07T20:04:23.854+0200] {logging_mixin.py:190} INFO - [2026-05-07T20:04:23.853+0200] {dagbag.py:588} INFO - Filling up the DagBag from /home/rodrigo/Escritorio/BBDDAvanzadas/.venv/lib/python3.12/site-packages/airflow/example_dags/tutorial_taskflow_templates.py
[2026-05-07T20:04:23.864+0200] {processor.py:925} INFO - DAG(s) 'tutorial_taskflow_templates' retrieved from /home/rodrigo/Escritorio/BBDDAvanzadas/.venv/lib/python3.12/site-packages/airflow/example_dags/tutorial_taskflow_templates.py
[2026-05-07T20:04:23.875+0200] {logging_mixin.py:190} INFO - [2026-05-07T20:04:23.875+0200] {dag.py:3239} INFO - Sync 1 DAGs
[2026-05-07T20:04:23.896+0200] {logging_mixin.py:190} INFO - [2026-05-07T20:04:23.896+0200] {dag.py:4180} INFO - Setting next_dagrun for tutorial_taskflow_templates to 2026-05-06 00:00:00+00:00, run_after=2026-05-07 00:00:00+00:00
[2026-05-07T20:04:23.918+0200] {processor.py:208} INFO - Processing /home/rodrigo/Escritorio/BBDDAvanzadas/.venv/lib/python3.12/site-packages/airflow/example_dags/tutorial_taskflow_templates.py took 0.072 seconds
[2026-05-07T20:05:27.458+0200] {processor.py:186} INFO - Started process (PID=17982) to work on /home/rodrigo/Escritorio/BBDDAvanzadas/.venv/lib/python3.12/site-packages/airflow/example_dags/tutorial_taskflow_templates.py
[2026-05-07T20:05:27.459+0200] {processor.py:914} INFO - Processing file /home/rodrigo/Escritorio/BBDDAvanzadas/.venv/lib/python3.12/site-packages/airflow/example_dags/tutorial_taskflow_templates.py for tasks to queue
[2026-05-07T20:05:27.461+0200] {logging_mixin.py:190} INFO - [2026-05-07T20:05:27.461+0200] {dagbag.py:588} INFO - Filling up the DagBag from /home/rodrigo/Escritorio/BBDDAvanzadas/.venv/lib/python3.12/site-packages/airflow/example_dags/tutorial_taskflow_templates.py
[2026-05-07T20:05:27.470+0200] {processor.py:925} INFO - DAG(s) 'tutorial_taskflow_templates' retrieved from /home/rodrigo/Escritorio/BBDDAvanzadas/.venv/lib/python3.12/site-packages/airflow/example_dags/tutorial_taskflow_templates.py
[2026-05-07T20:05:27.487+0200] {logging_mixin.py:190} INFO - [2026-05-07T20:05:27.486+0200] {dag.py:3239} INFO - Sync 1 DAGs
[2026-05-07T20:05:27.501+0200] {logging_mixin.py:190} INFO - [2026-05-07T20:05:27.501+0200] {dag.py:4180} INFO - Setting next_dagrun for tutorial_taskflow_templates to 2026-05-06 00:00:00+00:00, run_after=2026-05-07 00:00:00+00:00
[2026-05-07T20:05:27.518+0200] {processor.py:208} INFO - Processing /home/rodrigo/Escritorio/BBDDAvanzadas/.venv/lib/python3.12/site-packages/airflow/example_dags/tutorial_taskflow_templates.py took 0.065 seconds
[2026-05-07T20:06:29.221+0200] {processor.py:186} INFO - Started process (PID=18100) to work on /home/rodrigo/Escritorio/BBDDAvanzadas/.venv/lib/python3.12/site-packages/airflow/example_dags/tutorial_taskflow_templates.py
[2026-05-07T20:06:29.223+0200] {processor.py:914} INFO - Processing file /home/rodrigo/Escritorio/BBDDAvanzadas/.venv/lib/python3.12/site-packages/airflow/example_dags/tutorial_taskflow_templates.py for tasks to queue
[2026-05-07T20:06:29.225+0200] {logging_mixin.py:190} INFO - [2026-05-07T20:06:29.224+0200] {dagbag.py:588} INFO - Filling up the DagBag from /home/rodrigo/Escritorio/BBDDAvanzadas/.venv/lib/python3.12/site-packages/airflow/example_dags/tutorial_taskflow_templates.py
[2026-05-07T20:06:29.234+0200] {processor.py:925} INFO - DAG(s) 'tutorial_taskflow_templates' retrieved from /home/rodrigo/Escritorio/BBDDAvanzadas/.venv/lib/python3.12/site-packages/airflow/example_dags/tutorial_taskflow_templates.py
[2026-05-07T20:06:29.245+0200] {logging_mixin.py:190} INFO - [2026-05-07T20:06:29.245+0200] {dag.py:3239} INFO - Sync 1 DAGs
[2026-05-07T20:06:29.258+0200] {logging_mixin.py:190} INFO - [2026-05-07T20:06:29.258+0200] {dag.py:4180} INFO - Setting next_dagrun for tutorial_taskflow_templates to 2026-05-06 00:00:00+00:00, run_after=2026-05-07 00:00:00+00:00
[2026-05-07T20:06:29.274+0200] {processor.py:208} INFO - Processing /home/rodrigo/Escritorio/BBDDAvanzadas/.venv/lib/python3.12/site-packages/airflow/example_dags/tutorial_taskflow_templates.py took 0.057 seconds
[2026-05-07T20:07:26.878+0200] {processor.py:186} INFO - Started process (PID=18220) to work on /home/rodrigo/Escritorio/BBDDAvanzadas/.venv/lib/python3.12/site-packages/airflow/example_dags/tutorial_taskflow_templates.py
[2026-05-07T20:07:26.879+0200] {processor.py:914} INFO - Processing file /home/rodrigo/Escritorio/BBDDAvanzadas/.venv/lib/python3.12/site-packages/airflow/example_dags/tutorial_taskflow_templates.py for tasks to queue
[2026-05-07T20:07:26.881+0200] {logging_mixin.py:190} INFO - [2026-05-07T20:07:26.880+0200] {dagbag.py:588} INFO - Filling up the DagBag from /home/rodrigo/Escritorio/BBDDAvanzadas/.venv/lib/python3.12/site-packages/airflow/example_dags/tutorial_taskflow_templates.py
[2026-05-07T20:07:26.891+0200] {processor.py:925} INFO - DAG(s) 'tutorial_taskflow_templates' retrieved from /home/rodrigo/Escritorio/BBDDAvanzadas/.venv/lib/python3.12/site-packages/airflow/example_dags/tutorial_taskflow_templates.py
[2026-05-07T20:07:26.902+0200] {logging_mixin.py:190} INFO - [2026-05-07T20:07:26.902+0200] {dag.py:3239} INFO - Sync 1 DAGs
[2026-05-07T20:07:26.915+0200] {logging_mixin.py:190} INFO - [2026-05-07T20:07:26.915+0200] {dag.py:4180} INFO - Setting next_dagrun for tutorial_taskflow_templates to 2026-05-06 00:00:00+00:00, run_after=2026-05-07 00:00:00+00:00
[2026-05-07T20:07:26.933+0200] {processor.py:208} INFO - Processing /home/rodrigo/Escritorio/BBDDAvanzadas/.venv/lib/python3.12/site-packages/airflow/example_dags/tutorial_taskflow_templates.py took 0.061 seconds
[2026-05-07T20:08:29.596+0200] {processor.py:186} INFO - Started process (PID=18352) to work on /home/rodrigo/Escritorio/BBDDAvanzadas/.venv/lib/python3.12/site-packages/airflow/example_dags/tutorial_taskflow_templates.py
[2026-05-07T20:08:29.598+0200] {processor.py:914} INFO - Processing file /home/rodrigo/Escritorio/BBDDAvanzadas/.venv/lib/python3.12/site-packages/airflow/example_dags/tutorial_taskflow_templates.py for tasks to queue
[2026-05-07T20:08:29.599+0200] {logging_mixin.py:190} INFO - [2026-05-07T20:08:29.599+0200] {dagbag.py:588} INFO - Filling up the DagBag from /home/rodrigo/Escritorio/BBDDAvanzadas/.venv/lib/python3.12/site-packages/airflow/example_dags/tutorial_taskflow_templates.py
[2026-05-07T20:08:29.609+0200] {processor.py:925} INFO - DAG(s) 'tutorial_taskflow_templates' retrieved from /home/rodrigo/Escritorio/BBDDAvanzadas/.venv/lib/python3.12/site-packages/airflow/example_dags/tutorial_taskflow_templates.py
[2026-05-07T20:08:29.620+0200] {logging_mixin.py:190} INFO - [2026-05-07T20:08:29.620+0200] {dag.py:3239} INFO - Sync 1 DAGs
[2026-05-07T20:08:29.633+0200] {logging_mixin.py:190} INFO - [2026-05-07T20:08:29.633+0200] {dag.py:4180} INFO - Setting next_dagrun for tutorial_taskflow_templates to 2026-05-06 00:00:00+00:00, run_after=2026-05-07 00:00:00+00:00
[2026-05-07T20:08:29.649+0200] {processor.py:208} INFO - Processing /home/rodrigo/Escritorio/BBDDAvanzadas/.venv/lib/python3.12/site-packages/airflow/example_dags/tutorial_taskflow_templates.py took 0.057 seconds
[2026-05-07T20:09:37.387+0200] {processor.py:186} INFO - Started process (PID=18552) to work on /home/rodrigo/Escritorio/BBDDAvanzadas/.venv/lib/python3.12/site-packages/airflow/example_dags/tutorial_taskflow_templates.py
[2026-05-07T20:09:37.389+0200] {processor.py:914} INFO - Processing file /home/rodrigo/Escritorio/BBDDAvanzadas/.venv/lib/python3.12/site-packages/airflow/example_dags/tutorial_taskflow_templates.py for tasks to queue
[2026-05-07T20:09:37.390+0200] {logging_mixin.py:190} INFO - [2026-05-07T20:09:37.390+0200] {dagbag.py:588} INFO - Filling up the DagBag from /home/rodrigo/Escritorio/BBDDAvanzadas/.venv/lib/python3.12/site-packages/airflow/example_dags/tutorial_taskflow_templates.py
[2026-05-07T20:09:37.404+0200] {processor.py:925} INFO - DAG(s) 'tutorial_taskflow_templates' retrieved from /home/rodrigo/Escritorio/BBDDAvanzadas/.venv/lib/python3.12/site-packages/airflow/example_dags/tutorial_taskflow_templates.py
[2026-05-07T20:09:37.452+0200] {logging_mixin.py:190} INFO - [2026-05-07T20:09:37.448+0200] {dag.py:3239} INFO - Sync 1 DAGs
[2026-05-07T20:09:37.484+0200] {logging_mixin.py:190} INFO - [2026-05-07T20:09:37.484+0200] {dag.py:4180} INFO - Setting next_dagrun for tutorial_taskflow_templates to 2026-05-06 00:00:00+00:00, run_after=2026-05-07 00:00:00+00:00
[2026-05-07T20:09:37.589+0200] {processor.py:208} INFO - Processing /home/rodrigo/Escritorio/BBDDAvanzadas/.venv/lib/python3.12/site-packages/airflow/example_dags/tutorial_taskflow_templates.py took 0.209 seconds
