[2026-05-07T19:31:36.649+0200] {processor.py:186} INFO - Started process (PID=14227) to work on /home/rodrigo/Escritorio/BBDDAvanzadas/.venv/lib/python3.12/site-packages/airflow/example_dags/tutorial_taskflow_api.py
[2026-05-07T19:31:36.650+0200] {processor.py:914} INFO - Processing file /home/rodrigo/Escritorio/BBDDAvanzadas/.venv/lib/python3.12/site-packages/airflow/example_dags/tutorial_taskflow_api.py for tasks to queue
[2026-05-07T19:31:36.652+0200] {logging_mixin.py:190} INFO - [2026-05-07T19:31:36.652+0200] {dagbag.py:588} INFO - Filling up the DagBag from /home/rodrigo/Escritorio/BBDDAvanzadas/.venv/lib/python3.12/site-packages/airflow/example_dags/tutorial_taskflow_api.py
[2026-05-07T19:31:36.687+0200] {processor.py:925} INFO - DAG(s) 'tutorial_taskflow_api' retrieved from /home/rodrigo/Escritorio/BBDDAvanzadas/.venv/lib/python3.12/site-packages/airflow/example_dags/tutorial_taskflow_api.py
[2026-05-07T19:31:36.770+0200] {logging_mixin.py:190} INFO - [2026-05-07T19:31:36.770+0200] {override.py:1930} INFO - Created Permission View: can delete on DAG:tutorial_taskflow_api
[2026-05-07T19:31:36.786+0200] {logging_mixin.py:190} INFO - [2026-05-07T19:31:36.786+0200] {override.py:1930} INFO - Created Permission View: can edit on DAG:tutorial_taskflow_api
[2026-05-07T19:31:36.815+0200] {logging_mixin.py:190} INFO - [2026-05-07T19:31:36.815+0200] {override.py:1930} INFO - Created Permission View: can read on DAG:tutorial_taskflow_api
[2026-05-07T19:31:36.958+0200] {logging_mixin.py:190} INFO - [2026-05-07T19:31:36.949+0200] {override.py:1930} INFO - Created Permission View: can delete on DAG Run:tutorial_taskflow_api
[2026-05-07T19:31:37.057+0200] {logging_mixin.py:190} INFO - [2026-05-07T19:31:37.056+0200] {override.py:1930} INFO - Created Permission View: can create on DAG Run:tutorial_taskflow_api
[2026-05-07T19:31:37.084+0200] {logging_mixin.py:190} INFO - [2026-05-07T19:31:37.083+0200] {override.py:1930} INFO - Created Permission View: menu access on DAG Run:tutorial_taskflow_api
[2026-05-07T19:31:37.166+0200] {logging_mixin.py:190} INFO - [2026-05-07T19:31:37.165+0200] {override.py:1930} INFO - Created Permission View: can read on DAG Run:tutorial_taskflow_api
[2026-05-07T19:31:37.166+0200] {logging_mixin.py:190} INFO - [2026-05-07T19:31:37.166+0200] {dag.py:3239} INFO - Sync 1 DAGs
[2026-05-07T19:31:37.178+0200] {logging_mixin.py:190} INFO - [2026-05-07T19:31:37.178+0200] {dag.py:3262} INFO - Creating ORM DAG for tutorial_taskflow_api
[2026-05-07T19:31:37.179+0200] {logging_mixin.py:190} INFO - [2026-05-07T19:31:37.179+0200] {dag.py:4180} INFO - Setting next_dagrun for tutorial_taskflow_api to None, run_after=None
[2026-05-07T19:31:37.198+0200] {processor.py:208} INFO - Processing /home/rodrigo/Escritorio/BBDDAvanzadas/.venv/lib/python3.12/site-packages/airflow/example_dags/tutorial_taskflow_api.py took 0.554 seconds
[2026-05-07T19:31:42.095+0200] {processor.py:186} INFO - Started process (PID=14253) to work on /home/rodrigo/Escritorio/BBDDAvanzadas/.venv/lib/python3.12/site-packages/airflow/example_dags/tutorial_taskflow_api.py
[2026-05-07T19:31:42.097+0200] {processor.py:914} INFO - Processing file /home/rodrigo/Escritorio/BBDDAvanzadas/.venv/lib/python3.12/site-packages/airflow/example_dags/tutorial_taskflow_api.py for tasks to queue
[2026-05-07T19:31:42.098+0200] {logging_mixin.py:190} INFO - [2026-05-07T19:31:42.098+0200] {dagbag.py:588} INFO - Filling up the DagBag from /home/rodrigo/Escritorio/BBDDAvanzadas/.venv/lib/python3.12/site-packages/airflow/example_dags/tutorial_taskflow_api.py
[2026-05-07T19:31:42.112+0200] {processor.py:925} INFO - DAG(s) 'tutorial_taskflow_api' retrieved from /home/rodrigo/Escritorio/BBDDAvanzadas/.venv/lib/python3.12/site-packages/airflow/example_dags/tutorial_taskflow_api.py
[2026-05-07T19:31:42.147+0200] {logging_mixin.py:190} INFO - [2026-05-07T19:31:42.146+0200] {dag.py:3239} INFO - Sync 1 DAGs
[2026-05-07T19:31:42.184+0200] {logging_mixin.py:190} INFO - [2026-05-07T19:31:42.181+0200] {dag.py:4180} INFO - Setting next_dagrun for tutorial_taskflow_api to None, run_after=None
[2026-05-07T19:31:42.250+0200] {processor.py:208} INFO - Processing /home/rodrigo/Escritorio/BBDDAvanzadas/.venv/lib/python3.12/site-packages/airflow/example_dags/tutorial_taskflow_api.py took 0.161 seconds
[2026-05-07T19:32:12.194+0200] {processor.py:186} INFO - Started process (PID=14317) to work on /home/rodrigo/Escritorio/BBDDAvanzadas/.venv/lib/python3.12/site-packages/airflow/example_dags/tutorial_taskflow_api.py
[2026-05-07T19:32:12.195+0200] {processor.py:914} INFO - Processing file /home/rodrigo/Escritorio/BBDDAvanzadas/.venv/lib/python3.12/site-packages/airflow/example_dags/tutorial_taskflow_api.py for tasks to queue
[2026-05-07T19:32:12.197+0200] {logging_mixin.py:190} INFO - [2026-05-07T19:32:12.196+0200] {dagbag.py:588} INFO - Filling up the DagBag from /home/rodrigo/Escritorio/BBDDAvanzadas/.venv/lib/python3.12/site-packages/airflow/example_dags/tutorial_taskflow_api.py
[2026-05-07T19:32:12.204+0200] {processor.py:925} INFO - DAG(s) 'tutorial_taskflow_api' retrieved from /home/rodrigo/Escritorio/BBDDAvanzadas/.venv/lib/python3.12/site-packages/airflow/example_dags/tutorial_taskflow_api.py
[2026-05-07T19:32:12.220+0200] {logging_mixin.py:190} INFO - [2026-05-07T19:32:12.220+0200] {dag.py:3239} INFO - Sync 1 DAGs
[2026-05-07T19:32:12.229+0200] {logging_mixin.py:190} INFO - [2026-05-07T19:32:12.228+0200] {dag.py:4180} INFO - Setting next_dagrun for tutorial_taskflow_api to None, run_after=None
[2026-05-07T19:32:12.251+0200] {processor.py:208} INFO - Processing /home/rodrigo/Escritorio/BBDDAvanzadas/.venv/lib/python3.12/site-packages/airflow/example_dags/tutorial_taskflow_api.py took 0.063 seconds
[2026-05-07T19:33:29.413+0200] {processor.py:186} INFO - Started process (PID=14518) to work on /home/rodrigo/Escritorio/BBDDAvanzadas/.venv/lib/python3.12/site-packages/airflow/example_dags/tutorial_taskflow_api.py
[2026-05-07T19:33:29.420+0200] {processor.py:914} INFO - Processing file /home/rodrigo/Escritorio/BBDDAvanzadas/.venv/lib/python3.12/site-packages/airflow/example_dags/tutorial_taskflow_api.py for tasks to queue
[2026-05-07T19:33:29.421+0200] {logging_mixin.py:190} INFO - [2026-05-07T19:33:29.421+0200] {dagbag.py:588} INFO - Filling up the DagBag from /home/rodrigo/Escritorio/BBDDAvanzadas/.venv/lib/python3.12/site-packages/airflow/example_dags/tutorial_taskflow_api.py
[2026-05-07T19:33:29.428+0200] {processor.py:925} INFO - DAG(s) 'tutorial_taskflow_api' retrieved from /home/rodrigo/Escritorio/BBDDAvanzadas/.venv/lib/python3.12/site-packages/airflow/example_dags/tutorial_taskflow_api.py
[2026-05-07T19:33:29.453+0200] {logging_mixin.py:190} INFO - [2026-05-07T19:33:29.453+0200] {dag.py:3239} INFO - Sync 1 DAGs
[2026-05-07T19:33:29.471+0200] {logging_mixin.py:190} INFO - [2026-05-07T19:33:29.471+0200] {dag.py:4180} INFO - Setting next_dagrun for tutorial_taskflow_api to None, run_after=None
[2026-05-07T19:33:29.511+0200] {processor.py:208} INFO - Processing /home/rodrigo/Escritorio/BBDDAvanzadas/.venv/lib/python3.12/site-packages/airflow/example_dags/tutorial_taskflow_api.py took 0.104 seconds
[2026-05-07T19:35:14.510+0200] {processor.py:186} INFO - Started process (PID=14692) to work on /home/rodrigo/Escritorio/BBDDAvanzadas/.venv/lib/python3.12/site-packages/airflow/example_dags/tutorial_taskflow_api.py
[2026-05-07T19:35:14.512+0200] {processor.py:914} INFO - Processing file /home/rodrigo/Escritorio/BBDDAvanzadas/.venv/lib/python3.12/site-packages/airflow/example_dags/tutorial_taskflow_api.py for tasks to queue
[2026-05-07T19:35:14.514+0200] {logging_mixin.py:190} INFO - [2026-05-07T19:35:14.513+0200] {dagbag.py:588} INFO - Filling up the DagBag from /home/rodrigo/Escritorio/BBDDAvanzadas/.venv/lib/python3.12/site-packages/airflow/example_dags/tutorial_taskflow_api.py
[2026-05-07T19:35:14.520+0200] {processor.py:925} INFO - DAG(s) 'tutorial_taskflow_api' retrieved from /home/rodrigo/Escritorio/BBDDAvanzadas/.venv/lib/python3.12/site-packages/airflow/example_dags/tutorial_taskflow_api.py
[2026-05-07T19:35:14.536+0200] {logging_mixin.py:190} INFO - [2026-05-07T19:35:14.535+0200] {dag.py:3239} INFO - Sync 1 DAGs
[2026-05-07T19:35:14.545+0200] {logging_mixin.py:190} INFO - [2026-05-07T19:35:14.545+0200] {dag.py:4180} INFO - Setting next_dagrun for tutorial_taskflow_api to None, run_after=None
[2026-05-07T19:35:14.584+0200] {processor.py:208} INFO - Processing /home/rodrigo/Escritorio/BBDDAvanzadas/.venv/lib/python3.12/site-packages/airflow/example_dags/tutorial_taskflow_api.py took 0.080 seconds
[2026-05-07T19:37:07.460+0200] {processor.py:186} INFO - Started process (PID=14814) to work on /home/rodrigo/Escritorio/BBDDAvanzadas/.venv/lib/python3.12/site-packages/airflow/example_dags/tutorial_taskflow_api.py
[2026-05-07T19:37:07.461+0200] {processor.py:914} INFO - Processing file /home/rodrigo/Escritorio/BBDDAvanzadas/.venv/lib/python3.12/site-packages/airflow/example_dags/tutorial_taskflow_api.py for tasks to queue
[2026-05-07T19:37:07.463+0200] {logging_mixin.py:190} INFO - [2026-05-07T19:37:07.462+0200] {dagbag.py:588} INFO - Filling up the DagBag from /home/rodrigo/Escritorio/BBDDAvanzadas/.venv/lib/python3.12/site-packages/airflow/example_dags/tutorial_taskflow_api.py
[2026-05-07T19:37:07.470+0200] {processor.py:925} INFO - DAG(s) 'tutorial_taskflow_api' retrieved from /home/rodrigo/Escritorio/BBDDAvanzadas/.venv/lib/python3.12/site-packages/airflow/example_dags/tutorial_taskflow_api.py
[2026-05-07T19:37:07.485+0200] {logging_mixin.py:190} INFO - [2026-05-07T19:37:07.484+0200] {dag.py:3239} INFO - Sync 1 DAGs
[2026-05-07T19:37:07.493+0200] {logging_mixin.py:190} INFO - [2026-05-07T19:37:07.493+0200] {dag.py:4180} INFO - Setting next_dagrun for tutorial_taskflow_api to None, run_after=None
[2026-05-07T19:37:07.510+0200] {processor.py:208} INFO - Processing /home/rodrigo/Escritorio/BBDDAvanzadas/.venv/lib/python3.12/site-packages/airflow/example_dags/tutorial_taskflow_api.py took 0.053 seconds
[2026-05-07T19:38:08.905+0200] {processor.py:186} INFO - Started process (PID=14950) to work on /home/rodrigo/Escritorio/BBDDAvanzadas/.venv/lib/python3.12/site-packages/airflow/example_dags/tutorial_taskflow_api.py
[2026-05-07T19:38:08.918+0200] {processor.py:914} INFO - Processing file /home/rodrigo/Escritorio/BBDDAvanzadas/.venv/lib/python3.12/site-packages/airflow/example_dags/tutorial_taskflow_api.py for tasks to queue
[2026-05-07T19:38:08.919+0200] {logging_mixin.py:190} INFO - [2026-05-07T19:38:08.919+0200] {dagbag.py:588} INFO - Filling up the DagBag from /home/rodrigo/Escritorio/BBDDAvanzadas/.venv/lib/python3.12/site-packages/airflow/example_dags/tutorial_taskflow_api.py
[2026-05-07T19:38:08.925+0200] {processor.py:925} INFO - DAG(s) 'tutorial_taskflow_api' retrieved from /home/rodrigo/Escritorio/BBDDAvanzadas/.venv/lib/python3.12/site-packages/airflow/example_dags/tutorial_taskflow_api.py
[2026-05-07T19:38:08.935+0200] {logging_mixin.py:190} INFO - [2026-05-07T19:38:08.935+0200] {dag.py:3239} INFO - Sync 1 DAGs
[2026-05-07T19:38:08.944+0200] {logging_mixin.py:190} INFO - [2026-05-07T19:38:08.944+0200] {dag.py:4180} INFO - Setting next_dagrun for tutorial_taskflow_api to None, run_after=None
[2026-05-07T19:38:08.959+0200] {processor.py:208} INFO - Processing /home/rodrigo/Escritorio/BBDDAvanzadas/.venv/lib/python3.12/site-packages/airflow/example_dags/tutorial_taskflow_api.py took 0.058 seconds
[2026-05-07T19:39:33.561+0200] {processor.py:186} INFO - Started process (PID=15050) to work on /home/rodrigo/Escritorio/BBDDAvanzadas/.venv/lib/python3.12/site-packages/airflow/example_dags/tutorial_taskflow_api.py
[2026-05-07T19:39:33.564+0200] {processor.py:914} INFO - Processing file /home/rodrigo/Escritorio/BBDDAvanzadas/.venv/lib/python3.12/site-packages/airflow/example_dags/tutorial_taskflow_api.py for tasks to queue
[2026-05-07T19:39:33.566+0200] {logging_mixin.py:190} INFO - [2026-05-07T19:39:33.566+0200] {dagbag.py:588} INFO - Filling up the DagBag from /home/rodrigo/Escritorio/BBDDAvanzadas/.venv/lib/python3.12/site-packages/airflow/example_dags/tutorial_taskflow_api.py
[2026-05-07T19:39:33.573+0200] {processor.py:925} INFO - DAG(s) 'tutorial_taskflow_api' retrieved from /home/rodrigo/Escritorio/BBDDAvanzadas/.venv/lib/python3.12/site-packages/airflow/example_dags/tutorial_taskflow_api.py
[2026-05-07T19:39:33.586+0200] {logging_mixin.py:190} INFO - [2026-05-07T19:39:33.586+0200] {dag.py:3239} INFO - Sync 1 DAGs
[2026-05-07T19:39:33.612+0200] {logging_mixin.py:190} INFO - [2026-05-07T19:39:33.612+0200] {dag.py:4180} INFO - Setting next_dagrun for tutorial_taskflow_api to None, run_after=None
[2026-05-07T19:39:33.653+0200] {processor.py:208} INFO - Processing /home/rodrigo/Escritorio/BBDDAvanzadas/.venv/lib/python3.12/site-packages/airflow/example_dags/tutorial_taskflow_api.py took 0.104 seconds
[2026-05-07T19:40:15.220+0200] {processor.py:186} INFO - Started process (PID=15104) to work on /home/rodrigo/Escritorio/BBDDAvanzadas/.venv/lib/python3.12/site-packages/airflow/example_dags/tutorial_taskflow_api.py
[2026-05-07T19:40:15.225+0200] {processor.py:914} INFO - Processing file /home/rodrigo/Escritorio/BBDDAvanzadas/.venv/lib/python3.12/site-packages/airflow/example_dags/tutorial_taskflow_api.py for tasks to queue
[2026-05-07T19:40:15.229+0200] {logging_mixin.py:190} INFO - [2026-05-07T19:40:15.228+0200] {dagbag.py:588} INFO - Filling up the DagBag from /home/rodrigo/Escritorio/BBDDAvanzadas/.venv/lib/python3.12/site-packages/airflow/example_dags/tutorial_taskflow_api.py
[2026-05-07T19:40:15.236+0200] {processor.py:925} INFO - DAG(s) 'tutorial_taskflow_api' retrieved from /home/rodrigo/Escritorio/BBDDAvanzadas/.venv/lib/python3.12/site-packages/airflow/example_dags/tutorial_taskflow_api.py
[2026-05-07T19:40:15.250+0200] {logging_mixin.py:190} INFO - [2026-05-07T19:40:15.250+0200] {dag.py:3239} INFO - Sync 1 DAGs
[2026-05-07T19:40:15.286+0200] {logging_mixin.py:190} INFO - [2026-05-07T19:40:15.284+0200] {dag.py:4180} INFO - Setting next_dagrun for tutorial_taskflow_api to None, run_after=None
[2026-05-07T19:40:15.341+0200] {processor.py:208} INFO - Processing /home/rodrigo/Escritorio/BBDDAvanzadas/.venv/lib/python3.12/site-packages/airflow/example_dags/tutorial_taskflow_api.py took 0.130 seconds
[2026-05-07T19:41:02.140+0200] {processor.py:186} INFO - Started process (PID=15168) to work on /home/rodrigo/Escritorio/BBDDAvanzadas/.venv/lib/python3.12/site-packages/airflow/example_dags/tutorial_taskflow_api.py
[2026-05-07T19:41:02.144+0200] {processor.py:914} INFO - Processing file /home/rodrigo/Escritorio/BBDDAvanzadas/.venv/lib/python3.12/site-packages/airflow/example_dags/tutorial_taskflow_api.py for tasks to queue
[2026-05-07T19:41:02.148+0200] {logging_mixin.py:190} INFO - [2026-05-07T19:41:02.147+0200] {dagbag.py:588} INFO - Filling up the DagBag from /home/rodrigo/Escritorio/BBDDAvanzadas/.venv/lib/python3.12/site-packages/airflow/example_dags/tutorial_taskflow_api.py
[2026-05-07T19:41:02.161+0200] {processor.py:925} INFO - DAG(s) 'tutorial_taskflow_api' retrieved from /home/rodrigo/Escritorio/BBDDAvanzadas/.venv/lib/python3.12/site-packages/airflow/example_dags/tutorial_taskflow_api.py
[2026-05-07T19:41:02.185+0200] {logging_mixin.py:190} INFO - [2026-05-07T19:41:02.185+0200] {dag.py:3239} INFO - Sync 1 DAGs
[2026-05-07T19:41:02.198+0200] {logging_mixin.py:190} INFO - [2026-05-07T19:41:02.198+0200] {dag.py:4180} INFO - Setting next_dagrun for tutorial_taskflow_api to None, run_after=None
[2026-05-07T19:41:02.220+0200] {processor.py:208} INFO - Processing /home/rodrigo/Escritorio/BBDDAvanzadas/.venv/lib/python3.12/site-packages/airflow/example_dags/tutorial_taskflow_api.py took 0.084 seconds
[2026-05-07T19:41:50.241+0200] {processor.py:186} INFO - Started process (PID=15257) to work on /home/rodrigo/Escritorio/BBDDAvanzadas/.venv/lib/python3.12/site-packages/airflow/example_dags/tutorial_taskflow_api.py
[2026-05-07T19:41:50.242+0200] {processor.py:914} INFO - Processing file /home/rodrigo/Escritorio/BBDDAvanzadas/.venv/lib/python3.12/site-packages/airflow/example_dags/tutorial_taskflow_api.py for tasks to queue
[2026-05-07T19:41:50.244+0200] {logging_mixin.py:190} INFO - [2026-05-07T19:41:50.243+0200] {dagbag.py:588} INFO - Filling up the DagBag from /home/rodrigo/Escritorio/BBDDAvanzadas/.venv/lib/python3.12/site-packages/airflow/example_dags/tutorial_taskflow_api.py
[2026-05-07T19:41:50.250+0200] {processor.py:925} INFO - DAG(s) 'tutorial_taskflow_api' retrieved from /home/rodrigo/Escritorio/BBDDAvanzadas/.venv/lib/python3.12/site-packages/airflow/example_dags/tutorial_taskflow_api.py
[2026-05-07T19:41:50.273+0200] {logging_mixin.py:190} INFO - [2026-05-07T19:41:50.273+0200] {dag.py:3239} INFO - Sync 1 DAGs
[2026-05-07T19:41:50.295+0200] {logging_mixin.py:190} INFO - [2026-05-07T19:41:50.294+0200] {dag.py:4180} INFO - Setting next_dagrun for tutorial_taskflow_api to None, run_after=None
[2026-05-07T19:41:50.323+0200] {processor.py:208} INFO - Processing /home/rodrigo/Escritorio/BBDDAvanzadas/.venv/lib/python3.12/site-packages/airflow/example_dags/tutorial_taskflow_api.py took 0.089 seconds
[2026-05-07T19:43:05.369+0200] {processor.py:186} INFO - Started process (PID=15506) to work on /home/rodrigo/Escritorio/BBDDAvanzadas/.venv/lib/python3.12/site-packages/airflow/example_dags/tutorial_taskflow_api.py
[2026-05-07T19:43:05.370+0200] {processor.py:914} INFO - Processing file /home/rodrigo/Escritorio/BBDDAvanzadas/.venv/lib/python3.12/site-packages/airflow/example_dags/tutorial_taskflow_api.py for tasks to queue
[2026-05-07T19:43:05.372+0200] {logging_mixin.py:190} INFO - [2026-05-07T19:43:05.371+0200] {dagbag.py:588} INFO - Filling up the DagBag from /home/rodrigo/Escritorio/BBDDAvanzadas/.venv/lib/python3.12/site-packages/airflow/example_dags/tutorial_taskflow_api.py
[2026-05-07T19:43:05.378+0200] {processor.py:925} INFO - DAG(s) 'tutorial_taskflow_api' retrieved from /home/rodrigo/Escritorio/BBDDAvanzadas/.venv/lib/python3.12/site-packages/airflow/example_dags/tutorial_taskflow_api.py
[2026-05-07T19:43:05.389+0200] {logging_mixin.py:190} INFO - [2026-05-07T19:43:05.388+0200] {dag.py:3239} INFO - Sync 1 DAGs
[2026-05-07T19:43:05.396+0200] {logging_mixin.py:190} INFO - [2026-05-07T19:43:05.396+0200] {dag.py:4180} INFO - Setting next_dagrun for tutorial_taskflow_api to None, run_after=None
[2026-05-07T19:43:05.412+0200] {processor.py:208} INFO - Processing /home/rodrigo/Escritorio/BBDDAvanzadas/.venv/lib/python3.12/site-packages/airflow/example_dags/tutorial_taskflow_api.py took 0.047 seconds
[2026-05-07T19:44:23.270+0200] {processor.py:186} INFO - Started process (PID=15689) to work on /home/rodrigo/Escritorio/BBDDAvanzadas/.venv/lib/python3.12/site-packages/airflow/example_dags/tutorial_taskflow_api.py
[2026-05-07T19:44:23.272+0200] {processor.py:914} INFO - Processing file /home/rodrigo/Escritorio/BBDDAvanzadas/.venv/lib/python3.12/site-packages/airflow/example_dags/tutorial_taskflow_api.py for tasks to queue
[2026-05-07T19:44:23.274+0200] {logging_mixin.py:190} INFO - [2026-05-07T19:44:23.273+0200] {dagbag.py:588} INFO - Filling up the DagBag from /home/rodrigo/Escritorio/BBDDAvanzadas/.venv/lib/python3.12/site-packages/airflow/example_dags/tutorial_taskflow_api.py
[2026-05-07T19:44:23.281+0200] {processor.py:925} INFO - DAG(s) 'tutorial_taskflow_api' retrieved from /home/rodrigo/Escritorio/BBDDAvanzadas/.venv/lib/python3.12/site-packages/airflow/example_dags/tutorial_taskflow_api.py
[2026-05-07T19:44:23.293+0200] {logging_mixin.py:190} INFO - [2026-05-07T19:44:23.292+0200] {dag.py:3239} INFO - Sync 1 DAGs
[2026-05-07T19:44:23.301+0200] {logging_mixin.py:190} INFO - [2026-05-07T19:44:23.301+0200] {dag.py:4180} INFO - Setting next_dagrun for tutorial_taskflow_api to None, run_after=None
[2026-05-07T19:44:23.320+0200] {processor.py:208} INFO - Processing /home/rodrigo/Escritorio/BBDDAvanzadas/.venv/lib/python3.12/site-packages/airflow/example_dags/tutorial_taskflow_api.py took 0.055 seconds
[2026-05-07T19:45:16.294+0200] {processor.py:186} INFO - Started process (PID=15875) to work on /home/rodrigo/Escritorio/BBDDAvanzadas/.venv/lib/python3.12/site-packages/airflow/example_dags/tutorial_taskflow_api.py
[2026-05-07T19:45:16.297+0200] {processor.py:914} INFO - Processing file /home/rodrigo/Escritorio/BBDDAvanzadas/.venv/lib/python3.12/site-packages/airflow/example_dags/tutorial_taskflow_api.py for tasks to queue
[2026-05-07T19:45:16.300+0200] {logging_mixin.py:190} INFO - [2026-05-07T19:45:16.300+0200] {dagbag.py:588} INFO - Filling up the DagBag from /home/rodrigo/Escritorio/BBDDAvanzadas/.venv/lib/python3.12/site-packages/airflow/example_dags/tutorial_taskflow_api.py
[2026-05-07T19:45:16.310+0200] {processor.py:925} INFO - DAG(s) 'tutorial_taskflow_api' retrieved from /home/rodrigo/Escritorio/BBDDAvanzadas/.venv/lib/python3.12/site-packages/airflow/example_dags/tutorial_taskflow_api.py
[2026-05-07T19:45:16.331+0200] {logging_mixin.py:190} INFO - [2026-05-07T19:45:16.330+0200] {dag.py:3239} INFO - Sync 1 DAGs
[2026-05-07T19:45:16.342+0200] {logging_mixin.py:190} INFO - [2026-05-07T19:45:16.342+0200] {dag.py:4180} INFO - Setting next_dagrun for tutorial_taskflow_api to None, run_after=None
[2026-05-07T19:45:16.361+0200] {processor.py:208} INFO - Processing /home/rodrigo/Escritorio/BBDDAvanzadas/.venv/lib/python3.12/site-packages/airflow/example_dags/tutorial_taskflow_api.py took 0.071 seconds
[2026-05-07T19:46:05.623+0200] {processor.py:186} INFO - Started process (PID=15918) to work on /home/rodrigo/Escritorio/BBDDAvanzadas/.venv/lib/python3.12/site-packages/airflow/example_dags/tutorial_taskflow_api.py
[2026-05-07T19:46:05.624+0200] {processor.py:914} INFO - Processing file /home/rodrigo/Escritorio/BBDDAvanzadas/.venv/lib/python3.12/site-packages/airflow/example_dags/tutorial_taskflow_api.py for tasks to queue
[2026-05-07T19:46:05.626+0200] {logging_mixin.py:190} INFO - [2026-05-07T19:46:05.626+0200] {dagbag.py:588} INFO - Filling up the DagBag from /home/rodrigo/Escritorio/BBDDAvanzadas/.venv/lib/python3.12/site-packages/airflow/example_dags/tutorial_taskflow_api.py
[2026-05-07T19:46:05.633+0200] {processor.py:925} INFO - DAG(s) 'tutorial_taskflow_api' retrieved from /home/rodrigo/Escritorio/BBDDAvanzadas/.venv/lib/python3.12/site-packages/airflow/example_dags/tutorial_taskflow_api.py
[2026-05-07T19:46:05.644+0200] {logging_mixin.py:190} INFO - [2026-05-07T19:46:05.644+0200] {dag.py:3239} INFO - Sync 1 DAGs
[2026-05-07T19:46:05.652+0200] {logging_mixin.py:190} INFO - [2026-05-07T19:46:05.652+0200] {dag.py:4180} INFO - Setting next_dagrun for tutorial_taskflow_api to None, run_after=None
[2026-05-07T19:46:05.677+0200] {processor.py:208} INFO - Processing /home/rodrigo/Escritorio/BBDDAvanzadas/.venv/lib/python3.12/site-packages/airflow/example_dags/tutorial_taskflow_api.py took 0.058 seconds
[2026-05-07T19:46:55.855+0200] {processor.py:186} INFO - Started process (PID=16011) to work on /home/rodrigo/Escritorio/BBDDAvanzadas/.venv/lib/python3.12/site-packages/airflow/example_dags/tutorial_taskflow_api.py
[2026-05-07T19:46:55.857+0200] {processor.py:914} INFO - Processing file /home/rodrigo/Escritorio/BBDDAvanzadas/.venv/lib/python3.12/site-packages/airflow/example_dags/tutorial_taskflow_api.py for tasks to queue
[2026-05-07T19:46:55.859+0200] {logging_mixin.py:190} INFO - [2026-05-07T19:46:55.859+0200] {dagbag.py:588} INFO - Filling up the DagBag from /home/rodrigo/Escritorio/BBDDAvanzadas/.venv/lib/python3.12/site-packages/airflow/example_dags/tutorial_taskflow_api.py
[2026-05-07T19:46:55.868+0200] {processor.py:925} INFO - DAG(s) 'tutorial_taskflow_api' retrieved from /home/rodrigo/Escritorio/BBDDAvanzadas/.venv/lib/python3.12/site-packages/airflow/example_dags/tutorial_taskflow_api.py
[2026-05-07T19:46:55.904+0200] {logging_mixin.py:190} INFO - [2026-05-07T19:46:55.903+0200] {dag.py:3239} INFO - Sync 1 DAGs
[2026-05-07T19:46:55.917+0200] {logging_mixin.py:190} INFO - [2026-05-07T19:46:55.917+0200] {dag.py:4180} INFO - Setting next_dagrun for tutorial_taskflow_api to None, run_after=None
[2026-05-07T19:46:55.936+0200] {processor.py:208} INFO - Processing /home/rodrigo/Escritorio/BBDDAvanzadas/.venv/lib/python3.12/site-packages/airflow/example_dags/tutorial_taskflow_api.py took 0.086 seconds
[2026-05-07T19:47:59.625+0200] {processor.py:186} INFO - Started process (PID=16152) to work on /home/rodrigo/Escritorio/BBDDAvanzadas/.venv/lib/python3.12/site-packages/airflow/example_dags/tutorial_taskflow_api.py
[2026-05-07T19:47:59.627+0200] {processor.py:914} INFO - Processing file /home/rodrigo/Escritorio/BBDDAvanzadas/.venv/lib/python3.12/site-packages/airflow/example_dags/tutorial_taskflow_api.py for tasks to queue
[2026-05-07T19:47:59.629+0200] {logging_mixin.py:190} INFO - [2026-05-07T19:47:59.628+0200] {dagbag.py:588} INFO - Filling up the DagBag from /home/rodrigo/Escritorio/BBDDAvanzadas/.venv/lib/python3.12/site-packages/airflow/example_dags/tutorial_taskflow_api.py
[2026-05-07T19:47:59.636+0200] {processor.py:925} INFO - DAG(s) 'tutorial_taskflow_api' retrieved from /home/rodrigo/Escritorio/BBDDAvanzadas/.venv/lib/python3.12/site-packages/airflow/example_dags/tutorial_taskflow_api.py
[2026-05-07T19:47:59.648+0200] {logging_mixin.py:190} INFO - [2026-05-07T19:47:59.648+0200] {dag.py:3239} INFO - Sync 1 DAGs
[2026-05-07T19:47:59.657+0200] {logging_mixin.py:190} INFO - [2026-05-07T19:47:59.657+0200] {dag.py:4180} INFO - Setting next_dagrun for tutorial_taskflow_api to None, run_after=None
[2026-05-07T19:47:59.680+0200] {processor.py:208} INFO - Processing /home/rodrigo/Escritorio/BBDDAvanzadas/.venv/lib/python3.12/site-packages/airflow/example_dags/tutorial_taskflow_api.py took 0.060 seconds
[2026-05-07T19:48:50.907+0200] {processor.py:186} INFO - Started process (PID=16223) to work on /home/rodrigo/Escritorio/BBDDAvanzadas/.venv/lib/python3.12/site-packages/airflow/example_dags/tutorial_taskflow_api.py
[2026-05-07T19:48:50.908+0200] {processor.py:914} INFO - Processing file /home/rodrigo/Escritorio/BBDDAvanzadas/.venv/lib/python3.12/site-packages/airflow/example_dags/tutorial_taskflow_api.py for tasks to queue
[2026-05-07T19:48:50.910+0200] {logging_mixin.py:190} INFO - [2026-05-07T19:48:50.909+0200] {dagbag.py:588} INFO - Filling up the DagBag from /home/rodrigo/Escritorio/BBDDAvanzadas/.venv/lib/python3.12/site-packages/airflow/example_dags/tutorial_taskflow_api.py
[2026-05-07T19:48:50.916+0200] {processor.py:925} INFO - DAG(s) 'tutorial_taskflow_api' retrieved from /home/rodrigo/Escritorio/BBDDAvanzadas/.venv/lib/python3.12/site-packages/airflow/example_dags/tutorial_taskflow_api.py
[2026-05-07T19:48:50.928+0200] {logging_mixin.py:190} INFO - [2026-05-07T19:48:50.928+0200] {dag.py:3239} INFO - Sync 1 DAGs
[2026-05-07T19:48:50.938+0200] {logging_mixin.py:190} INFO - [2026-05-07T19:48:50.937+0200] {dag.py:4180} INFO - Setting next_dagrun for tutorial_taskflow_api to None, run_after=None
[2026-05-07T19:48:50.956+0200] {processor.py:208} INFO - Processing /home/rodrigo/Escritorio/BBDDAvanzadas/.venv/lib/python3.12/site-packages/airflow/example_dags/tutorial_taskflow_api.py took 0.053 seconds
[2026-05-07T19:49:37.875+0200] {processor.py:186} INFO - Started process (PID=16286) to work on /home/rodrigo/Escritorio/BBDDAvanzadas/.venv/lib/python3.12/site-packages/airflow/example_dags/tutorial_taskflow_api.py
[2026-05-07T19:49:37.876+0200] {processor.py:914} INFO - Processing file /home/rodrigo/Escritorio/BBDDAvanzadas/.venv/lib/python3.12/site-packages/airflow/example_dags/tutorial_taskflow_api.py for tasks to queue
[2026-05-07T19:49:37.878+0200] {logging_mixin.py:190} INFO - [2026-05-07T19:49:37.878+0200] {dagbag.py:588} INFO - Filling up the DagBag from /home/rodrigo/Escritorio/BBDDAvanzadas/.venv/lib/python3.12/site-packages/airflow/example_dags/tutorial_taskflow_api.py
[2026-05-07T19:49:37.884+0200] {processor.py:925} INFO - DAG(s) 'tutorial_taskflow_api' retrieved from /home/rodrigo/Escritorio/BBDDAvanzadas/.venv/lib/python3.12/site-packages/airflow/example_dags/tutorial_taskflow_api.py
[2026-05-07T19:49:37.894+0200] {logging_mixin.py:190} INFO - [2026-05-07T19:49:37.894+0200] {dag.py:3239} INFO - Sync 1 DAGs
[2026-05-07T19:49:37.902+0200] {logging_mixin.py:190} INFO - [2026-05-07T19:49:37.902+0200] {dag.py:4180} INFO - Setting next_dagrun for tutorial_taskflow_api to None, run_after=None
[2026-05-07T19:49:37.918+0200] {processor.py:208} INFO - Processing /home/rodrigo/Escritorio/BBDDAvanzadas/.venv/lib/python3.12/site-packages/airflow/example_dags/tutorial_taskflow_api.py took 0.046 seconds
[2026-05-07T19:50:32.250+0200] {processor.py:186} INFO - Started process (PID=16339) to work on /home/rodrigo/Escritorio/BBDDAvanzadas/.venv/lib/python3.12/site-packages/airflow/example_dags/tutorial_taskflow_api.py
[2026-05-07T19:50:32.251+0200] {processor.py:914} INFO - Processing file /home/rodrigo/Escritorio/BBDDAvanzadas/.venv/lib/python3.12/site-packages/airflow/example_dags/tutorial_taskflow_api.py for tasks to queue
[2026-05-07T19:50:32.252+0200] {logging_mixin.py:190} INFO - [2026-05-07T19:50:32.252+0200] {dagbag.py:588} INFO - Filling up the DagBag from /home/rodrigo/Escritorio/BBDDAvanzadas/.venv/lib/python3.12/site-packages/airflow/example_dags/tutorial_taskflow_api.py
[2026-05-07T19:50:32.259+0200] {processor.py:925} INFO - DAG(s) 'tutorial_taskflow_api' retrieved from /home/rodrigo/Escritorio/BBDDAvanzadas/.venv/lib/python3.12/site-packages/airflow/example_dags/tutorial_taskflow_api.py
[2026-05-07T19:50:32.269+0200] {logging_mixin.py:190} INFO - [2026-05-07T19:50:32.269+0200] {dag.py:3239} INFO - Sync 1 DAGs
[2026-05-07T19:50:32.278+0200] {logging_mixin.py:190} INFO - [2026-05-07T19:50:32.278+0200] {dag.py:4180} INFO - Setting next_dagrun for tutorial_taskflow_api to None, run_after=None
[2026-05-07T19:50:32.294+0200] {processor.py:208} INFO - Processing /home/rodrigo/Escritorio/BBDDAvanzadas/.venv/lib/python3.12/site-packages/airflow/example_dags/tutorial_taskflow_api.py took 0.049 seconds
[2026-05-07T19:51:21.534+0200] {processor.py:186} INFO - Started process (PID=16385) to work on /home/rodrigo/Escritorio/BBDDAvanzadas/.venv/lib/python3.12/site-packages/airflow/example_dags/tutorial_taskflow_api.py
[2026-05-07T19:51:21.535+0200] {processor.py:914} INFO - Processing file /home/rodrigo/Escritorio/BBDDAvanzadas/.venv/lib/python3.12/site-packages/airflow/example_dags/tutorial_taskflow_api.py for tasks to queue
[2026-05-07T19:51:21.537+0200] {logging_mixin.py:190} INFO - [2026-05-07T19:51:21.537+0200] {dagbag.py:588} INFO - Filling up the DagBag from /home/rodrigo/Escritorio/BBDDAvanzadas/.venv/lib/python3.12/site-packages/airflow/example_dags/tutorial_taskflow_api.py
[2026-05-07T19:51:21.544+0200] {processor.py:925} INFO - DAG(s) 'tutorial_taskflow_api' retrieved from /home/rodrigo/Escritorio/BBDDAvanzadas/.venv/lib/python3.12/site-packages/airflow/example_dags/tutorial_taskflow_api.py
[2026-05-07T19:51:21.558+0200] {logging_mixin.py:190} INFO - [2026-05-07T19:51:21.557+0200] {dag.py:3239} INFO - Sync 1 DAGs
[2026-05-07T19:51:21.571+0200] {logging_mixin.py:190} INFO - [2026-05-07T19:51:21.570+0200] {dag.py:4180} INFO - Setting next_dagrun for tutorial_taskflow_api to None, run_after=None
[2026-05-07T19:51:21.602+0200] {processor.py:208} INFO - Processing /home/rodrigo/Escritorio/BBDDAvanzadas/.venv/lib/python3.12/site-packages/airflow/example_dags/tutorial_taskflow_api.py took 0.075 seconds
