[2026-05-07T19:31:38.384+0200] {processor.py:186} INFO - Started process (PID=14234) to work on /home/rodrigo/Escritorio/BBDDAvanzadas/.venv/lib/python3.12/site-packages/airflow/example_dags/tutorial_objectstorage.py
[2026-05-07T19:31:38.385+0200] {processor.py:914} INFO - Processing file /home/rodrigo/Escritorio/BBDDAvanzadas/.venv/lib/python3.12/site-packages/airflow/example_dags/tutorial_objectstorage.py for tasks to queue
[2026-05-07T19:31:38.387+0200] {logging_mixin.py:190} INFO - [2026-05-07T19:31:38.386+0200] {dagbag.py:588} INFO - Filling up the DagBag from /home/rodrigo/Escritorio/BBDDAvanzadas/.venv/lib/python3.12/site-packages/airflow/example_dags/tutorial_objectstorage.py
[2026-05-07T19:31:38.476+0200] {processor.py:925} INFO - DAG(s) 'tutorial_objectstorage' retrieved from /home/rodrigo/Escritorio/BBDDAvanzadas/.venv/lib/python3.12/site-packages/airflow/example_dags/tutorial_objectstorage.py
[2026-05-07T19:31:38.735+0200] {logging_mixin.py:190} INFO - [2026-05-07T19:31:38.734+0200] {override.py:1930} INFO - Created Permission View: can delete on DAG:tutorial_objectstorage
[2026-05-07T19:31:38.765+0200] {logging_mixin.py:190} INFO - [2026-05-07T19:31:38.764+0200] {override.py:1930} INFO - Created Permission View: can edit on DAG:tutorial_objectstorage
[2026-05-07T19:31:38.794+0200] {logging_mixin.py:190} INFO - [2026-05-07T19:31:38.793+0200] {override.py:1930} INFO - Created Permission View: can read on DAG:tutorial_objectstorage
[2026-05-07T19:31:38.913+0200] {logging_mixin.py:190} INFO - [2026-05-07T19:31:38.909+0200] {override.py:1930} INFO - Created Permission View: can delete on DAG Run:tutorial_objectstorage
[2026-05-07T19:31:38.979+0200] {logging_mixin.py:190} INFO - [2026-05-07T19:31:38.966+0200] {override.py:1930} INFO - Created Permission View: can create on DAG Run:tutorial_objectstorage
[2026-05-07T19:31:39.047+0200] {logging_mixin.py:190} INFO - [2026-05-07T19:31:39.046+0200] {override.py:1930} INFO - Created Permission View: menu access on DAG Run:tutorial_objectstorage
[2026-05-07T19:31:39.060+0200] {logging_mixin.py:190} INFO - [2026-05-07T19:31:39.060+0200] {override.py:1930} INFO - Created Permission View: can read on DAG Run:tutorial_objectstorage
[2026-05-07T19:31:39.060+0200] {logging_mixin.py:190} INFO - [2026-05-07T19:31:39.060+0200] {dag.py:3239} INFO - Sync 1 DAGs
[2026-05-07T19:31:39.071+0200] {logging_mixin.py:190} INFO - [2026-05-07T19:31:39.070+0200] {dag.py:3262} INFO - Creating ORM DAG for tutorial_objectstorage
[2026-05-07T19:31:39.071+0200] {logging_mixin.py:190} INFO - [2026-05-07T19:31:39.071+0200] {dag.py:4180} INFO - Setting next_dagrun for tutorial_objectstorage to None, run_after=None
[2026-05-07T19:31:39.122+0200] {processor.py:208} INFO - Processing /home/rodrigo/Escritorio/BBDDAvanzadas/.venv/lib/python3.12/site-packages/airflow/example_dags/tutorial_objectstorage.py took 0.754 seconds
[2026-05-07T19:31:43.362+0200] {processor.py:186} INFO - Started process (PID=14255) to work on /home/rodrigo/Escritorio/BBDDAvanzadas/.venv/lib/python3.12/site-packages/airflow/example_dags/tutorial_objectstorage.py
[2026-05-07T19:31:43.364+0200] {processor.py:914} INFO - Processing file /home/rodrigo/Escritorio/BBDDAvanzadas/.venv/lib/python3.12/site-packages/airflow/example_dags/tutorial_objectstorage.py for tasks to queue
[2026-05-07T19:31:43.366+0200] {logging_mixin.py:190} INFO - [2026-05-07T19:31:43.366+0200] {dagbag.py:588} INFO - Filling up the DagBag from /home/rodrigo/Escritorio/BBDDAvanzadas/.venv/lib/python3.12/site-packages/airflow/example_dags/tutorial_objectstorage.py
[2026-05-07T19:31:43.380+0200] {processor.py:925} INFO - DAG(s) 'tutorial_objectstorage' retrieved from /home/rodrigo/Escritorio/BBDDAvanzadas/.venv/lib/python3.12/site-packages/airflow/example_dags/tutorial_objectstorage.py
[2026-05-07T19:31:43.405+0200] {logging_mixin.py:190} INFO - [2026-05-07T19:31:43.404+0200] {dag.py:3239} INFO - Sync 1 DAGs
[2026-05-07T19:31:43.415+0200] {logging_mixin.py:190} INFO - [2026-05-07T19:31:43.415+0200] {dag.py:4180} INFO - Setting next_dagrun for tutorial_objectstorage to None, run_after=None
[2026-05-07T19:31:43.576+0200] {processor.py:208} INFO - Processing /home/rodrigo/Escritorio/BBDDAvanzadas/.venv/lib/python3.12/site-packages/airflow/example_dags/tutorial_objectstorage.py took 0.218 seconds
[2026-05-07T19:32:13.745+0200] {processor.py:186} INFO - Started process (PID=14319) to work on /home/rodrigo/Escritorio/BBDDAvanzadas/.venv/lib/python3.12/site-packages/airflow/example_dags/tutorial_objectstorage.py
[2026-05-07T19:32:13.746+0200] {processor.py:914} INFO - Processing file /home/rodrigo/Escritorio/BBDDAvanzadas/.venv/lib/python3.12/site-packages/airflow/example_dags/tutorial_objectstorage.py for tasks to queue
[2026-05-07T19:32:13.749+0200] {logging_mixin.py:190} INFO - [2026-05-07T19:32:13.748+0200] {dagbag.py:588} INFO - Filling up the DagBag from /home/rodrigo/Escritorio/BBDDAvanzadas/.venv/lib/python3.12/site-packages/airflow/example_dags/tutorial_objectstorage.py
[2026-05-07T19:32:13.760+0200] {processor.py:925} INFO - DAG(s) 'tutorial_objectstorage' retrieved from /home/rodrigo/Escritorio/BBDDAvanzadas/.venv/lib/python3.12/site-packages/airflow/example_dags/tutorial_objectstorage.py
[2026-05-07T19:32:13.801+0200] {logging_mixin.py:190} INFO - [2026-05-07T19:32:13.800+0200] {dag.py:3239} INFO - Sync 1 DAGs
[2026-05-07T19:32:13.812+0200] {logging_mixin.py:190} INFO - [2026-05-07T19:32:13.812+0200] {dag.py:4180} INFO - Setting next_dagrun for tutorial_objectstorage to None, run_after=None
[2026-05-07T19:32:13.858+0200] {processor.py:208} INFO - Processing /home/rodrigo/Escritorio/BBDDAvanzadas/.venv/lib/python3.12/site-packages/airflow/example_dags/tutorial_objectstorage.py took 0.123 seconds
[2026-05-07T19:33:30.692+0200] {processor.py:186} INFO - Started process (PID=14520) to work on /home/rodrigo/Escritorio/BBDDAvanzadas/.venv/lib/python3.12/site-packages/airflow/example_dags/tutorial_objectstorage.py
[2026-05-07T19:33:30.695+0200] {processor.py:914} INFO - Processing file /home/rodrigo/Escritorio/BBDDAvanzadas/.venv/lib/python3.12/site-packages/airflow/example_dags/tutorial_objectstorage.py for tasks to queue
[2026-05-07T19:33:30.698+0200] {logging_mixin.py:190} INFO - [2026-05-07T19:33:30.697+0200] {dagbag.py:588} INFO - Filling up the DagBag from /home/rodrigo/Escritorio/BBDDAvanzadas/.venv/lib/python3.12/site-packages/airflow/example_dags/tutorial_objectstorage.py
[2026-05-07T19:33:30.712+0200] {processor.py:925} INFO - DAG(s) 'tutorial_objectstorage' retrieved from /home/rodrigo/Escritorio/BBDDAvanzadas/.venv/lib/python3.12/site-packages/airflow/example_dags/tutorial_objectstorage.py
[2026-05-07T19:33:30.753+0200] {logging_mixin.py:190} INFO - [2026-05-07T19:33:30.752+0200] {dag.py:3239} INFO - Sync 1 DAGs
[2026-05-07T19:33:30.783+0200] {logging_mixin.py:190} INFO - [2026-05-07T19:33:30.783+0200] {dag.py:4180} INFO - Setting next_dagrun for tutorial_objectstorage to None, run_after=None
[2026-05-07T19:33:30.838+0200] {processor.py:208} INFO - Processing /home/rodrigo/Escritorio/BBDDAvanzadas/.venv/lib/python3.12/site-packages/airflow/example_dags/tutorial_objectstorage.py took 0.150 seconds
[2026-05-07T19:35:15.770+0200] {processor.py:186} INFO - Started process (PID=14695) to work on /home/rodrigo/Escritorio/BBDDAvanzadas/.venv/lib/python3.12/site-packages/airflow/example_dags/tutorial_objectstorage.py
[2026-05-07T19:35:15.775+0200] {processor.py:914} INFO - Processing file /home/rodrigo/Escritorio/BBDDAvanzadas/.venv/lib/python3.12/site-packages/airflow/example_dags/tutorial_objectstorage.py for tasks to queue
[2026-05-07T19:35:15.781+0200] {logging_mixin.py:190} INFO - [2026-05-07T19:35:15.781+0200] {dagbag.py:588} INFO - Filling up the DagBag from /home/rodrigo/Escritorio/BBDDAvanzadas/.venv/lib/python3.12/site-packages/airflow/example_dags/tutorial_objectstorage.py
[2026-05-07T19:35:15.813+0200] {processor.py:925} INFO - DAG(s) 'tutorial_objectstorage' retrieved from /home/rodrigo/Escritorio/BBDDAvanzadas/.venv/lib/python3.12/site-packages/airflow/example_dags/tutorial_objectstorage.py
[2026-05-07T19:35:15.854+0200] {logging_mixin.py:190} INFO - [2026-05-07T19:35:15.854+0200] {dag.py:3239} INFO - Sync 1 DAGs
[2026-05-07T19:35:15.864+0200] {logging_mixin.py:190} INFO - [2026-05-07T19:35:15.864+0200] {dag.py:4180} INFO - Setting next_dagrun for tutorial_objectstorage to None, run_after=None
[2026-05-07T19:35:15.881+0200] {processor.py:208} INFO - Processing /home/rodrigo/Escritorio/BBDDAvanzadas/.venv/lib/python3.12/site-packages/airflow/example_dags/tutorial_objectstorage.py took 0.124 seconds
[2026-05-07T19:37:07.655+0200] {processor.py:186} INFO - Started process (PID=14815) to work on /home/rodrigo/Escritorio/BBDDAvanzadas/.venv/lib/python3.12/site-packages/airflow/example_dags/tutorial_objectstorage.py
[2026-05-07T19:37:07.656+0200] {processor.py:914} INFO - Processing file /home/rodrigo/Escritorio/BBDDAvanzadas/.venv/lib/python3.12/site-packages/airflow/example_dags/tutorial_objectstorage.py for tasks to queue
[2026-05-07T19:37:07.659+0200] {logging_mixin.py:190} INFO - [2026-05-07T19:37:07.658+0200] {dagbag.py:588} INFO - Filling up the DagBag from /home/rodrigo/Escritorio/BBDDAvanzadas/.venv/lib/python3.12/site-packages/airflow/example_dags/tutorial_objectstorage.py
[2026-05-07T19:37:07.672+0200] {processor.py:925} INFO - DAG(s) 'tutorial_objectstorage' retrieved from /home/rodrigo/Escritorio/BBDDAvanzadas/.venv/lib/python3.12/site-packages/airflow/example_dags/tutorial_objectstorage.py
[2026-05-07T19:37:07.692+0200] {logging_mixin.py:190} INFO - [2026-05-07T19:37:07.692+0200] {dag.py:3239} INFO - Sync 1 DAGs
[2026-05-07T19:37:07.703+0200] {logging_mixin.py:190} INFO - [2026-05-07T19:37:07.702+0200] {dag.py:4180} INFO - Setting next_dagrun for tutorial_objectstorage to None, run_after=None
[2026-05-07T19:37:07.726+0200] {processor.py:208} INFO - Processing /home/rodrigo/Escritorio/BBDDAvanzadas/.venv/lib/python3.12/site-packages/airflow/example_dags/tutorial_objectstorage.py took 0.076 seconds
[2026-05-07T19:38:10.162+0200] {processor.py:186} INFO - Started process (PID=14951) to work on /home/rodrigo/Escritorio/BBDDAvanzadas/.venv/lib/python3.12/site-packages/airflow/example_dags/tutorial_objectstorage.py
[2026-05-07T19:38:10.163+0200] {processor.py:914} INFO - Processing file /home/rodrigo/Escritorio/BBDDAvanzadas/.venv/lib/python3.12/site-packages/airflow/example_dags/tutorial_objectstorage.py for tasks to queue
[2026-05-07T19:38:10.164+0200] {logging_mixin.py:190} INFO - [2026-05-07T19:38:10.164+0200] {dagbag.py:588} INFO - Filling up the DagBag from /home/rodrigo/Escritorio/BBDDAvanzadas/.venv/lib/python3.12/site-packages/airflow/example_dags/tutorial_objectstorage.py
[2026-05-07T19:38:10.170+0200] {processor.py:925} INFO - DAG(s) 'tutorial_objectstorage' retrieved from /home/rodrigo/Escritorio/BBDDAvanzadas/.venv/lib/python3.12/site-packages/airflow/example_dags/tutorial_objectstorage.py
[2026-05-07T19:38:10.179+0200] {logging_mixin.py:190} INFO - [2026-05-07T19:38:10.179+0200] {dag.py:3239} INFO - Sync 1 DAGs
[2026-05-07T19:38:10.187+0200] {logging_mixin.py:190} INFO - [2026-05-07T19:38:10.187+0200] {dag.py:4180} INFO - Setting next_dagrun for tutorial_objectstorage to None, run_after=None
[2026-05-07T19:38:10.203+0200] {processor.py:208} INFO - Processing /home/rodrigo/Escritorio/BBDDAvanzadas/.venv/lib/python3.12/site-packages/airflow/example_dags/tutorial_objectstorage.py took 0.044 seconds
[2026-05-07T19:39:34.163+0200] {processor.py:186} INFO - Started process (PID=15051) to work on /home/rodrigo/Escritorio/BBDDAvanzadas/.venv/lib/python3.12/site-packages/airflow/example_dags/tutorial_objectstorage.py
[2026-05-07T19:39:34.165+0200] {processor.py:914} INFO - Processing file /home/rodrigo/Escritorio/BBDDAvanzadas/.venv/lib/python3.12/site-packages/airflow/example_dags/tutorial_objectstorage.py for tasks to queue
[2026-05-07T19:39:34.168+0200] {logging_mixin.py:190} INFO - [2026-05-07T19:39:34.168+0200] {dagbag.py:588} INFO - Filling up the DagBag from /home/rodrigo/Escritorio/BBDDAvanzadas/.venv/lib/python3.12/site-packages/airflow/example_dags/tutorial_objectstorage.py
[2026-05-07T19:39:34.184+0200] {processor.py:925} INFO - DAG(s) 'tutorial_objectstorage' retrieved from /home/rodrigo/Escritorio/BBDDAvanzadas/.venv/lib/python3.12/site-packages/airflow/example_dags/tutorial_objectstorage.py
[2026-05-07T19:39:34.196+0200] {logging_mixin.py:190} INFO - [2026-05-07T19:39:34.196+0200] {dag.py:3239} INFO - Sync 1 DAGs
[2026-05-07T19:39:34.221+0200] {logging_mixin.py:190} INFO - [2026-05-07T19:39:34.220+0200] {dag.py:4180} INFO - Setting next_dagrun for tutorial_objectstorage to None, run_after=None
[2026-05-07T19:39:34.294+0200] {processor.py:208} INFO - Processing /home/rodrigo/Escritorio/BBDDAvanzadas/.venv/lib/python3.12/site-packages/airflow/example_dags/tutorial_objectstorage.py took 0.137 seconds
[2026-05-07T19:40:16.144+0200] {processor.py:186} INFO - Started process (PID=15105) to work on /home/rodrigo/Escritorio/BBDDAvanzadas/.venv/lib/python3.12/site-packages/airflow/example_dags/tutorial_objectstorage.py
[2026-05-07T19:40:16.144+0200] {processor.py:914} INFO - Processing file /home/rodrigo/Escritorio/BBDDAvanzadas/.venv/lib/python3.12/site-packages/airflow/example_dags/tutorial_objectstorage.py for tasks to queue
[2026-05-07T19:40:16.146+0200] {logging_mixin.py:190} INFO - [2026-05-07T19:40:16.145+0200] {dagbag.py:588} INFO - Filling up the DagBag from /home/rodrigo/Escritorio/BBDDAvanzadas/.venv/lib/python3.12/site-packages/airflow/example_dags/tutorial_objectstorage.py
[2026-05-07T19:40:16.153+0200] {processor.py:925} INFO - DAG(s) 'tutorial_objectstorage' retrieved from /home/rodrigo/Escritorio/BBDDAvanzadas/.venv/lib/python3.12/site-packages/airflow/example_dags/tutorial_objectstorage.py
[2026-05-07T19:40:16.164+0200] {logging_mixin.py:190} INFO - [2026-05-07T19:40:16.163+0200] {dag.py:3239} INFO - Sync 1 DAGs
[2026-05-07T19:40:16.172+0200] {logging_mixin.py:190} INFO - [2026-05-07T19:40:16.171+0200] {dag.py:4180} INFO - Setting next_dagrun for tutorial_objectstorage to None, run_after=None
[2026-05-07T19:40:16.187+0200] {processor.py:208} INFO - Processing /home/rodrigo/Escritorio/BBDDAvanzadas/.venv/lib/python3.12/site-packages/airflow/example_dags/tutorial_objectstorage.py took 0.048 seconds
[2026-05-07T19:41:03.323+0200] {processor.py:186} INFO - Started process (PID=15169) to work on /home/rodrigo/Escritorio/BBDDAvanzadas/.venv/lib/python3.12/site-packages/airflow/example_dags/tutorial_objectstorage.py
[2026-05-07T19:41:03.326+0200] {processor.py:914} INFO - Processing file /home/rodrigo/Escritorio/BBDDAvanzadas/.venv/lib/python3.12/site-packages/airflow/example_dags/tutorial_objectstorage.py for tasks to queue
[2026-05-07T19:41:03.329+0200] {logging_mixin.py:190} INFO - [2026-05-07T19:41:03.328+0200] {dagbag.py:588} INFO - Filling up the DagBag from /home/rodrigo/Escritorio/BBDDAvanzadas/.venv/lib/python3.12/site-packages/airflow/example_dags/tutorial_objectstorage.py
[2026-05-07T19:41:03.336+0200] {processor.py:925} INFO - DAG(s) 'tutorial_objectstorage' retrieved from /home/rodrigo/Escritorio/BBDDAvanzadas/.venv/lib/python3.12/site-packages/airflow/example_dags/tutorial_objectstorage.py
[2026-05-07T19:41:03.348+0200] {logging_mixin.py:190} INFO - [2026-05-07T19:41:03.348+0200] {dag.py:3239} INFO - Sync 1 DAGs
[2026-05-07T19:41:03.356+0200] {logging_mixin.py:190} INFO - [2026-05-07T19:41:03.356+0200] {dag.py:4180} INFO - Setting next_dagrun for tutorial_objectstorage to None, run_after=None
[2026-05-07T19:41:03.414+0200] {processor.py:208} INFO - Processing /home/rodrigo/Escritorio/BBDDAvanzadas/.venv/lib/python3.12/site-packages/airflow/example_dags/tutorial_objectstorage.py took 0.095 seconds
[2026-05-07T19:41:51.425+0200] {processor.py:186} INFO - Started process (PID=15258) to work on /home/rodrigo/Escritorio/BBDDAvanzadas/.venv/lib/python3.12/site-packages/airflow/example_dags/tutorial_objectstorage.py
[2026-05-07T19:41:51.429+0200] {processor.py:914} INFO - Processing file /home/rodrigo/Escritorio/BBDDAvanzadas/.venv/lib/python3.12/site-packages/airflow/example_dags/tutorial_objectstorage.py for tasks to queue
[2026-05-07T19:41:51.431+0200] {logging_mixin.py:190} INFO - [2026-05-07T19:41:51.431+0200] {dagbag.py:588} INFO - Filling up the DagBag from /home/rodrigo/Escritorio/BBDDAvanzadas/.venv/lib/python3.12/site-packages/airflow/example_dags/tutorial_objectstorage.py
[2026-05-07T19:41:51.439+0200] {processor.py:925} INFO - DAG(s) 'tutorial_objectstorage' retrieved from /home/rodrigo/Escritorio/BBDDAvanzadas/.venv/lib/python3.12/site-packages/airflow/example_dags/tutorial_objectstorage.py
[2026-05-07T19:41:51.459+0200] {logging_mixin.py:190} INFO - [2026-05-07T19:41:51.459+0200] {dag.py:3239} INFO - Sync 1 DAGs
[2026-05-07T19:41:51.483+0200] {logging_mixin.py:190} INFO - [2026-05-07T19:41:51.483+0200] {dag.py:4180} INFO - Setting next_dagrun for tutorial_objectstorage to None, run_after=None
[2026-05-07T19:41:51.526+0200] {processor.py:208} INFO - Processing /home/rodrigo/Escritorio/BBDDAvanzadas/.venv/lib/python3.12/site-packages/airflow/example_dags/tutorial_objectstorage.py took 0.105 seconds
[2026-05-07T19:43:06.568+0200] {processor.py:186} INFO - Started process (PID=15529) to work on /home/rodrigo/Escritorio/BBDDAvanzadas/.venv/lib/python3.12/site-packages/airflow/example_dags/tutorial_objectstorage.py
[2026-05-07T19:43:06.570+0200] {processor.py:914} INFO - Processing file /home/rodrigo/Escritorio/BBDDAvanzadas/.venv/lib/python3.12/site-packages/airflow/example_dags/tutorial_objectstorage.py for tasks to queue
[2026-05-07T19:43:06.571+0200] {logging_mixin.py:190} INFO - [2026-05-07T19:43:06.571+0200] {dagbag.py:588} INFO - Filling up the DagBag from /home/rodrigo/Escritorio/BBDDAvanzadas/.venv/lib/python3.12/site-packages/airflow/example_dags/tutorial_objectstorage.py
[2026-05-07T19:43:06.580+0200] {processor.py:925} INFO - DAG(s) 'tutorial_objectstorage' retrieved from /home/rodrigo/Escritorio/BBDDAvanzadas/.venv/lib/python3.12/site-packages/airflow/example_dags/tutorial_objectstorage.py
[2026-05-07T19:43:06.592+0200] {logging_mixin.py:190} INFO - [2026-05-07T19:43:06.592+0200] {dag.py:3239} INFO - Sync 1 DAGs
[2026-05-07T19:43:06.601+0200] {logging_mixin.py:190} INFO - [2026-05-07T19:43:06.600+0200] {dag.py:4180} INFO - Setting next_dagrun for tutorial_objectstorage to None, run_after=None
[2026-05-07T19:43:06.617+0200] {processor.py:208} INFO - Processing /home/rodrigo/Escritorio/BBDDAvanzadas/.venv/lib/python3.12/site-packages/airflow/example_dags/tutorial_objectstorage.py took 0.057 seconds
[2026-05-07T19:44:24.637+0200] {processor.py:186} INFO - Started process (PID=15690) to work on /home/rodrigo/Escritorio/BBDDAvanzadas/.venv/lib/python3.12/site-packages/airflow/example_dags/tutorial_objectstorage.py
[2026-05-07T19:44:24.640+0200] {processor.py:914} INFO - Processing file /home/rodrigo/Escritorio/BBDDAvanzadas/.venv/lib/python3.12/site-packages/airflow/example_dags/tutorial_objectstorage.py for tasks to queue
[2026-05-07T19:44:24.642+0200] {logging_mixin.py:190} INFO - [2026-05-07T19:44:24.642+0200] {dagbag.py:588} INFO - Filling up the DagBag from /home/rodrigo/Escritorio/BBDDAvanzadas/.venv/lib/python3.12/site-packages/airflow/example_dags/tutorial_objectstorage.py
[2026-05-07T19:44:24.649+0200] {processor.py:925} INFO - DAG(s) 'tutorial_objectstorage' retrieved from /home/rodrigo/Escritorio/BBDDAvanzadas/.venv/lib/python3.12/site-packages/airflow/example_dags/tutorial_objectstorage.py
[2026-05-07T19:44:24.661+0200] {logging_mixin.py:190} INFO - [2026-05-07T19:44:24.661+0200] {dag.py:3239} INFO - Sync 1 DAGs
[2026-05-07T19:44:24.670+0200] {logging_mixin.py:190} INFO - [2026-05-07T19:44:24.670+0200] {dag.py:4180} INFO - Setting next_dagrun for tutorial_objectstorage to None, run_after=None
[2026-05-07T19:44:24.689+0200] {processor.py:208} INFO - Processing /home/rodrigo/Escritorio/BBDDAvanzadas/.venv/lib/python3.12/site-packages/airflow/example_dags/tutorial_objectstorage.py took 0.057 seconds
[2026-05-07T19:45:16.508+0200] {processor.py:186} INFO - Started process (PID=15876) to work on /home/rodrigo/Escritorio/BBDDAvanzadas/.venv/lib/python3.12/site-packages/airflow/example_dags/tutorial_objectstorage.py
[2026-05-07T19:45:16.510+0200] {processor.py:914} INFO - Processing file /home/rodrigo/Escritorio/BBDDAvanzadas/.venv/lib/python3.12/site-packages/airflow/example_dags/tutorial_objectstorage.py for tasks to queue
[2026-05-07T19:45:16.512+0200] {logging_mixin.py:190} INFO - [2026-05-07T19:45:16.512+0200] {dagbag.py:588} INFO - Filling up the DagBag from /home/rodrigo/Escritorio/BBDDAvanzadas/.venv/lib/python3.12/site-packages/airflow/example_dags/tutorial_objectstorage.py
[2026-05-07T19:45:16.519+0200] {processor.py:925} INFO - DAG(s) 'tutorial_objectstorage' retrieved from /home/rodrigo/Escritorio/BBDDAvanzadas/.venv/lib/python3.12/site-packages/airflow/example_dags/tutorial_objectstorage.py
[2026-05-07T19:45:16.531+0200] {logging_mixin.py:190} INFO - [2026-05-07T19:45:16.531+0200] {dag.py:3239} INFO - Sync 1 DAGs
[2026-05-07T19:45:16.540+0200] {logging_mixin.py:190} INFO - [2026-05-07T19:45:16.540+0200] {dag.py:4180} INFO - Setting next_dagrun for tutorial_objectstorage to None, run_after=None
[2026-05-07T19:45:16.557+0200] {processor.py:208} INFO - Processing /home/rodrigo/Escritorio/BBDDAvanzadas/.venv/lib/python3.12/site-packages/airflow/example_dags/tutorial_objectstorage.py took 0.053 seconds
[2026-05-07T19:46:06.878+0200] {processor.py:186} INFO - Started process (PID=15919) to work on /home/rodrigo/Escritorio/BBDDAvanzadas/.venv/lib/python3.12/site-packages/airflow/example_dags/tutorial_objectstorage.py
[2026-05-07T19:46:06.879+0200] {processor.py:914} INFO - Processing file /home/rodrigo/Escritorio/BBDDAvanzadas/.venv/lib/python3.12/site-packages/airflow/example_dags/tutorial_objectstorage.py for tasks to queue
[2026-05-07T19:46:06.880+0200] {logging_mixin.py:190} INFO - [2026-05-07T19:46:06.880+0200] {dagbag.py:588} INFO - Filling up the DagBag from /home/rodrigo/Escritorio/BBDDAvanzadas/.venv/lib/python3.12/site-packages/airflow/example_dags/tutorial_objectstorage.py
[2026-05-07T19:46:06.888+0200] {processor.py:925} INFO - DAG(s) 'tutorial_objectstorage' retrieved from /home/rodrigo/Escritorio/BBDDAvanzadas/.venv/lib/python3.12/site-packages/airflow/example_dags/tutorial_objectstorage.py
[2026-05-07T19:46:06.898+0200] {logging_mixin.py:190} INFO - [2026-05-07T19:46:06.898+0200] {dag.py:3239} INFO - Sync 1 DAGs
[2026-05-07T19:46:06.907+0200] {logging_mixin.py:190} INFO - [2026-05-07T19:46:06.907+0200] {dag.py:4180} INFO - Setting next_dagrun for tutorial_objectstorage to None, run_after=None
[2026-05-07T19:46:06.924+0200] {processor.py:208} INFO - Processing /home/rodrigo/Escritorio/BBDDAvanzadas/.venv/lib/python3.12/site-packages/airflow/example_dags/tutorial_objectstorage.py took 0.051 seconds
[2026-05-07T19:46:57.021+0200] {processor.py:186} INFO - Started process (PID=16012) to work on /home/rodrigo/Escritorio/BBDDAvanzadas/.venv/lib/python3.12/site-packages/airflow/example_dags/tutorial_objectstorage.py
[2026-05-07T19:46:57.024+0200] {processor.py:914} INFO - Processing file /home/rodrigo/Escritorio/BBDDAvanzadas/.venv/lib/python3.12/site-packages/airflow/example_dags/tutorial_objectstorage.py for tasks to queue
[2026-05-07T19:46:57.025+0200] {logging_mixin.py:190} INFO - [2026-05-07T19:46:57.025+0200] {dagbag.py:588} INFO - Filling up the DagBag from /home/rodrigo/Escritorio/BBDDAvanzadas/.venv/lib/python3.12/site-packages/airflow/example_dags/tutorial_objectstorage.py
[2026-05-07T19:46:57.032+0200] {processor.py:925} INFO - DAG(s) 'tutorial_objectstorage' retrieved from /home/rodrigo/Escritorio/BBDDAvanzadas/.venv/lib/python3.12/site-packages/airflow/example_dags/tutorial_objectstorage.py
[2026-05-07T19:46:57.042+0200] {logging_mixin.py:190} INFO - [2026-05-07T19:46:57.042+0200] {dag.py:3239} INFO - Sync 1 DAGs
[2026-05-07T19:46:57.051+0200] {logging_mixin.py:190} INFO - [2026-05-07T19:46:57.051+0200] {dag.py:4180} INFO - Setting next_dagrun for tutorial_objectstorage to None, run_after=None
[2026-05-07T19:46:57.078+0200] {processor.py:208} INFO - Processing /home/rodrigo/Escritorio/BBDDAvanzadas/.venv/lib/python3.12/site-packages/airflow/example_dags/tutorial_objectstorage.py took 0.061 seconds
[2026-05-07T19:48:00.788+0200] {processor.py:186} INFO - Started process (PID=16153) to work on /home/rodrigo/Escritorio/BBDDAvanzadas/.venv/lib/python3.12/site-packages/airflow/example_dags/tutorial_objectstorage.py
[2026-05-07T19:48:00.789+0200] {processor.py:914} INFO - Processing file /home/rodrigo/Escritorio/BBDDAvanzadas/.venv/lib/python3.12/site-packages/airflow/example_dags/tutorial_objectstorage.py for tasks to queue
[2026-05-07T19:48:00.791+0200] {logging_mixin.py:190} INFO - [2026-05-07T19:48:00.790+0200] {dagbag.py:588} INFO - Filling up the DagBag from /home/rodrigo/Escritorio/BBDDAvanzadas/.venv/lib/python3.12/site-packages/airflow/example_dags/tutorial_objectstorage.py
[2026-05-07T19:48:00.799+0200] {processor.py:925} INFO - DAG(s) 'tutorial_objectstorage' retrieved from /home/rodrigo/Escritorio/BBDDAvanzadas/.venv/lib/python3.12/site-packages/airflow/example_dags/tutorial_objectstorage.py
[2026-05-07T19:48:00.811+0200] {logging_mixin.py:190} INFO - [2026-05-07T19:48:00.811+0200] {dag.py:3239} INFO - Sync 1 DAGs
[2026-05-07T19:48:00.820+0200] {logging_mixin.py:190} INFO - [2026-05-07T19:48:00.820+0200] {dag.py:4180} INFO - Setting next_dagrun for tutorial_objectstorage to None, run_after=None
[2026-05-07T19:48:00.837+0200] {processor.py:208} INFO - Processing /home/rodrigo/Escritorio/BBDDAvanzadas/.venv/lib/python3.12/site-packages/airflow/example_dags/tutorial_objectstorage.py took 0.054 seconds
[2026-05-07T19:48:52.124+0200] {processor.py:186} INFO - Started process (PID=16224) to work on /home/rodrigo/Escritorio/BBDDAvanzadas/.venv/lib/python3.12/site-packages/airflow/example_dags/tutorial_objectstorage.py
[2026-05-07T19:48:52.125+0200] {processor.py:914} INFO - Processing file /home/rodrigo/Escritorio/BBDDAvanzadas/.venv/lib/python3.12/site-packages/airflow/example_dags/tutorial_objectstorage.py for tasks to queue
[2026-05-07T19:48:52.127+0200] {logging_mixin.py:190} INFO - [2026-05-07T19:48:52.126+0200] {dagbag.py:588} INFO - Filling up the DagBag from /home/rodrigo/Escritorio/BBDDAvanzadas/.venv/lib/python3.12/site-packages/airflow/example_dags/tutorial_objectstorage.py
[2026-05-07T19:48:52.133+0200] {processor.py:925} INFO - DAG(s) 'tutorial_objectstorage' retrieved from /home/rodrigo/Escritorio/BBDDAvanzadas/.venv/lib/python3.12/site-packages/airflow/example_dags/tutorial_objectstorage.py
[2026-05-07T19:48:52.143+0200] {logging_mixin.py:190} INFO - [2026-05-07T19:48:52.143+0200] {dag.py:3239} INFO - Sync 1 DAGs
[2026-05-07T19:48:52.151+0200] {logging_mixin.py:190} INFO - [2026-05-07T19:48:52.151+0200] {dag.py:4180} INFO - Setting next_dagrun for tutorial_objectstorage to None, run_after=None
[2026-05-07T19:48:52.166+0200] {processor.py:208} INFO - Processing /home/rodrigo/Escritorio/BBDDAvanzadas/.venv/lib/python3.12/site-packages/airflow/example_dags/tutorial_objectstorage.py took 0.047 seconds
[2026-05-07T19:49:39.078+0200] {processor.py:186} INFO - Started process (PID=16287) to work on /home/rodrigo/Escritorio/BBDDAvanzadas/.venv/lib/python3.12/site-packages/airflow/example_dags/tutorial_objectstorage.py
[2026-05-07T19:49:39.079+0200] {processor.py:914} INFO - Processing file /home/rodrigo/Escritorio/BBDDAvanzadas/.venv/lib/python3.12/site-packages/airflow/example_dags/tutorial_objectstorage.py for tasks to queue
[2026-05-07T19:49:39.081+0200] {logging_mixin.py:190} INFO - [2026-05-07T19:49:39.080+0200] {dagbag.py:588} INFO - Filling up the DagBag from /home/rodrigo/Escritorio/BBDDAvanzadas/.venv/lib/python3.12/site-packages/airflow/example_dags/tutorial_objectstorage.py
[2026-05-07T19:49:39.087+0200] {processor.py:925} INFO - DAG(s) 'tutorial_objectstorage' retrieved from /home/rodrigo/Escritorio/BBDDAvanzadas/.venv/lib/python3.12/site-packages/airflow/example_dags/tutorial_objectstorage.py
[2026-05-07T19:49:39.097+0200] {logging_mixin.py:190} INFO - [2026-05-07T19:49:39.097+0200] {dag.py:3239} INFO - Sync 1 DAGs
[2026-05-07T19:49:39.105+0200] {logging_mixin.py:190} INFO - [2026-05-07T19:49:39.105+0200] {dag.py:4180} INFO - Setting next_dagrun for tutorial_objectstorage to None, run_after=None
[2026-05-07T19:49:39.120+0200] {processor.py:208} INFO - Processing /home/rodrigo/Escritorio/BBDDAvanzadas/.venv/lib/python3.12/site-packages/airflow/example_dags/tutorial_objectstorage.py took 0.046 seconds
[2026-05-07T19:50:34.012+0200] {processor.py:186} INFO - Started process (PID=16342) to work on /home/rodrigo/Escritorio/BBDDAvanzadas/.venv/lib/python3.12/site-packages/airflow/example_dags/tutorial_objectstorage.py
[2026-05-07T19:50:34.013+0200] {processor.py:914} INFO - Processing file /home/rodrigo/Escritorio/BBDDAvanzadas/.venv/lib/python3.12/site-packages/airflow/example_dags/tutorial_objectstorage.py for tasks to queue
[2026-05-07T19:50:34.014+0200] {logging_mixin.py:190} INFO - [2026-05-07T19:50:34.014+0200] {dagbag.py:588} INFO - Filling up the DagBag from /home/rodrigo/Escritorio/BBDDAvanzadas/.venv/lib/python3.12/site-packages/airflow/example_dags/tutorial_objectstorage.py
[2026-05-07T19:50:34.021+0200] {processor.py:925} INFO - DAG(s) 'tutorial_objectstorage' retrieved from /home/rodrigo/Escritorio/BBDDAvanzadas/.venv/lib/python3.12/site-packages/airflow/example_dags/tutorial_objectstorage.py
[2026-05-07T19:50:34.032+0200] {logging_mixin.py:190} INFO - [2026-05-07T19:50:34.032+0200] {dag.py:3239} INFO - Sync 1 DAGs
[2026-05-07T19:50:34.043+0200] {logging_mixin.py:190} INFO - [2026-05-07T19:50:34.043+0200] {dag.py:4180} INFO - Setting next_dagrun for tutorial_objectstorage to None, run_after=None
[2026-05-07T19:50:34.059+0200] {processor.py:208} INFO - Processing /home/rodrigo/Escritorio/BBDDAvanzadas/.venv/lib/python3.12/site-packages/airflow/example_dags/tutorial_objectstorage.py took 0.052 seconds
[2026-05-07T19:51:22.680+0200] {processor.py:186} INFO - Started process (PID=16386) to work on /home/rodrigo/Escritorio/BBDDAvanzadas/.venv/lib/python3.12/site-packages/airflow/example_dags/tutorial_objectstorage.py
[2026-05-07T19:51:22.681+0200] {processor.py:914} INFO - Processing file /home/rodrigo/Escritorio/BBDDAvanzadas/.venv/lib/python3.12/site-packages/airflow/example_dags/tutorial_objectstorage.py for tasks to queue
[2026-05-07T19:51:22.682+0200] {logging_mixin.py:190} INFO - [2026-05-07T19:51:22.682+0200] {dagbag.py:588} INFO - Filling up the DagBag from /home/rodrigo/Escritorio/BBDDAvanzadas/.venv/lib/python3.12/site-packages/airflow/example_dags/tutorial_objectstorage.py
[2026-05-07T19:51:22.689+0200] {processor.py:925} INFO - DAG(s) 'tutorial_objectstorage' retrieved from /home/rodrigo/Escritorio/BBDDAvanzadas/.venv/lib/python3.12/site-packages/airflow/example_dags/tutorial_objectstorage.py
[2026-05-07T19:51:22.712+0200] {logging_mixin.py:190} INFO - [2026-05-07T19:51:22.712+0200] {dag.py:3239} INFO - Sync 1 DAGs
[2026-05-07T19:51:22.732+0200] {logging_mixin.py:190} INFO - [2026-05-07T19:51:22.732+0200] {dag.py:4180} INFO - Setting next_dagrun for tutorial_objectstorage to None, run_after=None
[2026-05-07T19:51:22.776+0200] {processor.py:208} INFO - Processing /home/rodrigo/Escritorio/BBDDAvanzadas/.venv/lib/python3.12/site-packages/airflow/example_dags/tutorial_objectstorage.py took 0.100 seconds
[2026-05-07T19:52:05.548+0200] {processor.py:186} INFO - Started process (PID=16435) to work on /home/rodrigo/Escritorio/BBDDAvanzadas/.venv/lib/python3.12/site-packages/airflow/example_dags/tutorial_objectstorage.py
[2026-05-07T19:52:05.549+0200] {processor.py:914} INFO - Processing file /home/rodrigo/Escritorio/BBDDAvanzadas/.venv/lib/python3.12/site-packages/airflow/example_dags/tutorial_objectstorage.py for tasks to queue
[2026-05-07T19:52:05.551+0200] {logging_mixin.py:190} INFO - [2026-05-07T19:52:05.551+0200] {dagbag.py:588} INFO - Filling up the DagBag from /home/rodrigo/Escritorio/BBDDAvanzadas/.venv/lib/python3.12/site-packages/airflow/example_dags/tutorial_objectstorage.py
[2026-05-07T19:52:05.558+0200] {processor.py:925} INFO - DAG(s) 'tutorial_objectstorage' retrieved from /home/rodrigo/Escritorio/BBDDAvanzadas/.venv/lib/python3.12/site-packages/airflow/example_dags/tutorial_objectstorage.py
[2026-05-07T19:52:05.569+0200] {logging_mixin.py:190} INFO - [2026-05-07T19:52:05.569+0200] {dag.py:3239} INFO - Sync 1 DAGs
[2026-05-07T19:52:05.577+0200] {logging_mixin.py:190} INFO - [2026-05-07T19:52:05.577+0200] {dag.py:4180} INFO - Setting next_dagrun for tutorial_objectstorage to None, run_after=None
[2026-05-07T19:52:05.595+0200] {processor.py:208} INFO - Processing /home/rodrigo/Escritorio/BBDDAvanzadas/.venv/lib/python3.12/site-packages/airflow/example_dags/tutorial_objectstorage.py took 0.051 seconds
[2026-05-07T19:53:14.834+0200] {processor.py:186} INFO - Started process (PID=16715) to work on /home/rodrigo/Escritorio/BBDDAvanzadas/.venv/lib/python3.12/site-packages/airflow/example_dags/tutorial_objectstorage.py
[2026-05-07T19:53:14.836+0200] {processor.py:914} INFO - Processing file /home/rodrigo/Escritorio/BBDDAvanzadas/.venv/lib/python3.12/site-packages/airflow/example_dags/tutorial_objectstorage.py for tasks to queue
[2026-05-07T19:53:14.839+0200] {logging_mixin.py:190} INFO - [2026-05-07T19:53:14.838+0200] {dagbag.py:588} INFO - Filling up the DagBag from /home/rodrigo/Escritorio/BBDDAvanzadas/.venv/lib/python3.12/site-packages/airflow/example_dags/tutorial_objectstorage.py
[2026-05-07T19:53:14.870+0200] {processor.py:925} INFO - DAG(s) 'tutorial_objectstorage' retrieved from /home/rodrigo/Escritorio/BBDDAvanzadas/.venv/lib/python3.12/site-packages/airflow/example_dags/tutorial_objectstorage.py
[2026-05-07T19:53:14.971+0200] {logging_mixin.py:190} INFO - [2026-05-07T19:53:14.967+0200] {dag.py:3239} INFO - Sync 1 DAGs
[2026-05-07T19:53:15.026+0200] {logging_mixin.py:190} INFO - [2026-05-07T19:53:15.026+0200] {dag.py:4180} INFO - Setting next_dagrun for tutorial_objectstorage to None, run_after=None
[2026-05-07T19:53:15.126+0200] {processor.py:208} INFO - Processing /home/rodrigo/Escritorio/BBDDAvanzadas/.venv/lib/python3.12/site-packages/airflow/example_dags/tutorial_objectstorage.py took 0.314 seconds
[2026-05-07T19:54:27.582+0200] {processor.py:186} INFO - Started process (PID=16832) to work on /home/rodrigo/Escritorio/BBDDAvanzadas/.venv/lib/python3.12/site-packages/airflow/example_dags/tutorial_objectstorage.py
[2026-05-07T19:54:27.585+0200] {processor.py:914} INFO - Processing file /home/rodrigo/Escritorio/BBDDAvanzadas/.venv/lib/python3.12/site-packages/airflow/example_dags/tutorial_objectstorage.py for tasks to queue
[2026-05-07T19:54:27.589+0200] {logging_mixin.py:190} INFO - [2026-05-07T19:54:27.587+0200] {dagbag.py:588} INFO - Filling up the DagBag from /home/rodrigo/Escritorio/BBDDAvanzadas/.venv/lib/python3.12/site-packages/airflow/example_dags/tutorial_objectstorage.py
[2026-05-07T19:54:27.601+0200] {processor.py:925} INFO - DAG(s) 'tutorial_objectstorage' retrieved from /home/rodrigo/Escritorio/BBDDAvanzadas/.venv/lib/python3.12/site-packages/airflow/example_dags/tutorial_objectstorage.py
[2026-05-07T19:54:27.635+0200] {logging_mixin.py:190} INFO - [2026-05-07T19:54:27.635+0200] {dag.py:3239} INFO - Sync 1 DAGs
[2026-05-07T19:54:27.645+0200] {logging_mixin.py:190} INFO - [2026-05-07T19:54:27.645+0200] {dag.py:4180} INFO - Setting next_dagrun for tutorial_objectstorage to None, run_after=None
[2026-05-07T19:54:27.706+0200] {processor.py:208} INFO - Processing /home/rodrigo/Escritorio/BBDDAvanzadas/.venv/lib/python3.12/site-packages/airflow/example_dags/tutorial_objectstorage.py took 0.128 seconds
[2026-05-07T19:55:47.755+0200] {processor.py:186} INFO - Started process (PID=16985) to work on /home/rodrigo/Escritorio/BBDDAvanzadas/.venv/lib/python3.12/site-packages/airflow/example_dags/tutorial_objectstorage.py
[2026-05-07T19:55:47.757+0200] {processor.py:914} INFO - Processing file /home/rodrigo/Escritorio/BBDDAvanzadas/.venv/lib/python3.12/site-packages/airflow/example_dags/tutorial_objectstorage.py for tasks to queue
[2026-05-07T19:55:47.758+0200] {logging_mixin.py:190} INFO - [2026-05-07T19:55:47.758+0200] {dagbag.py:588} INFO - Filling up the DagBag from /home/rodrigo/Escritorio/BBDDAvanzadas/.venv/lib/python3.12/site-packages/airflow/example_dags/tutorial_objectstorage.py
[2026-05-07T19:55:47.765+0200] {processor.py:925} INFO - DAG(s) 'tutorial_objectstorage' retrieved from /home/rodrigo/Escritorio/BBDDAvanzadas/.venv/lib/python3.12/site-packages/airflow/example_dags/tutorial_objectstorage.py
[2026-05-07T19:55:47.774+0200] {logging_mixin.py:190} INFO - [2026-05-07T19:55:47.774+0200] {dag.py:3239} INFO - Sync 1 DAGs
[2026-05-07T19:55:47.782+0200] {logging_mixin.py:190} INFO - [2026-05-07T19:55:47.782+0200] {dag.py:4180} INFO - Setting next_dagrun for tutorial_objectstorage to None, run_after=None
[2026-05-07T19:55:47.797+0200] {processor.py:208} INFO - Processing /home/rodrigo/Escritorio/BBDDAvanzadas/.venv/lib/python3.12/site-packages/airflow/example_dags/tutorial_objectstorage.py took 0.046 seconds
[2026-05-07T19:56:45.178+0200] {processor.py:186} INFO - Started process (PID=17033) to work on /home/rodrigo/Escritorio/BBDDAvanzadas/.venv/lib/python3.12/site-packages/airflow/example_dags/tutorial_objectstorage.py
[2026-05-07T19:56:45.179+0200] {processor.py:914} INFO - Processing file /home/rodrigo/Escritorio/BBDDAvanzadas/.venv/lib/python3.12/site-packages/airflow/example_dags/tutorial_objectstorage.py for tasks to queue
[2026-05-07T19:56:45.180+0200] {logging_mixin.py:190} INFO - [2026-05-07T19:56:45.180+0200] {dagbag.py:588} INFO - Filling up the DagBag from /home/rodrigo/Escritorio/BBDDAvanzadas/.venv/lib/python3.12/site-packages/airflow/example_dags/tutorial_objectstorage.py
[2026-05-07T19:56:45.187+0200] {processor.py:925} INFO - DAG(s) 'tutorial_objectstorage' retrieved from /home/rodrigo/Escritorio/BBDDAvanzadas/.venv/lib/python3.12/site-packages/airflow/example_dags/tutorial_objectstorage.py
[2026-05-07T19:56:45.197+0200] {logging_mixin.py:190} INFO - [2026-05-07T19:56:45.197+0200] {dag.py:3239} INFO - Sync 1 DAGs
[2026-05-07T19:56:45.204+0200] {logging_mixin.py:190} INFO - [2026-05-07T19:56:45.204+0200] {dag.py:4180} INFO - Setting next_dagrun for tutorial_objectstorage to None, run_after=None
[2026-05-07T19:56:45.220+0200] {processor.py:208} INFO - Processing /home/rodrigo/Escritorio/BBDDAvanzadas/.venv/lib/python3.12/site-packages/airflow/example_dags/tutorial_objectstorage.py took 0.046 seconds
[2026-05-07T19:57:45.812+0200] {processor.py:186} INFO - Started process (PID=17079) to work on /home/rodrigo/Escritorio/BBDDAvanzadas/.venv/lib/python3.12/site-packages/airflow/example_dags/tutorial_objectstorage.py
[2026-05-07T19:57:45.813+0200] {processor.py:914} INFO - Processing file /home/rodrigo/Escritorio/BBDDAvanzadas/.venv/lib/python3.12/site-packages/airflow/example_dags/tutorial_objectstorage.py for tasks to queue
[2026-05-07T19:57:45.815+0200] {logging_mixin.py:190} INFO - [2026-05-07T19:57:45.814+0200] {dagbag.py:588} INFO - Filling up the DagBag from /home/rodrigo/Escritorio/BBDDAvanzadas/.venv/lib/python3.12/site-packages/airflow/example_dags/tutorial_objectstorage.py
[2026-05-07T19:57:45.822+0200] {processor.py:925} INFO - DAG(s) 'tutorial_objectstorage' retrieved from /home/rodrigo/Escritorio/BBDDAvanzadas/.venv/lib/python3.12/site-packages/airflow/example_dags/tutorial_objectstorage.py
[2026-05-07T19:57:45.832+0200] {logging_mixin.py:190} INFO - [2026-05-07T19:57:45.832+0200] {dag.py:3239} INFO - Sync 1 DAGs
[2026-05-07T19:57:45.840+0200] {logging_mixin.py:190} INFO - [2026-05-07T19:57:45.840+0200] {dag.py:4180} INFO - Setting next_dagrun for tutorial_objectstorage to None, run_after=None
[2026-05-07T19:57:45.858+0200] {processor.py:208} INFO - Processing /home/rodrigo/Escritorio/BBDDAvanzadas/.venv/lib/python3.12/site-packages/airflow/example_dags/tutorial_objectstorage.py took 0.050 seconds
[2026-05-07T19:58:54.862+0200] {processor.py:186} INFO - Started process (PID=17135) to work on /home/rodrigo/Escritorio/BBDDAvanzadas/.venv/lib/python3.12/site-packages/airflow/example_dags/tutorial_objectstorage.py
[2026-05-07T19:58:54.864+0200] {processor.py:914} INFO - Processing file /home/rodrigo/Escritorio/BBDDAvanzadas/.venv/lib/python3.12/site-packages/airflow/example_dags/tutorial_objectstorage.py for tasks to queue
[2026-05-07T19:58:54.865+0200] {logging_mixin.py:190} INFO - [2026-05-07T19:58:54.865+0200] {dagbag.py:588} INFO - Filling up the DagBag from /home/rodrigo/Escritorio/BBDDAvanzadas/.venv/lib/python3.12/site-packages/airflow/example_dags/tutorial_objectstorage.py
[2026-05-07T19:58:54.872+0200] {processor.py:925} INFO - DAG(s) 'tutorial_objectstorage' retrieved from /home/rodrigo/Escritorio/BBDDAvanzadas/.venv/lib/python3.12/site-packages/airflow/example_dags/tutorial_objectstorage.py
[2026-05-07T19:58:54.883+0200] {logging_mixin.py:190} INFO - [2026-05-07T19:58:54.883+0200] {dag.py:3239} INFO - Sync 1 DAGs
[2026-05-07T19:58:54.891+0200] {logging_mixin.py:190} INFO - [2026-05-07T19:58:54.891+0200] {dag.py:4180} INFO - Setting next_dagrun for tutorial_objectstorage to None, run_after=None
[2026-05-07T19:58:54.908+0200] {processor.py:208} INFO - Processing /home/rodrigo/Escritorio/BBDDAvanzadas/.venv/lib/python3.12/site-packages/airflow/example_dags/tutorial_objectstorage.py took 0.050 seconds
[2026-05-07T19:59:51.128+0200] {processor.py:186} INFO - Started process (PID=17184) to work on /home/rodrigo/Escritorio/BBDDAvanzadas/.venv/lib/python3.12/site-packages/airflow/example_dags/tutorial_objectstorage.py
[2026-05-07T19:59:51.129+0200] {processor.py:914} INFO - Processing file /home/rodrigo/Escritorio/BBDDAvanzadas/.venv/lib/python3.12/site-packages/airflow/example_dags/tutorial_objectstorage.py for tasks to queue
[2026-05-07T19:59:51.130+0200] {logging_mixin.py:190} INFO - [2026-05-07T19:59:51.130+0200] {dagbag.py:588} INFO - Filling up the DagBag from /home/rodrigo/Escritorio/BBDDAvanzadas/.venv/lib/python3.12/site-packages/airflow/example_dags/tutorial_objectstorage.py
[2026-05-07T19:59:51.137+0200] {processor.py:925} INFO - DAG(s) 'tutorial_objectstorage' retrieved from /home/rodrigo/Escritorio/BBDDAvanzadas/.venv/lib/python3.12/site-packages/airflow/example_dags/tutorial_objectstorage.py
[2026-05-07T19:59:51.147+0200] {logging_mixin.py:190} INFO - [2026-05-07T19:59:51.147+0200] {dag.py:3239} INFO - Sync 1 DAGs
[2026-05-07T19:59:51.155+0200] {logging_mixin.py:190} INFO - [2026-05-07T19:59:51.155+0200] {dag.py:4180} INFO - Setting next_dagrun for tutorial_objectstorage to None, run_after=None
[2026-05-07T19:59:51.171+0200] {processor.py:208} INFO - Processing /home/rodrigo/Escritorio/BBDDAvanzadas/.venv/lib/python3.12/site-packages/airflow/example_dags/tutorial_objectstorage.py took 0.048 seconds
[2026-05-07T20:00:45.829+0200] {processor.py:186} INFO - Started process (PID=17343) to work on /home/rodrigo/Escritorio/BBDDAvanzadas/.venv/lib/python3.12/site-packages/airflow/example_dags/tutorial_objectstorage.py
[2026-05-07T20:00:45.831+0200] {processor.py:914} INFO - Processing file /home/rodrigo/Escritorio/BBDDAvanzadas/.venv/lib/python3.12/site-packages/airflow/example_dags/tutorial_objectstorage.py for tasks to queue
[2026-05-07T20:00:45.834+0200] {logging_mixin.py:190} INFO - [2026-05-07T20:00:45.834+0200] {dagbag.py:588} INFO - Filling up the DagBag from /home/rodrigo/Escritorio/BBDDAvanzadas/.venv/lib/python3.12/site-packages/airflow/example_dags/tutorial_objectstorage.py
[2026-05-07T20:00:45.842+0200] {processor.py:925} INFO - DAG(s) 'tutorial_objectstorage' retrieved from /home/rodrigo/Escritorio/BBDDAvanzadas/.venv/lib/python3.12/site-packages/airflow/example_dags/tutorial_objectstorage.py
[2026-05-07T20:00:45.853+0200] {logging_mixin.py:190} INFO - [2026-05-07T20:00:45.853+0200] {dag.py:3239} INFO - Sync 1 DAGs
[2026-05-07T20:00:45.862+0200] {logging_mixin.py:190} INFO - [2026-05-07T20:00:45.862+0200] {dag.py:4180} INFO - Setting next_dagrun for tutorial_objectstorage to None, run_after=None
[2026-05-07T20:00:45.878+0200] {processor.py:208} INFO - Processing /home/rodrigo/Escritorio/BBDDAvanzadas/.venv/lib/python3.12/site-packages/airflow/example_dags/tutorial_objectstorage.py took 0.054 seconds
[2026-05-07T20:01:51.871+0200] {processor.py:186} INFO - Started process (PID=17515) to work on /home/rodrigo/Escritorio/BBDDAvanzadas/.venv/lib/python3.12/site-packages/airflow/example_dags/tutorial_objectstorage.py
[2026-05-07T20:01:51.874+0200] {processor.py:914} INFO - Processing file /home/rodrigo/Escritorio/BBDDAvanzadas/.venv/lib/python3.12/site-packages/airflow/example_dags/tutorial_objectstorage.py for tasks to queue
[2026-05-07T20:01:51.879+0200] {logging_mixin.py:190} INFO - [2026-05-07T20:01:51.878+0200] {dagbag.py:588} INFO - Filling up the DagBag from /home/rodrigo/Escritorio/BBDDAvanzadas/.venv/lib/python3.12/site-packages/airflow/example_dags/tutorial_objectstorage.py
[2026-05-07T20:01:51.906+0200] {processor.py:925} INFO - DAG(s) 'tutorial_objectstorage' retrieved from /home/rodrigo/Escritorio/BBDDAvanzadas/.venv/lib/python3.12/site-packages/airflow/example_dags/tutorial_objectstorage.py
[2026-05-07T20:01:51.917+0200] {logging_mixin.py:190} INFO - [2026-05-07T20:01:51.916+0200] {dag.py:3239} INFO - Sync 1 DAGs
[2026-05-07T20:01:51.926+0200] {logging_mixin.py:190} INFO - [2026-05-07T20:01:51.926+0200] {dag.py:4180} INFO - Setting next_dagrun for tutorial_objectstorage to None, run_after=None
[2026-05-07T20:01:51.945+0200] {processor.py:208} INFO - Processing /home/rodrigo/Escritorio/BBDDAvanzadas/.venv/lib/python3.12/site-packages/airflow/example_dags/tutorial_objectstorage.py took 0.079 seconds
[2026-05-07T20:02:50.532+0200] {processor.py:186} INFO - Started process (PID=17663) to work on /home/rodrigo/Escritorio/BBDDAvanzadas/.venv/lib/python3.12/site-packages/airflow/example_dags/tutorial_objectstorage.py
[2026-05-07T20:02:50.533+0200] {processor.py:914} INFO - Processing file /home/rodrigo/Escritorio/BBDDAvanzadas/.venv/lib/python3.12/site-packages/airflow/example_dags/tutorial_objectstorage.py for tasks to queue
[2026-05-07T20:02:50.535+0200] {logging_mixin.py:190} INFO - [2026-05-07T20:02:50.535+0200] {dagbag.py:588} INFO - Filling up the DagBag from /home/rodrigo/Escritorio/BBDDAvanzadas/.venv/lib/python3.12/site-packages/airflow/example_dags/tutorial_objectstorage.py
[2026-05-07T20:02:50.542+0200] {processor.py:925} INFO - DAG(s) 'tutorial_objectstorage' retrieved from /home/rodrigo/Escritorio/BBDDAvanzadas/.venv/lib/python3.12/site-packages/airflow/example_dags/tutorial_objectstorage.py
[2026-05-07T20:02:50.553+0200] {logging_mixin.py:190} INFO - [2026-05-07T20:02:50.553+0200] {dag.py:3239} INFO - Sync 1 DAGs
[2026-05-07T20:02:50.562+0200] {logging_mixin.py:190} INFO - [2026-05-07T20:02:50.562+0200] {dag.py:4180} INFO - Setting next_dagrun for tutorial_objectstorage to None, run_after=None
[2026-05-07T20:02:50.578+0200] {processor.py:208} INFO - Processing /home/rodrigo/Escritorio/BBDDAvanzadas/.venv/lib/python3.12/site-packages/airflow/example_dags/tutorial_objectstorage.py took 0.051 seconds
[2026-05-07T20:03:48.332+0200] {processor.py:186} INFO - Started process (PID=17787) to work on /home/rodrigo/Escritorio/BBDDAvanzadas/.venv/lib/python3.12/site-packages/airflow/example_dags/tutorial_objectstorage.py
[2026-05-07T20:03:48.334+0200] {processor.py:914} INFO - Processing file /home/rodrigo/Escritorio/BBDDAvanzadas/.venv/lib/python3.12/site-packages/airflow/example_dags/tutorial_objectstorage.py for tasks to queue
[2026-05-07T20:03:48.335+0200] {logging_mixin.py:190} INFO - [2026-05-07T20:03:48.335+0200] {dagbag.py:588} INFO - Filling up the DagBag from /home/rodrigo/Escritorio/BBDDAvanzadas/.venv/lib/python3.12/site-packages/airflow/example_dags/tutorial_objectstorage.py
[2026-05-07T20:03:48.344+0200] {processor.py:925} INFO - DAG(s) 'tutorial_objectstorage' retrieved from /home/rodrigo/Escritorio/BBDDAvanzadas/.venv/lib/python3.12/site-packages/airflow/example_dags/tutorial_objectstorage.py
[2026-05-07T20:03:48.356+0200] {logging_mixin.py:190} INFO - [2026-05-07T20:03:48.356+0200] {dag.py:3239} INFO - Sync 1 DAGs
[2026-05-07T20:03:48.404+0200] {logging_mixin.py:190} INFO - [2026-05-07T20:03:48.403+0200] {dag.py:4180} INFO - Setting next_dagrun for tutorial_objectstorage to None, run_after=None
[2026-05-07T20:03:48.433+0200] {processor.py:208} INFO - Processing /home/rodrigo/Escritorio/BBDDAvanzadas/.venv/lib/python3.12/site-packages/airflow/example_dags/tutorial_objectstorage.py took 0.106 seconds
[2026-05-07T20:04:53.194+0200] {processor.py:186} INFO - Started process (PID=17909) to work on /home/rodrigo/Escritorio/BBDDAvanzadas/.venv/lib/python3.12/site-packages/airflow/example_dags/tutorial_objectstorage.py
[2026-05-07T20:04:53.195+0200] {processor.py:914} INFO - Processing file /home/rodrigo/Escritorio/BBDDAvanzadas/.venv/lib/python3.12/site-packages/airflow/example_dags/tutorial_objectstorage.py for tasks to queue
[2026-05-07T20:04:53.196+0200] {logging_mixin.py:190} INFO - [2026-05-07T20:04:53.196+0200] {dagbag.py:588} INFO - Filling up the DagBag from /home/rodrigo/Escritorio/BBDDAvanzadas/.venv/lib/python3.12/site-packages/airflow/example_dags/tutorial_objectstorage.py
[2026-05-07T20:04:53.207+0200] {processor.py:925} INFO - DAG(s) 'tutorial_objectstorage' retrieved from /home/rodrigo/Escritorio/BBDDAvanzadas/.venv/lib/python3.12/site-packages/airflow/example_dags/tutorial_objectstorage.py
[2026-05-07T20:04:53.217+0200] {logging_mixin.py:190} INFO - [2026-05-07T20:04:53.217+0200] {dag.py:3239} INFO - Sync 1 DAGs
[2026-05-07T20:04:53.226+0200] {logging_mixin.py:190} INFO - [2026-05-07T20:04:53.226+0200] {dag.py:4180} INFO - Setting next_dagrun for tutorial_objectstorage to None, run_after=None
[2026-05-07T20:04:53.244+0200] {processor.py:208} INFO - Processing /home/rodrigo/Escritorio/BBDDAvanzadas/.venv/lib/python3.12/site-packages/airflow/example_dags/tutorial_objectstorage.py took 0.054 seconds
[2026-05-07T20:05:53.468+0200] {processor.py:186} INFO - Started process (PID=18033) to work on /home/rodrigo/Escritorio/BBDDAvanzadas/.venv/lib/python3.12/site-packages/airflow/example_dags/tutorial_objectstorage.py
[2026-05-07T20:05:53.470+0200] {processor.py:914} INFO - Processing file /home/rodrigo/Escritorio/BBDDAvanzadas/.venv/lib/python3.12/site-packages/airflow/example_dags/tutorial_objectstorage.py for tasks to queue
[2026-05-07T20:05:53.471+0200] {logging_mixin.py:190} INFO - [2026-05-07T20:05:53.471+0200] {dagbag.py:588} INFO - Filling up the DagBag from /home/rodrigo/Escritorio/BBDDAvanzadas/.venv/lib/python3.12/site-packages/airflow/example_dags/tutorial_objectstorage.py
[2026-05-07T20:05:53.480+0200] {processor.py:925} INFO - DAG(s) 'tutorial_objectstorage' retrieved from /home/rodrigo/Escritorio/BBDDAvanzadas/.venv/lib/python3.12/site-packages/airflow/example_dags/tutorial_objectstorage.py
[2026-05-07T20:05:53.490+0200] {logging_mixin.py:190} INFO - [2026-05-07T20:05:53.490+0200] {dag.py:3239} INFO - Sync 1 DAGs
[2026-05-07T20:05:53.501+0200] {logging_mixin.py:190} INFO - [2026-05-07T20:05:53.500+0200] {dag.py:4180} INFO - Setting next_dagrun for tutorial_objectstorage to None, run_after=None
[2026-05-07T20:05:53.527+0200] {processor.py:208} INFO - Processing /home/rodrigo/Escritorio/BBDDAvanzadas/.venv/lib/python3.12/site-packages/airflow/example_dags/tutorial_objectstorage.py took 0.064 seconds
[2026-05-07T20:06:52.841+0200] {processor.py:186} INFO - Started process (PID=18153) to work on /home/rodrigo/Escritorio/BBDDAvanzadas/.venv/lib/python3.12/site-packages/airflow/example_dags/tutorial_objectstorage.py
[2026-05-07T20:06:52.842+0200] {processor.py:914} INFO - Processing file /home/rodrigo/Escritorio/BBDDAvanzadas/.venv/lib/python3.12/site-packages/airflow/example_dags/tutorial_objectstorage.py for tasks to queue
[2026-05-07T20:06:52.844+0200] {logging_mixin.py:190} INFO - [2026-05-07T20:06:52.843+0200] {dagbag.py:588} INFO - Filling up the DagBag from /home/rodrigo/Escritorio/BBDDAvanzadas/.venv/lib/python3.12/site-packages/airflow/example_dags/tutorial_objectstorage.py
[2026-05-07T20:06:52.851+0200] {processor.py:925} INFO - DAG(s) 'tutorial_objectstorage' retrieved from /home/rodrigo/Escritorio/BBDDAvanzadas/.venv/lib/python3.12/site-packages/airflow/example_dags/tutorial_objectstorage.py
[2026-05-07T20:06:52.862+0200] {logging_mixin.py:190} INFO - [2026-05-07T20:06:52.861+0200] {dag.py:3239} INFO - Sync 1 DAGs
[2026-05-07T20:06:52.870+0200] {logging_mixin.py:190} INFO - [2026-05-07T20:06:52.870+0200] {dag.py:4180} INFO - Setting next_dagrun for tutorial_objectstorage to None, run_after=None
[2026-05-07T20:06:52.895+0200] {processor.py:208} INFO - Processing /home/rodrigo/Escritorio/BBDDAvanzadas/.venv/lib/python3.12/site-packages/airflow/example_dags/tutorial_objectstorage.py took 0.058 seconds
[2026-05-07T20:07:51.532+0200] {processor.py:186} INFO - Started process (PID=18281) to work on /home/rodrigo/Escritorio/BBDDAvanzadas/.venv/lib/python3.12/site-packages/airflow/example_dags/tutorial_objectstorage.py
[2026-05-07T20:07:51.534+0200] {processor.py:914} INFO - Processing file /home/rodrigo/Escritorio/BBDDAvanzadas/.venv/lib/python3.12/site-packages/airflow/example_dags/tutorial_objectstorage.py for tasks to queue
[2026-05-07T20:07:51.535+0200] {logging_mixin.py:190} INFO - [2026-05-07T20:07:51.535+0200] {dagbag.py:588} INFO - Filling up the DagBag from /home/rodrigo/Escritorio/BBDDAvanzadas/.venv/lib/python3.12/site-packages/airflow/example_dags/tutorial_objectstorage.py
[2026-05-07T20:07:51.542+0200] {processor.py:925} INFO - DAG(s) 'tutorial_objectstorage' retrieved from /home/rodrigo/Escritorio/BBDDAvanzadas/.venv/lib/python3.12/site-packages/airflow/example_dags/tutorial_objectstorage.py
[2026-05-07T20:07:51.553+0200] {logging_mixin.py:190} INFO - [2026-05-07T20:07:51.553+0200] {dag.py:3239} INFO - Sync 1 DAGs
[2026-05-07T20:07:51.561+0200] {logging_mixin.py:190} INFO - [2026-05-07T20:07:51.561+0200] {dag.py:4180} INFO - Setting next_dagrun for tutorial_objectstorage to None, run_after=None
[2026-05-07T20:07:51.577+0200] {processor.py:208} INFO - Processing /home/rodrigo/Escritorio/BBDDAvanzadas/.venv/lib/python3.12/site-packages/airflow/example_dags/tutorial_objectstorage.py took 0.049 seconds
[2026-05-07T20:09:03.054+0200] {processor.py:186} INFO - Started process (PID=18474) to work on /home/rodrigo/Escritorio/BBDDAvanzadas/.venv/lib/python3.12/site-packages/airflow/example_dags/tutorial_objectstorage.py
[2026-05-07T20:09:03.063+0200] {processor.py:914} INFO - Processing file /home/rodrigo/Escritorio/BBDDAvanzadas/.venv/lib/python3.12/site-packages/airflow/example_dags/tutorial_objectstorage.py for tasks to queue
[2026-05-07T20:09:03.066+0200] {logging_mixin.py:190} INFO - [2026-05-07T20:09:03.066+0200] {dagbag.py:588} INFO - Filling up the DagBag from /home/rodrigo/Escritorio/BBDDAvanzadas/.venv/lib/python3.12/site-packages/airflow/example_dags/tutorial_objectstorage.py
[2026-05-07T20:09:03.088+0200] {processor.py:925} INFO - DAG(s) 'tutorial_objectstorage' retrieved from /home/rodrigo/Escritorio/BBDDAvanzadas/.venv/lib/python3.12/site-packages/airflow/example_dags/tutorial_objectstorage.py
[2026-05-07T20:09:03.106+0200] {logging_mixin.py:190} INFO - [2026-05-07T20:09:03.106+0200] {dag.py:3239} INFO - Sync 1 DAGs
[2026-05-07T20:09:03.126+0200] {logging_mixin.py:190} INFO - [2026-05-07T20:09:03.123+0200] {dag.py:4180} INFO - Setting next_dagrun for tutorial_objectstorage to None, run_after=None
[2026-05-07T20:09:03.179+0200] {processor.py:208} INFO - Processing /home/rodrigo/Escritorio/BBDDAvanzadas/.venv/lib/python3.12/site-packages/airflow/example_dags/tutorial_objectstorage.py took 0.163 seconds
[2026-05-07T20:10:09.448+0200] {processor.py:186} INFO - Started process (PID=18612) to work on /home/rodrigo/Escritorio/BBDDAvanzadas/.venv/lib/python3.12/site-packages/airflow/example_dags/tutorial_objectstorage.py
[2026-05-07T20:10:09.450+0200] {processor.py:914} INFO - Processing file /home/rodrigo/Escritorio/BBDDAvanzadas/.venv/lib/python3.12/site-packages/airflow/example_dags/tutorial_objectstorage.py for tasks to queue
[2026-05-07T20:10:09.452+0200] {logging_mixin.py:190} INFO - [2026-05-07T20:10:09.451+0200] {dagbag.py:588} INFO - Filling up the DagBag from /home/rodrigo/Escritorio/BBDDAvanzadas/.venv/lib/python3.12/site-packages/airflow/example_dags/tutorial_objectstorage.py
[2026-05-07T20:10:09.459+0200] {processor.py:925} INFO - DAG(s) 'tutorial_objectstorage' retrieved from /home/rodrigo/Escritorio/BBDDAvanzadas/.venv/lib/python3.12/site-packages/airflow/example_dags/tutorial_objectstorage.py
[2026-05-07T20:10:09.470+0200] {logging_mixin.py:190} INFO - [2026-05-07T20:10:09.470+0200] {dag.py:3239} INFO - Sync 1 DAGs
[2026-05-07T20:10:09.478+0200] {logging_mixin.py:190} INFO - [2026-05-07T20:10:09.478+0200] {dag.py:4180} INFO - Setting next_dagrun for tutorial_objectstorage to None, run_after=None
[2026-05-07T20:10:09.525+0200] {processor.py:208} INFO - Processing /home/rodrigo/Escritorio/BBDDAvanzadas/.venv/lib/python3.12/site-packages/airflow/example_dags/tutorial_objectstorage.py took 0.082 seconds
