[2026-05-07T19:31:27.824+0200] {processor.py:186} INFO - Started process (PID=14208) to work on /home/rodrigo/Escritorio/BBDDAvanzadas/.venv/lib/python3.12/site-packages/airflow/example_dags/subdags/subdag.py
[2026-05-07T19:31:27.826+0200] {processor.py:914} INFO - Processing file /home/rodrigo/Escritorio/BBDDAvanzadas/.venv/lib/python3.12/site-packages/airflow/example_dags/subdags/subdag.py for tasks to queue
[2026-05-07T19:31:27.830+0200] {logging_mixin.py:190} INFO - [2026-05-07T19:31:27.829+0200] {dagbag.py:588} INFO - Filling up the DagBag from /home/rodrigo/Escritorio/BBDDAvanzadas/.venv/lib/python3.12/site-packages/airflow/example_dags/subdags/subdag.py
[2026-05-07T19:31:27.832+0200] {processor.py:927} WARNING - No viable dags retrieved from /home/rodrigo/Escritorio/BBDDAvanzadas/.venv/lib/python3.12/site-packages/airflow/example_dags/subdags/subdag.py
[2026-05-07T19:31:27.845+0200] {processor.py:208} INFO - Processing /home/rodrigo/Escritorio/BBDDAvanzadas/.venv/lib/python3.12/site-packages/airflow/example_dags/subdags/subdag.py took 0.027 seconds
[2026-05-07T19:31:33.338+0200] {processor.py:186} INFO - Started process (PID=14222) to work on /home/rodrigo/Escritorio/BBDDAvanzadas/.venv/lib/python3.12/site-packages/airflow/example_dags/subdags/subdag.py
[2026-05-07T19:31:33.339+0200] {processor.py:914} INFO - Processing file /home/rodrigo/Escritorio/BBDDAvanzadas/.venv/lib/python3.12/site-packages/airflow/example_dags/subdags/subdag.py for tasks to queue
[2026-05-07T19:31:33.340+0200] {logging_mixin.py:190} INFO - [2026-05-07T19:31:33.340+0200] {dagbag.py:588} INFO - Filling up the DagBag from /home/rodrigo/Escritorio/BBDDAvanzadas/.venv/lib/python3.12/site-packages/airflow/example_dags/subdags/subdag.py
[2026-05-07T19:31:33.342+0200] {processor.py:927} WARNING - No viable dags retrieved from /home/rodrigo/Escritorio/BBDDAvanzadas/.venv/lib/python3.12/site-packages/airflow/example_dags/subdags/subdag.py
[2026-05-07T19:31:33.351+0200] {processor.py:208} INFO - Processing /home/rodrigo/Escritorio/BBDDAvanzadas/.venv/lib/python3.12/site-packages/airflow/example_dags/subdags/subdag.py took 0.019 seconds
[2026-05-07T19:32:04.683+0200] {processor.py:186} INFO - Started process (PID=14302) to work on /home/rodrigo/Escritorio/BBDDAvanzadas/.venv/lib/python3.12/site-packages/airflow/example_dags/subdags/subdag.py
[2026-05-07T19:32:04.684+0200] {processor.py:914} INFO - Processing file /home/rodrigo/Escritorio/BBDDAvanzadas/.venv/lib/python3.12/site-packages/airflow/example_dags/subdags/subdag.py for tasks to queue
[2026-05-07T19:32:04.686+0200] {logging_mixin.py:190} INFO - [2026-05-07T19:32:04.686+0200] {dagbag.py:588} INFO - Filling up the DagBag from /home/rodrigo/Escritorio/BBDDAvanzadas/.venv/lib/python3.12/site-packages/airflow/example_dags/subdags/subdag.py
[2026-05-07T19:32:04.688+0200] {processor.py:927} WARNING - No viable dags retrieved from /home/rodrigo/Escritorio/BBDDAvanzadas/.venv/lib/python3.12/site-packages/airflow/example_dags/subdags/subdag.py
[2026-05-07T19:32:04.702+0200] {processor.py:208} INFO - Processing /home/rodrigo/Escritorio/BBDDAvanzadas/.venv/lib/python3.12/site-packages/airflow/example_dags/subdags/subdag.py took 0.031 seconds
[2026-05-07T19:33:22.530+0200] {processor.py:186} INFO - Started process (PID=14504) to work on /home/rodrigo/Escritorio/BBDDAvanzadas/.venv/lib/python3.12/site-packages/airflow/example_dags/subdags/subdag.py
[2026-05-07T19:33:22.533+0200] {processor.py:914} INFO - Processing file /home/rodrigo/Escritorio/BBDDAvanzadas/.venv/lib/python3.12/site-packages/airflow/example_dags/subdags/subdag.py for tasks to queue
[2026-05-07T19:33:22.536+0200] {logging_mixin.py:190} INFO - [2026-05-07T19:33:22.535+0200] {dagbag.py:588} INFO - Filling up the DagBag from /home/rodrigo/Escritorio/BBDDAvanzadas/.venv/lib/python3.12/site-packages/airflow/example_dags/subdags/subdag.py
[2026-05-07T19:33:22.538+0200] {processor.py:927} WARNING - No viable dags retrieved from /home/rodrigo/Escritorio/BBDDAvanzadas/.venv/lib/python3.12/site-packages/airflow/example_dags/subdags/subdag.py
[2026-05-07T19:33:22.549+0200] {processor.py:208} INFO - Processing /home/rodrigo/Escritorio/BBDDAvanzadas/.venv/lib/python3.12/site-packages/airflow/example_dags/subdags/subdag.py took 0.027 seconds
[2026-05-07T19:35:06.947+0200] {processor.py:186} INFO - Started process (PID=14677) to work on /home/rodrigo/Escritorio/BBDDAvanzadas/.venv/lib/python3.12/site-packages/airflow/example_dags/subdags/subdag.py
[2026-05-07T19:35:06.949+0200] {processor.py:914} INFO - Processing file /home/rodrigo/Escritorio/BBDDAvanzadas/.venv/lib/python3.12/site-packages/airflow/example_dags/subdags/subdag.py for tasks to queue
[2026-05-07T19:35:06.951+0200] {logging_mixin.py:190} INFO - [2026-05-07T19:35:06.951+0200] {dagbag.py:588} INFO - Filling up the DagBag from /home/rodrigo/Escritorio/BBDDAvanzadas/.venv/lib/python3.12/site-packages/airflow/example_dags/subdags/subdag.py
[2026-05-07T19:35:06.973+0200] {processor.py:927} WARNING - No viable dags retrieved from /home/rodrigo/Escritorio/BBDDAvanzadas/.venv/lib/python3.12/site-packages/airflow/example_dags/subdags/subdag.py
[2026-05-07T19:35:07.005+0200] {processor.py:208} INFO - Processing /home/rodrigo/Escritorio/BBDDAvanzadas/.venv/lib/python3.12/site-packages/airflow/example_dags/subdags/subdag.py took 0.077 seconds
[2026-05-07T19:35:30.093+0200] {processor.py:186} INFO - Started process (PID=14716) to work on /home/rodrigo/Escritorio/BBDDAvanzadas/.venv/lib/python3.12/site-packages/airflow/example_dags/subdags/subdag.py
[2026-05-07T19:35:30.095+0200] {processor.py:914} INFO - Processing file /home/rodrigo/Escritorio/BBDDAvanzadas/.venv/lib/python3.12/site-packages/airflow/example_dags/subdags/subdag.py for tasks to queue
[2026-05-07T19:35:30.096+0200] {logging_mixin.py:190} INFO - [2026-05-07T19:35:30.096+0200] {dagbag.py:588} INFO - Filling up the DagBag from /home/rodrigo/Escritorio/BBDDAvanzadas/.venv/lib/python3.12/site-packages/airflow/example_dags/subdags/subdag.py
[2026-05-07T19:35:30.098+0200] {processor.py:927} WARNING - No viable dags retrieved from /home/rodrigo/Escritorio/BBDDAvanzadas/.venv/lib/python3.12/site-packages/airflow/example_dags/subdags/subdag.py
[2026-05-07T19:35:30.105+0200] {processor.py:208} INFO - Processing /home/rodrigo/Escritorio/BBDDAvanzadas/.venv/lib/python3.12/site-packages/airflow/example_dags/subdags/subdag.py took 0.016 seconds
[2026-05-07T19:37:00.243+0200] {processor.py:186} INFO - Started process (PID=14784) to work on /home/rodrigo/Escritorio/BBDDAvanzadas/.venv/lib/python3.12/site-packages/airflow/example_dags/subdags/subdag.py
[2026-05-07T19:37:00.244+0200] {processor.py:914} INFO - Processing file /home/rodrigo/Escritorio/BBDDAvanzadas/.venv/lib/python3.12/site-packages/airflow/example_dags/subdags/subdag.py for tasks to queue
[2026-05-07T19:37:00.246+0200] {logging_mixin.py:190} INFO - [2026-05-07T19:37:00.245+0200] {dagbag.py:588} INFO - Filling up the DagBag from /home/rodrigo/Escritorio/BBDDAvanzadas/.venv/lib/python3.12/site-packages/airflow/example_dags/subdags/subdag.py
[2026-05-07T19:37:00.247+0200] {processor.py:927} WARNING - No viable dags retrieved from /home/rodrigo/Escritorio/BBDDAvanzadas/.venv/lib/python3.12/site-packages/airflow/example_dags/subdags/subdag.py
[2026-05-07T19:37:00.255+0200] {processor.py:208} INFO - Processing /home/rodrigo/Escritorio/BBDDAvanzadas/.venv/lib/python3.12/site-packages/airflow/example_dags/subdags/subdag.py took 0.016 seconds
[2026-05-07T19:38:01.154+0200] {processor.py:186} INFO - Started process (PID=14941) to work on /home/rodrigo/Escritorio/BBDDAvanzadas/.venv/lib/python3.12/site-packages/airflow/example_dags/subdags/subdag.py
[2026-05-07T19:38:01.155+0200] {processor.py:914} INFO - Processing file /home/rodrigo/Escritorio/BBDDAvanzadas/.venv/lib/python3.12/site-packages/airflow/example_dags/subdags/subdag.py for tasks to queue
[2026-05-07T19:38:01.156+0200] {logging_mixin.py:190} INFO - [2026-05-07T19:38:01.156+0200] {dagbag.py:588} INFO - Filling up the DagBag from /home/rodrigo/Escritorio/BBDDAvanzadas/.venv/lib/python3.12/site-packages/airflow/example_dags/subdags/subdag.py
[2026-05-07T19:38:01.160+0200] {processor.py:927} WARNING - No viable dags retrieved from /home/rodrigo/Escritorio/BBDDAvanzadas/.venv/lib/python3.12/site-packages/airflow/example_dags/subdags/subdag.py
[2026-05-07T19:38:01.172+0200] {processor.py:208} INFO - Processing /home/rodrigo/Escritorio/BBDDAvanzadas/.venv/lib/python3.12/site-packages/airflow/example_dags/subdags/subdag.py took 0.028 seconds
[2026-05-07T19:38:37.254+0200] {processor.py:186} INFO - Started process (PID=14982) to work on /home/rodrigo/Escritorio/BBDDAvanzadas/.venv/lib/python3.12/site-packages/airflow/example_dags/subdags/subdag.py
[2026-05-07T19:38:37.255+0200] {processor.py:914} INFO - Processing file /home/rodrigo/Escritorio/BBDDAvanzadas/.venv/lib/python3.12/site-packages/airflow/example_dags/subdags/subdag.py for tasks to queue
[2026-05-07T19:38:37.257+0200] {logging_mixin.py:190} INFO - [2026-05-07T19:38:37.257+0200] {dagbag.py:588} INFO - Filling up the DagBag from /home/rodrigo/Escritorio/BBDDAvanzadas/.venv/lib/python3.12/site-packages/airflow/example_dags/subdags/subdag.py
[2026-05-07T19:38:37.260+0200] {processor.py:927} WARNING - No viable dags retrieved from /home/rodrigo/Escritorio/BBDDAvanzadas/.venv/lib/python3.12/site-packages/airflow/example_dags/subdags/subdag.py
[2026-05-07T19:38:37.297+0200] {processor.py:208} INFO - Processing /home/rodrigo/Escritorio/BBDDAvanzadas/.venv/lib/python3.12/site-packages/airflow/example_dags/subdags/subdag.py took 0.054 seconds
[2026-05-07T19:39:25.578+0200] {processor.py:186} INFO - Started process (PID=15040) to work on /home/rodrigo/Escritorio/BBDDAvanzadas/.venv/lib/python3.12/site-packages/airflow/example_dags/subdags/subdag.py
[2026-05-07T19:39:25.596+0200] {processor.py:914} INFO - Processing file /home/rodrigo/Escritorio/BBDDAvanzadas/.venv/lib/python3.12/site-packages/airflow/example_dags/subdags/subdag.py for tasks to queue
[2026-05-07T19:39:25.600+0200] {logging_mixin.py:190} INFO - [2026-05-07T19:39:25.600+0200] {dagbag.py:588} INFO - Filling up the DagBag from /home/rodrigo/Escritorio/BBDDAvanzadas/.venv/lib/python3.12/site-packages/airflow/example_dags/subdags/subdag.py
[2026-05-07T19:39:25.607+0200] {processor.py:927} WARNING - No viable dags retrieved from /home/rodrigo/Escritorio/BBDDAvanzadas/.venv/lib/python3.12/site-packages/airflow/example_dags/subdags/subdag.py
[2026-05-07T19:39:25.620+0200] {processor.py:208} INFO - Processing /home/rodrigo/Escritorio/BBDDAvanzadas/.venv/lib/python3.12/site-packages/airflow/example_dags/subdags/subdag.py took 0.051 seconds
[2026-05-07T19:40:08.253+0200] {processor.py:186} INFO - Started process (PID=15088) to work on /home/rodrigo/Escritorio/BBDDAvanzadas/.venv/lib/python3.12/site-packages/airflow/example_dags/subdags/subdag.py
[2026-05-07T19:40:08.256+0200] {processor.py:914} INFO - Processing file /home/rodrigo/Escritorio/BBDDAvanzadas/.venv/lib/python3.12/site-packages/airflow/example_dags/subdags/subdag.py for tasks to queue
[2026-05-07T19:40:08.263+0200] {logging_mixin.py:190} INFO - [2026-05-07T19:40:08.263+0200] {dagbag.py:588} INFO - Filling up the DagBag from /home/rodrigo/Escritorio/BBDDAvanzadas/.venv/lib/python3.12/site-packages/airflow/example_dags/subdags/subdag.py
[2026-05-07T19:40:08.270+0200] {processor.py:927} WARNING - No viable dags retrieved from /home/rodrigo/Escritorio/BBDDAvanzadas/.venv/lib/python3.12/site-packages/airflow/example_dags/subdags/subdag.py
[2026-05-07T19:40:08.291+0200] {processor.py:208} INFO - Processing /home/rodrigo/Escritorio/BBDDAvanzadas/.venv/lib/python3.12/site-packages/airflow/example_dags/subdags/subdag.py took 0.043 seconds
[2026-05-07T19:40:55.742+0200] {processor.py:186} INFO - Started process (PID=15161) to work on /home/rodrigo/Escritorio/BBDDAvanzadas/.venv/lib/python3.12/site-packages/airflow/example_dags/subdags/subdag.py
[2026-05-07T19:40:55.750+0200] {processor.py:914} INFO - Processing file /home/rodrigo/Escritorio/BBDDAvanzadas/.venv/lib/python3.12/site-packages/airflow/example_dags/subdags/subdag.py for tasks to queue
[2026-05-07T19:40:55.753+0200] {logging_mixin.py:190} INFO - [2026-05-07T19:40:55.753+0200] {dagbag.py:588} INFO - Filling up the DagBag from /home/rodrigo/Escritorio/BBDDAvanzadas/.venv/lib/python3.12/site-packages/airflow/example_dags/subdags/subdag.py
[2026-05-07T19:40:55.755+0200] {processor.py:927} WARNING - No viable dags retrieved from /home/rodrigo/Escritorio/BBDDAvanzadas/.venv/lib/python3.12/site-packages/airflow/example_dags/subdags/subdag.py
[2026-05-07T19:40:55.763+0200] {processor.py:208} INFO - Processing /home/rodrigo/Escritorio/BBDDAvanzadas/.venv/lib/python3.12/site-packages/airflow/example_dags/subdags/subdag.py took 0.027 seconds
[2026-05-07T19:41:42.615+0200] {processor.py:186} INFO - Started process (PID=15240) to work on /home/rodrigo/Escritorio/BBDDAvanzadas/.venv/lib/python3.12/site-packages/airflow/example_dags/subdags/subdag.py
[2026-05-07T19:41:42.623+0200] {processor.py:914} INFO - Processing file /home/rodrigo/Escritorio/BBDDAvanzadas/.venv/lib/python3.12/site-packages/airflow/example_dags/subdags/subdag.py for tasks to queue
[2026-05-07T19:41:42.624+0200] {logging_mixin.py:190} INFO - [2026-05-07T19:41:42.624+0200] {dagbag.py:588} INFO - Filling up the DagBag from /home/rodrigo/Escritorio/BBDDAvanzadas/.venv/lib/python3.12/site-packages/airflow/example_dags/subdags/subdag.py
[2026-05-07T19:41:42.626+0200] {processor.py:927} WARNING - No viable dags retrieved from /home/rodrigo/Escritorio/BBDDAvanzadas/.venv/lib/python3.12/site-packages/airflow/example_dags/subdags/subdag.py
[2026-05-07T19:41:42.635+0200] {processor.py:208} INFO - Processing /home/rodrigo/Escritorio/BBDDAvanzadas/.venv/lib/python3.12/site-packages/airflow/example_dags/subdags/subdag.py took 0.028 seconds
[2026-05-07T19:42:19.809+0200] {processor.py:186} INFO - Started process (PID=15419) to work on /home/rodrigo/Escritorio/BBDDAvanzadas/.venv/lib/python3.12/site-packages/airflow/example_dags/subdags/subdag.py
[2026-05-07T19:42:19.810+0200] {processor.py:914} INFO - Processing file /home/rodrigo/Escritorio/BBDDAvanzadas/.venv/lib/python3.12/site-packages/airflow/example_dags/subdags/subdag.py for tasks to queue
[2026-05-07T19:42:19.811+0200] {logging_mixin.py:190} INFO - [2026-05-07T19:42:19.811+0200] {dagbag.py:588} INFO - Filling up the DagBag from /home/rodrigo/Escritorio/BBDDAvanzadas/.venv/lib/python3.12/site-packages/airflow/example_dags/subdags/subdag.py
[2026-05-07T19:42:19.813+0200] {processor.py:927} WARNING - No viable dags retrieved from /home/rodrigo/Escritorio/BBDDAvanzadas/.venv/lib/python3.12/site-packages/airflow/example_dags/subdags/subdag.py
[2026-05-07T19:42:19.819+0200] {processor.py:208} INFO - Processing /home/rodrigo/Escritorio/BBDDAvanzadas/.venv/lib/python3.12/site-packages/airflow/example_dags/subdags/subdag.py took 0.014 seconds
[2026-05-07T19:43:00.174+0200] {processor.py:186} INFO - Started process (PID=15494) to work on /home/rodrigo/Escritorio/BBDDAvanzadas/.venv/lib/python3.12/site-packages/airflow/example_dags/subdags/subdag.py
[2026-05-07T19:43:00.186+0200] {processor.py:914} INFO - Processing file /home/rodrigo/Escritorio/BBDDAvanzadas/.venv/lib/python3.12/site-packages/airflow/example_dags/subdags/subdag.py for tasks to queue
[2026-05-07T19:43:00.191+0200] {logging_mixin.py:190} INFO - [2026-05-07T19:43:00.189+0200] {dagbag.py:588} INFO - Filling up the DagBag from /home/rodrigo/Escritorio/BBDDAvanzadas/.venv/lib/python3.12/site-packages/airflow/example_dags/subdags/subdag.py
[2026-05-07T19:43:00.211+0200] {processor.py:927} WARNING - No viable dags retrieved from /home/rodrigo/Escritorio/BBDDAvanzadas/.venv/lib/python3.12/site-packages/airflow/example_dags/subdags/subdag.py
[2026-05-07T19:43:00.223+0200] {processor.py:208} INFO - Processing /home/rodrigo/Escritorio/BBDDAvanzadas/.venv/lib/python3.12/site-packages/airflow/example_dags/subdags/subdag.py took 0.059 seconds
[2026-05-07T19:43:34.485+0200] {processor.py:186} INFO - Started process (PID=15602) to work on /home/rodrigo/Escritorio/BBDDAvanzadas/.venv/lib/python3.12/site-packages/airflow/example_dags/subdags/subdag.py
[2026-05-07T19:43:34.486+0200] {processor.py:914} INFO - Processing file /home/rodrigo/Escritorio/BBDDAvanzadas/.venv/lib/python3.12/site-packages/airflow/example_dags/subdags/subdag.py for tasks to queue
[2026-05-07T19:43:34.487+0200] {logging_mixin.py:190} INFO - [2026-05-07T19:43:34.487+0200] {dagbag.py:588} INFO - Filling up the DagBag from /home/rodrigo/Escritorio/BBDDAvanzadas/.venv/lib/python3.12/site-packages/airflow/example_dags/subdags/subdag.py
[2026-05-07T19:43:34.489+0200] {processor.py:927} WARNING - No viable dags retrieved from /home/rodrigo/Escritorio/BBDDAvanzadas/.venv/lib/python3.12/site-packages/airflow/example_dags/subdags/subdag.py
[2026-05-07T19:43:34.496+0200] {processor.py:208} INFO - Processing /home/rodrigo/Escritorio/BBDDAvanzadas/.venv/lib/python3.12/site-packages/airflow/example_dags/subdags/subdag.py took 0.015 seconds
[2026-05-07T19:44:14.182+0200] {processor.py:186} INFO - Started process (PID=15680) to work on /home/rodrigo/Escritorio/BBDDAvanzadas/.venv/lib/python3.12/site-packages/airflow/example_dags/subdags/subdag.py
[2026-05-07T19:44:14.183+0200] {processor.py:914} INFO - Processing file /home/rodrigo/Escritorio/BBDDAvanzadas/.venv/lib/python3.12/site-packages/airflow/example_dags/subdags/subdag.py for tasks to queue
[2026-05-07T19:44:14.185+0200] {logging_mixin.py:190} INFO - [2026-05-07T19:44:14.184+0200] {dagbag.py:588} INFO - Filling up the DagBag from /home/rodrigo/Escritorio/BBDDAvanzadas/.venv/lib/python3.12/site-packages/airflow/example_dags/subdags/subdag.py
[2026-05-07T19:44:14.187+0200] {processor.py:927} WARNING - No viable dags retrieved from /home/rodrigo/Escritorio/BBDDAvanzadas/.venv/lib/python3.12/site-packages/airflow/example_dags/subdags/subdag.py
[2026-05-07T19:44:14.207+0200] {processor.py:208} INFO - Processing /home/rodrigo/Escritorio/BBDDAvanzadas/.venv/lib/python3.12/site-packages/airflow/example_dags/subdags/subdag.py took 0.040 seconds
[2026-05-07T19:45:03.258+0200] {processor.py:186} INFO - Started process (PID=15863) to work on /home/rodrigo/Escritorio/BBDDAvanzadas/.venv/lib/python3.12/site-packages/airflow/example_dags/subdags/subdag.py
[2026-05-07T19:45:03.259+0200] {processor.py:914} INFO - Processing file /home/rodrigo/Escritorio/BBDDAvanzadas/.venv/lib/python3.12/site-packages/airflow/example_dags/subdags/subdag.py for tasks to queue
[2026-05-07T19:45:03.260+0200] {logging_mixin.py:190} INFO - [2026-05-07T19:45:03.260+0200] {dagbag.py:588} INFO - Filling up the DagBag from /home/rodrigo/Escritorio/BBDDAvanzadas/.venv/lib/python3.12/site-packages/airflow/example_dags/subdags/subdag.py
[2026-05-07T19:45:03.262+0200] {processor.py:927} WARNING - No viable dags retrieved from /home/rodrigo/Escritorio/BBDDAvanzadas/.venv/lib/python3.12/site-packages/airflow/example_dags/subdags/subdag.py
[2026-05-07T19:45:03.271+0200] {processor.py:208} INFO - Processing /home/rodrigo/Escritorio/BBDDAvanzadas/.venv/lib/python3.12/site-packages/airflow/example_dags/subdags/subdag.py took 0.018 seconds
[2026-05-07T19:45:57.573+0200] {processor.py:186} INFO - Started process (PID=15911) to work on /home/rodrigo/Escritorio/BBDDAvanzadas/.venv/lib/python3.12/site-packages/airflow/example_dags/subdags/subdag.py
[2026-05-07T19:45:57.574+0200] {processor.py:914} INFO - Processing file /home/rodrigo/Escritorio/BBDDAvanzadas/.venv/lib/python3.12/site-packages/airflow/example_dags/subdags/subdag.py for tasks to queue
[2026-05-07T19:45:57.576+0200] {logging_mixin.py:190} INFO - [2026-05-07T19:45:57.576+0200] {dagbag.py:588} INFO - Filling up the DagBag from /home/rodrigo/Escritorio/BBDDAvanzadas/.venv/lib/python3.12/site-packages/airflow/example_dags/subdags/subdag.py
[2026-05-07T19:45:57.578+0200] {processor.py:927} WARNING - No viable dags retrieved from /home/rodrigo/Escritorio/BBDDAvanzadas/.venv/lib/python3.12/site-packages/airflow/example_dags/subdags/subdag.py
[2026-05-07T19:45:57.587+0200] {processor.py:208} INFO - Processing /home/rodrigo/Escritorio/BBDDAvanzadas/.venv/lib/python3.12/site-packages/airflow/example_dags/subdags/subdag.py took 0.019 seconds
[2026-05-07T19:46:47.930+0200] {processor.py:186} INFO - Started process (PID=15973) to work on /home/rodrigo/Escritorio/BBDDAvanzadas/.venv/lib/python3.12/site-packages/airflow/example_dags/subdags/subdag.py
[2026-05-07T19:46:47.932+0200] {processor.py:914} INFO - Processing file /home/rodrigo/Escritorio/BBDDAvanzadas/.venv/lib/python3.12/site-packages/airflow/example_dags/subdags/subdag.py for tasks to queue
[2026-05-07T19:46:47.934+0200] {logging_mixin.py:190} INFO - [2026-05-07T19:46:47.933+0200] {dagbag.py:588} INFO - Filling up the DagBag from /home/rodrigo/Escritorio/BBDDAvanzadas/.venv/lib/python3.12/site-packages/airflow/example_dags/subdags/subdag.py
[2026-05-07T19:46:47.936+0200] {processor.py:927} WARNING - No viable dags retrieved from /home/rodrigo/Escritorio/BBDDAvanzadas/.venv/lib/python3.12/site-packages/airflow/example_dags/subdags/subdag.py
[2026-05-07T19:46:47.945+0200] {processor.py:208} INFO - Processing /home/rodrigo/Escritorio/BBDDAvanzadas/.venv/lib/python3.12/site-packages/airflow/example_dags/subdags/subdag.py took 0.021 seconds
[2026-05-07T19:47:27.763+0200] {processor.py:186} INFO - Started process (PID=16077) to work on /home/rodrigo/Escritorio/BBDDAvanzadas/.venv/lib/python3.12/site-packages/airflow/example_dags/subdags/subdag.py
[2026-05-07T19:47:27.764+0200] {processor.py:914} INFO - Processing file /home/rodrigo/Escritorio/BBDDAvanzadas/.venv/lib/python3.12/site-packages/airflow/example_dags/subdags/subdag.py for tasks to queue
[2026-05-07T19:47:27.765+0200] {logging_mixin.py:190} INFO - [2026-05-07T19:47:27.765+0200] {dagbag.py:588} INFO - Filling up the DagBag from /home/rodrigo/Escritorio/BBDDAvanzadas/.venv/lib/python3.12/site-packages/airflow/example_dags/subdags/subdag.py
[2026-05-07T19:47:27.767+0200] {processor.py:927} WARNING - No viable dags retrieved from /home/rodrigo/Escritorio/BBDDAvanzadas/.venv/lib/python3.12/site-packages/airflow/example_dags/subdags/subdag.py
[2026-05-07T19:47:27.777+0200] {processor.py:208} INFO - Processing /home/rodrigo/Escritorio/BBDDAvanzadas/.venv/lib/python3.12/site-packages/airflow/example_dags/subdags/subdag.py took 0.021 seconds
[2026-05-07T19:48:41.661+0200] {processor.py:186} INFO - Started process (PID=16203) to work on /home/rodrigo/Escritorio/BBDDAvanzadas/.venv/lib/python3.12/site-packages/airflow/example_dags/subdags/subdag.py
[2026-05-07T19:48:41.662+0200] {processor.py:914} INFO - Processing file /home/rodrigo/Escritorio/BBDDAvanzadas/.venv/lib/python3.12/site-packages/airflow/example_dags/subdags/subdag.py for tasks to queue
[2026-05-07T19:48:41.663+0200] {logging_mixin.py:190} INFO - [2026-05-07T19:48:41.663+0200] {dagbag.py:588} INFO - Filling up the DagBag from /home/rodrigo/Escritorio/BBDDAvanzadas/.venv/lib/python3.12/site-packages/airflow/example_dags/subdags/subdag.py
[2026-05-07T19:48:41.665+0200] {processor.py:927} WARNING - No viable dags retrieved from /home/rodrigo/Escritorio/BBDDAvanzadas/.venv/lib/python3.12/site-packages/airflow/example_dags/subdags/subdag.py
[2026-05-07T19:48:41.673+0200] {processor.py:208} INFO - Processing /home/rodrigo/Escritorio/BBDDAvanzadas/.venv/lib/python3.12/site-packages/airflow/example_dags/subdags/subdag.py took 0.016 seconds
[2026-05-07T19:49:28.875+0200] {processor.py:186} INFO - Started process (PID=16265) to work on /home/rodrigo/Escritorio/BBDDAvanzadas/.venv/lib/python3.12/site-packages/airflow/example_dags/subdags/subdag.py
[2026-05-07T19:49:28.876+0200] {processor.py:914} INFO - Processing file /home/rodrigo/Escritorio/BBDDAvanzadas/.venv/lib/python3.12/site-packages/airflow/example_dags/subdags/subdag.py for tasks to queue
[2026-05-07T19:49:28.877+0200] {logging_mixin.py:190} INFO - [2026-05-07T19:49:28.877+0200] {dagbag.py:588} INFO - Filling up the DagBag from /home/rodrigo/Escritorio/BBDDAvanzadas/.venv/lib/python3.12/site-packages/airflow/example_dags/subdags/subdag.py
[2026-05-07T19:49:28.879+0200] {processor.py:927} WARNING - No viable dags retrieved from /home/rodrigo/Escritorio/BBDDAvanzadas/.venv/lib/python3.12/site-packages/airflow/example_dags/subdags/subdag.py
[2026-05-07T19:49:28.886+0200] {processor.py:208} INFO - Processing /home/rodrigo/Escritorio/BBDDAvanzadas/.venv/lib/python3.12/site-packages/airflow/example_dags/subdags/subdag.py took 0.015 seconds
[2026-05-07T19:50:17.943+0200] {processor.py:186} INFO - Started process (PID=16332) to work on /home/rodrigo/Escritorio/BBDDAvanzadas/.venv/lib/python3.12/site-packages/airflow/example_dags/subdags/subdag.py
[2026-05-07T19:50:17.945+0200] {processor.py:914} INFO - Processing file /home/rodrigo/Escritorio/BBDDAvanzadas/.venv/lib/python3.12/site-packages/airflow/example_dags/subdags/subdag.py for tasks to queue
[2026-05-07T19:50:17.946+0200] {logging_mixin.py:190} INFO - [2026-05-07T19:50:17.946+0200] {dagbag.py:588} INFO - Filling up the DagBag from /home/rodrigo/Escritorio/BBDDAvanzadas/.venv/lib/python3.12/site-packages/airflow/example_dags/subdags/subdag.py
[2026-05-07T19:50:17.948+0200] {processor.py:927} WARNING - No viable dags retrieved from /home/rodrigo/Escritorio/BBDDAvanzadas/.venv/lib/python3.12/site-packages/airflow/example_dags/subdags/subdag.py
[2026-05-07T19:50:17.955+0200] {processor.py:208} INFO - Processing /home/rodrigo/Escritorio/BBDDAvanzadas/.venv/lib/python3.12/site-packages/airflow/example_dags/subdags/subdag.py took 0.016 seconds
[2026-05-07T19:51:13.875+0200] {processor.py:186} INFO - Started process (PID=16375) to work on /home/rodrigo/Escritorio/BBDDAvanzadas/.venv/lib/python3.12/site-packages/airflow/example_dags/subdags/subdag.py
[2026-05-07T19:51:13.876+0200] {processor.py:914} INFO - Processing file /home/rodrigo/Escritorio/BBDDAvanzadas/.venv/lib/python3.12/site-packages/airflow/example_dags/subdags/subdag.py for tasks to queue
[2026-05-07T19:51:13.878+0200] {logging_mixin.py:190} INFO - [2026-05-07T19:51:13.878+0200] {dagbag.py:588} INFO - Filling up the DagBag from /home/rodrigo/Escritorio/BBDDAvanzadas/.venv/lib/python3.12/site-packages/airflow/example_dags/subdags/subdag.py
[2026-05-07T19:51:13.880+0200] {processor.py:927} WARNING - No viable dags retrieved from /home/rodrigo/Escritorio/BBDDAvanzadas/.venv/lib/python3.12/site-packages/airflow/example_dags/subdags/subdag.py
[2026-05-07T19:51:13.887+0200] {processor.py:208} INFO - Processing /home/rodrigo/Escritorio/BBDDAvanzadas/.venv/lib/python3.12/site-packages/airflow/example_dags/subdags/subdag.py took 0.016 seconds
[2026-05-07T19:51:56.858+0200] {processor.py:186} INFO - Started process (PID=16426) to work on /home/rodrigo/Escritorio/BBDDAvanzadas/.venv/lib/python3.12/site-packages/airflow/example_dags/subdags/subdag.py
[2026-05-07T19:51:56.859+0200] {processor.py:914} INFO - Processing file /home/rodrigo/Escritorio/BBDDAvanzadas/.venv/lib/python3.12/site-packages/airflow/example_dags/subdags/subdag.py for tasks to queue
[2026-05-07T19:51:56.860+0200] {logging_mixin.py:190} INFO - [2026-05-07T19:51:56.860+0200] {dagbag.py:588} INFO - Filling up the DagBag from /home/rodrigo/Escritorio/BBDDAvanzadas/.venv/lib/python3.12/site-packages/airflow/example_dags/subdags/subdag.py
[2026-05-07T19:51:56.862+0200] {processor.py:927} WARNING - No viable dags retrieved from /home/rodrigo/Escritorio/BBDDAvanzadas/.venv/lib/python3.12/site-packages/airflow/example_dags/subdags/subdag.py
[2026-05-07T19:51:56.869+0200] {processor.py:208} INFO - Processing /home/rodrigo/Escritorio/BBDDAvanzadas/.venv/lib/python3.12/site-packages/airflow/example_dags/subdags/subdag.py took 0.015 seconds
[2026-05-07T19:52:32.299+0200] {processor.py:186} INFO - Started process (PID=16615) to work on /home/rodrigo/Escritorio/BBDDAvanzadas/.venv/lib/python3.12/site-packages/airflow/example_dags/subdags/subdag.py
[2026-05-07T19:52:32.300+0200] {processor.py:914} INFO - Processing file /home/rodrigo/Escritorio/BBDDAvanzadas/.venv/lib/python3.12/site-packages/airflow/example_dags/subdags/subdag.py for tasks to queue
[2026-05-07T19:52:32.302+0200] {logging_mixin.py:190} INFO - [2026-05-07T19:52:32.301+0200] {dagbag.py:588} INFO - Filling up the DagBag from /home/rodrigo/Escritorio/BBDDAvanzadas/.venv/lib/python3.12/site-packages/airflow/example_dags/subdags/subdag.py
[2026-05-07T19:52:32.303+0200] {processor.py:927} WARNING - No viable dags retrieved from /home/rodrigo/Escritorio/BBDDAvanzadas/.venv/lib/python3.12/site-packages/airflow/example_dags/subdags/subdag.py
[2026-05-07T19:52:32.319+0200] {processor.py:208} INFO - Processing /home/rodrigo/Escritorio/BBDDAvanzadas/.venv/lib/python3.12/site-packages/airflow/example_dags/subdags/subdag.py took 0.025 seconds
[2026-05-07T19:53:06.329+0200] {processor.py:186} INFO - Started process (PID=16706) to work on /home/rodrigo/Escritorio/BBDDAvanzadas/.venv/lib/python3.12/site-packages/airflow/example_dags/subdags/subdag.py
[2026-05-07T19:53:06.330+0200] {processor.py:914} INFO - Processing file /home/rodrigo/Escritorio/BBDDAvanzadas/.venv/lib/python3.12/site-packages/airflow/example_dags/subdags/subdag.py for tasks to queue
[2026-05-07T19:53:06.333+0200] {logging_mixin.py:190} INFO - [2026-05-07T19:53:06.332+0200] {dagbag.py:588} INFO - Filling up the DagBag from /home/rodrigo/Escritorio/BBDDAvanzadas/.venv/lib/python3.12/site-packages/airflow/example_dags/subdags/subdag.py
[2026-05-07T19:53:06.336+0200] {processor.py:927} WARNING - No viable dags retrieved from /home/rodrigo/Escritorio/BBDDAvanzadas/.venv/lib/python3.12/site-packages/airflow/example_dags/subdags/subdag.py
[2026-05-07T19:53:06.349+0200] {processor.py:208} INFO - Processing /home/rodrigo/Escritorio/BBDDAvanzadas/.venv/lib/python3.12/site-packages/airflow/example_dags/subdags/subdag.py took 0.025 seconds
[2026-05-07T19:53:43.738+0200] {processor.py:186} INFO - Started process (PID=16784) to work on /home/rodrigo/Escritorio/BBDDAvanzadas/.venv/lib/python3.12/site-packages/airflow/example_dags/subdags/subdag.py
[2026-05-07T19:53:43.739+0200] {processor.py:914} INFO - Processing file /home/rodrigo/Escritorio/BBDDAvanzadas/.venv/lib/python3.12/site-packages/airflow/example_dags/subdags/subdag.py for tasks to queue
[2026-05-07T19:53:43.742+0200] {logging_mixin.py:190} INFO - [2026-05-07T19:53:43.741+0200] {dagbag.py:588} INFO - Filling up the DagBag from /home/rodrigo/Escritorio/BBDDAvanzadas/.venv/lib/python3.12/site-packages/airflow/example_dags/subdags/subdag.py
[2026-05-07T19:53:43.744+0200] {processor.py:927} WARNING - No viable dags retrieved from /home/rodrigo/Escritorio/BBDDAvanzadas/.venv/lib/python3.12/site-packages/airflow/example_dags/subdags/subdag.py
[2026-05-07T19:53:43.752+0200] {processor.py:208} INFO - Processing /home/rodrigo/Escritorio/BBDDAvanzadas/.venv/lib/python3.12/site-packages/airflow/example_dags/subdags/subdag.py took 0.019 seconds
[2026-05-07T19:54:18.805+0200] {processor.py:186} INFO - Started process (PID=16824) to work on /home/rodrigo/Escritorio/BBDDAvanzadas/.venv/lib/python3.12/site-packages/airflow/example_dags/subdags/subdag.py
[2026-05-07T19:54:18.810+0200] {processor.py:914} INFO - Processing file /home/rodrigo/Escritorio/BBDDAvanzadas/.venv/lib/python3.12/site-packages/airflow/example_dags/subdags/subdag.py for tasks to queue
[2026-05-07T19:54:18.814+0200] {logging_mixin.py:190} INFO - [2026-05-07T19:54:18.813+0200] {dagbag.py:588} INFO - Filling up the DagBag from /home/rodrigo/Escritorio/BBDDAvanzadas/.venv/lib/python3.12/site-packages/airflow/example_dags/subdags/subdag.py
[2026-05-07T19:54:18.816+0200] {processor.py:927} WARNING - No viable dags retrieved from /home/rodrigo/Escritorio/BBDDAvanzadas/.venv/lib/python3.12/site-packages/airflow/example_dags/subdags/subdag.py
[2026-05-07T19:54:18.828+0200] {processor.py:208} INFO - Processing /home/rodrigo/Escritorio/BBDDAvanzadas/.venv/lib/python3.12/site-packages/airflow/example_dags/subdags/subdag.py took 0.028 seconds
[2026-05-07T19:54:55.482+0200] {processor.py:186} INFO - Started process (PID=16917) to work on /home/rodrigo/Escritorio/BBDDAvanzadas/.venv/lib/python3.12/site-packages/airflow/example_dags/subdags/subdag.py
[2026-05-07T19:54:55.484+0200] {processor.py:914} INFO - Processing file /home/rodrigo/Escritorio/BBDDAvanzadas/.venv/lib/python3.12/site-packages/airflow/example_dags/subdags/subdag.py for tasks to queue
[2026-05-07T19:54:55.489+0200] {logging_mixin.py:190} INFO - [2026-05-07T19:54:55.488+0200] {dagbag.py:588} INFO - Filling up the DagBag from /home/rodrigo/Escritorio/BBDDAvanzadas/.venv/lib/python3.12/site-packages/airflow/example_dags/subdags/subdag.py
[2026-05-07T19:54:55.491+0200] {processor.py:927} WARNING - No viable dags retrieved from /home/rodrigo/Escritorio/BBDDAvanzadas/.venv/lib/python3.12/site-packages/airflow/example_dags/subdags/subdag.py
[2026-05-07T19:54:55.508+0200] {processor.py:208} INFO - Processing /home/rodrigo/Escritorio/BBDDAvanzadas/.venv/lib/python3.12/site-packages/airflow/example_dags/subdags/subdag.py took 0.038 seconds
[2026-05-07T19:55:37.797+0200] {processor.py:186} INFO - Started process (PID=16977) to work on /home/rodrigo/Escritorio/BBDDAvanzadas/.venv/lib/python3.12/site-packages/airflow/example_dags/subdags/subdag.py
[2026-05-07T19:55:37.798+0200] {processor.py:914} INFO - Processing file /home/rodrigo/Escritorio/BBDDAvanzadas/.venv/lib/python3.12/site-packages/airflow/example_dags/subdags/subdag.py for tasks to queue
[2026-05-07T19:55:37.799+0200] {logging_mixin.py:190} INFO - [2026-05-07T19:55:37.799+0200] {dagbag.py:588} INFO - Filling up the DagBag from /home/rodrigo/Escritorio/BBDDAvanzadas/.venv/lib/python3.12/site-packages/airflow/example_dags/subdags/subdag.py
[2026-05-07T19:55:37.801+0200] {processor.py:927} WARNING - No viable dags retrieved from /home/rodrigo/Escritorio/BBDDAvanzadas/.venv/lib/python3.12/site-packages/airflow/example_dags/subdags/subdag.py
[2026-05-07T19:55:37.809+0200] {processor.py:208} INFO - Processing /home/rodrigo/Escritorio/BBDDAvanzadas/.venv/lib/python3.12/site-packages/airflow/example_dags/subdags/subdag.py took 0.016 seconds
[2026-05-07T19:56:31.171+0200] {processor.py:186} INFO - Started process (PID=17022) to work on /home/rodrigo/Escritorio/BBDDAvanzadas/.venv/lib/python3.12/site-packages/airflow/example_dags/subdags/subdag.py
[2026-05-07T19:56:31.173+0200] {processor.py:914} INFO - Processing file /home/rodrigo/Escritorio/BBDDAvanzadas/.venv/lib/python3.12/site-packages/airflow/example_dags/subdags/subdag.py for tasks to queue
[2026-05-07T19:56:31.174+0200] {logging_mixin.py:190} INFO - [2026-05-07T19:56:31.174+0200] {dagbag.py:588} INFO - Filling up the DagBag from /home/rodrigo/Escritorio/BBDDAvanzadas/.venv/lib/python3.12/site-packages/airflow/example_dags/subdags/subdag.py
[2026-05-07T19:56:31.176+0200] {processor.py:927} WARNING - No viable dags retrieved from /home/rodrigo/Escritorio/BBDDAvanzadas/.venv/lib/python3.12/site-packages/airflow/example_dags/subdags/subdag.py
[2026-05-07T19:56:31.183+0200] {processor.py:208} INFO - Processing /home/rodrigo/Escritorio/BBDDAvanzadas/.venv/lib/python3.12/site-packages/airflow/example_dags/subdags/subdag.py took 0.016 seconds
[2026-05-07T19:57:35.906+0200] {processor.py:186} INFO - Started process (PID=17070) to work on /home/rodrigo/Escritorio/BBDDAvanzadas/.venv/lib/python3.12/site-packages/airflow/example_dags/subdags/subdag.py
[2026-05-07T19:57:35.907+0200] {processor.py:914} INFO - Processing file /home/rodrigo/Escritorio/BBDDAvanzadas/.venv/lib/python3.12/site-packages/airflow/example_dags/subdags/subdag.py for tasks to queue
[2026-05-07T19:57:35.909+0200] {logging_mixin.py:190} INFO - [2026-05-07T19:57:35.909+0200] {dagbag.py:588} INFO - Filling up the DagBag from /home/rodrigo/Escritorio/BBDDAvanzadas/.venv/lib/python3.12/site-packages/airflow/example_dags/subdags/subdag.py
[2026-05-07T19:57:35.911+0200] {processor.py:927} WARNING - No viable dags retrieved from /home/rodrigo/Escritorio/BBDDAvanzadas/.venv/lib/python3.12/site-packages/airflow/example_dags/subdags/subdag.py
[2026-05-07T19:57:35.918+0200] {processor.py:208} INFO - Processing /home/rodrigo/Escritorio/BBDDAvanzadas/.venv/lib/python3.12/site-packages/airflow/example_dags/subdags/subdag.py took 0.016 seconds
[2026-05-07T19:58:40.488+0200] {processor.py:186} INFO - Started process (PID=17125) to work on /home/rodrigo/Escritorio/BBDDAvanzadas/.venv/lib/python3.12/site-packages/airflow/example_dags/subdags/subdag.py
[2026-05-07T19:58:40.489+0200] {processor.py:914} INFO - Processing file /home/rodrigo/Escritorio/BBDDAvanzadas/.venv/lib/python3.12/site-packages/airflow/example_dags/subdags/subdag.py for tasks to queue
[2026-05-07T19:58:40.490+0200] {logging_mixin.py:190} INFO - [2026-05-07T19:58:40.490+0200] {dagbag.py:588} INFO - Filling up the DagBag from /home/rodrigo/Escritorio/BBDDAvanzadas/.venv/lib/python3.12/site-packages/airflow/example_dags/subdags/subdag.py
[2026-05-07T19:58:40.492+0200] {processor.py:927} WARNING - No viable dags retrieved from /home/rodrigo/Escritorio/BBDDAvanzadas/.venv/lib/python3.12/site-packages/airflow/example_dags/subdags/subdag.py
[2026-05-07T19:58:40.500+0200] {processor.py:208} INFO - Processing /home/rodrigo/Escritorio/BBDDAvanzadas/.venv/lib/python3.12/site-packages/airflow/example_dags/subdags/subdag.py took 0.017 seconds
[2026-05-07T19:59:42.272+0200] {processor.py:186} INFO - Started process (PID=17174) to work on /home/rodrigo/Escritorio/BBDDAvanzadas/.venv/lib/python3.12/site-packages/airflow/example_dags/subdags/subdag.py
[2026-05-07T19:59:42.272+0200] {processor.py:914} INFO - Processing file /home/rodrigo/Escritorio/BBDDAvanzadas/.venv/lib/python3.12/site-packages/airflow/example_dags/subdags/subdag.py for tasks to queue
[2026-05-07T19:59:42.274+0200] {logging_mixin.py:190} INFO - [2026-05-07T19:59:42.274+0200] {dagbag.py:588} INFO - Filling up the DagBag from /home/rodrigo/Escritorio/BBDDAvanzadas/.venv/lib/python3.12/site-packages/airflow/example_dags/subdags/subdag.py
[2026-05-07T19:59:42.276+0200] {processor.py:927} WARNING - No viable dags retrieved from /home/rodrigo/Escritorio/BBDDAvanzadas/.venv/lib/python3.12/site-packages/airflow/example_dags/subdags/subdag.py
[2026-05-07T19:59:42.283+0200] {processor.py:208} INFO - Processing /home/rodrigo/Escritorio/BBDDAvanzadas/.venv/lib/python3.12/site-packages/airflow/example_dags/subdags/subdag.py took 0.016 seconds
[2026-05-07T20:00:35.812+0200] {processor.py:186} INFO - Started process (PID=17250) to work on /home/rodrigo/Escritorio/BBDDAvanzadas/.venv/lib/python3.12/site-packages/airflow/example_dags/subdags/subdag.py
[2026-05-07T20:00:35.813+0200] {processor.py:914} INFO - Processing file /home/rodrigo/Escritorio/BBDDAvanzadas/.venv/lib/python3.12/site-packages/airflow/example_dags/subdags/subdag.py for tasks to queue
[2026-05-07T20:00:35.815+0200] {logging_mixin.py:190} INFO - [2026-05-07T20:00:35.814+0200] {dagbag.py:588} INFO - Filling up the DagBag from /home/rodrigo/Escritorio/BBDDAvanzadas/.venv/lib/python3.12/site-packages/airflow/example_dags/subdags/subdag.py
[2026-05-07T20:00:35.817+0200] {processor.py:927} WARNING - No viable dags retrieved from /home/rodrigo/Escritorio/BBDDAvanzadas/.venv/lib/python3.12/site-packages/airflow/example_dags/subdags/subdag.py
[2026-05-07T20:00:35.824+0200] {processor.py:208} INFO - Processing /home/rodrigo/Escritorio/BBDDAvanzadas/.venv/lib/python3.12/site-packages/airflow/example_dags/subdags/subdag.py took 0.015 seconds
[2026-05-07T20:01:17.472+0200] {processor.py:186} INFO - Started process (PID=17412) to work on /home/rodrigo/Escritorio/BBDDAvanzadas/.venv/lib/python3.12/site-packages/airflow/example_dags/subdags/subdag.py
[2026-05-07T20:01:17.473+0200] {processor.py:914} INFO - Processing file /home/rodrigo/Escritorio/BBDDAvanzadas/.venv/lib/python3.12/site-packages/airflow/example_dags/subdags/subdag.py for tasks to queue
[2026-05-07T20:01:17.475+0200] {logging_mixin.py:190} INFO - [2026-05-07T20:01:17.475+0200] {dagbag.py:588} INFO - Filling up the DagBag from /home/rodrigo/Escritorio/BBDDAvanzadas/.venv/lib/python3.12/site-packages/airflow/example_dags/subdags/subdag.py
[2026-05-07T20:01:17.477+0200] {processor.py:927} WARNING - No viable dags retrieved from /home/rodrigo/Escritorio/BBDDAvanzadas/.venv/lib/python3.12/site-packages/airflow/example_dags/subdags/subdag.py
[2026-05-07T20:01:17.485+0200] {processor.py:208} INFO - Processing /home/rodrigo/Escritorio/BBDDAvanzadas/.venv/lib/python3.12/site-packages/airflow/example_dags/subdags/subdag.py took 0.017 seconds
[2026-05-07T20:01:50.572+0200] {processor.py:186} INFO - Started process (PID=17509) to work on /home/rodrigo/Escritorio/BBDDAvanzadas/.venv/lib/python3.12/site-packages/airflow/example_dags/subdags/subdag.py
[2026-05-07T20:01:50.572+0200] {processor.py:914} INFO - Processing file /home/rodrigo/Escritorio/BBDDAvanzadas/.venv/lib/python3.12/site-packages/airflow/example_dags/subdags/subdag.py for tasks to queue
[2026-05-07T20:01:50.574+0200] {logging_mixin.py:190} INFO - [2026-05-07T20:01:50.573+0200] {dagbag.py:588} INFO - Filling up the DagBag from /home/rodrigo/Escritorio/BBDDAvanzadas/.venv/lib/python3.12/site-packages/airflow/example_dags/subdags/subdag.py
[2026-05-07T20:01:50.576+0200] {processor.py:927} WARNING - No viable dags retrieved from /home/rodrigo/Escritorio/BBDDAvanzadas/.venv/lib/python3.12/site-packages/airflow/example_dags/subdags/subdag.py
[2026-05-07T20:01:50.584+0200] {processor.py:208} INFO - Processing /home/rodrigo/Escritorio/BBDDAvanzadas/.venv/lib/python3.12/site-packages/airflow/example_dags/subdags/subdag.py took 0.016 seconds
[2026-05-07T20:02:49.388+0200] {processor.py:186} INFO - Started process (PID=17662) to work on /home/rodrigo/Escritorio/BBDDAvanzadas/.venv/lib/python3.12/site-packages/airflow/example_dags/subdags/subdag.py
[2026-05-07T20:02:49.389+0200] {processor.py:914} INFO - Processing file /home/rodrigo/Escritorio/BBDDAvanzadas/.venv/lib/python3.12/site-packages/airflow/example_dags/subdags/subdag.py for tasks to queue
[2026-05-07T20:02:49.390+0200] {logging_mixin.py:190} INFO - [2026-05-07T20:02:49.390+0200] {dagbag.py:588} INFO - Filling up the DagBag from /home/rodrigo/Escritorio/BBDDAvanzadas/.venv/lib/python3.12/site-packages/airflow/example_dags/subdags/subdag.py
[2026-05-07T20:02:49.392+0200] {processor.py:927} WARNING - No viable dags retrieved from /home/rodrigo/Escritorio/BBDDAvanzadas/.venv/lib/python3.12/site-packages/airflow/example_dags/subdags/subdag.py
[2026-05-07T20:02:49.399+0200] {processor.py:208} INFO - Processing /home/rodrigo/Escritorio/BBDDAvanzadas/.venv/lib/python3.12/site-packages/airflow/example_dags/subdags/subdag.py took 0.016 seconds
[2026-05-07T20:03:47.617+0200] {processor.py:186} INFO - Started process (PID=17782) to work on /home/rodrigo/Escritorio/BBDDAvanzadas/.venv/lib/python3.12/site-packages/airflow/example_dags/subdags/subdag.py
[2026-05-07T20:03:47.618+0200] {processor.py:914} INFO - Processing file /home/rodrigo/Escritorio/BBDDAvanzadas/.venv/lib/python3.12/site-packages/airflow/example_dags/subdags/subdag.py for tasks to queue
[2026-05-07T20:03:47.620+0200] {logging_mixin.py:190} INFO - [2026-05-07T20:03:47.619+0200] {dagbag.py:588} INFO - Filling up the DagBag from /home/rodrigo/Escritorio/BBDDAvanzadas/.venv/lib/python3.12/site-packages/airflow/example_dags/subdags/subdag.py
[2026-05-07T20:03:47.622+0200] {processor.py:927} WARNING - No viable dags retrieved from /home/rodrigo/Escritorio/BBDDAvanzadas/.venv/lib/python3.12/site-packages/airflow/example_dags/subdags/subdag.py
[2026-05-07T20:03:47.636+0200] {processor.py:208} INFO - Processing /home/rodrigo/Escritorio/BBDDAvanzadas/.venv/lib/python3.12/site-packages/airflow/example_dags/subdags/subdag.py took 0.024 seconds
[2026-05-07T20:04:50.838+0200] {processor.py:186} INFO - Started process (PID=17907) to work on /home/rodrigo/Escritorio/BBDDAvanzadas/.venv/lib/python3.12/site-packages/airflow/example_dags/subdags/subdag.py
[2026-05-07T20:04:50.839+0200] {processor.py:914} INFO - Processing file /home/rodrigo/Escritorio/BBDDAvanzadas/.venv/lib/python3.12/site-packages/airflow/example_dags/subdags/subdag.py for tasks to queue
[2026-05-07T20:04:50.840+0200] {logging_mixin.py:190} INFO - [2026-05-07T20:04:50.840+0200] {dagbag.py:588} INFO - Filling up the DagBag from /home/rodrigo/Escritorio/BBDDAvanzadas/.venv/lib/python3.12/site-packages/airflow/example_dags/subdags/subdag.py
[2026-05-07T20:04:50.842+0200] {processor.py:927} WARNING - No viable dags retrieved from /home/rodrigo/Escritorio/BBDDAvanzadas/.venv/lib/python3.12/site-packages/airflow/example_dags/subdags/subdag.py
[2026-05-07T20:04:50.850+0200] {processor.py:208} INFO - Processing /home/rodrigo/Escritorio/BBDDAvanzadas/.venv/lib/python3.12/site-packages/airflow/example_dags/subdags/subdag.py took 0.017 seconds
[2026-05-07T20:05:23.437+0200] {processor.py:186} INFO - Started process (PID=17973) to work on /home/rodrigo/Escritorio/BBDDAvanzadas/.venv/lib/python3.12/site-packages/airflow/example_dags/subdags/subdag.py
[2026-05-07T20:05:23.437+0200] {processor.py:914} INFO - Processing file /home/rodrigo/Escritorio/BBDDAvanzadas/.venv/lib/python3.12/site-packages/airflow/example_dags/subdags/subdag.py for tasks to queue
[2026-05-07T20:05:23.439+0200] {logging_mixin.py:190} INFO - [2026-05-07T20:05:23.439+0200] {dagbag.py:588} INFO - Filling up the DagBag from /home/rodrigo/Escritorio/BBDDAvanzadas/.venv/lib/python3.12/site-packages/airflow/example_dags/subdags/subdag.py
[2026-05-07T20:05:23.441+0200] {processor.py:927} WARNING - No viable dags retrieved from /home/rodrigo/Escritorio/BBDDAvanzadas/.venv/lib/python3.12/site-packages/airflow/example_dags/subdags/subdag.py
[2026-05-07T20:05:23.449+0200] {processor.py:208} INFO - Processing /home/rodrigo/Escritorio/BBDDAvanzadas/.venv/lib/python3.12/site-packages/airflow/example_dags/subdags/subdag.py took 0.016 seconds
[2026-05-07T20:06:24.575+0200] {processor.py:186} INFO - Started process (PID=18091) to work on /home/rodrigo/Escritorio/BBDDAvanzadas/.venv/lib/python3.12/site-packages/airflow/example_dags/subdags/subdag.py
[2026-05-07T20:06:24.576+0200] {processor.py:914} INFO - Processing file /home/rodrigo/Escritorio/BBDDAvanzadas/.venv/lib/python3.12/site-packages/airflow/example_dags/subdags/subdag.py for tasks to queue
[2026-05-07T20:06:24.579+0200] {logging_mixin.py:190} INFO - [2026-05-07T20:06:24.578+0200] {dagbag.py:588} INFO - Filling up the DagBag from /home/rodrigo/Escritorio/BBDDAvanzadas/.venv/lib/python3.12/site-packages/airflow/example_dags/subdags/subdag.py
[2026-05-07T20:06:24.581+0200] {processor.py:927} WARNING - No viable dags retrieved from /home/rodrigo/Escritorio/BBDDAvanzadas/.venv/lib/python3.12/site-packages/airflow/example_dags/subdags/subdag.py
[2026-05-07T20:06:24.590+0200] {processor.py:208} INFO - Processing /home/rodrigo/Escritorio/BBDDAvanzadas/.venv/lib/python3.12/site-packages/airflow/example_dags/subdags/subdag.py took 0.021 seconds
[2026-05-07T20:07:22.205+0200] {processor.py:186} INFO - Started process (PID=18211) to work on /home/rodrigo/Escritorio/BBDDAvanzadas/.venv/lib/python3.12/site-packages/airflow/example_dags/subdags/subdag.py
[2026-05-07T20:07:22.206+0200] {processor.py:914} INFO - Processing file /home/rodrigo/Escritorio/BBDDAvanzadas/.venv/lib/python3.12/site-packages/airflow/example_dags/subdags/subdag.py for tasks to queue
[2026-05-07T20:07:22.207+0200] {logging_mixin.py:190} INFO - [2026-05-07T20:07:22.207+0200] {dagbag.py:588} INFO - Filling up the DagBag from /home/rodrigo/Escritorio/BBDDAvanzadas/.venv/lib/python3.12/site-packages/airflow/example_dags/subdags/subdag.py
[2026-05-07T20:07:22.209+0200] {processor.py:927} WARNING - No viable dags retrieved from /home/rodrigo/Escritorio/BBDDAvanzadas/.venv/lib/python3.12/site-packages/airflow/example_dags/subdags/subdag.py
[2026-05-07T20:07:22.216+0200] {processor.py:208} INFO - Processing /home/rodrigo/Escritorio/BBDDAvanzadas/.venv/lib/python3.12/site-packages/airflow/example_dags/subdags/subdag.py took 0.015 seconds
[2026-05-07T20:08:23.011+0200] {processor.py:186} INFO - Started process (PID=18342) to work on /home/rodrigo/Escritorio/BBDDAvanzadas/.venv/lib/python3.12/site-packages/airflow/example_dags/subdags/subdag.py
[2026-05-07T20:08:23.011+0200] {processor.py:914} INFO - Processing file /home/rodrigo/Escritorio/BBDDAvanzadas/.venv/lib/python3.12/site-packages/airflow/example_dags/subdags/subdag.py for tasks to queue
[2026-05-07T20:08:23.013+0200] {logging_mixin.py:190} INFO - [2026-05-07T20:08:23.013+0200] {dagbag.py:588} INFO - Filling up the DagBag from /home/rodrigo/Escritorio/BBDDAvanzadas/.venv/lib/python3.12/site-packages/airflow/example_dags/subdags/subdag.py
[2026-05-07T20:08:23.014+0200] {processor.py:927} WARNING - No viable dags retrieved from /home/rodrigo/Escritorio/BBDDAvanzadas/.venv/lib/python3.12/site-packages/airflow/example_dags/subdags/subdag.py
[2026-05-07T20:08:23.027+0200] {processor.py:208} INFO - Processing /home/rodrigo/Escritorio/BBDDAvanzadas/.venv/lib/python3.12/site-packages/airflow/example_dags/subdags/subdag.py took 0.021 seconds
[2026-05-07T20:08:59.219+0200] {processor.py:186} INFO - Started process (PID=18469) to work on /home/rodrigo/Escritorio/BBDDAvanzadas/.venv/lib/python3.12/site-packages/airflow/example_dags/subdags/subdag.py
[2026-05-07T20:08:59.222+0200] {processor.py:914} INFO - Processing file /home/rodrigo/Escritorio/BBDDAvanzadas/.venv/lib/python3.12/site-packages/airflow/example_dags/subdags/subdag.py for tasks to queue
[2026-05-07T20:08:59.224+0200] {logging_mixin.py:190} INFO - [2026-05-07T20:08:59.224+0200] {dagbag.py:588} INFO - Filling up the DagBag from /home/rodrigo/Escritorio/BBDDAvanzadas/.venv/lib/python3.12/site-packages/airflow/example_dags/subdags/subdag.py
[2026-05-07T20:08:59.226+0200] {processor.py:927} WARNING - No viable dags retrieved from /home/rodrigo/Escritorio/BBDDAvanzadas/.venv/lib/python3.12/site-packages/airflow/example_dags/subdags/subdag.py
[2026-05-07T20:08:59.251+0200] {processor.py:208} INFO - Processing /home/rodrigo/Escritorio/BBDDAvanzadas/.venv/lib/python3.12/site-packages/airflow/example_dags/subdags/subdag.py took 0.037 seconds
[2026-05-07T20:09:33.199+0200] {processor.py:186} INFO - Started process (PID=18547) to work on /home/rodrigo/Escritorio/BBDDAvanzadas/.venv/lib/python3.12/site-packages/airflow/example_dags/subdags/subdag.py
[2026-05-07T20:09:33.214+0200] {processor.py:914} INFO - Processing file /home/rodrigo/Escritorio/BBDDAvanzadas/.venv/lib/python3.12/site-packages/airflow/example_dags/subdags/subdag.py for tasks to queue
[2026-05-07T20:09:33.217+0200] {logging_mixin.py:190} INFO - [2026-05-07T20:09:33.217+0200] {dagbag.py:588} INFO - Filling up the DagBag from /home/rodrigo/Escritorio/BBDDAvanzadas/.venv/lib/python3.12/site-packages/airflow/example_dags/subdags/subdag.py
[2026-05-07T20:09:33.222+0200] {processor.py:927} WARNING - No viable dags retrieved from /home/rodrigo/Escritorio/BBDDAvanzadas/.venv/lib/python3.12/site-packages/airflow/example_dags/subdags/subdag.py
[2026-05-07T20:09:33.269+0200] {processor.py:208} INFO - Processing /home/rodrigo/Escritorio/BBDDAvanzadas/.venv/lib/python3.12/site-packages/airflow/example_dags/subdags/subdag.py took 0.079 seconds
[2026-05-07T20:10:05.330+0200] {processor.py:186} INFO - Started process (PID=18608) to work on /home/rodrigo/Escritorio/BBDDAvanzadas/.venv/lib/python3.12/site-packages/airflow/example_dags/subdags/subdag.py
[2026-05-07T20:10:05.331+0200] {processor.py:914} INFO - Processing file /home/rodrigo/Escritorio/BBDDAvanzadas/.venv/lib/python3.12/site-packages/airflow/example_dags/subdags/subdag.py for tasks to queue
[2026-05-07T20:10:05.332+0200] {logging_mixin.py:190} INFO - [2026-05-07T20:10:05.332+0200] {dagbag.py:588} INFO - Filling up the DagBag from /home/rodrigo/Escritorio/BBDDAvanzadas/.venv/lib/python3.12/site-packages/airflow/example_dags/subdags/subdag.py
[2026-05-07T20:10:05.334+0200] {processor.py:927} WARNING - No viable dags retrieved from /home/rodrigo/Escritorio/BBDDAvanzadas/.venv/lib/python3.12/site-packages/airflow/example_dags/subdags/subdag.py
[2026-05-07T20:10:05.342+0200] {processor.py:208} INFO - Processing /home/rodrigo/Escritorio/BBDDAvanzadas/.venv/lib/python3.12/site-packages/airflow/example_dags/subdags/subdag.py took 0.017 seconds
