[2026-05-07T19:31:31.515+0200] {processor.py:186} INFO - Started process (PID=14219) to work on /home/rodrigo/Escritorio/BBDDAvanzadas/.venv/lib/python3.12/site-packages/airflow/example_dags/plugins/event_listener.py
[2026-05-07T19:31:31.515+0200] {processor.py:914} INFO - Processing file /home/rodrigo/Escritorio/BBDDAvanzadas/.venv/lib/python3.12/site-packages/airflow/example_dags/plugins/event_listener.py for tasks to queue
[2026-05-07T19:31:31.516+0200] {logging_mixin.py:190} INFO - [2026-05-07T19:31:31.516+0200] {dagbag.py:588} INFO - Filling up the DagBag from /home/rodrigo/Escritorio/BBDDAvanzadas/.venv/lib/python3.12/site-packages/airflow/example_dags/plugins/event_listener.py
[2026-05-07T19:31:31.518+0200] {processor.py:927} WARNING - No viable dags retrieved from /home/rodrigo/Escritorio/BBDDAvanzadas/.venv/lib/python3.12/site-packages/airflow/example_dags/plugins/event_listener.py
[2026-05-07T19:31:31.526+0200] {processor.py:208} INFO - Processing /home/rodrigo/Escritorio/BBDDAvanzadas/.venv/lib/python3.12/site-packages/airflow/example_dags/plugins/event_listener.py took 0.015 seconds
[2026-05-07T19:31:37.162+0200] {processor.py:186} INFO - Started process (PID=14228) to work on /home/rodrigo/Escritorio/BBDDAvanzadas/.venv/lib/python3.12/site-packages/airflow/example_dags/plugins/event_listener.py
[2026-05-07T19:31:37.164+0200] {processor.py:914} INFO - Processing file /home/rodrigo/Escritorio/BBDDAvanzadas/.venv/lib/python3.12/site-packages/airflow/example_dags/plugins/event_listener.py for tasks to queue
[2026-05-07T19:31:37.166+0200] {logging_mixin.py:190} INFO - [2026-05-07T19:31:37.166+0200] {dagbag.py:588} INFO - Filling up the DagBag from /home/rodrigo/Escritorio/BBDDAvanzadas/.venv/lib/python3.12/site-packages/airflow/example_dags/plugins/event_listener.py
[2026-05-07T19:31:37.169+0200] {processor.py:927} WARNING - No viable dags retrieved from /home/rodrigo/Escritorio/BBDDAvanzadas/.venv/lib/python3.12/site-packages/airflow/example_dags/plugins/event_listener.py
[2026-05-07T19:31:37.179+0200] {processor.py:208} INFO - Processing /home/rodrigo/Escritorio/BBDDAvanzadas/.venv/lib/python3.12/site-packages/airflow/example_dags/plugins/event_listener.py took 0.038 seconds
[2026-05-07T19:32:08.366+0200] {processor.py:186} INFO - Started process (PID=14305) to work on /home/rodrigo/Escritorio/BBDDAvanzadas/.venv/lib/python3.12/site-packages/airflow/example_dags/plugins/event_listener.py
[2026-05-07T19:32:08.367+0200] {processor.py:914} INFO - Processing file /home/rodrigo/Escritorio/BBDDAvanzadas/.venv/lib/python3.12/site-packages/airflow/example_dags/plugins/event_listener.py for tasks to queue
[2026-05-07T19:32:08.368+0200] {logging_mixin.py:190} INFO - [2026-05-07T19:32:08.368+0200] {dagbag.py:588} INFO - Filling up the DagBag from /home/rodrigo/Escritorio/BBDDAvanzadas/.venv/lib/python3.12/site-packages/airflow/example_dags/plugins/event_listener.py
[2026-05-07T19:32:08.370+0200] {processor.py:927} WARNING - No viable dags retrieved from /home/rodrigo/Escritorio/BBDDAvanzadas/.venv/lib/python3.12/site-packages/airflow/example_dags/plugins/event_listener.py
[2026-05-07T19:32:08.379+0200] {processor.py:208} INFO - Processing /home/rodrigo/Escritorio/BBDDAvanzadas/.venv/lib/python3.12/site-packages/airflow/example_dags/plugins/event_listener.py took 0.017 seconds
[2026-05-07T19:33:25.248+0200] {processor.py:186} INFO - Started process (PID=14507) to work on /home/rodrigo/Escritorio/BBDDAvanzadas/.venv/lib/python3.12/site-packages/airflow/example_dags/plugins/event_listener.py
[2026-05-07T19:33:25.249+0200] {processor.py:914} INFO - Processing file /home/rodrigo/Escritorio/BBDDAvanzadas/.venv/lib/python3.12/site-packages/airflow/example_dags/plugins/event_listener.py for tasks to queue
[2026-05-07T19:33:25.250+0200] {logging_mixin.py:190} INFO - [2026-05-07T19:33:25.250+0200] {dagbag.py:588} INFO - Filling up the DagBag from /home/rodrigo/Escritorio/BBDDAvanzadas/.venv/lib/python3.12/site-packages/airflow/example_dags/plugins/event_listener.py
[2026-05-07T19:33:25.254+0200] {processor.py:927} WARNING - No viable dags retrieved from /home/rodrigo/Escritorio/BBDDAvanzadas/.venv/lib/python3.12/site-packages/airflow/example_dags/plugins/event_listener.py
[2026-05-07T19:33:25.273+0200] {processor.py:208} INFO - Processing /home/rodrigo/Escritorio/BBDDAvanzadas/.venv/lib/python3.12/site-packages/airflow/example_dags/plugins/event_listener.py took 0.029 seconds
[2026-05-07T19:35:10.512+0200] {processor.py:186} INFO - Started process (PID=14681) to work on /home/rodrigo/Escritorio/BBDDAvanzadas/.venv/lib/python3.12/site-packages/airflow/example_dags/plugins/event_listener.py
[2026-05-07T19:35:10.513+0200] {processor.py:914} INFO - Processing file /home/rodrigo/Escritorio/BBDDAvanzadas/.venv/lib/python3.12/site-packages/airflow/example_dags/plugins/event_listener.py for tasks to queue
[2026-05-07T19:35:10.515+0200] {logging_mixin.py:190} INFO - [2026-05-07T19:35:10.514+0200] {dagbag.py:588} INFO - Filling up the DagBag from /home/rodrigo/Escritorio/BBDDAvanzadas/.venv/lib/python3.12/site-packages/airflow/example_dags/plugins/event_listener.py
[2026-05-07T19:35:10.518+0200] {processor.py:927} WARNING - No viable dags retrieved from /home/rodrigo/Escritorio/BBDDAvanzadas/.venv/lib/python3.12/site-packages/airflow/example_dags/plugins/event_listener.py
[2026-05-07T19:35:10.527+0200] {processor.py:208} INFO - Processing /home/rodrigo/Escritorio/BBDDAvanzadas/.venv/lib/python3.12/site-packages/airflow/example_dags/plugins/event_listener.py took 0.019 seconds
[2026-05-07T19:37:03.798+0200] {processor.py:186} INFO - Started process (PID=14787) to work on /home/rodrigo/Escritorio/BBDDAvanzadas/.venv/lib/python3.12/site-packages/airflow/example_dags/plugins/event_listener.py
[2026-05-07T19:37:03.799+0200] {processor.py:914} INFO - Processing file /home/rodrigo/Escritorio/BBDDAvanzadas/.venv/lib/python3.12/site-packages/airflow/example_dags/plugins/event_listener.py for tasks to queue
[2026-05-07T19:37:03.801+0200] {logging_mixin.py:190} INFO - [2026-05-07T19:37:03.801+0200] {dagbag.py:588} INFO - Filling up the DagBag from /home/rodrigo/Escritorio/BBDDAvanzadas/.venv/lib/python3.12/site-packages/airflow/example_dags/plugins/event_listener.py
[2026-05-07T19:37:03.803+0200] {processor.py:927} WARNING - No viable dags retrieved from /home/rodrigo/Escritorio/BBDDAvanzadas/.venv/lib/python3.12/site-packages/airflow/example_dags/plugins/event_listener.py
[2026-05-07T19:37:03.810+0200] {processor.py:208} INFO - Processing /home/rodrigo/Escritorio/BBDDAvanzadas/.venv/lib/python3.12/site-packages/airflow/example_dags/plugins/event_listener.py took 0.015 seconds
[2026-05-07T19:38:04.718+0200] {processor.py:186} INFO - Started process (PID=14944) to work on /home/rodrigo/Escritorio/BBDDAvanzadas/.venv/lib/python3.12/site-packages/airflow/example_dags/plugins/event_listener.py
[2026-05-07T19:38:04.719+0200] {processor.py:914} INFO - Processing file /home/rodrigo/Escritorio/BBDDAvanzadas/.venv/lib/python3.12/site-packages/airflow/example_dags/plugins/event_listener.py for tasks to queue
[2026-05-07T19:38:04.721+0200] {logging_mixin.py:190} INFO - [2026-05-07T19:38:04.720+0200] {dagbag.py:588} INFO - Filling up the DagBag from /home/rodrigo/Escritorio/BBDDAvanzadas/.venv/lib/python3.12/site-packages/airflow/example_dags/plugins/event_listener.py
[2026-05-07T19:38:04.722+0200] {processor.py:927} WARNING - No viable dags retrieved from /home/rodrigo/Escritorio/BBDDAvanzadas/.venv/lib/python3.12/site-packages/airflow/example_dags/plugins/event_listener.py
[2026-05-07T19:38:04.729+0200] {processor.py:208} INFO - Processing /home/rodrigo/Escritorio/BBDDAvanzadas/.venv/lib/python3.12/site-packages/airflow/example_dags/plugins/event_listener.py took 0.014 seconds
[2026-05-07T19:39:29.086+0200] {processor.py:186} INFO - Started process (PID=15043) to work on /home/rodrigo/Escritorio/BBDDAvanzadas/.venv/lib/python3.12/site-packages/airflow/example_dags/plugins/event_listener.py
[2026-05-07T19:39:29.089+0200] {processor.py:914} INFO - Processing file /home/rodrigo/Escritorio/BBDDAvanzadas/.venv/lib/python3.12/site-packages/airflow/example_dags/plugins/event_listener.py for tasks to queue
[2026-05-07T19:39:29.090+0200] {logging_mixin.py:190} INFO - [2026-05-07T19:39:29.090+0200] {dagbag.py:588} INFO - Filling up the DagBag from /home/rodrigo/Escritorio/BBDDAvanzadas/.venv/lib/python3.12/site-packages/airflow/example_dags/plugins/event_listener.py
[2026-05-07T19:39:29.092+0200] {processor.py:927} WARNING - No viable dags retrieved from /home/rodrigo/Escritorio/BBDDAvanzadas/.venv/lib/python3.12/site-packages/airflow/example_dags/plugins/event_listener.py
[2026-05-07T19:39:29.101+0200] {processor.py:208} INFO - Processing /home/rodrigo/Escritorio/BBDDAvanzadas/.venv/lib/python3.12/site-packages/airflow/example_dags/plugins/event_listener.py took 0.022 seconds
[2026-05-07T19:40:10.930+0200] {processor.py:186} INFO - Started process (PID=15098) to work on /home/rodrigo/Escritorio/BBDDAvanzadas/.venv/lib/python3.12/site-packages/airflow/example_dags/plugins/event_listener.py
[2026-05-07T19:40:10.932+0200] {processor.py:914} INFO - Processing file /home/rodrigo/Escritorio/BBDDAvanzadas/.venv/lib/python3.12/site-packages/airflow/example_dags/plugins/event_listener.py for tasks to queue
[2026-05-07T19:40:10.934+0200] {logging_mixin.py:190} INFO - [2026-05-07T19:40:10.934+0200] {dagbag.py:588} INFO - Filling up the DagBag from /home/rodrigo/Escritorio/BBDDAvanzadas/.venv/lib/python3.12/site-packages/airflow/example_dags/plugins/event_listener.py
[2026-05-07T19:40:10.936+0200] {processor.py:927} WARNING - No viable dags retrieved from /home/rodrigo/Escritorio/BBDDAvanzadas/.venv/lib/python3.12/site-packages/airflow/example_dags/plugins/event_listener.py
[2026-05-07T19:40:10.950+0200] {processor.py:208} INFO - Processing /home/rodrigo/Escritorio/BBDDAvanzadas/.venv/lib/python3.12/site-packages/airflow/example_dags/plugins/event_listener.py took 0.027 seconds
[2026-05-07T19:40:58.059+0200] {processor.py:186} INFO - Started process (PID=15164) to work on /home/rodrigo/Escritorio/BBDDAvanzadas/.venv/lib/python3.12/site-packages/airflow/example_dags/plugins/event_listener.py
[2026-05-07T19:40:58.068+0200] {processor.py:914} INFO - Processing file /home/rodrigo/Escritorio/BBDDAvanzadas/.venv/lib/python3.12/site-packages/airflow/example_dags/plugins/event_listener.py for tasks to queue
[2026-05-07T19:40:58.073+0200] {logging_mixin.py:190} INFO - [2026-05-07T19:40:58.072+0200] {dagbag.py:588} INFO - Filling up the DagBag from /home/rodrigo/Escritorio/BBDDAvanzadas/.venv/lib/python3.12/site-packages/airflow/example_dags/plugins/event_listener.py
[2026-05-07T19:40:58.075+0200] {processor.py:927} WARNING - No viable dags retrieved from /home/rodrigo/Escritorio/BBDDAvanzadas/.venv/lib/python3.12/site-packages/airflow/example_dags/plugins/event_listener.py
[2026-05-07T19:40:58.085+0200] {processor.py:208} INFO - Processing /home/rodrigo/Escritorio/BBDDAvanzadas/.venv/lib/python3.12/site-packages/airflow/example_dags/plugins/event_listener.py took 0.032 seconds
[2026-05-07T19:41:46.128+0200] {processor.py:186} INFO - Started process (PID=15246) to work on /home/rodrigo/Escritorio/BBDDAvanzadas/.venv/lib/python3.12/site-packages/airflow/example_dags/plugins/event_listener.py
[2026-05-07T19:41:46.135+0200] {processor.py:914} INFO - Processing file /home/rodrigo/Escritorio/BBDDAvanzadas/.venv/lib/python3.12/site-packages/airflow/example_dags/plugins/event_listener.py for tasks to queue
[2026-05-07T19:41:46.137+0200] {logging_mixin.py:190} INFO - [2026-05-07T19:41:46.137+0200] {dagbag.py:588} INFO - Filling up the DagBag from /home/rodrigo/Escritorio/BBDDAvanzadas/.venv/lib/python3.12/site-packages/airflow/example_dags/plugins/event_listener.py
[2026-05-07T19:41:46.139+0200] {processor.py:927} WARNING - No viable dags retrieved from /home/rodrigo/Escritorio/BBDDAvanzadas/.venv/lib/python3.12/site-packages/airflow/example_dags/plugins/event_listener.py
[2026-05-07T19:41:46.163+0200] {processor.py:208} INFO - Processing /home/rodrigo/Escritorio/BBDDAvanzadas/.venv/lib/python3.12/site-packages/airflow/example_dags/plugins/event_listener.py took 0.041 seconds
[2026-05-07T19:42:26.501+0200] {processor.py:186} INFO - Started process (PID=15422) to work on /home/rodrigo/Escritorio/BBDDAvanzadas/.venv/lib/python3.12/site-packages/airflow/example_dags/plugins/event_listener.py
[2026-05-07T19:42:26.502+0200] {processor.py:914} INFO - Processing file /home/rodrigo/Escritorio/BBDDAvanzadas/.venv/lib/python3.12/site-packages/airflow/example_dags/plugins/event_listener.py for tasks to queue
[2026-05-07T19:42:26.504+0200] {logging_mixin.py:190} INFO - [2026-05-07T19:42:26.504+0200] {dagbag.py:588} INFO - Filling up the DagBag from /home/rodrigo/Escritorio/BBDDAvanzadas/.venv/lib/python3.12/site-packages/airflow/example_dags/plugins/event_listener.py
[2026-05-07T19:42:26.505+0200] {processor.py:927} WARNING - No viable dags retrieved from /home/rodrigo/Escritorio/BBDDAvanzadas/.venv/lib/python3.12/site-packages/airflow/example_dags/plugins/event_listener.py
[2026-05-07T19:42:26.513+0200] {processor.py:208} INFO - Processing /home/rodrigo/Escritorio/BBDDAvanzadas/.venv/lib/python3.12/site-packages/airflow/example_dags/plugins/event_listener.py took 0.015 seconds
[2026-05-07T19:43:02.763+0200] {processor.py:186} INFO - Started process (PID=15497) to work on /home/rodrigo/Escritorio/BBDDAvanzadas/.venv/lib/python3.12/site-packages/airflow/example_dags/plugins/event_listener.py
[2026-05-07T19:43:02.764+0200] {processor.py:914} INFO - Processing file /home/rodrigo/Escritorio/BBDDAvanzadas/.venv/lib/python3.12/site-packages/airflow/example_dags/plugins/event_listener.py for tasks to queue
[2026-05-07T19:43:02.766+0200] {logging_mixin.py:190} INFO - [2026-05-07T19:43:02.765+0200] {dagbag.py:588} INFO - Filling up the DagBag from /home/rodrigo/Escritorio/BBDDAvanzadas/.venv/lib/python3.12/site-packages/airflow/example_dags/plugins/event_listener.py
[2026-05-07T19:43:02.768+0200] {processor.py:927} WARNING - No viable dags retrieved from /home/rodrigo/Escritorio/BBDDAvanzadas/.venv/lib/python3.12/site-packages/airflow/example_dags/plugins/event_listener.py
[2026-05-07T19:43:02.775+0200] {processor.py:208} INFO - Processing /home/rodrigo/Escritorio/BBDDAvanzadas/.venv/lib/python3.12/site-packages/airflow/example_dags/plugins/event_listener.py took 0.016 seconds
[2026-05-07T19:44:18.547+0200] {processor.py:186} INFO - Started process (PID=15685) to work on /home/rodrigo/Escritorio/BBDDAvanzadas/.venv/lib/python3.12/site-packages/airflow/example_dags/plugins/event_listener.py
[2026-05-07T19:44:18.549+0200] {processor.py:914} INFO - Processing file /home/rodrigo/Escritorio/BBDDAvanzadas/.venv/lib/python3.12/site-packages/airflow/example_dags/plugins/event_listener.py for tasks to queue
[2026-05-07T19:44:18.550+0200] {logging_mixin.py:190} INFO - [2026-05-07T19:44:18.550+0200] {dagbag.py:588} INFO - Filling up the DagBag from /home/rodrigo/Escritorio/BBDDAvanzadas/.venv/lib/python3.12/site-packages/airflow/example_dags/plugins/event_listener.py
[2026-05-07T19:44:18.552+0200] {processor.py:927} WARNING - No viable dags retrieved from /home/rodrigo/Escritorio/BBDDAvanzadas/.venv/lib/python3.12/site-packages/airflow/example_dags/plugins/event_listener.py
[2026-05-07T19:44:18.561+0200] {processor.py:208} INFO - Processing /home/rodrigo/Escritorio/BBDDAvanzadas/.venv/lib/python3.12/site-packages/airflow/example_dags/plugins/event_listener.py took 0.019 seconds
[2026-05-07T19:45:08.098+0200] {processor.py:186} INFO - Started process (PID=15866) to work on /home/rodrigo/Escritorio/BBDDAvanzadas/.venv/lib/python3.12/site-packages/airflow/example_dags/plugins/event_listener.py
[2026-05-07T19:45:08.100+0200] {processor.py:914} INFO - Processing file /home/rodrigo/Escritorio/BBDDAvanzadas/.venv/lib/python3.12/site-packages/airflow/example_dags/plugins/event_listener.py for tasks to queue
[2026-05-07T19:45:08.101+0200] {logging_mixin.py:190} INFO - [2026-05-07T19:45:08.101+0200] {dagbag.py:588} INFO - Filling up the DagBag from /home/rodrigo/Escritorio/BBDDAvanzadas/.venv/lib/python3.12/site-packages/airflow/example_dags/plugins/event_listener.py
[2026-05-07T19:45:08.103+0200] {processor.py:927} WARNING - No viable dags retrieved from /home/rodrigo/Escritorio/BBDDAvanzadas/.venv/lib/python3.12/site-packages/airflow/example_dags/plugins/event_listener.py
[2026-05-07T19:45:08.112+0200] {processor.py:208} INFO - Processing /home/rodrigo/Escritorio/BBDDAvanzadas/.venv/lib/python3.12/site-packages/airflow/example_dags/plugins/event_listener.py took 0.018 seconds
[2026-05-07T19:46:00.102+0200] {processor.py:186} INFO - Started process (PID=15914) to work on /home/rodrigo/Escritorio/BBDDAvanzadas/.venv/lib/python3.12/site-packages/airflow/example_dags/plugins/event_listener.py
[2026-05-07T19:46:00.103+0200] {processor.py:914} INFO - Processing file /home/rodrigo/Escritorio/BBDDAvanzadas/.venv/lib/python3.12/site-packages/airflow/example_dags/plugins/event_listener.py for tasks to queue
[2026-05-07T19:46:00.104+0200] {logging_mixin.py:190} INFO - [2026-05-07T19:46:00.104+0200] {dagbag.py:588} INFO - Filling up the DagBag from /home/rodrigo/Escritorio/BBDDAvanzadas/.venv/lib/python3.12/site-packages/airflow/example_dags/plugins/event_listener.py
[2026-05-07T19:46:00.106+0200] {processor.py:927} WARNING - No viable dags retrieved from /home/rodrigo/Escritorio/BBDDAvanzadas/.venv/lib/python3.12/site-packages/airflow/example_dags/plugins/event_listener.py
[2026-05-07T19:46:00.114+0200] {processor.py:208} INFO - Processing /home/rodrigo/Escritorio/BBDDAvanzadas/.venv/lib/python3.12/site-packages/airflow/example_dags/plugins/event_listener.py took 0.017 seconds
[2026-05-07T19:46:51.214+0200] {processor.py:186} INFO - Started process (PID=15984) to work on /home/rodrigo/Escritorio/BBDDAvanzadas/.venv/lib/python3.12/site-packages/airflow/example_dags/plugins/event_listener.py
[2026-05-07T19:46:51.216+0200] {processor.py:914} INFO - Processing file /home/rodrigo/Escritorio/BBDDAvanzadas/.venv/lib/python3.12/site-packages/airflow/example_dags/plugins/event_listener.py for tasks to queue
[2026-05-07T19:46:51.218+0200] {logging_mixin.py:190} INFO - [2026-05-07T19:46:51.217+0200] {dagbag.py:588} INFO - Filling up the DagBag from /home/rodrigo/Escritorio/BBDDAvanzadas/.venv/lib/python3.12/site-packages/airflow/example_dags/plugins/event_listener.py
[2026-05-07T19:46:51.220+0200] {processor.py:927} WARNING - No viable dags retrieved from /home/rodrigo/Escritorio/BBDDAvanzadas/.venv/lib/python3.12/site-packages/airflow/example_dags/plugins/event_listener.py
[2026-05-07T19:46:51.229+0200] {processor.py:208} INFO - Processing /home/rodrigo/Escritorio/BBDDAvanzadas/.venv/lib/python3.12/site-packages/airflow/example_dags/plugins/event_listener.py took 0.020 seconds
[2026-05-07T19:47:32.036+0200] {processor.py:186} INFO - Started process (PID=16084) to work on /home/rodrigo/Escritorio/BBDDAvanzadas/.venv/lib/python3.12/site-packages/airflow/example_dags/plugins/event_listener.py
[2026-05-07T19:47:32.037+0200] {processor.py:914} INFO - Processing file /home/rodrigo/Escritorio/BBDDAvanzadas/.venv/lib/python3.12/site-packages/airflow/example_dags/plugins/event_listener.py for tasks to queue
[2026-05-07T19:47:32.041+0200] {logging_mixin.py:190} INFO - [2026-05-07T19:47:32.040+0200] {dagbag.py:588} INFO - Filling up the DagBag from /home/rodrigo/Escritorio/BBDDAvanzadas/.venv/lib/python3.12/site-packages/airflow/example_dags/plugins/event_listener.py
[2026-05-07T19:47:32.043+0200] {processor.py:927} WARNING - No viable dags retrieved from /home/rodrigo/Escritorio/BBDDAvanzadas/.venv/lib/python3.12/site-packages/airflow/example_dags/plugins/event_listener.py
[2026-05-07T19:47:32.085+0200] {processor.py:208} INFO - Processing /home/rodrigo/Escritorio/BBDDAvanzadas/.venv/lib/python3.12/site-packages/airflow/example_dags/plugins/event_listener.py took 0.055 seconds
[2026-05-07T19:48:45.805+0200] {processor.py:186} INFO - Started process (PID=16206) to work on /home/rodrigo/Escritorio/BBDDAvanzadas/.venv/lib/python3.12/site-packages/airflow/example_dags/plugins/event_listener.py
[2026-05-07T19:48:45.806+0200] {processor.py:914} INFO - Processing file /home/rodrigo/Escritorio/BBDDAvanzadas/.venv/lib/python3.12/site-packages/airflow/example_dags/plugins/event_listener.py for tasks to queue
[2026-05-07T19:48:45.808+0200] {logging_mixin.py:190} INFO - [2026-05-07T19:48:45.807+0200] {dagbag.py:588} INFO - Filling up the DagBag from /home/rodrigo/Escritorio/BBDDAvanzadas/.venv/lib/python3.12/site-packages/airflow/example_dags/plugins/event_listener.py
[2026-05-07T19:48:45.809+0200] {processor.py:927} WARNING - No viable dags retrieved from /home/rodrigo/Escritorio/BBDDAvanzadas/.venv/lib/python3.12/site-packages/airflow/example_dags/plugins/event_listener.py
[2026-05-07T19:48:45.817+0200] {processor.py:208} INFO - Processing /home/rodrigo/Escritorio/BBDDAvanzadas/.venv/lib/python3.12/site-packages/airflow/example_dags/plugins/event_listener.py took 0.016 seconds
[2026-05-07T19:49:32.841+0200] {processor.py:186} INFO - Started process (PID=16278) to work on /home/rodrigo/Escritorio/BBDDAvanzadas/.venv/lib/python3.12/site-packages/airflow/example_dags/plugins/event_listener.py
[2026-05-07T19:49:32.846+0200] {processor.py:914} INFO - Processing file /home/rodrigo/Escritorio/BBDDAvanzadas/.venv/lib/python3.12/site-packages/airflow/example_dags/plugins/event_listener.py for tasks to queue
[2026-05-07T19:49:32.848+0200] {logging_mixin.py:190} INFO - [2026-05-07T19:49:32.848+0200] {dagbag.py:588} INFO - Filling up the DagBag from /home/rodrigo/Escritorio/BBDDAvanzadas/.venv/lib/python3.12/site-packages/airflow/example_dags/plugins/event_listener.py
[2026-05-07T19:49:32.850+0200] {processor.py:927} WARNING - No viable dags retrieved from /home/rodrigo/Escritorio/BBDDAvanzadas/.venv/lib/python3.12/site-packages/airflow/example_dags/plugins/event_listener.py
[2026-05-07T19:49:32.858+0200] {processor.py:208} INFO - Processing /home/rodrigo/Escritorio/BBDDAvanzadas/.venv/lib/python3.12/site-packages/airflow/example_dags/plugins/event_listener.py took 0.022 seconds
[2026-05-07T19:50:21.154+0200] {processor.py:186} INFO - Started process (PID=16335) to work on /home/rodrigo/Escritorio/BBDDAvanzadas/.venv/lib/python3.12/site-packages/airflow/example_dags/plugins/event_listener.py
[2026-05-07T19:50:21.155+0200] {processor.py:914} INFO - Processing file /home/rodrigo/Escritorio/BBDDAvanzadas/.venv/lib/python3.12/site-packages/airflow/example_dags/plugins/event_listener.py for tasks to queue
[2026-05-07T19:50:21.156+0200] {logging_mixin.py:190} INFO - [2026-05-07T19:50:21.156+0200] {dagbag.py:588} INFO - Filling up the DagBag from /home/rodrigo/Escritorio/BBDDAvanzadas/.venv/lib/python3.12/site-packages/airflow/example_dags/plugins/event_listener.py
[2026-05-07T19:50:21.158+0200] {processor.py:927} WARNING - No viable dags retrieved from /home/rodrigo/Escritorio/BBDDAvanzadas/.venv/lib/python3.12/site-packages/airflow/example_dags/plugins/event_listener.py
[2026-05-07T19:50:21.165+0200] {processor.py:208} INFO - Processing /home/rodrigo/Escritorio/BBDDAvanzadas/.venv/lib/python3.12/site-packages/airflow/example_dags/plugins/event_listener.py took 0.016 seconds
[2026-05-07T19:51:17.770+0200] {processor.py:186} INFO - Started process (PID=16381) to work on /home/rodrigo/Escritorio/BBDDAvanzadas/.venv/lib/python3.12/site-packages/airflow/example_dags/plugins/event_listener.py
[2026-05-07T19:51:17.771+0200] {processor.py:914} INFO - Processing file /home/rodrigo/Escritorio/BBDDAvanzadas/.venv/lib/python3.12/site-packages/airflow/example_dags/plugins/event_listener.py for tasks to queue
[2026-05-07T19:51:17.772+0200] {logging_mixin.py:190} INFO - [2026-05-07T19:51:17.772+0200] {dagbag.py:588} INFO - Filling up the DagBag from /home/rodrigo/Escritorio/BBDDAvanzadas/.venv/lib/python3.12/site-packages/airflow/example_dags/plugins/event_listener.py
[2026-05-07T19:51:17.774+0200] {processor.py:927} WARNING - No viable dags retrieved from /home/rodrigo/Escritorio/BBDDAvanzadas/.venv/lib/python3.12/site-packages/airflow/example_dags/plugins/event_listener.py
[2026-05-07T19:51:17.781+0200] {processor.py:208} INFO - Processing /home/rodrigo/Escritorio/BBDDAvanzadas/.venv/lib/python3.12/site-packages/airflow/example_dags/plugins/event_listener.py took 0.015 seconds
[2026-05-07T19:52:00.304+0200] {processor.py:186} INFO - Started process (PID=16430) to work on /home/rodrigo/Escritorio/BBDDAvanzadas/.venv/lib/python3.12/site-packages/airflow/example_dags/plugins/event_listener.py
[2026-05-07T19:52:00.310+0200] {processor.py:914} INFO - Processing file /home/rodrigo/Escritorio/BBDDAvanzadas/.venv/lib/python3.12/site-packages/airflow/example_dags/plugins/event_listener.py for tasks to queue
[2026-05-07T19:52:00.316+0200] {logging_mixin.py:190} INFO - [2026-05-07T19:52:00.316+0200] {dagbag.py:588} INFO - Filling up the DagBag from /home/rodrigo/Escritorio/BBDDAvanzadas/.venv/lib/python3.12/site-packages/airflow/example_dags/plugins/event_listener.py
[2026-05-07T19:52:00.324+0200] {processor.py:927} WARNING - No viable dags retrieved from /home/rodrigo/Escritorio/BBDDAvanzadas/.venv/lib/python3.12/site-packages/airflow/example_dags/plugins/event_listener.py
[2026-05-07T19:52:00.360+0200] {processor.py:208} INFO - Processing /home/rodrigo/Escritorio/BBDDAvanzadas/.venv/lib/python3.12/site-packages/airflow/example_dags/plugins/event_listener.py took 0.065 seconds
[2026-05-07T19:53:09.876+0200] {processor.py:186} INFO - Started process (PID=16709) to work on /home/rodrigo/Escritorio/BBDDAvanzadas/.venv/lib/python3.12/site-packages/airflow/example_dags/plugins/event_listener.py
[2026-05-07T19:53:09.878+0200] {processor.py:914} INFO - Processing file /home/rodrigo/Escritorio/BBDDAvanzadas/.venv/lib/python3.12/site-packages/airflow/example_dags/plugins/event_listener.py for tasks to queue
[2026-05-07T19:53:09.883+0200] {logging_mixin.py:190} INFO - [2026-05-07T19:53:09.883+0200] {dagbag.py:588} INFO - Filling up the DagBag from /home/rodrigo/Escritorio/BBDDAvanzadas/.venv/lib/python3.12/site-packages/airflow/example_dags/plugins/event_listener.py
[2026-05-07T19:53:09.886+0200] {processor.py:927} WARNING - No viable dags retrieved from /home/rodrigo/Escritorio/BBDDAvanzadas/.venv/lib/python3.12/site-packages/airflow/example_dags/plugins/event_listener.py
[2026-05-07T19:53:09.895+0200] {processor.py:208} INFO - Processing /home/rodrigo/Escritorio/BBDDAvanzadas/.venv/lib/python3.12/site-packages/airflow/example_dags/plugins/event_listener.py took 0.023 seconds
[2026-05-07T19:53:46.482+0200] {processor.py:186} INFO - Started process (PID=16787) to work on /home/rodrigo/Escritorio/BBDDAvanzadas/.venv/lib/python3.12/site-packages/airflow/example_dags/plugins/event_listener.py
[2026-05-07T19:53:46.483+0200] {processor.py:914} INFO - Processing file /home/rodrigo/Escritorio/BBDDAvanzadas/.venv/lib/python3.12/site-packages/airflow/example_dags/plugins/event_listener.py for tasks to queue
[2026-05-07T19:53:46.485+0200] {logging_mixin.py:190} INFO - [2026-05-07T19:53:46.484+0200] {dagbag.py:588} INFO - Filling up the DagBag from /home/rodrigo/Escritorio/BBDDAvanzadas/.venv/lib/python3.12/site-packages/airflow/example_dags/plugins/event_listener.py
[2026-05-07T19:53:46.487+0200] {processor.py:927} WARNING - No viable dags retrieved from /home/rodrigo/Escritorio/BBDDAvanzadas/.venv/lib/python3.12/site-packages/airflow/example_dags/plugins/event_listener.py
[2026-05-07T19:53:46.506+0200] {processor.py:208} INFO - Processing /home/rodrigo/Escritorio/BBDDAvanzadas/.venv/lib/python3.12/site-packages/airflow/example_dags/plugins/event_listener.py took 0.027 seconds
[2026-05-07T19:54:22.288+0200] {processor.py:186} INFO - Started process (PID=16827) to work on /home/rodrigo/Escritorio/BBDDAvanzadas/.venv/lib/python3.12/site-packages/airflow/example_dags/plugins/event_listener.py
[2026-05-07T19:54:22.289+0200] {processor.py:914} INFO - Processing file /home/rodrigo/Escritorio/BBDDAvanzadas/.venv/lib/python3.12/site-packages/airflow/example_dags/plugins/event_listener.py for tasks to queue
[2026-05-07T19:54:22.290+0200] {logging_mixin.py:190} INFO - [2026-05-07T19:54:22.290+0200] {dagbag.py:588} INFO - Filling up the DagBag from /home/rodrigo/Escritorio/BBDDAvanzadas/.venv/lib/python3.12/site-packages/airflow/example_dags/plugins/event_listener.py
[2026-05-07T19:54:22.292+0200] {processor.py:927} WARNING - No viable dags retrieved from /home/rodrigo/Escritorio/BBDDAvanzadas/.venv/lib/python3.12/site-packages/airflow/example_dags/plugins/event_listener.py
[2026-05-07T19:54:22.304+0200] {processor.py:208} INFO - Processing /home/rodrigo/Escritorio/BBDDAvanzadas/.venv/lib/python3.12/site-packages/airflow/example_dags/plugins/event_listener.py took 0.021 seconds
[2026-05-07T19:54:58.275+0200] {processor.py:186} INFO - Started process (PID=16928) to work on /home/rodrigo/Escritorio/BBDDAvanzadas/.venv/lib/python3.12/site-packages/airflow/example_dags/plugins/event_listener.py
[2026-05-07T19:54:58.276+0200] {processor.py:914} INFO - Processing file /home/rodrigo/Escritorio/BBDDAvanzadas/.venv/lib/python3.12/site-packages/airflow/example_dags/plugins/event_listener.py for tasks to queue
[2026-05-07T19:54:58.277+0200] {logging_mixin.py:190} INFO - [2026-05-07T19:54:58.277+0200] {dagbag.py:588} INFO - Filling up the DagBag from /home/rodrigo/Escritorio/BBDDAvanzadas/.venv/lib/python3.12/site-packages/airflow/example_dags/plugins/event_listener.py
[2026-05-07T19:54:58.279+0200] {processor.py:927} WARNING - No viable dags retrieved from /home/rodrigo/Escritorio/BBDDAvanzadas/.venv/lib/python3.12/site-packages/airflow/example_dags/plugins/event_listener.py
[2026-05-07T19:54:58.290+0200] {processor.py:208} INFO - Processing /home/rodrigo/Escritorio/BBDDAvanzadas/.venv/lib/python3.12/site-packages/airflow/example_dags/plugins/event_listener.py took 0.020 seconds
[2026-05-07T19:55:42.462+0200] {processor.py:186} INFO - Started process (PID=16980) to work on /home/rodrigo/Escritorio/BBDDAvanzadas/.venv/lib/python3.12/site-packages/airflow/example_dags/plugins/event_listener.py
[2026-05-07T19:55:42.463+0200] {processor.py:914} INFO - Processing file /home/rodrigo/Escritorio/BBDDAvanzadas/.venv/lib/python3.12/site-packages/airflow/example_dags/plugins/event_listener.py for tasks to queue
[2026-05-07T19:55:42.465+0200] {logging_mixin.py:190} INFO - [2026-05-07T19:55:42.465+0200] {dagbag.py:588} INFO - Filling up the DagBag from /home/rodrigo/Escritorio/BBDDAvanzadas/.venv/lib/python3.12/site-packages/airflow/example_dags/plugins/event_listener.py
[2026-05-07T19:55:42.467+0200] {processor.py:927} WARNING - No viable dags retrieved from /home/rodrigo/Escritorio/BBDDAvanzadas/.venv/lib/python3.12/site-packages/airflow/example_dags/plugins/event_listener.py
[2026-05-07T19:55:42.473+0200] {processor.py:208} INFO - Processing /home/rodrigo/Escritorio/BBDDAvanzadas/.venv/lib/python3.12/site-packages/airflow/example_dags/plugins/event_listener.py took 0.015 seconds
[2026-05-07T19:56:37.617+0200] {processor.py:186} INFO - Started process (PID=17028) to work on /home/rodrigo/Escritorio/BBDDAvanzadas/.venv/lib/python3.12/site-packages/airflow/example_dags/plugins/event_listener.py
[2026-05-07T19:56:37.619+0200] {processor.py:914} INFO - Processing file /home/rodrigo/Escritorio/BBDDAvanzadas/.venv/lib/python3.12/site-packages/airflow/example_dags/plugins/event_listener.py for tasks to queue
[2026-05-07T19:56:37.620+0200] {logging_mixin.py:190} INFO - [2026-05-07T19:56:37.620+0200] {dagbag.py:588} INFO - Filling up the DagBag from /home/rodrigo/Escritorio/BBDDAvanzadas/.venv/lib/python3.12/site-packages/airflow/example_dags/plugins/event_listener.py
[2026-05-07T19:56:37.623+0200] {processor.py:927} WARNING - No viable dags retrieved from /home/rodrigo/Escritorio/BBDDAvanzadas/.venv/lib/python3.12/site-packages/airflow/example_dags/plugins/event_listener.py
[2026-05-07T19:56:37.632+0200] {processor.py:208} INFO - Processing /home/rodrigo/Escritorio/BBDDAvanzadas/.venv/lib/python3.12/site-packages/airflow/example_dags/plugins/event_listener.py took 0.019 seconds
[2026-05-07T19:57:39.832+0200] {processor.py:186} INFO - Started process (PID=17074) to work on /home/rodrigo/Escritorio/BBDDAvanzadas/.venv/lib/python3.12/site-packages/airflow/example_dags/plugins/event_listener.py
[2026-05-07T19:57:39.833+0200] {processor.py:914} INFO - Processing file /home/rodrigo/Escritorio/BBDDAvanzadas/.venv/lib/python3.12/site-packages/airflow/example_dags/plugins/event_listener.py for tasks to queue
[2026-05-07T19:57:39.834+0200] {logging_mixin.py:190} INFO - [2026-05-07T19:57:39.834+0200] {dagbag.py:588} INFO - Filling up the DagBag from /home/rodrigo/Escritorio/BBDDAvanzadas/.venv/lib/python3.12/site-packages/airflow/example_dags/plugins/event_listener.py
[2026-05-07T19:57:39.836+0200] {processor.py:927} WARNING - No viable dags retrieved from /home/rodrigo/Escritorio/BBDDAvanzadas/.venv/lib/python3.12/site-packages/airflow/example_dags/plugins/event_listener.py
[2026-05-07T19:57:39.843+0200] {processor.py:208} INFO - Processing /home/rodrigo/Escritorio/BBDDAvanzadas/.venv/lib/python3.12/site-packages/airflow/example_dags/plugins/event_listener.py took 0.015 seconds
[2026-05-07T19:58:46.457+0200] {processor.py:186} INFO - Started process (PID=17128) to work on /home/rodrigo/Escritorio/BBDDAvanzadas/.venv/lib/python3.12/site-packages/airflow/example_dags/plugins/event_listener.py
[2026-05-07T19:58:46.458+0200] {processor.py:914} INFO - Processing file /home/rodrigo/Escritorio/BBDDAvanzadas/.venv/lib/python3.12/site-packages/airflow/example_dags/plugins/event_listener.py for tasks to queue
[2026-05-07T19:58:46.459+0200] {logging_mixin.py:190} INFO - [2026-05-07T19:58:46.459+0200] {dagbag.py:588} INFO - Filling up the DagBag from /home/rodrigo/Escritorio/BBDDAvanzadas/.venv/lib/python3.12/site-packages/airflow/example_dags/plugins/event_listener.py
[2026-05-07T19:58:46.461+0200] {processor.py:927} WARNING - No viable dags retrieved from /home/rodrigo/Escritorio/BBDDAvanzadas/.venv/lib/python3.12/site-packages/airflow/example_dags/plugins/event_listener.py
[2026-05-07T19:58:46.470+0200] {processor.py:208} INFO - Processing /home/rodrigo/Escritorio/BBDDAvanzadas/.venv/lib/python3.12/site-packages/airflow/example_dags/plugins/event_listener.py took 0.017 seconds
[2026-05-07T19:59:45.762+0200] {processor.py:186} INFO - Started process (PID=17177) to work on /home/rodrigo/Escritorio/BBDDAvanzadas/.venv/lib/python3.12/site-packages/airflow/example_dags/plugins/event_listener.py
[2026-05-07T19:59:45.763+0200] {processor.py:914} INFO - Processing file /home/rodrigo/Escritorio/BBDDAvanzadas/.venv/lib/python3.12/site-packages/airflow/example_dags/plugins/event_listener.py for tasks to queue
[2026-05-07T19:59:45.764+0200] {logging_mixin.py:190} INFO - [2026-05-07T19:59:45.764+0200] {dagbag.py:588} INFO - Filling up the DagBag from /home/rodrigo/Escritorio/BBDDAvanzadas/.venv/lib/python3.12/site-packages/airflow/example_dags/plugins/event_listener.py
[2026-05-07T19:59:45.767+0200] {processor.py:927} WARNING - No viable dags retrieved from /home/rodrigo/Escritorio/BBDDAvanzadas/.venv/lib/python3.12/site-packages/airflow/example_dags/plugins/event_listener.py
[2026-05-07T19:59:45.775+0200] {processor.py:208} INFO - Processing /home/rodrigo/Escritorio/BBDDAvanzadas/.venv/lib/python3.12/site-packages/airflow/example_dags/plugins/event_listener.py took 0.018 seconds
[2026-05-07T20:00:40.829+0200] {processor.py:186} INFO - Started process (PID=17273) to work on /home/rodrigo/Escritorio/BBDDAvanzadas/.venv/lib/python3.12/site-packages/airflow/example_dags/plugins/event_listener.py
[2026-05-07T20:00:40.830+0200] {processor.py:914} INFO - Processing file /home/rodrigo/Escritorio/BBDDAvanzadas/.venv/lib/python3.12/site-packages/airflow/example_dags/plugins/event_listener.py for tasks to queue
[2026-05-07T20:00:40.831+0200] {logging_mixin.py:190} INFO - [2026-05-07T20:00:40.831+0200] {dagbag.py:588} INFO - Filling up the DagBag from /home/rodrigo/Escritorio/BBDDAvanzadas/.venv/lib/python3.12/site-packages/airflow/example_dags/plugins/event_listener.py
[2026-05-07T20:00:40.833+0200] {processor.py:927} WARNING - No viable dags retrieved from /home/rodrigo/Escritorio/BBDDAvanzadas/.venv/lib/python3.12/site-packages/airflow/example_dags/plugins/event_listener.py
[2026-05-07T20:00:40.841+0200] {processor.py:208} INFO - Processing /home/rodrigo/Escritorio/BBDDAvanzadas/.venv/lib/python3.12/site-packages/airflow/example_dags/plugins/event_listener.py took 0.016 seconds
[2026-05-07T20:01:20.710+0200] {processor.py:186} INFO - Started process (PID=17419) to work on /home/rodrigo/Escritorio/BBDDAvanzadas/.venv/lib/python3.12/site-packages/airflow/example_dags/plugins/event_listener.py
[2026-05-07T20:01:20.711+0200] {processor.py:914} INFO - Processing file /home/rodrigo/Escritorio/BBDDAvanzadas/.venv/lib/python3.12/site-packages/airflow/example_dags/plugins/event_listener.py for tasks to queue
[2026-05-07T20:01:20.715+0200] {logging_mixin.py:190} INFO - [2026-05-07T20:01:20.715+0200] {dagbag.py:588} INFO - Filling up the DagBag from /home/rodrigo/Escritorio/BBDDAvanzadas/.venv/lib/python3.12/site-packages/airflow/example_dags/plugins/event_listener.py
[2026-05-07T20:01:20.721+0200] {processor.py:927} WARNING - No viable dags retrieved from /home/rodrigo/Escritorio/BBDDAvanzadas/.venv/lib/python3.12/site-packages/airflow/example_dags/plugins/event_listener.py
[2026-05-07T20:01:20.733+0200] {processor.py:208} INFO - Processing /home/rodrigo/Escritorio/BBDDAvanzadas/.venv/lib/python3.12/site-packages/airflow/example_dags/plugins/event_listener.py took 0.029 seconds
[2026-05-07T20:02:21.507+0200] {processor.py:186} INFO - Started process (PID=17610) to work on /home/rodrigo/Escritorio/BBDDAvanzadas/.venv/lib/python3.12/site-packages/airflow/example_dags/plugins/event_listener.py
[2026-05-07T20:02:21.511+0200] {processor.py:914} INFO - Processing file /home/rodrigo/Escritorio/BBDDAvanzadas/.venv/lib/python3.12/site-packages/airflow/example_dags/plugins/event_listener.py for tasks to queue
[2026-05-07T20:02:21.512+0200] {logging_mixin.py:190} INFO - [2026-05-07T20:02:21.512+0200] {dagbag.py:588} INFO - Filling up the DagBag from /home/rodrigo/Escritorio/BBDDAvanzadas/.venv/lib/python3.12/site-packages/airflow/example_dags/plugins/event_listener.py
[2026-05-07T20:02:21.514+0200] {processor.py:927} WARNING - No viable dags retrieved from /home/rodrigo/Escritorio/BBDDAvanzadas/.venv/lib/python3.12/site-packages/airflow/example_dags/plugins/event_listener.py
[2026-05-07T20:02:21.522+0200] {processor.py:208} INFO - Processing /home/rodrigo/Escritorio/BBDDAvanzadas/.venv/lib/python3.12/site-packages/airflow/example_dags/plugins/event_listener.py took 0.022 seconds
[2026-05-07T20:03:20.021+0200] {processor.py:186} INFO - Started process (PID=17723) to work on /home/rodrigo/Escritorio/BBDDAvanzadas/.venv/lib/python3.12/site-packages/airflow/example_dags/plugins/event_listener.py
[2026-05-07T20:03:20.022+0200] {processor.py:914} INFO - Processing file /home/rodrigo/Escritorio/BBDDAvanzadas/.venv/lib/python3.12/site-packages/airflow/example_dags/plugins/event_listener.py for tasks to queue
[2026-05-07T20:03:20.023+0200] {logging_mixin.py:190} INFO - [2026-05-07T20:03:20.023+0200] {dagbag.py:588} INFO - Filling up the DagBag from /home/rodrigo/Escritorio/BBDDAvanzadas/.venv/lib/python3.12/site-packages/airflow/example_dags/plugins/event_listener.py
[2026-05-07T20:03:20.025+0200] {processor.py:927} WARNING - No viable dags retrieved from /home/rodrigo/Escritorio/BBDDAvanzadas/.venv/lib/python3.12/site-packages/airflow/example_dags/plugins/event_listener.py
[2026-05-07T20:03:20.033+0200] {processor.py:208} INFO - Processing /home/rodrigo/Escritorio/BBDDAvanzadas/.venv/lib/python3.12/site-packages/airflow/example_dags/plugins/event_listener.py took 0.016 seconds
[2026-05-07T20:04:21.059+0200] {processor.py:186} INFO - Started process (PID=17851) to work on /home/rodrigo/Escritorio/BBDDAvanzadas/.venv/lib/python3.12/site-packages/airflow/example_dags/plugins/event_listener.py
[2026-05-07T20:04:21.061+0200] {processor.py:914} INFO - Processing file /home/rodrigo/Escritorio/BBDDAvanzadas/.venv/lib/python3.12/site-packages/airflow/example_dags/plugins/event_listener.py for tasks to queue
[2026-05-07T20:04:21.062+0200] {logging_mixin.py:190} INFO - [2026-05-07T20:04:21.062+0200] {dagbag.py:588} INFO - Filling up the DagBag from /home/rodrigo/Escritorio/BBDDAvanzadas/.venv/lib/python3.12/site-packages/airflow/example_dags/plugins/event_listener.py
[2026-05-07T20:04:21.064+0200] {processor.py:927} WARNING - No viable dags retrieved from /home/rodrigo/Escritorio/BBDDAvanzadas/.venv/lib/python3.12/site-packages/airflow/example_dags/plugins/event_listener.py
[2026-05-07T20:04:21.072+0200] {processor.py:208} INFO - Processing /home/rodrigo/Escritorio/BBDDAvanzadas/.venv/lib/python3.12/site-packages/airflow/example_dags/plugins/event_listener.py took 0.017 seconds
[2026-05-07T20:05:25.776+0200] {processor.py:186} INFO - Started process (PID=17979) to work on /home/rodrigo/Escritorio/BBDDAvanzadas/.venv/lib/python3.12/site-packages/airflow/example_dags/plugins/event_listener.py
[2026-05-07T20:05:25.779+0200] {processor.py:914} INFO - Processing file /home/rodrigo/Escritorio/BBDDAvanzadas/.venv/lib/python3.12/site-packages/airflow/example_dags/plugins/event_listener.py for tasks to queue
[2026-05-07T20:05:25.780+0200] {logging_mixin.py:190} INFO - [2026-05-07T20:05:25.780+0200] {dagbag.py:588} INFO - Filling up the DagBag from /home/rodrigo/Escritorio/BBDDAvanzadas/.venv/lib/python3.12/site-packages/airflow/example_dags/plugins/event_listener.py
[2026-05-07T20:05:25.782+0200] {processor.py:927} WARNING - No viable dags retrieved from /home/rodrigo/Escritorio/BBDDAvanzadas/.venv/lib/python3.12/site-packages/airflow/example_dags/plugins/event_listener.py
[2026-05-07T20:05:25.789+0200] {processor.py:208} INFO - Processing /home/rodrigo/Escritorio/BBDDAvanzadas/.venv/lib/python3.12/site-packages/airflow/example_dags/plugins/event_listener.py took 0.017 seconds
[2026-05-07T20:06:26.894+0200] {processor.py:186} INFO - Started process (PID=18098) to work on /home/rodrigo/Escritorio/BBDDAvanzadas/.venv/lib/python3.12/site-packages/airflow/example_dags/plugins/event_listener.py
[2026-05-07T20:06:26.895+0200] {processor.py:914} INFO - Processing file /home/rodrigo/Escritorio/BBDDAvanzadas/.venv/lib/python3.12/site-packages/airflow/example_dags/plugins/event_listener.py for tasks to queue
[2026-05-07T20:06:26.897+0200] {logging_mixin.py:190} INFO - [2026-05-07T20:06:26.896+0200] {dagbag.py:588} INFO - Filling up the DagBag from /home/rodrigo/Escritorio/BBDDAvanzadas/.venv/lib/python3.12/site-packages/airflow/example_dags/plugins/event_listener.py
[2026-05-07T20:06:26.899+0200] {processor.py:927} WARNING - No viable dags retrieved from /home/rodrigo/Escritorio/BBDDAvanzadas/.venv/lib/python3.12/site-packages/airflow/example_dags/plugins/event_listener.py
[2026-05-07T20:06:26.908+0200] {processor.py:208} INFO - Processing /home/rodrigo/Escritorio/BBDDAvanzadas/.venv/lib/python3.12/site-packages/airflow/example_dags/plugins/event_listener.py took 0.019 seconds
[2026-05-07T20:07:24.543+0200] {processor.py:186} INFO - Started process (PID=18213) to work on /home/rodrigo/Escritorio/BBDDAvanzadas/.venv/lib/python3.12/site-packages/airflow/example_dags/plugins/event_listener.py
[2026-05-07T20:07:24.544+0200] {processor.py:914} INFO - Processing file /home/rodrigo/Escritorio/BBDDAvanzadas/.venv/lib/python3.12/site-packages/airflow/example_dags/plugins/event_listener.py for tasks to queue
[2026-05-07T20:07:24.545+0200] {logging_mixin.py:190} INFO - [2026-05-07T20:07:24.545+0200] {dagbag.py:588} INFO - Filling up the DagBag from /home/rodrigo/Escritorio/BBDDAvanzadas/.venv/lib/python3.12/site-packages/airflow/example_dags/plugins/event_listener.py
[2026-05-07T20:07:24.547+0200] {processor.py:927} WARNING - No viable dags retrieved from /home/rodrigo/Escritorio/BBDDAvanzadas/.venv/lib/python3.12/site-packages/airflow/example_dags/plugins/event_listener.py
[2026-05-07T20:07:24.554+0200] {processor.py:208} INFO - Processing /home/rodrigo/Escritorio/BBDDAvanzadas/.venv/lib/python3.12/site-packages/airflow/example_dags/plugins/event_listener.py took 0.016 seconds
[2026-05-07T20:08:27.142+0200] {processor.py:186} INFO - Started process (PID=18350) to work on /home/rodrigo/Escritorio/BBDDAvanzadas/.venv/lib/python3.12/site-packages/airflow/example_dags/plugins/event_listener.py
[2026-05-07T20:08:27.144+0200] {processor.py:914} INFO - Processing file /home/rodrigo/Escritorio/BBDDAvanzadas/.venv/lib/python3.12/site-packages/airflow/example_dags/plugins/event_listener.py for tasks to queue
[2026-05-07T20:08:27.145+0200] {logging_mixin.py:190} INFO - [2026-05-07T20:08:27.145+0200] {dagbag.py:588} INFO - Filling up the DagBag from /home/rodrigo/Escritorio/BBDDAvanzadas/.venv/lib/python3.12/site-packages/airflow/example_dags/plugins/event_listener.py
[2026-05-07T20:08:27.150+0200] {processor.py:927} WARNING - No viable dags retrieved from /home/rodrigo/Escritorio/BBDDAvanzadas/.venv/lib/python3.12/site-packages/airflow/example_dags/plugins/event_listener.py
[2026-05-07T20:08:27.159+0200] {processor.py:208} INFO - Processing /home/rodrigo/Escritorio/BBDDAvanzadas/.venv/lib/python3.12/site-packages/airflow/example_dags/plugins/event_listener.py took 0.029 seconds
[2026-05-07T20:09:34.955+0200] {processor.py:186} INFO - Started process (PID=18549) to work on /home/rodrigo/Escritorio/BBDDAvanzadas/.venv/lib/python3.12/site-packages/airflow/example_dags/plugins/event_listener.py
[2026-05-07T20:09:34.957+0200] {processor.py:914} INFO - Processing file /home/rodrigo/Escritorio/BBDDAvanzadas/.venv/lib/python3.12/site-packages/airflow/example_dags/plugins/event_listener.py for tasks to queue
[2026-05-07T20:09:34.958+0200] {logging_mixin.py:190} INFO - [2026-05-07T20:09:34.958+0200] {dagbag.py:588} INFO - Filling up the DagBag from /home/rodrigo/Escritorio/BBDDAvanzadas/.venv/lib/python3.12/site-packages/airflow/example_dags/plugins/event_listener.py
[2026-05-07T20:09:34.960+0200] {processor.py:927} WARNING - No viable dags retrieved from /home/rodrigo/Escritorio/BBDDAvanzadas/.venv/lib/python3.12/site-packages/airflow/example_dags/plugins/event_listener.py
[2026-05-07T20:09:34.968+0200] {processor.py:208} INFO - Processing /home/rodrigo/Escritorio/BBDDAvanzadas/.venv/lib/python3.12/site-packages/airflow/example_dags/plugins/event_listener.py took 0.018 seconds
