[2026-05-07T19:31:30.245+0200] {processor.py:186} INFO - Started process (PID=14214) to work on /home/rodrigo/Escritorio/BBDDAvanzadas/.venv/lib/python3.12/site-packages/airflow/example_dags/plugins/listener_plugin.py
[2026-05-07T19:31:30.245+0200] {processor.py:914} INFO - Processing file /home/rodrigo/Escritorio/BBDDAvanzadas/.venv/lib/python3.12/site-packages/airflow/example_dags/plugins/listener_plugin.py for tasks to queue
[2026-05-07T19:31:30.247+0200] {logging_mixin.py:190} INFO - [2026-05-07T19:31:30.247+0200] {dagbag.py:588} INFO - Filling up the DagBag from /home/rodrigo/Escritorio/BBDDAvanzadas/.venv/lib/python3.12/site-packages/airflow/example_dags/plugins/listener_plugin.py
[2026-05-07T19:31:30.249+0200] {processor.py:927} WARNING - No viable dags retrieved from /home/rodrigo/Escritorio/BBDDAvanzadas/.venv/lib/python3.12/site-packages/airflow/example_dags/plugins/listener_plugin.py
[2026-05-07T19:31:30.285+0200] {processor.py:208} INFO - Processing /home/rodrigo/Escritorio/BBDDAvanzadas/.venv/lib/python3.12/site-packages/airflow/example_dags/plugins/listener_plugin.py took 0.044 seconds
[2026-05-07T19:31:35.677+0200] {processor.py:186} INFO - Started process (PID=14226) to work on /home/rodrigo/Escritorio/BBDDAvanzadas/.venv/lib/python3.12/site-packages/airflow/example_dags/plugins/listener_plugin.py
[2026-05-07T19:31:35.678+0200] {processor.py:914} INFO - Processing file /home/rodrigo/Escritorio/BBDDAvanzadas/.venv/lib/python3.12/site-packages/airflow/example_dags/plugins/listener_plugin.py for tasks to queue
[2026-05-07T19:31:35.679+0200] {logging_mixin.py:190} INFO - [2026-05-07T19:31:35.679+0200] {dagbag.py:588} INFO - Filling up the DagBag from /home/rodrigo/Escritorio/BBDDAvanzadas/.venv/lib/python3.12/site-packages/airflow/example_dags/plugins/listener_plugin.py
[2026-05-07T19:31:35.681+0200] {processor.py:927} WARNING - No viable dags retrieved from /home/rodrigo/Escritorio/BBDDAvanzadas/.venv/lib/python3.12/site-packages/airflow/example_dags/plugins/listener_plugin.py
[2026-05-07T19:31:35.689+0200] {processor.py:208} INFO - Processing /home/rodrigo/Escritorio/BBDDAvanzadas/.venv/lib/python3.12/site-packages/airflow/example_dags/plugins/listener_plugin.py took 0.016 seconds
[2026-05-07T19:32:07.032+0200] {processor.py:186} INFO - Started process (PID=14304) to work on /home/rodrigo/Escritorio/BBDDAvanzadas/.venv/lib/python3.12/site-packages/airflow/example_dags/plugins/listener_plugin.py
[2026-05-07T19:32:07.044+0200] {processor.py:914} INFO - Processing file /home/rodrigo/Escritorio/BBDDAvanzadas/.venv/lib/python3.12/site-packages/airflow/example_dags/plugins/listener_plugin.py for tasks to queue
[2026-05-07T19:32:07.046+0200] {logging_mixin.py:190} INFO - [2026-05-07T19:32:07.046+0200] {dagbag.py:588} INFO - Filling up the DagBag from /home/rodrigo/Escritorio/BBDDAvanzadas/.venv/lib/python3.12/site-packages/airflow/example_dags/plugins/listener_plugin.py
[2026-05-07T19:32:07.048+0200] {processor.py:927} WARNING - No viable dags retrieved from /home/rodrigo/Escritorio/BBDDAvanzadas/.venv/lib/python3.12/site-packages/airflow/example_dags/plugins/listener_plugin.py
[2026-05-07T19:32:07.057+0200] {processor.py:208} INFO - Processing /home/rodrigo/Escritorio/BBDDAvanzadas/.venv/lib/python3.12/site-packages/airflow/example_dags/plugins/listener_plugin.py took 0.035 seconds
[2026-05-07T19:33:24.081+0200] {processor.py:186} INFO - Started process (PID=14506) to work on /home/rodrigo/Escritorio/BBDDAvanzadas/.venv/lib/python3.12/site-packages/airflow/example_dags/plugins/listener_plugin.py
[2026-05-07T19:33:24.091+0200] {processor.py:914} INFO - Processing file /home/rodrigo/Escritorio/BBDDAvanzadas/.venv/lib/python3.12/site-packages/airflow/example_dags/plugins/listener_plugin.py for tasks to queue
[2026-05-07T19:33:24.099+0200] {logging_mixin.py:190} INFO - [2026-05-07T19:33:24.098+0200] {dagbag.py:588} INFO - Filling up the DagBag from /home/rodrigo/Escritorio/BBDDAvanzadas/.venv/lib/python3.12/site-packages/airflow/example_dags/plugins/listener_plugin.py
[2026-05-07T19:33:24.103+0200] {processor.py:927} WARNING - No viable dags retrieved from /home/rodrigo/Escritorio/BBDDAvanzadas/.venv/lib/python3.12/site-packages/airflow/example_dags/plugins/listener_plugin.py
[2026-05-07T19:33:24.114+0200] {processor.py:208} INFO - Processing /home/rodrigo/Escritorio/BBDDAvanzadas/.venv/lib/python3.12/site-packages/airflow/example_dags/plugins/listener_plugin.py took 0.038 seconds
[2026-05-07T19:35:09.354+0200] {processor.py:186} INFO - Started process (PID=14679) to work on /home/rodrigo/Escritorio/BBDDAvanzadas/.venv/lib/python3.12/site-packages/airflow/example_dags/plugins/listener_plugin.py
[2026-05-07T19:35:09.356+0200] {processor.py:914} INFO - Processing file /home/rodrigo/Escritorio/BBDDAvanzadas/.venv/lib/python3.12/site-packages/airflow/example_dags/plugins/listener_plugin.py for tasks to queue
[2026-05-07T19:35:09.359+0200] {logging_mixin.py:190} INFO - [2026-05-07T19:35:09.358+0200] {dagbag.py:588} INFO - Filling up the DagBag from /home/rodrigo/Escritorio/BBDDAvanzadas/.venv/lib/python3.12/site-packages/airflow/example_dags/plugins/listener_plugin.py
[2026-05-07T19:35:09.362+0200] {processor.py:927} WARNING - No viable dags retrieved from /home/rodrigo/Escritorio/BBDDAvanzadas/.venv/lib/python3.12/site-packages/airflow/example_dags/plugins/listener_plugin.py
[2026-05-07T19:35:09.375+0200] {processor.py:208} INFO - Processing /home/rodrigo/Escritorio/BBDDAvanzadas/.venv/lib/python3.12/site-packages/airflow/example_dags/plugins/listener_plugin.py took 0.028 seconds
[2026-05-07T19:37:02.495+0200] {processor.py:186} INFO - Started process (PID=14786) to work on /home/rodrigo/Escritorio/BBDDAvanzadas/.venv/lib/python3.12/site-packages/airflow/example_dags/plugins/listener_plugin.py
[2026-05-07T19:37:02.496+0200] {processor.py:914} INFO - Processing file /home/rodrigo/Escritorio/BBDDAvanzadas/.venv/lib/python3.12/site-packages/airflow/example_dags/plugins/listener_plugin.py for tasks to queue
[2026-05-07T19:37:02.499+0200] {logging_mixin.py:190} INFO - [2026-05-07T19:37:02.498+0200] {dagbag.py:588} INFO - Filling up the DagBag from /home/rodrigo/Escritorio/BBDDAvanzadas/.venv/lib/python3.12/site-packages/airflow/example_dags/plugins/listener_plugin.py
[2026-05-07T19:37:02.502+0200] {processor.py:927} WARNING - No viable dags retrieved from /home/rodrigo/Escritorio/BBDDAvanzadas/.venv/lib/python3.12/site-packages/airflow/example_dags/plugins/listener_plugin.py
[2026-05-07T19:37:02.513+0200] {processor.py:208} INFO - Processing /home/rodrigo/Escritorio/BBDDAvanzadas/.venv/lib/python3.12/site-packages/airflow/example_dags/plugins/listener_plugin.py took 0.024 seconds
[2026-05-07T19:38:03.443+0200] {processor.py:186} INFO - Started process (PID=14943) to work on /home/rodrigo/Escritorio/BBDDAvanzadas/.venv/lib/python3.12/site-packages/airflow/example_dags/plugins/listener_plugin.py
[2026-05-07T19:38:03.443+0200] {processor.py:914} INFO - Processing file /home/rodrigo/Escritorio/BBDDAvanzadas/.venv/lib/python3.12/site-packages/airflow/example_dags/plugins/listener_plugin.py for tasks to queue
[2026-05-07T19:38:03.445+0200] {logging_mixin.py:190} INFO - [2026-05-07T19:38:03.445+0200] {dagbag.py:588} INFO - Filling up the DagBag from /home/rodrigo/Escritorio/BBDDAvanzadas/.venv/lib/python3.12/site-packages/airflow/example_dags/plugins/listener_plugin.py
[2026-05-07T19:38:03.447+0200] {processor.py:927} WARNING - No viable dags retrieved from /home/rodrigo/Escritorio/BBDDAvanzadas/.venv/lib/python3.12/site-packages/airflow/example_dags/plugins/listener_plugin.py
[2026-05-07T19:38:03.454+0200] {processor.py:208} INFO - Processing /home/rodrigo/Escritorio/BBDDAvanzadas/.venv/lib/python3.12/site-packages/airflow/example_dags/plugins/listener_plugin.py took 0.016 seconds
[2026-05-07T19:38:39.632+0200] {processor.py:186} INFO - Started process (PID=14984) to work on /home/rodrigo/Escritorio/BBDDAvanzadas/.venv/lib/python3.12/site-packages/airflow/example_dags/plugins/listener_plugin.py
[2026-05-07T19:38:39.635+0200] {processor.py:914} INFO - Processing file /home/rodrigo/Escritorio/BBDDAvanzadas/.venv/lib/python3.12/site-packages/airflow/example_dags/plugins/listener_plugin.py for tasks to queue
[2026-05-07T19:38:39.639+0200] {logging_mixin.py:190} INFO - [2026-05-07T19:38:39.637+0200] {dagbag.py:588} INFO - Filling up the DagBag from /home/rodrigo/Escritorio/BBDDAvanzadas/.venv/lib/python3.12/site-packages/airflow/example_dags/plugins/listener_plugin.py
[2026-05-07T19:38:39.647+0200] {processor.py:927} WARNING - No viable dags retrieved from /home/rodrigo/Escritorio/BBDDAvanzadas/.venv/lib/python3.12/site-packages/airflow/example_dags/plugins/listener_plugin.py
[2026-05-07T19:38:39.687+0200] {processor.py:208} INFO - Processing /home/rodrigo/Escritorio/BBDDAvanzadas/.venv/lib/python3.12/site-packages/airflow/example_dags/plugins/listener_plugin.py took 0.067 seconds
[2026-05-07T19:39:27.931+0200] {processor.py:186} INFO - Started process (PID=15042) to work on /home/rodrigo/Escritorio/BBDDAvanzadas/.venv/lib/python3.12/site-packages/airflow/example_dags/plugins/listener_plugin.py
[2026-05-07T19:39:27.935+0200] {processor.py:914} INFO - Processing file /home/rodrigo/Escritorio/BBDDAvanzadas/.venv/lib/python3.12/site-packages/airflow/example_dags/plugins/listener_plugin.py for tasks to queue
[2026-05-07T19:39:27.936+0200] {logging_mixin.py:190} INFO - [2026-05-07T19:39:27.936+0200] {dagbag.py:588} INFO - Filling up the DagBag from /home/rodrigo/Escritorio/BBDDAvanzadas/.venv/lib/python3.12/site-packages/airflow/example_dags/plugins/listener_plugin.py
[2026-05-07T19:39:27.940+0200] {processor.py:927} WARNING - No viable dags retrieved from /home/rodrigo/Escritorio/BBDDAvanzadas/.venv/lib/python3.12/site-packages/airflow/example_dags/plugins/listener_plugin.py
[2026-05-07T19:39:27.953+0200] {processor.py:208} INFO - Processing /home/rodrigo/Escritorio/BBDDAvanzadas/.venv/lib/python3.12/site-packages/airflow/example_dags/plugins/listener_plugin.py took 0.029 seconds
[2026-05-07T19:40:10.591+0200] {processor.py:186} INFO - Started process (PID=15097) to work on /home/rodrigo/Escritorio/BBDDAvanzadas/.venv/lib/python3.12/site-packages/airflow/example_dags/plugins/listener_plugin.py
[2026-05-07T19:40:10.592+0200] {processor.py:914} INFO - Processing file /home/rodrigo/Escritorio/BBDDAvanzadas/.venv/lib/python3.12/site-packages/airflow/example_dags/plugins/listener_plugin.py for tasks to queue
[2026-05-07T19:40:10.601+0200] {logging_mixin.py:190} INFO - [2026-05-07T19:40:10.598+0200] {dagbag.py:588} INFO - Filling up the DagBag from /home/rodrigo/Escritorio/BBDDAvanzadas/.venv/lib/python3.12/site-packages/airflow/example_dags/plugins/listener_plugin.py
[2026-05-07T19:40:10.614+0200] {processor.py:927} WARNING - No viable dags retrieved from /home/rodrigo/Escritorio/BBDDAvanzadas/.venv/lib/python3.12/site-packages/airflow/example_dags/plugins/listener_plugin.py
[2026-05-07T19:40:10.631+0200] {processor.py:208} INFO - Processing /home/rodrigo/Escritorio/BBDDAvanzadas/.venv/lib/python3.12/site-packages/airflow/example_dags/plugins/listener_plugin.py took 0.050 seconds
[2026-05-07T19:40:57.761+0200] {processor.py:186} INFO - Started process (PID=15163) to work on /home/rodrigo/Escritorio/BBDDAvanzadas/.venv/lib/python3.12/site-packages/airflow/example_dags/plugins/listener_plugin.py
[2026-05-07T19:40:57.765+0200] {processor.py:914} INFO - Processing file /home/rodrigo/Escritorio/BBDDAvanzadas/.venv/lib/python3.12/site-packages/airflow/example_dags/plugins/listener_plugin.py for tasks to queue
[2026-05-07T19:40:57.767+0200] {logging_mixin.py:190} INFO - [2026-05-07T19:40:57.766+0200] {dagbag.py:588} INFO - Filling up the DagBag from /home/rodrigo/Escritorio/BBDDAvanzadas/.venv/lib/python3.12/site-packages/airflow/example_dags/plugins/listener_plugin.py
[2026-05-07T19:40:57.768+0200] {processor.py:927} WARNING - No viable dags retrieved from /home/rodrigo/Escritorio/BBDDAvanzadas/.venv/lib/python3.12/site-packages/airflow/example_dags/plugins/listener_plugin.py
[2026-05-07T19:40:57.778+0200] {processor.py:208} INFO - Processing /home/rodrigo/Escritorio/BBDDAvanzadas/.venv/lib/python3.12/site-packages/airflow/example_dags/plugins/listener_plugin.py took 0.022 seconds
[2026-05-07T19:41:44.959+0200] {processor.py:186} INFO - Started process (PID=15244) to work on /home/rodrigo/Escritorio/BBDDAvanzadas/.venv/lib/python3.12/site-packages/airflow/example_dags/plugins/listener_plugin.py
[2026-05-07T19:41:44.961+0200] {processor.py:914} INFO - Processing file /home/rodrigo/Escritorio/BBDDAvanzadas/.venv/lib/python3.12/site-packages/airflow/example_dags/plugins/listener_plugin.py for tasks to queue
[2026-05-07T19:41:44.965+0200] {logging_mixin.py:190} INFO - [2026-05-07T19:41:44.963+0200] {dagbag.py:588} INFO - Filling up the DagBag from /home/rodrigo/Escritorio/BBDDAvanzadas/.venv/lib/python3.12/site-packages/airflow/example_dags/plugins/listener_plugin.py
[2026-05-07T19:41:44.974+0200] {processor.py:927} WARNING - No viable dags retrieved from /home/rodrigo/Escritorio/BBDDAvanzadas/.venv/lib/python3.12/site-packages/airflow/example_dags/plugins/listener_plugin.py
[2026-05-07T19:41:44.985+0200] {processor.py:208} INFO - Processing /home/rodrigo/Escritorio/BBDDAvanzadas/.venv/lib/python3.12/site-packages/airflow/example_dags/plugins/listener_plugin.py took 0.031 seconds
[2026-05-07T19:42:22.192+0200] {processor.py:186} INFO - Started process (PID=15421) to work on /home/rodrigo/Escritorio/BBDDAvanzadas/.venv/lib/python3.12/site-packages/airflow/example_dags/plugins/listener_plugin.py
[2026-05-07T19:42:22.193+0200] {processor.py:914} INFO - Processing file /home/rodrigo/Escritorio/BBDDAvanzadas/.venv/lib/python3.12/site-packages/airflow/example_dags/plugins/listener_plugin.py for tasks to queue
[2026-05-07T19:42:22.194+0200] {logging_mixin.py:190} INFO - [2026-05-07T19:42:22.194+0200] {dagbag.py:588} INFO - Filling up the DagBag from /home/rodrigo/Escritorio/BBDDAvanzadas/.venv/lib/python3.12/site-packages/airflow/example_dags/plugins/listener_plugin.py
[2026-05-07T19:42:22.195+0200] {processor.py:927} WARNING - No viable dags retrieved from /home/rodrigo/Escritorio/BBDDAvanzadas/.venv/lib/python3.12/site-packages/airflow/example_dags/plugins/listener_plugin.py
[2026-05-07T19:42:22.202+0200] {processor.py:208} INFO - Processing /home/rodrigo/Escritorio/BBDDAvanzadas/.venv/lib/python3.12/site-packages/airflow/example_dags/plugins/listener_plugin.py took 0.014 seconds
[2026-05-07T19:43:02.581+0200] {processor.py:186} INFO - Started process (PID=15496) to work on /home/rodrigo/Escritorio/BBDDAvanzadas/.venv/lib/python3.12/site-packages/airflow/example_dags/plugins/listener_plugin.py
[2026-05-07T19:43:02.584+0200] {processor.py:914} INFO - Processing file /home/rodrigo/Escritorio/BBDDAvanzadas/.venv/lib/python3.12/site-packages/airflow/example_dags/plugins/listener_plugin.py for tasks to queue
[2026-05-07T19:43:02.586+0200] {logging_mixin.py:190} INFO - [2026-05-07T19:43:02.586+0200] {dagbag.py:588} INFO - Filling up the DagBag from /home/rodrigo/Escritorio/BBDDAvanzadas/.venv/lib/python3.12/site-packages/airflow/example_dags/plugins/listener_plugin.py
[2026-05-07T19:43:02.591+0200] {processor.py:927} WARNING - No viable dags retrieved from /home/rodrigo/Escritorio/BBDDAvanzadas/.venv/lib/python3.12/site-packages/airflow/example_dags/plugins/listener_plugin.py
[2026-05-07T19:43:02.612+0200] {processor.py:208} INFO - Processing /home/rodrigo/Escritorio/BBDDAvanzadas/.venv/lib/python3.12/site-packages/airflow/example_dags/plugins/listener_plugin.py took 0.036 seconds
[2026-05-07T19:43:37.149+0200] {processor.py:186} INFO - Started process (PID=15610) to work on /home/rodrigo/Escritorio/BBDDAvanzadas/.venv/lib/python3.12/site-packages/airflow/example_dags/plugins/listener_plugin.py
[2026-05-07T19:43:37.150+0200] {processor.py:914} INFO - Processing file /home/rodrigo/Escritorio/BBDDAvanzadas/.venv/lib/python3.12/site-packages/airflow/example_dags/plugins/listener_plugin.py for tasks to queue
[2026-05-07T19:43:37.152+0200] {logging_mixin.py:190} INFO - [2026-05-07T19:43:37.151+0200] {dagbag.py:588} INFO - Filling up the DagBag from /home/rodrigo/Escritorio/BBDDAvanzadas/.venv/lib/python3.12/site-packages/airflow/example_dags/plugins/listener_plugin.py
[2026-05-07T19:43:37.153+0200] {processor.py:927} WARNING - No viable dags retrieved from /home/rodrigo/Escritorio/BBDDAvanzadas/.venv/lib/python3.12/site-packages/airflow/example_dags/plugins/listener_plugin.py
[2026-05-07T19:43:37.160+0200] {processor.py:208} INFO - Processing /home/rodrigo/Escritorio/BBDDAvanzadas/.venv/lib/python3.12/site-packages/airflow/example_dags/plugins/listener_plugin.py took 0.015 seconds
[2026-05-07T19:44:16.777+0200] {processor.py:186} INFO - Started process (PID=15682) to work on /home/rodrigo/Escritorio/BBDDAvanzadas/.venv/lib/python3.12/site-packages/airflow/example_dags/plugins/listener_plugin.py
[2026-05-07T19:44:16.778+0200] {processor.py:914} INFO - Processing file /home/rodrigo/Escritorio/BBDDAvanzadas/.venv/lib/python3.12/site-packages/airflow/example_dags/plugins/listener_plugin.py for tasks to queue
[2026-05-07T19:44:16.780+0200] {logging_mixin.py:190} INFO - [2026-05-07T19:44:16.779+0200] {dagbag.py:588} INFO - Filling up the DagBag from /home/rodrigo/Escritorio/BBDDAvanzadas/.venv/lib/python3.12/site-packages/airflow/example_dags/plugins/listener_plugin.py
[2026-05-07T19:44:16.781+0200] {processor.py:927} WARNING - No viable dags retrieved from /home/rodrigo/Escritorio/BBDDAvanzadas/.venv/lib/python3.12/site-packages/airflow/example_dags/plugins/listener_plugin.py
[2026-05-07T19:44:16.790+0200] {processor.py:208} INFO - Processing /home/rodrigo/Escritorio/BBDDAvanzadas/.venv/lib/python3.12/site-packages/airflow/example_dags/plugins/listener_plugin.py took 0.017 seconds
[2026-05-07T19:45:06.310+0200] {processor.py:186} INFO - Started process (PID=15865) to work on /home/rodrigo/Escritorio/BBDDAvanzadas/.venv/lib/python3.12/site-packages/airflow/example_dags/plugins/listener_plugin.py
[2026-05-07T19:45:06.312+0200] {processor.py:914} INFO - Processing file /home/rodrigo/Escritorio/BBDDAvanzadas/.venv/lib/python3.12/site-packages/airflow/example_dags/plugins/listener_plugin.py for tasks to queue
[2026-05-07T19:45:06.314+0200] {logging_mixin.py:190} INFO - [2026-05-07T19:45:06.314+0200] {dagbag.py:588} INFO - Filling up the DagBag from /home/rodrigo/Escritorio/BBDDAvanzadas/.venv/lib/python3.12/site-packages/airflow/example_dags/plugins/listener_plugin.py
[2026-05-07T19:45:06.316+0200] {processor.py:927} WARNING - No viable dags retrieved from /home/rodrigo/Escritorio/BBDDAvanzadas/.venv/lib/python3.12/site-packages/airflow/example_dags/plugins/listener_plugin.py
[2026-05-07T19:45:06.324+0200] {processor.py:208} INFO - Processing /home/rodrigo/Escritorio/BBDDAvanzadas/.venv/lib/python3.12/site-packages/airflow/example_dags/plugins/listener_plugin.py took 0.018 seconds
[2026-05-07T19:45:59.433+0200] {processor.py:186} INFO - Started process (PID=15913) to work on /home/rodrigo/Escritorio/BBDDAvanzadas/.venv/lib/python3.12/site-packages/airflow/example_dags/plugins/listener_plugin.py
[2026-05-07T19:45:59.434+0200] {processor.py:914} INFO - Processing file /home/rodrigo/Escritorio/BBDDAvanzadas/.venv/lib/python3.12/site-packages/airflow/example_dags/plugins/listener_plugin.py for tasks to queue
[2026-05-07T19:45:59.436+0200] {logging_mixin.py:190} INFO - [2026-05-07T19:45:59.435+0200] {dagbag.py:588} INFO - Filling up the DagBag from /home/rodrigo/Escritorio/BBDDAvanzadas/.venv/lib/python3.12/site-packages/airflow/example_dags/plugins/listener_plugin.py
[2026-05-07T19:45:59.437+0200] {processor.py:927} WARNING - No viable dags retrieved from /home/rodrigo/Escritorio/BBDDAvanzadas/.venv/lib/python3.12/site-packages/airflow/example_dags/plugins/listener_plugin.py
[2026-05-07T19:45:59.446+0200] {processor.py:208} INFO - Processing /home/rodrigo/Escritorio/BBDDAvanzadas/.venv/lib/python3.12/site-packages/airflow/example_dags/plugins/listener_plugin.py took 0.018 seconds
[2026-05-07T19:46:50.333+0200] {processor.py:186} INFO - Started process (PID=15982) to work on /home/rodrigo/Escritorio/BBDDAvanzadas/.venv/lib/python3.12/site-packages/airflow/example_dags/plugins/listener_plugin.py
[2026-05-07T19:46:50.337+0200] {processor.py:914} INFO - Processing file /home/rodrigo/Escritorio/BBDDAvanzadas/.venv/lib/python3.12/site-packages/airflow/example_dags/plugins/listener_plugin.py for tasks to queue
[2026-05-07T19:46:50.342+0200] {logging_mixin.py:190} INFO - [2026-05-07T19:46:50.342+0200] {dagbag.py:588} INFO - Filling up the DagBag from /home/rodrigo/Escritorio/BBDDAvanzadas/.venv/lib/python3.12/site-packages/airflow/example_dags/plugins/listener_plugin.py
[2026-05-07T19:46:50.346+0200] {processor.py:927} WARNING - No viable dags retrieved from /home/rodrigo/Escritorio/BBDDAvanzadas/.venv/lib/python3.12/site-packages/airflow/example_dags/plugins/listener_plugin.py
[2026-05-07T19:46:50.390+0200] {processor.py:208} INFO - Processing /home/rodrigo/Escritorio/BBDDAvanzadas/.venv/lib/python3.12/site-packages/airflow/example_dags/plugins/listener_plugin.py took 0.091 seconds
[2026-05-07T19:47:30.764+0200] {processor.py:186} INFO - Started process (PID=16080) to work on /home/rodrigo/Escritorio/BBDDAvanzadas/.venv/lib/python3.12/site-packages/airflow/example_dags/plugins/listener_plugin.py
[2026-05-07T19:47:30.766+0200] {processor.py:914} INFO - Processing file /home/rodrigo/Escritorio/BBDDAvanzadas/.venv/lib/python3.12/site-packages/airflow/example_dags/plugins/listener_plugin.py for tasks to queue
[2026-05-07T19:47:30.768+0200] {logging_mixin.py:190} INFO - [2026-05-07T19:47:30.767+0200] {dagbag.py:588} INFO - Filling up the DagBag from /home/rodrigo/Escritorio/BBDDAvanzadas/.venv/lib/python3.12/site-packages/airflow/example_dags/plugins/listener_plugin.py
[2026-05-07T19:47:30.771+0200] {processor.py:927} WARNING - No viable dags retrieved from /home/rodrigo/Escritorio/BBDDAvanzadas/.venv/lib/python3.12/site-packages/airflow/example_dags/plugins/listener_plugin.py
[2026-05-07T19:47:30.782+0200] {processor.py:208} INFO - Processing /home/rodrigo/Escritorio/BBDDAvanzadas/.venv/lib/python3.12/site-packages/airflow/example_dags/plugins/listener_plugin.py took 0.025 seconds
[2026-05-07T19:48:45.164+0200] {processor.py:186} INFO - Started process (PID=16205) to work on /home/rodrigo/Escritorio/BBDDAvanzadas/.venv/lib/python3.12/site-packages/airflow/example_dags/plugins/listener_plugin.py
[2026-05-07T19:48:45.165+0200] {processor.py:914} INFO - Processing file /home/rodrigo/Escritorio/BBDDAvanzadas/.venv/lib/python3.12/site-packages/airflow/example_dags/plugins/listener_plugin.py for tasks to queue
[2026-05-07T19:48:45.167+0200] {logging_mixin.py:190} INFO - [2026-05-07T19:48:45.166+0200] {dagbag.py:588} INFO - Filling up the DagBag from /home/rodrigo/Escritorio/BBDDAvanzadas/.venv/lib/python3.12/site-packages/airflow/example_dags/plugins/listener_plugin.py
[2026-05-07T19:48:45.168+0200] {processor.py:927} WARNING - No viable dags retrieved from /home/rodrigo/Escritorio/BBDDAvanzadas/.venv/lib/python3.12/site-packages/airflow/example_dags/plugins/listener_plugin.py
[2026-05-07T19:48:45.175+0200] {processor.py:208} INFO - Processing /home/rodrigo/Escritorio/BBDDAvanzadas/.venv/lib/python3.12/site-packages/airflow/example_dags/plugins/listener_plugin.py took 0.015 seconds
[2026-05-07T19:49:31.688+0200] {processor.py:186} INFO - Started process (PID=16276) to work on /home/rodrigo/Escritorio/BBDDAvanzadas/.venv/lib/python3.12/site-packages/airflow/example_dags/plugins/listener_plugin.py
[2026-05-07T19:49:31.689+0200] {processor.py:914} INFO - Processing file /home/rodrigo/Escritorio/BBDDAvanzadas/.venv/lib/python3.12/site-packages/airflow/example_dags/plugins/listener_plugin.py for tasks to queue
[2026-05-07T19:49:31.690+0200] {logging_mixin.py:190} INFO - [2026-05-07T19:49:31.690+0200] {dagbag.py:588} INFO - Filling up the DagBag from /home/rodrigo/Escritorio/BBDDAvanzadas/.venv/lib/python3.12/site-packages/airflow/example_dags/plugins/listener_plugin.py
[2026-05-07T19:49:31.692+0200] {processor.py:927} WARNING - No viable dags retrieved from /home/rodrigo/Escritorio/BBDDAvanzadas/.venv/lib/python3.12/site-packages/airflow/example_dags/plugins/listener_plugin.py
[2026-05-07T19:49:31.715+0200] {processor.py:208} INFO - Processing /home/rodrigo/Escritorio/BBDDAvanzadas/.venv/lib/python3.12/site-packages/airflow/example_dags/plugins/listener_plugin.py took 0.032 seconds
[2026-05-07T19:50:20.817+0200] {processor.py:186} INFO - Started process (PID=16334) to work on /home/rodrigo/Escritorio/BBDDAvanzadas/.venv/lib/python3.12/site-packages/airflow/example_dags/plugins/listener_plugin.py
[2026-05-07T19:50:20.818+0200] {processor.py:914} INFO - Processing file /home/rodrigo/Escritorio/BBDDAvanzadas/.venv/lib/python3.12/site-packages/airflow/example_dags/plugins/listener_plugin.py for tasks to queue
[2026-05-07T19:50:20.819+0200] {logging_mixin.py:190} INFO - [2026-05-07T19:50:20.819+0200] {dagbag.py:588} INFO - Filling up the DagBag from /home/rodrigo/Escritorio/BBDDAvanzadas/.venv/lib/python3.12/site-packages/airflow/example_dags/plugins/listener_plugin.py
[2026-05-07T19:50:20.821+0200] {processor.py:927} WARNING - No viable dags retrieved from /home/rodrigo/Escritorio/BBDDAvanzadas/.venv/lib/python3.12/site-packages/airflow/example_dags/plugins/listener_plugin.py
[2026-05-07T19:50:20.828+0200] {processor.py:208} INFO - Processing /home/rodrigo/Escritorio/BBDDAvanzadas/.venv/lib/python3.12/site-packages/airflow/example_dags/plugins/listener_plugin.py took 0.015 seconds
[2026-05-07T19:51:16.450+0200] {processor.py:186} INFO - Started process (PID=16380) to work on /home/rodrigo/Escritorio/BBDDAvanzadas/.venv/lib/python3.12/site-packages/airflow/example_dags/plugins/listener_plugin.py
[2026-05-07T19:51:16.453+0200] {processor.py:914} INFO - Processing file /home/rodrigo/Escritorio/BBDDAvanzadas/.venv/lib/python3.12/site-packages/airflow/example_dags/plugins/listener_plugin.py for tasks to queue
[2026-05-07T19:51:16.455+0200] {logging_mixin.py:190} INFO - [2026-05-07T19:51:16.455+0200] {dagbag.py:588} INFO - Filling up the DagBag from /home/rodrigo/Escritorio/BBDDAvanzadas/.venv/lib/python3.12/site-packages/airflow/example_dags/plugins/listener_plugin.py
[2026-05-07T19:51:16.457+0200] {processor.py:927} WARNING - No viable dags retrieved from /home/rodrigo/Escritorio/BBDDAvanzadas/.venv/lib/python3.12/site-packages/airflow/example_dags/plugins/listener_plugin.py
[2026-05-07T19:51:16.465+0200] {processor.py:208} INFO - Processing /home/rodrigo/Escritorio/BBDDAvanzadas/.venv/lib/python3.12/site-packages/airflow/example_dags/plugins/listener_plugin.py took 0.019 seconds
