[2026-05-07T19:31:28.973+0200] {processor.py:186} INFO - Started process (PID=14209) to work on /home/rodrigo/Escritorio/BBDDAvanzadas/.venv/lib/python3.12/site-packages/airflow/example_dags/plugins/workday.py
[2026-05-07T19:31:28.974+0200] {processor.py:914} INFO - Processing file /home/rodrigo/Escritorio/BBDDAvanzadas/.venv/lib/python3.12/site-packages/airflow/example_dags/plugins/workday.py for tasks to queue
[2026-05-07T19:31:28.976+0200] {logging_mixin.py:190} INFO - [2026-05-07T19:31:28.975+0200] {dagbag.py:588} INFO - Filling up the DagBag from /home/rodrigo/Escritorio/BBDDAvanzadas/.venv/lib/python3.12/site-packages/airflow/example_dags/plugins/workday.py
[2026-05-07T19:31:28.978+0200] {logging_mixin.py:190} INFO - [2026-05-07T19:31:28.978+0200] {workday.py:41} WARNING - Could not import pandas. Holidays will not be considered.
[2026-05-07T19:31:28.978+0200] {processor.py:927} WARNING - No viable dags retrieved from /home/rodrigo/Escritorio/BBDDAvanzadas/.venv/lib/python3.12/site-packages/airflow/example_dags/plugins/workday.py
[2026-05-07T19:31:28.985+0200] {processor.py:208} INFO - Processing /home/rodrigo/Escritorio/BBDDAvanzadas/.venv/lib/python3.12/site-packages/airflow/example_dags/plugins/workday.py took 0.016 seconds
[2026-05-07T19:31:34.520+0200] {processor.py:186} INFO - Started process (PID=14224) to work on /home/rodrigo/Escritorio/BBDDAvanzadas/.venv/lib/python3.12/site-packages/airflow/example_dags/plugins/workday.py
[2026-05-07T19:31:34.521+0200] {processor.py:914} INFO - Processing file /home/rodrigo/Escritorio/BBDDAvanzadas/.venv/lib/python3.12/site-packages/airflow/example_dags/plugins/workday.py for tasks to queue
[2026-05-07T19:31:34.522+0200] {logging_mixin.py:190} INFO - [2026-05-07T19:31:34.522+0200] {dagbag.py:588} INFO - Filling up the DagBag from /home/rodrigo/Escritorio/BBDDAvanzadas/.venv/lib/python3.12/site-packages/airflow/example_dags/plugins/workday.py
[2026-05-07T19:31:34.526+0200] {logging_mixin.py:190} INFO - [2026-05-07T19:31:34.525+0200] {workday.py:41} WARNING - Could not import pandas. Holidays will not be considered.
[2026-05-07T19:31:34.526+0200] {processor.py:927} WARNING - No viable dags retrieved from /home/rodrigo/Escritorio/BBDDAvanzadas/.venv/lib/python3.12/site-packages/airflow/example_dags/plugins/workday.py
[2026-05-07T19:31:34.535+0200] {processor.py:208} INFO - Processing /home/rodrigo/Escritorio/BBDDAvanzadas/.venv/lib/python3.12/site-packages/airflow/example_dags/plugins/workday.py took 0.019 seconds
[2026-05-07T19:32:05.869+0200] {processor.py:186} INFO - Started process (PID=14303) to work on /home/rodrigo/Escritorio/BBDDAvanzadas/.venv/lib/python3.12/site-packages/airflow/example_dags/plugins/workday.py
[2026-05-07T19:32:05.871+0200] {processor.py:914} INFO - Processing file /home/rodrigo/Escritorio/BBDDAvanzadas/.venv/lib/python3.12/site-packages/airflow/example_dags/plugins/workday.py for tasks to queue
[2026-05-07T19:32:05.872+0200] {logging_mixin.py:190} INFO - [2026-05-07T19:32:05.872+0200] {dagbag.py:588} INFO - Filling up the DagBag from /home/rodrigo/Escritorio/BBDDAvanzadas/.venv/lib/python3.12/site-packages/airflow/example_dags/plugins/workday.py
[2026-05-07T19:32:05.876+0200] {logging_mixin.py:190} INFO - [2026-05-07T19:32:05.875+0200] {workday.py:41} WARNING - Could not import pandas. Holidays will not be considered.
[2026-05-07T19:32:05.876+0200] {processor.py:927} WARNING - No viable dags retrieved from /home/rodrigo/Escritorio/BBDDAvanzadas/.venv/lib/python3.12/site-packages/airflow/example_dags/plugins/workday.py
[2026-05-07T19:32:05.899+0200] {processor.py:208} INFO - Processing /home/rodrigo/Escritorio/BBDDAvanzadas/.venv/lib/python3.12/site-packages/airflow/example_dags/plugins/workday.py took 0.036 seconds
[2026-05-07T19:33:22.880+0200] {processor.py:186} INFO - Started process (PID=14505) to work on /home/rodrigo/Escritorio/BBDDAvanzadas/.venv/lib/python3.12/site-packages/airflow/example_dags/plugins/workday.py
[2026-05-07T19:33:22.882+0200] {processor.py:914} INFO - Processing file /home/rodrigo/Escritorio/BBDDAvanzadas/.venv/lib/python3.12/site-packages/airflow/example_dags/plugins/workday.py for tasks to queue
[2026-05-07T19:33:22.883+0200] {logging_mixin.py:190} INFO - [2026-05-07T19:33:22.883+0200] {dagbag.py:588} INFO - Filling up the DagBag from /home/rodrigo/Escritorio/BBDDAvanzadas/.venv/lib/python3.12/site-packages/airflow/example_dags/plugins/workday.py
[2026-05-07T19:33:22.886+0200] {logging_mixin.py:190} INFO - [2026-05-07T19:33:22.885+0200] {workday.py:41} WARNING - Could not import pandas. Holidays will not be considered.
[2026-05-07T19:33:22.886+0200] {processor.py:927} WARNING - No viable dags retrieved from /home/rodrigo/Escritorio/BBDDAvanzadas/.venv/lib/python3.12/site-packages/airflow/example_dags/plugins/workday.py
[2026-05-07T19:33:22.894+0200] {processor.py:208} INFO - Processing /home/rodrigo/Escritorio/BBDDAvanzadas/.venv/lib/python3.12/site-packages/airflow/example_dags/plugins/workday.py took 0.018 seconds
[2026-05-07T19:35:08.200+0200] {processor.py:186} INFO - Started process (PID=14678) to work on /home/rodrigo/Escritorio/BBDDAvanzadas/.venv/lib/python3.12/site-packages/airflow/example_dags/plugins/workday.py
[2026-05-07T19:35:08.203+0200] {processor.py:914} INFO - Processing file /home/rodrigo/Escritorio/BBDDAvanzadas/.venv/lib/python3.12/site-packages/airflow/example_dags/plugins/workday.py for tasks to queue
[2026-05-07T19:35:08.208+0200] {logging_mixin.py:190} INFO - [2026-05-07T19:35:08.207+0200] {dagbag.py:588} INFO - Filling up the DagBag from /home/rodrigo/Escritorio/BBDDAvanzadas/.venv/lib/python3.12/site-packages/airflow/example_dags/plugins/workday.py
[2026-05-07T19:35:08.221+0200] {logging_mixin.py:190} INFO - [2026-05-07T19:35:08.220+0200] {workday.py:41} WARNING - Could not import pandas. Holidays will not be considered.
[2026-05-07T19:35:08.221+0200] {processor.py:927} WARNING - No viable dags retrieved from /home/rodrigo/Escritorio/BBDDAvanzadas/.venv/lib/python3.12/site-packages/airflow/example_dags/plugins/workday.py
[2026-05-07T19:35:08.231+0200] {processor.py:208} INFO - Processing /home/rodrigo/Escritorio/BBDDAvanzadas/.venv/lib/python3.12/site-packages/airflow/example_dags/plugins/workday.py took 0.036 seconds
[2026-05-07T19:35:31.293+0200] {processor.py:186} INFO - Started process (PID=14717) to work on /home/rodrigo/Escritorio/BBDDAvanzadas/.venv/lib/python3.12/site-packages/airflow/example_dags/plugins/workday.py
[2026-05-07T19:35:31.294+0200] {processor.py:914} INFO - Processing file /home/rodrigo/Escritorio/BBDDAvanzadas/.venv/lib/python3.12/site-packages/airflow/example_dags/plugins/workday.py for tasks to queue
[2026-05-07T19:35:31.295+0200] {logging_mixin.py:190} INFO - [2026-05-07T19:35:31.295+0200] {dagbag.py:588} INFO - Filling up the DagBag from /home/rodrigo/Escritorio/BBDDAvanzadas/.venv/lib/python3.12/site-packages/airflow/example_dags/plugins/workday.py
[2026-05-07T19:35:31.297+0200] {logging_mixin.py:190} INFO - [2026-05-07T19:35:31.297+0200] {workday.py:41} WARNING - Could not import pandas. Holidays will not be considered.
[2026-05-07T19:35:31.297+0200] {processor.py:927} WARNING - No viable dags retrieved from /home/rodrigo/Escritorio/BBDDAvanzadas/.venv/lib/python3.12/site-packages/airflow/example_dags/plugins/workday.py
[2026-05-07T19:35:31.304+0200] {processor.py:208} INFO - Processing /home/rodrigo/Escritorio/BBDDAvanzadas/.venv/lib/python3.12/site-packages/airflow/example_dags/plugins/workday.py took 0.015 seconds
[2026-05-07T19:37:01.727+0200] {processor.py:186} INFO - Started process (PID=14785) to work on /home/rodrigo/Escritorio/BBDDAvanzadas/.venv/lib/python3.12/site-packages/airflow/example_dags/plugins/workday.py
[2026-05-07T19:37:01.728+0200] {processor.py:914} INFO - Processing file /home/rodrigo/Escritorio/BBDDAvanzadas/.venv/lib/python3.12/site-packages/airflow/example_dags/plugins/workday.py for tasks to queue
[2026-05-07T19:37:01.729+0200] {logging_mixin.py:190} INFO - [2026-05-07T19:37:01.729+0200] {dagbag.py:588} INFO - Filling up the DagBag from /home/rodrigo/Escritorio/BBDDAvanzadas/.venv/lib/python3.12/site-packages/airflow/example_dags/plugins/workday.py
[2026-05-07T19:37:01.731+0200] {logging_mixin.py:190} INFO - [2026-05-07T19:37:01.731+0200] {workday.py:41} WARNING - Could not import pandas. Holidays will not be considered.
[2026-05-07T19:37:01.732+0200] {processor.py:927} WARNING - No viable dags retrieved from /home/rodrigo/Escritorio/BBDDAvanzadas/.venv/lib/python3.12/site-packages/airflow/example_dags/plugins/workday.py
[2026-05-07T19:37:01.739+0200] {processor.py:208} INFO - Processing /home/rodrigo/Escritorio/BBDDAvanzadas/.venv/lib/python3.12/site-packages/airflow/example_dags/plugins/workday.py took 0.015 seconds
[2026-05-07T19:38:02.300+0200] {processor.py:186} INFO - Started process (PID=14942) to work on /home/rodrigo/Escritorio/BBDDAvanzadas/.venv/lib/python3.12/site-packages/airflow/example_dags/plugins/workday.py
[2026-05-07T19:38:02.302+0200] {processor.py:914} INFO - Processing file /home/rodrigo/Escritorio/BBDDAvanzadas/.venv/lib/python3.12/site-packages/airflow/example_dags/plugins/workday.py for tasks to queue
[2026-05-07T19:38:02.303+0200] {logging_mixin.py:190} INFO - [2026-05-07T19:38:02.303+0200] {dagbag.py:588} INFO - Filling up the DagBag from /home/rodrigo/Escritorio/BBDDAvanzadas/.venv/lib/python3.12/site-packages/airflow/example_dags/plugins/workday.py
[2026-05-07T19:38:02.313+0200] {logging_mixin.py:190} INFO - [2026-05-07T19:38:02.313+0200] {workday.py:41} WARNING - Could not import pandas. Holidays will not be considered.
[2026-05-07T19:38:02.313+0200] {processor.py:927} WARNING - No viable dags retrieved from /home/rodrigo/Escritorio/BBDDAvanzadas/.venv/lib/python3.12/site-packages/airflow/example_dags/plugins/workday.py
[2026-05-07T19:38:02.337+0200] {processor.py:208} INFO - Processing /home/rodrigo/Escritorio/BBDDAvanzadas/.venv/lib/python3.12/site-packages/airflow/example_dags/plugins/workday.py took 0.044 seconds
[2026-05-07T19:38:38.502+0200] {processor.py:186} INFO - Started process (PID=14983) to work on /home/rodrigo/Escritorio/BBDDAvanzadas/.venv/lib/python3.12/site-packages/airflow/example_dags/plugins/workday.py
[2026-05-07T19:38:38.503+0200] {processor.py:914} INFO - Processing file /home/rodrigo/Escritorio/BBDDAvanzadas/.venv/lib/python3.12/site-packages/airflow/example_dags/plugins/workday.py for tasks to queue
[2026-05-07T19:38:38.505+0200] {logging_mixin.py:190} INFO - [2026-05-07T19:38:38.504+0200] {dagbag.py:588} INFO - Filling up the DagBag from /home/rodrigo/Escritorio/BBDDAvanzadas/.venv/lib/python3.12/site-packages/airflow/example_dags/plugins/workday.py
[2026-05-07T19:38:38.507+0200] {logging_mixin.py:190} INFO - [2026-05-07T19:38:38.507+0200] {workday.py:41} WARNING - Could not import pandas. Holidays will not be considered.
[2026-05-07T19:38:38.508+0200] {processor.py:927} WARNING - No viable dags retrieved from /home/rodrigo/Escritorio/BBDDAvanzadas/.venv/lib/python3.12/site-packages/airflow/example_dags/plugins/workday.py
[2026-05-07T19:38:38.517+0200] {processor.py:208} INFO - Processing /home/rodrigo/Escritorio/BBDDAvanzadas/.venv/lib/python3.12/site-packages/airflow/example_dags/plugins/workday.py took 0.030 seconds
[2026-05-07T19:39:26.759+0200] {processor.py:186} INFO - Started process (PID=15041) to work on /home/rodrigo/Escritorio/BBDDAvanzadas/.venv/lib/python3.12/site-packages/airflow/example_dags/plugins/workday.py
[2026-05-07T19:39:26.766+0200] {processor.py:914} INFO - Processing file /home/rodrigo/Escritorio/BBDDAvanzadas/.venv/lib/python3.12/site-packages/airflow/example_dags/plugins/workday.py for tasks to queue
[2026-05-07T19:39:26.768+0200] {logging_mixin.py:190} INFO - [2026-05-07T19:39:26.767+0200] {dagbag.py:588} INFO - Filling up the DagBag from /home/rodrigo/Escritorio/BBDDAvanzadas/.venv/lib/python3.12/site-packages/airflow/example_dags/plugins/workday.py
[2026-05-07T19:39:26.770+0200] {logging_mixin.py:190} INFO - [2026-05-07T19:39:26.770+0200] {workday.py:41} WARNING - Could not import pandas. Holidays will not be considered.
[2026-05-07T19:39:26.770+0200] {processor.py:927} WARNING - No viable dags retrieved from /home/rodrigo/Escritorio/BBDDAvanzadas/.venv/lib/python3.12/site-packages/airflow/example_dags/plugins/workday.py
[2026-05-07T19:39:26.786+0200] {processor.py:208} INFO - Processing /home/rodrigo/Escritorio/BBDDAvanzadas/.venv/lib/python3.12/site-packages/airflow/example_dags/plugins/workday.py took 0.046 seconds
[2026-05-07T19:40:09.419+0200] {processor.py:186} INFO - Started process (PID=15090) to work on /home/rodrigo/Escritorio/BBDDAvanzadas/.venv/lib/python3.12/site-packages/airflow/example_dags/plugins/workday.py
[2026-05-07T19:40:09.421+0200] {processor.py:914} INFO - Processing file /home/rodrigo/Escritorio/BBDDAvanzadas/.venv/lib/python3.12/site-packages/airflow/example_dags/plugins/workday.py for tasks to queue
[2026-05-07T19:40:09.426+0200] {logging_mixin.py:190} INFO - [2026-05-07T19:40:09.423+0200] {dagbag.py:588} INFO - Filling up the DagBag from /home/rodrigo/Escritorio/BBDDAvanzadas/.venv/lib/python3.12/site-packages/airflow/example_dags/plugins/workday.py
[2026-05-07T19:40:09.428+0200] {logging_mixin.py:190} INFO - [2026-05-07T19:40:09.428+0200] {workday.py:41} WARNING - Could not import pandas. Holidays will not be considered.
[2026-05-07T19:40:09.429+0200] {processor.py:927} WARNING - No viable dags retrieved from /home/rodrigo/Escritorio/BBDDAvanzadas/.venv/lib/python3.12/site-packages/airflow/example_dags/plugins/workday.py
[2026-05-07T19:40:09.437+0200] {processor.py:208} INFO - Processing /home/rodrigo/Escritorio/BBDDAvanzadas/.venv/lib/python3.12/site-packages/airflow/example_dags/plugins/workday.py took 0.023 seconds
[2026-05-07T19:40:56.928+0200] {processor.py:186} INFO - Started process (PID=15162) to work on /home/rodrigo/Escritorio/BBDDAvanzadas/.venv/lib/python3.12/site-packages/airflow/example_dags/plugins/workday.py
[2026-05-07T19:40:56.930+0200] {processor.py:914} INFO - Processing file /home/rodrigo/Escritorio/BBDDAvanzadas/.venv/lib/python3.12/site-packages/airflow/example_dags/plugins/workday.py for tasks to queue
[2026-05-07T19:40:56.931+0200] {logging_mixin.py:190} INFO - [2026-05-07T19:40:56.931+0200] {dagbag.py:588} INFO - Filling up the DagBag from /home/rodrigo/Escritorio/BBDDAvanzadas/.venv/lib/python3.12/site-packages/airflow/example_dags/plugins/workday.py
[2026-05-07T19:40:56.933+0200] {logging_mixin.py:190} INFO - [2026-05-07T19:40:56.933+0200] {workday.py:41} WARNING - Could not import pandas. Holidays will not be considered.
[2026-05-07T19:40:56.933+0200] {processor.py:927} WARNING - No viable dags retrieved from /home/rodrigo/Escritorio/BBDDAvanzadas/.venv/lib/python3.12/site-packages/airflow/example_dags/plugins/workday.py
[2026-05-07T19:40:56.941+0200] {processor.py:208} INFO - Processing /home/rodrigo/Escritorio/BBDDAvanzadas/.venv/lib/python3.12/site-packages/airflow/example_dags/plugins/workday.py took 0.032 seconds
[2026-05-07T19:41:43.804+0200] {processor.py:186} INFO - Started process (PID=15241) to work on /home/rodrigo/Escritorio/BBDDAvanzadas/.venv/lib/python3.12/site-packages/airflow/example_dags/plugins/workday.py
[2026-05-07T19:41:43.809+0200] {processor.py:914} INFO - Processing file /home/rodrigo/Escritorio/BBDDAvanzadas/.venv/lib/python3.12/site-packages/airflow/example_dags/plugins/workday.py for tasks to queue
[2026-05-07T19:41:43.812+0200] {logging_mixin.py:190} INFO - [2026-05-07T19:41:43.812+0200] {dagbag.py:588} INFO - Filling up the DagBag from /home/rodrigo/Escritorio/BBDDAvanzadas/.venv/lib/python3.12/site-packages/airflow/example_dags/plugins/workday.py
[2026-05-07T19:41:43.822+0200] {logging_mixin.py:190} INFO - [2026-05-07T19:41:43.821+0200] {workday.py:41} WARNING - Could not import pandas. Holidays will not be considered.
[2026-05-07T19:41:43.823+0200] {processor.py:927} WARNING - No viable dags retrieved from /home/rodrigo/Escritorio/BBDDAvanzadas/.venv/lib/python3.12/site-packages/airflow/example_dags/plugins/workday.py
[2026-05-07T19:41:43.835+0200] {processor.py:208} INFO - Processing /home/rodrigo/Escritorio/BBDDAvanzadas/.venv/lib/python3.12/site-packages/airflow/example_dags/plugins/workday.py took 0.036 seconds
[2026-05-07T19:42:21.790+0200] {processor.py:186} INFO - Started process (PID=15420) to work on /home/rodrigo/Escritorio/BBDDAvanzadas/.venv/lib/python3.12/site-packages/airflow/example_dags/plugins/workday.py
[2026-05-07T19:42:21.791+0200] {processor.py:914} INFO - Processing file /home/rodrigo/Escritorio/BBDDAvanzadas/.venv/lib/python3.12/site-packages/airflow/example_dags/plugins/workday.py for tasks to queue
[2026-05-07T19:42:21.792+0200] {logging_mixin.py:190} INFO - [2026-05-07T19:42:21.792+0200] {dagbag.py:588} INFO - Filling up the DagBag from /home/rodrigo/Escritorio/BBDDAvanzadas/.venv/lib/python3.12/site-packages/airflow/example_dags/plugins/workday.py
[2026-05-07T19:42:21.794+0200] {logging_mixin.py:190} INFO - [2026-05-07T19:42:21.794+0200] {workday.py:41} WARNING - Could not import pandas. Holidays will not be considered.
[2026-05-07T19:42:21.794+0200] {processor.py:927} WARNING - No viable dags retrieved from /home/rodrigo/Escritorio/BBDDAvanzadas/.venv/lib/python3.12/site-packages/airflow/example_dags/plugins/workday.py
[2026-05-07T19:42:21.801+0200] {processor.py:208} INFO - Processing /home/rodrigo/Escritorio/BBDDAvanzadas/.venv/lib/python3.12/site-packages/airflow/example_dags/plugins/workday.py took 0.015 seconds
[2026-05-07T19:43:01.401+0200] {processor.py:186} INFO - Started process (PID=15495) to work on /home/rodrigo/Escritorio/BBDDAvanzadas/.venv/lib/python3.12/site-packages/airflow/example_dags/plugins/workday.py
[2026-05-07T19:43:01.404+0200] {processor.py:914} INFO - Processing file /home/rodrigo/Escritorio/BBDDAvanzadas/.venv/lib/python3.12/site-packages/airflow/example_dags/plugins/workday.py for tasks to queue
[2026-05-07T19:43:01.405+0200] {logging_mixin.py:190} INFO - [2026-05-07T19:43:01.405+0200] {dagbag.py:588} INFO - Filling up the DagBag from /home/rodrigo/Escritorio/BBDDAvanzadas/.venv/lib/python3.12/site-packages/airflow/example_dags/plugins/workday.py
[2026-05-07T19:43:01.407+0200] {logging_mixin.py:190} INFO - [2026-05-07T19:43:01.407+0200] {workday.py:41} WARNING - Could not import pandas. Holidays will not be considered.
[2026-05-07T19:43:01.408+0200] {processor.py:927} WARNING - No viable dags retrieved from /home/rodrigo/Escritorio/BBDDAvanzadas/.venv/lib/python3.12/site-packages/airflow/example_dags/plugins/workday.py
[2026-05-07T19:43:01.416+0200] {processor.py:208} INFO - Processing /home/rodrigo/Escritorio/BBDDAvanzadas/.venv/lib/python3.12/site-packages/airflow/example_dags/plugins/workday.py took 0.020 seconds
[2026-05-07T19:43:35.643+0200] {processor.py:186} INFO - Started process (PID=15609) to work on /home/rodrigo/Escritorio/BBDDAvanzadas/.venv/lib/python3.12/site-packages/airflow/example_dags/plugins/workday.py
[2026-05-07T19:43:35.644+0200] {processor.py:914} INFO - Processing file /home/rodrigo/Escritorio/BBDDAvanzadas/.venv/lib/python3.12/site-packages/airflow/example_dags/plugins/workday.py for tasks to queue
[2026-05-07T19:43:35.647+0200] {logging_mixin.py:190} INFO - [2026-05-07T19:43:35.647+0200] {dagbag.py:588} INFO - Filling up the DagBag from /home/rodrigo/Escritorio/BBDDAvanzadas/.venv/lib/python3.12/site-packages/airflow/example_dags/plugins/workday.py
[2026-05-07T19:43:35.649+0200] {logging_mixin.py:190} INFO - [2026-05-07T19:43:35.649+0200] {workday.py:41} WARNING - Could not import pandas. Holidays will not be considered.
[2026-05-07T19:43:35.650+0200] {processor.py:927} WARNING - No viable dags retrieved from /home/rodrigo/Escritorio/BBDDAvanzadas/.venv/lib/python3.12/site-packages/airflow/example_dags/plugins/workday.py
[2026-05-07T19:43:35.661+0200] {processor.py:208} INFO - Processing /home/rodrigo/Escritorio/BBDDAvanzadas/.venv/lib/python3.12/site-packages/airflow/example_dags/plugins/workday.py took 0.023 seconds
[2026-05-07T19:44:15.618+0200] {processor.py:186} INFO - Started process (PID=15681) to work on /home/rodrigo/Escritorio/BBDDAvanzadas/.venv/lib/python3.12/site-packages/airflow/example_dags/plugins/workday.py
[2026-05-07T19:44:15.620+0200] {processor.py:914} INFO - Processing file /home/rodrigo/Escritorio/BBDDAvanzadas/.venv/lib/python3.12/site-packages/airflow/example_dags/plugins/workday.py for tasks to queue
[2026-05-07T19:44:15.622+0200] {logging_mixin.py:190} INFO - [2026-05-07T19:44:15.621+0200] {dagbag.py:588} INFO - Filling up the DagBag from /home/rodrigo/Escritorio/BBDDAvanzadas/.venv/lib/python3.12/site-packages/airflow/example_dags/plugins/workday.py
[2026-05-07T19:44:15.624+0200] {logging_mixin.py:190} INFO - [2026-05-07T19:44:15.624+0200] {workday.py:41} WARNING - Could not import pandas. Holidays will not be considered.
[2026-05-07T19:44:15.624+0200] {processor.py:927} WARNING - No viable dags retrieved from /home/rodrigo/Escritorio/BBDDAvanzadas/.venv/lib/python3.12/site-packages/airflow/example_dags/plugins/workday.py
[2026-05-07T19:44:15.632+0200] {processor.py:208} INFO - Processing /home/rodrigo/Escritorio/BBDDAvanzadas/.venv/lib/python3.12/site-packages/airflow/example_dags/plugins/workday.py took 0.018 seconds
[2026-05-07T19:45:04.715+0200] {processor.py:186} INFO - Started process (PID=15864) to work on /home/rodrigo/Escritorio/BBDDAvanzadas/.venv/lib/python3.12/site-packages/airflow/example_dags/plugins/workday.py
[2026-05-07T19:45:04.716+0200] {processor.py:914} INFO - Processing file /home/rodrigo/Escritorio/BBDDAvanzadas/.venv/lib/python3.12/site-packages/airflow/example_dags/plugins/workday.py for tasks to queue
[2026-05-07T19:45:04.717+0200] {logging_mixin.py:190} INFO - [2026-05-07T19:45:04.717+0200] {dagbag.py:588} INFO - Filling up the DagBag from /home/rodrigo/Escritorio/BBDDAvanzadas/.venv/lib/python3.12/site-packages/airflow/example_dags/plugins/workday.py
[2026-05-07T19:45:04.720+0200] {logging_mixin.py:190} INFO - [2026-05-07T19:45:04.720+0200] {workday.py:41} WARNING - Could not import pandas. Holidays will not be considered.
[2026-05-07T19:45:04.720+0200] {processor.py:927} WARNING - No viable dags retrieved from /home/rodrigo/Escritorio/BBDDAvanzadas/.venv/lib/python3.12/site-packages/airflow/example_dags/plugins/workday.py
[2026-05-07T19:45:04.728+0200] {processor.py:208} INFO - Processing /home/rodrigo/Escritorio/BBDDAvanzadas/.venv/lib/python3.12/site-packages/airflow/example_dags/plugins/workday.py took 0.017 seconds
[2026-05-07T19:45:58.779+0200] {processor.py:186} INFO - Started process (PID=15912) to work on /home/rodrigo/Escritorio/BBDDAvanzadas/.venv/lib/python3.12/site-packages/airflow/example_dags/plugins/workday.py
[2026-05-07T19:45:58.780+0200] {processor.py:914} INFO - Processing file /home/rodrigo/Escritorio/BBDDAvanzadas/.venv/lib/python3.12/site-packages/airflow/example_dags/plugins/workday.py for tasks to queue
[2026-05-07T19:45:58.782+0200] {logging_mixin.py:190} INFO - [2026-05-07T19:45:58.781+0200] {dagbag.py:588} INFO - Filling up the DagBag from /home/rodrigo/Escritorio/BBDDAvanzadas/.venv/lib/python3.12/site-packages/airflow/example_dags/plugins/workday.py
[2026-05-07T19:45:58.784+0200] {logging_mixin.py:190} INFO - [2026-05-07T19:45:58.784+0200] {workday.py:41} WARNING - Could not import pandas. Holidays will not be considered.
[2026-05-07T19:45:58.784+0200] {processor.py:927} WARNING - No viable dags retrieved from /home/rodrigo/Escritorio/BBDDAvanzadas/.venv/lib/python3.12/site-packages/airflow/example_dags/plugins/workday.py
[2026-05-07T19:45:58.793+0200] {processor.py:208} INFO - Processing /home/rodrigo/Escritorio/BBDDAvanzadas/.venv/lib/python3.12/site-packages/airflow/example_dags/plugins/workday.py took 0.019 seconds
[2026-05-07T19:46:49.107+0200] {processor.py:186} INFO - Started process (PID=15976) to work on /home/rodrigo/Escritorio/BBDDAvanzadas/.venv/lib/python3.12/site-packages/airflow/example_dags/plugins/workday.py
[2026-05-07T19:46:49.109+0200] {processor.py:914} INFO - Processing file /home/rodrigo/Escritorio/BBDDAvanzadas/.venv/lib/python3.12/site-packages/airflow/example_dags/plugins/workday.py for tasks to queue
[2026-05-07T19:46:49.113+0200] {logging_mixin.py:190} INFO - [2026-05-07T19:46:49.111+0200] {dagbag.py:588} INFO - Filling up the DagBag from /home/rodrigo/Escritorio/BBDDAvanzadas/.venv/lib/python3.12/site-packages/airflow/example_dags/plugins/workday.py
[2026-05-07T19:46:49.118+0200] {logging_mixin.py:190} INFO - [2026-05-07T19:46:49.117+0200] {workday.py:41} WARNING - Could not import pandas. Holidays will not be considered.
[2026-05-07T19:46:49.118+0200] {processor.py:927} WARNING - No viable dags retrieved from /home/rodrigo/Escritorio/BBDDAvanzadas/.venv/lib/python3.12/site-packages/airflow/example_dags/plugins/workday.py
[2026-05-07T19:46:49.157+0200] {processor.py:208} INFO - Processing /home/rodrigo/Escritorio/BBDDAvanzadas/.venv/lib/python3.12/site-packages/airflow/example_dags/plugins/workday.py took 0.061 seconds
[2026-05-07T19:47:29.277+0200] {processor.py:186} INFO - Started process (PID=16078) to work on /home/rodrigo/Escritorio/BBDDAvanzadas/.venv/lib/python3.12/site-packages/airflow/example_dags/plugins/workday.py
[2026-05-07T19:47:29.285+0200] {processor.py:914} INFO - Processing file /home/rodrigo/Escritorio/BBDDAvanzadas/.venv/lib/python3.12/site-packages/airflow/example_dags/plugins/workday.py for tasks to queue
[2026-05-07T19:47:29.292+0200] {logging_mixin.py:190} INFO - [2026-05-07T19:47:29.290+0200] {dagbag.py:588} INFO - Filling up the DagBag from /home/rodrigo/Escritorio/BBDDAvanzadas/.venv/lib/python3.12/site-packages/airflow/example_dags/plugins/workday.py
[2026-05-07T19:47:29.296+0200] {logging_mixin.py:190} INFO - [2026-05-07T19:47:29.296+0200] {workday.py:41} WARNING - Could not import pandas. Holidays will not be considered.
[2026-05-07T19:47:29.298+0200] {processor.py:927} WARNING - No viable dags retrieved from /home/rodrigo/Escritorio/BBDDAvanzadas/.venv/lib/python3.12/site-packages/airflow/example_dags/plugins/workday.py
[2026-05-07T19:47:29.330+0200] {processor.py:208} INFO - Processing /home/rodrigo/Escritorio/BBDDAvanzadas/.venv/lib/python3.12/site-packages/airflow/example_dags/plugins/workday.py took 0.098 seconds
[2026-05-07T19:48:43.113+0200] {processor.py:186} INFO - Started process (PID=16204) to work on /home/rodrigo/Escritorio/BBDDAvanzadas/.venv/lib/python3.12/site-packages/airflow/example_dags/plugins/workday.py
[2026-05-07T19:48:43.114+0200] {processor.py:914} INFO - Processing file /home/rodrigo/Escritorio/BBDDAvanzadas/.venv/lib/python3.12/site-packages/airflow/example_dags/plugins/workday.py for tasks to queue
[2026-05-07T19:48:43.116+0200] {logging_mixin.py:190} INFO - [2026-05-07T19:48:43.115+0200] {dagbag.py:588} INFO - Filling up the DagBag from /home/rodrigo/Escritorio/BBDDAvanzadas/.venv/lib/python3.12/site-packages/airflow/example_dags/plugins/workday.py
[2026-05-07T19:48:43.117+0200] {logging_mixin.py:190} INFO - [2026-05-07T19:48:43.117+0200] {workday.py:41} WARNING - Could not import pandas. Holidays will not be considered.
[2026-05-07T19:48:43.118+0200] {processor.py:927} WARNING - No viable dags retrieved from /home/rodrigo/Escritorio/BBDDAvanzadas/.venv/lib/python3.12/site-packages/airflow/example_dags/plugins/workday.py
[2026-05-07T19:48:43.125+0200] {processor.py:208} INFO - Processing /home/rodrigo/Escritorio/BBDDAvanzadas/.venv/lib/python3.12/site-packages/airflow/example_dags/plugins/workday.py took 0.016 seconds
[2026-05-07T19:49:30.078+0200] {processor.py:186} INFO - Started process (PID=16266) to work on /home/rodrigo/Escritorio/BBDDAvanzadas/.venv/lib/python3.12/site-packages/airflow/example_dags/plugins/workday.py
[2026-05-07T19:49:30.079+0200] {processor.py:914} INFO - Processing file /home/rodrigo/Escritorio/BBDDAvanzadas/.venv/lib/python3.12/site-packages/airflow/example_dags/plugins/workday.py for tasks to queue
[2026-05-07T19:49:30.081+0200] {logging_mixin.py:190} INFO - [2026-05-07T19:49:30.080+0200] {dagbag.py:588} INFO - Filling up the DagBag from /home/rodrigo/Escritorio/BBDDAvanzadas/.venv/lib/python3.12/site-packages/airflow/example_dags/plugins/workday.py
[2026-05-07T19:49:30.083+0200] {logging_mixin.py:190} INFO - [2026-05-07T19:49:30.083+0200] {workday.py:41} WARNING - Could not import pandas. Holidays will not be considered.
[2026-05-07T19:49:30.083+0200] {processor.py:927} WARNING - No viable dags retrieved from /home/rodrigo/Escritorio/BBDDAvanzadas/.venv/lib/python3.12/site-packages/airflow/example_dags/plugins/workday.py
[2026-05-07T19:49:30.091+0200] {processor.py:208} INFO - Processing /home/rodrigo/Escritorio/BBDDAvanzadas/.venv/lib/python3.12/site-packages/airflow/example_dags/plugins/workday.py took 0.018 seconds
[2026-05-07T19:50:19.150+0200] {processor.py:186} INFO - Started process (PID=16333) to work on /home/rodrigo/Escritorio/BBDDAvanzadas/.venv/lib/python3.12/site-packages/airflow/example_dags/plugins/workday.py
[2026-05-07T19:50:19.151+0200] {processor.py:914} INFO - Processing file /home/rodrigo/Escritorio/BBDDAvanzadas/.venv/lib/python3.12/site-packages/airflow/example_dags/plugins/workday.py for tasks to queue
[2026-05-07T19:50:19.153+0200] {logging_mixin.py:190} INFO - [2026-05-07T19:50:19.153+0200] {dagbag.py:588} INFO - Filling up the DagBag from /home/rodrigo/Escritorio/BBDDAvanzadas/.venv/lib/python3.12/site-packages/airflow/example_dags/plugins/workday.py
[2026-05-07T19:50:19.155+0200] {logging_mixin.py:190} INFO - [2026-05-07T19:50:19.155+0200] {workday.py:41} WARNING - Could not import pandas. Holidays will not be considered.
[2026-05-07T19:50:19.155+0200] {processor.py:927} WARNING - No viable dags retrieved from /home/rodrigo/Escritorio/BBDDAvanzadas/.venv/lib/python3.12/site-packages/airflow/example_dags/plugins/workday.py
[2026-05-07T19:50:19.162+0200] {processor.py:208} INFO - Processing /home/rodrigo/Escritorio/BBDDAvanzadas/.venv/lib/python3.12/site-packages/airflow/example_dags/plugins/workday.py took 0.015 seconds
[2026-05-07T19:51:15.156+0200] {processor.py:186} INFO - Started process (PID=16379) to work on /home/rodrigo/Escritorio/BBDDAvanzadas/.venv/lib/python3.12/site-packages/airflow/example_dags/plugins/workday.py
[2026-05-07T19:51:15.157+0200] {processor.py:914} INFO - Processing file /home/rodrigo/Escritorio/BBDDAvanzadas/.venv/lib/python3.12/site-packages/airflow/example_dags/plugins/workday.py for tasks to queue
[2026-05-07T19:51:15.159+0200] {logging_mixin.py:190} INFO - [2026-05-07T19:51:15.158+0200] {dagbag.py:588} INFO - Filling up the DagBag from /home/rodrigo/Escritorio/BBDDAvanzadas/.venv/lib/python3.12/site-packages/airflow/example_dags/plugins/workday.py
[2026-05-07T19:51:15.161+0200] {logging_mixin.py:190} INFO - [2026-05-07T19:51:15.161+0200] {workday.py:41} WARNING - Could not import pandas. Holidays will not be considered.
[2026-05-07T19:51:15.161+0200] {processor.py:927} WARNING - No viable dags retrieved from /home/rodrigo/Escritorio/BBDDAvanzadas/.venv/lib/python3.12/site-packages/airflow/example_dags/plugins/workday.py
[2026-05-07T19:51:15.168+0200] {processor.py:208} INFO - Processing /home/rodrigo/Escritorio/BBDDAvanzadas/.venv/lib/python3.12/site-packages/airflow/example_dags/plugins/workday.py took 0.019 seconds
[2026-05-07T19:51:57.933+0200] {processor.py:186} INFO - Started process (PID=16427) to work on /home/rodrigo/Escritorio/BBDDAvanzadas/.venv/lib/python3.12/site-packages/airflow/example_dags/plugins/workday.py
[2026-05-07T19:51:57.934+0200] {processor.py:914} INFO - Processing file /home/rodrigo/Escritorio/BBDDAvanzadas/.venv/lib/python3.12/site-packages/airflow/example_dags/plugins/workday.py for tasks to queue
[2026-05-07T19:51:57.935+0200] {logging_mixin.py:190} INFO - [2026-05-07T19:51:57.935+0200] {dagbag.py:588} INFO - Filling up the DagBag from /home/rodrigo/Escritorio/BBDDAvanzadas/.venv/lib/python3.12/site-packages/airflow/example_dags/plugins/workday.py
[2026-05-07T19:51:57.938+0200] {logging_mixin.py:190} INFO - [2026-05-07T19:51:57.938+0200] {workday.py:41} WARNING - Could not import pandas. Holidays will not be considered.
[2026-05-07T19:51:57.938+0200] {processor.py:927} WARNING - No viable dags retrieved from /home/rodrigo/Escritorio/BBDDAvanzadas/.venv/lib/python3.12/site-packages/airflow/example_dags/plugins/workday.py
[2026-05-07T19:51:57.945+0200] {processor.py:208} INFO - Processing /home/rodrigo/Escritorio/BBDDAvanzadas/.venv/lib/python3.12/site-packages/airflow/example_dags/plugins/workday.py took 0.016 seconds
[2026-05-07T19:52:33.069+0200] {processor.py:186} INFO - Started process (PID=16617) to work on /home/rodrigo/Escritorio/BBDDAvanzadas/.venv/lib/python3.12/site-packages/airflow/example_dags/plugins/workday.py
[2026-05-07T19:52:33.071+0200] {processor.py:914} INFO - Processing file /home/rodrigo/Escritorio/BBDDAvanzadas/.venv/lib/python3.12/site-packages/airflow/example_dags/plugins/workday.py for tasks to queue
[2026-05-07T19:52:33.072+0200] {logging_mixin.py:190} INFO - [2026-05-07T19:52:33.072+0200] {dagbag.py:588} INFO - Filling up the DagBag from /home/rodrigo/Escritorio/BBDDAvanzadas/.venv/lib/python3.12/site-packages/airflow/example_dags/plugins/workday.py
[2026-05-07T19:52:33.086+0200] {logging_mixin.py:190} INFO - [2026-05-07T19:52:33.086+0200] {workday.py:41} WARNING - Could not import pandas. Holidays will not be considered.
[2026-05-07T19:52:33.087+0200] {processor.py:927} WARNING - No viable dags retrieved from /home/rodrigo/Escritorio/BBDDAvanzadas/.venv/lib/python3.12/site-packages/airflow/example_dags/plugins/workday.py
[2026-05-07T19:52:33.101+0200] {processor.py:208} INFO - Processing /home/rodrigo/Escritorio/BBDDAvanzadas/.venv/lib/python3.12/site-packages/airflow/example_dags/plugins/workday.py took 0.058 seconds
[2026-05-07T19:53:07.490+0200] {processor.py:186} INFO - Started process (PID=16707) to work on /home/rodrigo/Escritorio/BBDDAvanzadas/.venv/lib/python3.12/site-packages/airflow/example_dags/plugins/workday.py
[2026-05-07T19:53:07.492+0200] {processor.py:914} INFO - Processing file /home/rodrigo/Escritorio/BBDDAvanzadas/.venv/lib/python3.12/site-packages/airflow/example_dags/plugins/workday.py for tasks to queue
[2026-05-07T19:53:07.493+0200] {logging_mixin.py:190} INFO - [2026-05-07T19:53:07.493+0200] {dagbag.py:588} INFO - Filling up the DagBag from /home/rodrigo/Escritorio/BBDDAvanzadas/.venv/lib/python3.12/site-packages/airflow/example_dags/plugins/workday.py
[2026-05-07T19:53:07.495+0200] {logging_mixin.py:190} INFO - [2026-05-07T19:53:07.495+0200] {workday.py:41} WARNING - Could not import pandas. Holidays will not be considered.
[2026-05-07T19:53:07.496+0200] {processor.py:927} WARNING - No viable dags retrieved from /home/rodrigo/Escritorio/BBDDAvanzadas/.venv/lib/python3.12/site-packages/airflow/example_dags/plugins/workday.py
[2026-05-07T19:53:07.504+0200] {processor.py:208} INFO - Processing /home/rodrigo/Escritorio/BBDDAvanzadas/.venv/lib/python3.12/site-packages/airflow/example_dags/plugins/workday.py took 0.020 seconds
[2026-05-07T19:53:44.435+0200] {processor.py:186} INFO - Started process (PID=16785) to work on /home/rodrigo/Escritorio/BBDDAvanzadas/.venv/lib/python3.12/site-packages/airflow/example_dags/plugins/workday.py
[2026-05-07T19:53:44.437+0200] {processor.py:914} INFO - Processing file /home/rodrigo/Escritorio/BBDDAvanzadas/.venv/lib/python3.12/site-packages/airflow/example_dags/plugins/workday.py for tasks to queue
[2026-05-07T19:53:44.439+0200] {logging_mixin.py:190} INFO - [2026-05-07T19:53:44.439+0200] {dagbag.py:588} INFO - Filling up the DagBag from /home/rodrigo/Escritorio/BBDDAvanzadas/.venv/lib/python3.12/site-packages/airflow/example_dags/plugins/workday.py
[2026-05-07T19:53:44.443+0200] {logging_mixin.py:190} INFO - [2026-05-07T19:53:44.443+0200] {workday.py:41} WARNING - Could not import pandas. Holidays will not be considered.
[2026-05-07T19:53:44.443+0200] {processor.py:927} WARNING - No viable dags retrieved from /home/rodrigo/Escritorio/BBDDAvanzadas/.venv/lib/python3.12/site-packages/airflow/example_dags/plugins/workday.py
[2026-05-07T19:53:44.478+0200] {processor.py:208} INFO - Processing /home/rodrigo/Escritorio/BBDDAvanzadas/.venv/lib/python3.12/site-packages/airflow/example_dags/plugins/workday.py took 0.054 seconds
[2026-05-07T19:54:19.955+0200] {processor.py:186} INFO - Started process (PID=16825) to work on /home/rodrigo/Escritorio/BBDDAvanzadas/.venv/lib/python3.12/site-packages/airflow/example_dags/plugins/workday.py
[2026-05-07T19:54:19.956+0200] {processor.py:914} INFO - Processing file /home/rodrigo/Escritorio/BBDDAvanzadas/.venv/lib/python3.12/site-packages/airflow/example_dags/plugins/workday.py for tasks to queue
[2026-05-07T19:54:19.958+0200] {logging_mixin.py:190} INFO - [2026-05-07T19:54:19.957+0200] {dagbag.py:588} INFO - Filling up the DagBag from /home/rodrigo/Escritorio/BBDDAvanzadas/.venv/lib/python3.12/site-packages/airflow/example_dags/plugins/workday.py
[2026-05-07T19:54:19.961+0200] {logging_mixin.py:190} INFO - [2026-05-07T19:54:19.961+0200] {workday.py:41} WARNING - Could not import pandas. Holidays will not be considered.
[2026-05-07T19:54:19.962+0200] {processor.py:927} WARNING - No viable dags retrieved from /home/rodrigo/Escritorio/BBDDAvanzadas/.venv/lib/python3.12/site-packages/airflow/example_dags/plugins/workday.py
[2026-05-07T19:54:19.998+0200] {processor.py:208} INFO - Processing /home/rodrigo/Escritorio/BBDDAvanzadas/.venv/lib/python3.12/site-packages/airflow/example_dags/plugins/workday.py took 0.048 seconds
[2026-05-07T19:54:55.844+0200] {processor.py:186} INFO - Started process (PID=16918) to work on /home/rodrigo/Escritorio/BBDDAvanzadas/.venv/lib/python3.12/site-packages/airflow/example_dags/plugins/workday.py
[2026-05-07T19:54:55.851+0200] {processor.py:914} INFO - Processing file /home/rodrigo/Escritorio/BBDDAvanzadas/.venv/lib/python3.12/site-packages/airflow/example_dags/plugins/workday.py for tasks to queue
[2026-05-07T19:54:55.853+0200] {logging_mixin.py:190} INFO - [2026-05-07T19:54:55.853+0200] {dagbag.py:588} INFO - Filling up the DagBag from /home/rodrigo/Escritorio/BBDDAvanzadas/.venv/lib/python3.12/site-packages/airflow/example_dags/plugins/workday.py
[2026-05-07T19:54:55.858+0200] {logging_mixin.py:190} INFO - [2026-05-07T19:54:55.856+0200] {workday.py:41} WARNING - Could not import pandas. Holidays will not be considered.
[2026-05-07T19:54:55.858+0200] {processor.py:927} WARNING - No viable dags retrieved from /home/rodrigo/Escritorio/BBDDAvanzadas/.venv/lib/python3.12/site-packages/airflow/example_dags/plugins/workday.py
[2026-05-07T19:54:55.875+0200] {processor.py:208} INFO - Processing /home/rodrigo/Escritorio/BBDDAvanzadas/.venv/lib/python3.12/site-packages/airflow/example_dags/plugins/workday.py took 0.046 seconds
[2026-05-07T19:55:38.508+0200] {processor.py:186} INFO - Started process (PID=16978) to work on /home/rodrigo/Escritorio/BBDDAvanzadas/.venv/lib/python3.12/site-packages/airflow/example_dags/plugins/workday.py
[2026-05-07T19:55:38.509+0200] {processor.py:914} INFO - Processing file /home/rodrigo/Escritorio/BBDDAvanzadas/.venv/lib/python3.12/site-packages/airflow/example_dags/plugins/workday.py for tasks to queue
[2026-05-07T19:55:38.510+0200] {logging_mixin.py:190} INFO - [2026-05-07T19:55:38.510+0200] {dagbag.py:588} INFO - Filling up the DagBag from /home/rodrigo/Escritorio/BBDDAvanzadas/.venv/lib/python3.12/site-packages/airflow/example_dags/plugins/workday.py
[2026-05-07T19:55:38.512+0200] {logging_mixin.py:190} INFO - [2026-05-07T19:55:38.512+0200] {workday.py:41} WARNING - Could not import pandas. Holidays will not be considered.
[2026-05-07T19:55:38.512+0200] {processor.py:927} WARNING - No viable dags retrieved from /home/rodrigo/Escritorio/BBDDAvanzadas/.venv/lib/python3.12/site-packages/airflow/example_dags/plugins/workday.py
[2026-05-07T19:55:38.520+0200] {processor.py:208} INFO - Processing /home/rodrigo/Escritorio/BBDDAvanzadas/.venv/lib/python3.12/site-packages/airflow/example_dags/plugins/workday.py took 0.016 seconds
[2026-05-07T19:56:34.219+0200] {processor.py:186} INFO - Started process (PID=17025) to work on /home/rodrigo/Escritorio/BBDDAvanzadas/.venv/lib/python3.12/site-packages/airflow/example_dags/plugins/workday.py
[2026-05-07T19:56:34.220+0200] {processor.py:914} INFO - Processing file /home/rodrigo/Escritorio/BBDDAvanzadas/.venv/lib/python3.12/site-packages/airflow/example_dags/plugins/workday.py for tasks to queue
[2026-05-07T19:56:34.222+0200] {logging_mixin.py:190} INFO - [2026-05-07T19:56:34.221+0200] {dagbag.py:588} INFO - Filling up the DagBag from /home/rodrigo/Escritorio/BBDDAvanzadas/.venv/lib/python3.12/site-packages/airflow/example_dags/plugins/workday.py
[2026-05-07T19:56:34.224+0200] {logging_mixin.py:190} INFO - [2026-05-07T19:56:34.224+0200] {workday.py:41} WARNING - Could not import pandas. Holidays will not be considered.
[2026-05-07T19:56:34.224+0200] {processor.py:927} WARNING - No viable dags retrieved from /home/rodrigo/Escritorio/BBDDAvanzadas/.venv/lib/python3.12/site-packages/airflow/example_dags/plugins/workday.py
[2026-05-07T19:56:34.231+0200] {processor.py:208} INFO - Processing /home/rodrigo/Escritorio/BBDDAvanzadas/.venv/lib/python3.12/site-packages/airflow/example_dags/plugins/workday.py took 0.016 seconds
[2026-05-07T19:57:37.170+0200] {processor.py:186} INFO - Started process (PID=17071) to work on /home/rodrigo/Escritorio/BBDDAvanzadas/.venv/lib/python3.12/site-packages/airflow/example_dags/plugins/workday.py
[2026-05-07T19:57:37.171+0200] {processor.py:914} INFO - Processing file /home/rodrigo/Escritorio/BBDDAvanzadas/.venv/lib/python3.12/site-packages/airflow/example_dags/plugins/workday.py for tasks to queue
[2026-05-07T19:57:37.172+0200] {logging_mixin.py:190} INFO - [2026-05-07T19:57:37.172+0200] {dagbag.py:588} INFO - Filling up the DagBag from /home/rodrigo/Escritorio/BBDDAvanzadas/.venv/lib/python3.12/site-packages/airflow/example_dags/plugins/workday.py
[2026-05-07T19:57:37.174+0200] {logging_mixin.py:190} INFO - [2026-05-07T19:57:37.174+0200] {workday.py:41} WARNING - Could not import pandas. Holidays will not be considered.
[2026-05-07T19:57:37.175+0200] {processor.py:927} WARNING - No viable dags retrieved from /home/rodrigo/Escritorio/BBDDAvanzadas/.venv/lib/python3.12/site-packages/airflow/example_dags/plugins/workday.py
[2026-05-07T19:57:37.182+0200] {processor.py:208} INFO - Processing /home/rodrigo/Escritorio/BBDDAvanzadas/.venv/lib/python3.12/site-packages/airflow/example_dags/plugins/workday.py took 0.016 seconds
[2026-05-07T19:58:41.708+0200] {processor.py:186} INFO - Started process (PID=17126) to work on /home/rodrigo/Escritorio/BBDDAvanzadas/.venv/lib/python3.12/site-packages/airflow/example_dags/plugins/workday.py
[2026-05-07T19:58:41.710+0200] {processor.py:914} INFO - Processing file /home/rodrigo/Escritorio/BBDDAvanzadas/.venv/lib/python3.12/site-packages/airflow/example_dags/plugins/workday.py for tasks to queue
[2026-05-07T19:58:41.711+0200] {logging_mixin.py:190} INFO - [2026-05-07T19:58:41.711+0200] {dagbag.py:588} INFO - Filling up the DagBag from /home/rodrigo/Escritorio/BBDDAvanzadas/.venv/lib/python3.12/site-packages/airflow/example_dags/plugins/workday.py
[2026-05-07T19:58:41.714+0200] {logging_mixin.py:190} INFO - [2026-05-07T19:58:41.714+0200] {workday.py:41} WARNING - Could not import pandas. Holidays will not be considered.
[2026-05-07T19:58:41.715+0200] {processor.py:927} WARNING - No viable dags retrieved from /home/rodrigo/Escritorio/BBDDAvanzadas/.venv/lib/python3.12/site-packages/airflow/example_dags/plugins/workday.py
[2026-05-07T19:58:41.727+0200] {processor.py:208} INFO - Processing /home/rodrigo/Escritorio/BBDDAvanzadas/.venv/lib/python3.12/site-packages/airflow/example_dags/plugins/workday.py took 0.026 seconds
[2026-05-07T19:59:43.375+0200] {processor.py:186} INFO - Started process (PID=17175) to work on /home/rodrigo/Escritorio/BBDDAvanzadas/.venv/lib/python3.12/site-packages/airflow/example_dags/plugins/workday.py
[2026-05-07T19:59:43.376+0200] {processor.py:914} INFO - Processing file /home/rodrigo/Escritorio/BBDDAvanzadas/.venv/lib/python3.12/site-packages/airflow/example_dags/plugins/workday.py for tasks to queue
[2026-05-07T19:59:43.378+0200] {logging_mixin.py:190} INFO - [2026-05-07T19:59:43.378+0200] {dagbag.py:588} INFO - Filling up the DagBag from /home/rodrigo/Escritorio/BBDDAvanzadas/.venv/lib/python3.12/site-packages/airflow/example_dags/plugins/workday.py
[2026-05-07T19:59:43.380+0200] {logging_mixin.py:190} INFO - [2026-05-07T19:59:43.380+0200] {workday.py:41} WARNING - Could not import pandas. Holidays will not be considered.
[2026-05-07T19:59:43.380+0200] {processor.py:927} WARNING - No viable dags retrieved from /home/rodrigo/Escritorio/BBDDAvanzadas/.venv/lib/python3.12/site-packages/airflow/example_dags/plugins/workday.py
[2026-05-07T19:59:43.389+0200] {processor.py:208} INFO - Processing /home/rodrigo/Escritorio/BBDDAvanzadas/.venv/lib/python3.12/site-packages/airflow/example_dags/plugins/workday.py took 0.018 seconds
[2026-05-07T20:00:37.549+0200] {processor.py:186} INFO - Started process (PID=17255) to work on /home/rodrigo/Escritorio/BBDDAvanzadas/.venv/lib/python3.12/site-packages/airflow/example_dags/plugins/workday.py
[2026-05-07T20:00:37.551+0200] {processor.py:914} INFO - Processing file /home/rodrigo/Escritorio/BBDDAvanzadas/.venv/lib/python3.12/site-packages/airflow/example_dags/plugins/workday.py for tasks to queue
[2026-05-07T20:00:37.553+0200] {logging_mixin.py:190} INFO - [2026-05-07T20:00:37.553+0200] {dagbag.py:588} INFO - Filling up the DagBag from /home/rodrigo/Escritorio/BBDDAvanzadas/.venv/lib/python3.12/site-packages/airflow/example_dags/plugins/workday.py
[2026-05-07T20:00:37.555+0200] {logging_mixin.py:190} INFO - [2026-05-07T20:00:37.555+0200] {workday.py:41} WARNING - Could not import pandas. Holidays will not be considered.
[2026-05-07T20:00:37.556+0200] {processor.py:927} WARNING - No viable dags retrieved from /home/rodrigo/Escritorio/BBDDAvanzadas/.venv/lib/python3.12/site-packages/airflow/example_dags/plugins/workday.py
[2026-05-07T20:00:37.563+0200] {processor.py:208} INFO - Processing /home/rodrigo/Escritorio/BBDDAvanzadas/.venv/lib/python3.12/site-packages/airflow/example_dags/plugins/workday.py took 0.019 seconds
[2026-05-07T20:01:18.364+0200] {processor.py:186} INFO - Started process (PID=17413) to work on /home/rodrigo/Escritorio/BBDDAvanzadas/.venv/lib/python3.12/site-packages/airflow/example_dags/plugins/workday.py
[2026-05-07T20:01:18.365+0200] {processor.py:914} INFO - Processing file /home/rodrigo/Escritorio/BBDDAvanzadas/.venv/lib/python3.12/site-packages/airflow/example_dags/plugins/workday.py for tasks to queue
[2026-05-07T20:01:18.367+0200] {logging_mixin.py:190} INFO - [2026-05-07T20:01:18.366+0200] {dagbag.py:588} INFO - Filling up the DagBag from /home/rodrigo/Escritorio/BBDDAvanzadas/.venv/lib/python3.12/site-packages/airflow/example_dags/plugins/workday.py
[2026-05-07T20:01:18.369+0200] {logging_mixin.py:190} INFO - [2026-05-07T20:01:18.368+0200] {workday.py:41} WARNING - Could not import pandas. Holidays will not be considered.
[2026-05-07T20:01:18.369+0200] {processor.py:927} WARNING - No viable dags retrieved from /home/rodrigo/Escritorio/BBDDAvanzadas/.venv/lib/python3.12/site-packages/airflow/example_dags/plugins/workday.py
[2026-05-07T20:01:18.376+0200] {processor.py:208} INFO - Processing /home/rodrigo/Escritorio/BBDDAvanzadas/.venv/lib/python3.12/site-packages/airflow/example_dags/plugins/workday.py took 0.017 seconds
[2026-05-07T20:02:20.112+0200] {processor.py:186} INFO - Started process (PID=17596) to work on /home/rodrigo/Escritorio/BBDDAvanzadas/.venv/lib/python3.12/site-packages/airflow/example_dags/plugins/workday.py
[2026-05-07T20:02:20.113+0200] {processor.py:914} INFO - Processing file /home/rodrigo/Escritorio/BBDDAvanzadas/.venv/lib/python3.12/site-packages/airflow/example_dags/plugins/workday.py for tasks to queue
[2026-05-07T20:02:20.115+0200] {logging_mixin.py:190} INFO - [2026-05-07T20:02:20.114+0200] {dagbag.py:588} INFO - Filling up the DagBag from /home/rodrigo/Escritorio/BBDDAvanzadas/.venv/lib/python3.12/site-packages/airflow/example_dags/plugins/workday.py
[2026-05-07T20:02:20.117+0200] {logging_mixin.py:190} INFO - [2026-05-07T20:02:20.117+0200] {workday.py:41} WARNING - Could not import pandas. Holidays will not be considered.
[2026-05-07T20:02:20.117+0200] {processor.py:927} WARNING - No viable dags retrieved from /home/rodrigo/Escritorio/BBDDAvanzadas/.venv/lib/python3.12/site-packages/airflow/example_dags/plugins/workday.py
[2026-05-07T20:02:20.129+0200] {processor.py:208} INFO - Processing /home/rodrigo/Escritorio/BBDDAvanzadas/.venv/lib/python3.12/site-packages/airflow/example_dags/plugins/workday.py took 0.021 seconds
[2026-05-07T20:03:17.521+0200] {processor.py:186} INFO - Started process (PID=17721) to work on /home/rodrigo/Escritorio/BBDDAvanzadas/.venv/lib/python3.12/site-packages/airflow/example_dags/plugins/workday.py
[2026-05-07T20:03:17.522+0200] {processor.py:914} INFO - Processing file /home/rodrigo/Escritorio/BBDDAvanzadas/.venv/lib/python3.12/site-packages/airflow/example_dags/plugins/workday.py for tasks to queue
[2026-05-07T20:03:17.523+0200] {logging_mixin.py:190} INFO - [2026-05-07T20:03:17.523+0200] {dagbag.py:588} INFO - Filling up the DagBag from /home/rodrigo/Escritorio/BBDDAvanzadas/.venv/lib/python3.12/site-packages/airflow/example_dags/plugins/workday.py
[2026-05-07T20:03:17.525+0200] {logging_mixin.py:190} INFO - [2026-05-07T20:03:17.525+0200] {workday.py:41} WARNING - Could not import pandas. Holidays will not be considered.
[2026-05-07T20:03:17.525+0200] {processor.py:927} WARNING - No viable dags retrieved from /home/rodrigo/Escritorio/BBDDAvanzadas/.venv/lib/python3.12/site-packages/airflow/example_dags/plugins/workday.py
[2026-05-07T20:03:17.542+0200] {processor.py:208} INFO - Processing /home/rodrigo/Escritorio/BBDDAvanzadas/.venv/lib/python3.12/site-packages/airflow/example_dags/plugins/workday.py took 0.026 seconds
[2026-05-07T20:04:18.887+0200] {processor.py:186} INFO - Started process (PID=17849) to work on /home/rodrigo/Escritorio/BBDDAvanzadas/.venv/lib/python3.12/site-packages/airflow/example_dags/plugins/workday.py
[2026-05-07T20:04:18.904+0200] {processor.py:914} INFO - Processing file /home/rodrigo/Escritorio/BBDDAvanzadas/.venv/lib/python3.12/site-packages/airflow/example_dags/plugins/workday.py for tasks to queue
[2026-05-07T20:04:18.906+0200] {logging_mixin.py:190} INFO - [2026-05-07T20:04:18.906+0200] {dagbag.py:588} INFO - Filling up the DagBag from /home/rodrigo/Escritorio/BBDDAvanzadas/.venv/lib/python3.12/site-packages/airflow/example_dags/plugins/workday.py
[2026-05-07T20:04:18.908+0200] {logging_mixin.py:190} INFO - [2026-05-07T20:04:18.908+0200] {workday.py:41} WARNING - Could not import pandas. Holidays will not be considered.
[2026-05-07T20:04:18.909+0200] {processor.py:927} WARNING - No viable dags retrieved from /home/rodrigo/Escritorio/BBDDAvanzadas/.venv/lib/python3.12/site-packages/airflow/example_dags/plugins/workday.py
[2026-05-07T20:04:18.917+0200] {processor.py:208} INFO - Processing /home/rodrigo/Escritorio/BBDDAvanzadas/.venv/lib/python3.12/site-packages/airflow/example_dags/plugins/workday.py took 0.035 seconds
[2026-05-07T20:04:52.026+0200] {processor.py:186} INFO - Started process (PID=17908) to work on /home/rodrigo/Escritorio/BBDDAvanzadas/.venv/lib/python3.12/site-packages/airflow/example_dags/plugins/workday.py
[2026-05-07T20:04:52.028+0200] {processor.py:914} INFO - Processing file /home/rodrigo/Escritorio/BBDDAvanzadas/.venv/lib/python3.12/site-packages/airflow/example_dags/plugins/workday.py for tasks to queue
[2026-05-07T20:04:52.029+0200] {logging_mixin.py:190} INFO - [2026-05-07T20:04:52.029+0200] {dagbag.py:588} INFO - Filling up the DagBag from /home/rodrigo/Escritorio/BBDDAvanzadas/.venv/lib/python3.12/site-packages/airflow/example_dags/plugins/workday.py
[2026-05-07T20:04:52.032+0200] {logging_mixin.py:190} INFO - [2026-05-07T20:04:52.032+0200] {workday.py:41} WARNING - Could not import pandas. Holidays will not be considered.
[2026-05-07T20:04:52.032+0200] {processor.py:927} WARNING - No viable dags retrieved from /home/rodrigo/Escritorio/BBDDAvanzadas/.venv/lib/python3.12/site-packages/airflow/example_dags/plugins/workday.py
[2026-05-07T20:04:52.040+0200] {processor.py:208} INFO - Processing /home/rodrigo/Escritorio/BBDDAvanzadas/.venv/lib/python3.12/site-packages/airflow/example_dags/plugins/workday.py took 0.019 seconds
[2026-05-07T20:05:53.071+0200] {processor.py:186} INFO - Started process (PID=18032) to work on /home/rodrigo/Escritorio/BBDDAvanzadas/.venv/lib/python3.12/site-packages/airflow/example_dags/plugins/workday.py
[2026-05-07T20:05:53.072+0200] {processor.py:914} INFO - Processing file /home/rodrigo/Escritorio/BBDDAvanzadas/.venv/lib/python3.12/site-packages/airflow/example_dags/plugins/workday.py for tasks to queue
[2026-05-07T20:05:53.074+0200] {logging_mixin.py:190} INFO - [2026-05-07T20:05:53.074+0200] {dagbag.py:588} INFO - Filling up the DagBag from /home/rodrigo/Escritorio/BBDDAvanzadas/.venv/lib/python3.12/site-packages/airflow/example_dags/plugins/workday.py
[2026-05-07T20:05:53.076+0200] {logging_mixin.py:190} INFO - [2026-05-07T20:05:53.076+0200] {workday.py:41} WARNING - Could not import pandas. Holidays will not be considered.
[2026-05-07T20:05:53.076+0200] {processor.py:927} WARNING - No viable dags retrieved from /home/rodrigo/Escritorio/BBDDAvanzadas/.venv/lib/python3.12/site-packages/airflow/example_dags/plugins/workday.py
[2026-05-07T20:05:53.083+0200] {processor.py:208} INFO - Processing /home/rodrigo/Escritorio/BBDDAvanzadas/.venv/lib/python3.12/site-packages/airflow/example_dags/plugins/workday.py took 0.017 seconds
[2026-05-07T20:06:51.606+0200] {processor.py:186} INFO - Started process (PID=18149) to work on /home/rodrigo/Escritorio/BBDDAvanzadas/.venv/lib/python3.12/site-packages/airflow/example_dags/plugins/workday.py
[2026-05-07T20:06:51.609+0200] {processor.py:914} INFO - Processing file /home/rodrigo/Escritorio/BBDDAvanzadas/.venv/lib/python3.12/site-packages/airflow/example_dags/plugins/workday.py for tasks to queue
[2026-05-07T20:06:51.610+0200] {logging_mixin.py:190} INFO - [2026-05-07T20:06:51.610+0200] {dagbag.py:588} INFO - Filling up the DagBag from /home/rodrigo/Escritorio/BBDDAvanzadas/.venv/lib/python3.12/site-packages/airflow/example_dags/plugins/workday.py
[2026-05-07T20:06:51.613+0200] {logging_mixin.py:190} INFO - [2026-05-07T20:06:51.612+0200] {workday.py:41} WARNING - Could not import pandas. Holidays will not be considered.
[2026-05-07T20:06:51.613+0200] {processor.py:927} WARNING - No viable dags retrieved from /home/rodrigo/Escritorio/BBDDAvanzadas/.venv/lib/python3.12/site-packages/airflow/example_dags/plugins/workday.py
[2026-05-07T20:06:51.622+0200] {processor.py:208} INFO - Processing /home/rodrigo/Escritorio/BBDDAvanzadas/.venv/lib/python3.12/site-packages/airflow/example_dags/plugins/workday.py took 0.022 seconds
[2026-05-07T20:07:50.082+0200] {processor.py:186} INFO - Started process (PID=18275) to work on /home/rodrigo/Escritorio/BBDDAvanzadas/.venv/lib/python3.12/site-packages/airflow/example_dags/plugins/workday.py
[2026-05-07T20:07:50.083+0200] {processor.py:914} INFO - Processing file /home/rodrigo/Escritorio/BBDDAvanzadas/.venv/lib/python3.12/site-packages/airflow/example_dags/plugins/workday.py for tasks to queue
[2026-05-07T20:07:50.086+0200] {logging_mixin.py:190} INFO - [2026-05-07T20:07:50.085+0200] {dagbag.py:588} INFO - Filling up the DagBag from /home/rodrigo/Escritorio/BBDDAvanzadas/.venv/lib/python3.12/site-packages/airflow/example_dags/plugins/workday.py
[2026-05-07T20:07:50.088+0200] {logging_mixin.py:190} INFO - [2026-05-07T20:07:50.088+0200] {workday.py:41} WARNING - Could not import pandas. Holidays will not be considered.
[2026-05-07T20:07:50.088+0200] {processor.py:927} WARNING - No viable dags retrieved from /home/rodrigo/Escritorio/BBDDAvanzadas/.venv/lib/python3.12/site-packages/airflow/example_dags/plugins/workday.py
[2026-05-07T20:07:50.095+0200] {processor.py:208} INFO - Processing /home/rodrigo/Escritorio/BBDDAvanzadas/.venv/lib/python3.12/site-packages/airflow/example_dags/plugins/workday.py took 0.017 seconds
[2026-05-07T20:08:24.745+0200] {processor.py:186} INFO - Started process (PID=18343) to work on /home/rodrigo/Escritorio/BBDDAvanzadas/.venv/lib/python3.12/site-packages/airflow/example_dags/plugins/workday.py
[2026-05-07T20:08:24.745+0200] {processor.py:914} INFO - Processing file /home/rodrigo/Escritorio/BBDDAvanzadas/.venv/lib/python3.12/site-packages/airflow/example_dags/plugins/workday.py for tasks to queue
[2026-05-07T20:08:24.747+0200] {logging_mixin.py:190} INFO - [2026-05-07T20:08:24.746+0200] {dagbag.py:588} INFO - Filling up the DagBag from /home/rodrigo/Escritorio/BBDDAvanzadas/.venv/lib/python3.12/site-packages/airflow/example_dags/plugins/workday.py
[2026-05-07T20:08:24.749+0200] {logging_mixin.py:190} INFO - [2026-05-07T20:08:24.749+0200] {workday.py:41} WARNING - Could not import pandas. Holidays will not be considered.
[2026-05-07T20:08:24.749+0200] {processor.py:927} WARNING - No viable dags retrieved from /home/rodrigo/Escritorio/BBDDAvanzadas/.venv/lib/python3.12/site-packages/airflow/example_dags/plugins/workday.py
[2026-05-07T20:08:24.756+0200] {processor.py:208} INFO - Processing /home/rodrigo/Escritorio/BBDDAvanzadas/.venv/lib/python3.12/site-packages/airflow/example_dags/plugins/workday.py took 0.016 seconds
[2026-05-07T20:09:00.392+0200] {processor.py:186} INFO - Started process (PID=18471) to work on /home/rodrigo/Escritorio/BBDDAvanzadas/.venv/lib/python3.12/site-packages/airflow/example_dags/plugins/workday.py
[2026-05-07T20:09:00.405+0200] {processor.py:914} INFO - Processing file /home/rodrigo/Escritorio/BBDDAvanzadas/.venv/lib/python3.12/site-packages/airflow/example_dags/plugins/workday.py for tasks to queue
[2026-05-07T20:09:00.407+0200] {logging_mixin.py:190} INFO - [2026-05-07T20:09:00.407+0200] {dagbag.py:588} INFO - Filling up the DagBag from /home/rodrigo/Escritorio/BBDDAvanzadas/.venv/lib/python3.12/site-packages/airflow/example_dags/plugins/workday.py
[2026-05-07T20:09:00.410+0200] {logging_mixin.py:190} INFO - [2026-05-07T20:09:00.410+0200] {workday.py:41} WARNING - Could not import pandas. Holidays will not be considered.
[2026-05-07T20:09:00.410+0200] {processor.py:927} WARNING - No viable dags retrieved from /home/rodrigo/Escritorio/BBDDAvanzadas/.venv/lib/python3.12/site-packages/airflow/example_dags/plugins/workday.py
[2026-05-07T20:09:00.422+0200] {processor.py:208} INFO - Processing /home/rodrigo/Escritorio/BBDDAvanzadas/.venv/lib/python3.12/site-packages/airflow/example_dags/plugins/workday.py took 0.041 seconds
[2026-05-07T20:09:34.282+0200] {processor.py:186} INFO - Started process (PID=18548) to work on /home/rodrigo/Escritorio/BBDDAvanzadas/.venv/lib/python3.12/site-packages/airflow/example_dags/plugins/workday.py
[2026-05-07T20:09:34.283+0200] {processor.py:914} INFO - Processing file /home/rodrigo/Escritorio/BBDDAvanzadas/.venv/lib/python3.12/site-packages/airflow/example_dags/plugins/workday.py for tasks to queue
[2026-05-07T20:09:34.285+0200] {logging_mixin.py:190} INFO - [2026-05-07T20:09:34.285+0200] {dagbag.py:588} INFO - Filling up the DagBag from /home/rodrigo/Escritorio/BBDDAvanzadas/.venv/lib/python3.12/site-packages/airflow/example_dags/plugins/workday.py
[2026-05-07T20:09:34.288+0200] {logging_mixin.py:190} INFO - [2026-05-07T20:09:34.287+0200] {workday.py:41} WARNING - Could not import pandas. Holidays will not be considered.
[2026-05-07T20:09:34.288+0200] {processor.py:927} WARNING - No viable dags retrieved from /home/rodrigo/Escritorio/BBDDAvanzadas/.venv/lib/python3.12/site-packages/airflow/example_dags/plugins/workday.py
[2026-05-07T20:09:34.312+0200] {processor.py:208} INFO - Processing /home/rodrigo/Escritorio/BBDDAvanzadas/.venv/lib/python3.12/site-packages/airflow/example_dags/plugins/workday.py took 0.042 seconds
[2026-05-07T20:10:06.692+0200] {processor.py:186} INFO - Started process (PID=18609) to work on /home/rodrigo/Escritorio/BBDDAvanzadas/.venv/lib/python3.12/site-packages/airflow/example_dags/plugins/workday.py
[2026-05-07T20:10:06.693+0200] {processor.py:914} INFO - Processing file /home/rodrigo/Escritorio/BBDDAvanzadas/.venv/lib/python3.12/site-packages/airflow/example_dags/plugins/workday.py for tasks to queue
[2026-05-07T20:10:06.694+0200] {logging_mixin.py:190} INFO - [2026-05-07T20:10:06.694+0200] {dagbag.py:588} INFO - Filling up the DagBag from /home/rodrigo/Escritorio/BBDDAvanzadas/.venv/lib/python3.12/site-packages/airflow/example_dags/plugins/workday.py
[2026-05-07T20:10:06.697+0200] {logging_mixin.py:190} INFO - [2026-05-07T20:10:06.697+0200] {workday.py:41} WARNING - Could not import pandas. Holidays will not be considered.
[2026-05-07T20:10:06.697+0200] {processor.py:927} WARNING - No viable dags retrieved from /home/rodrigo/Escritorio/BBDDAvanzadas/.venv/lib/python3.12/site-packages/airflow/example_dags/plugins/workday.py
[2026-05-07T20:10:06.705+0200] {processor.py:208} INFO - Processing /home/rodrigo/Escritorio/BBDDAvanzadas/.venv/lib/python3.12/site-packages/airflow/example_dags/plugins/workday.py took 0.017 seconds
