[2026-05-07T19:39:16.602+0200] {local_task_job_runner.py:123} INFO - ::group::Pre task execution logs
[2026-05-07T19:39:16.626+0200] {taskinstance.py:2631} INFO - Dependencies all met for dep_context=non-requeueable deps ti=<TaskInstance: dag_academico_postgresql.crear_esquema manual__2026-05-07T17:39:08.255361+00:00 [queued]>
[2026-05-07T19:39:16.632+0200] {taskinstance.py:2631} INFO - Dependencies all met for dep_context=requeueable deps ti=<TaskInstance: dag_academico_postgresql.crear_esquema manual__2026-05-07T17:39:08.255361+00:00 [queued]>
[2026-05-07T19:39:16.632+0200] {taskinstance.py:2884} INFO - Starting attempt 1 of 2
[2026-05-07T19:39:16.665+0200] {taskinstance.py:2907} INFO - Executing <Task(PythonOperator): crear_esquema> on 2026-05-07 17:39:08.255361+00:00
[2026-05-07T19:39:16.677+0200] {standard_task_runner.py:72} INFO - Started process 15030 to run task
[2026-05-07T19:39:16.682+0200] {standard_task_runner.py:104} INFO - Running: ['airflow', 'tasks', 'run', 'dag_academico_postgresql', 'crear_esquema', 'manual__2026-05-07T17:39:08.255361+00:00', '--job-id', '8', '--raw', '--subdir', 'DAGS_FOLDER/dag_psql.py', '--cfg-path', '/tmp/tmp8h8b5gmv']
[2026-05-07T19:39:16.682+0200] {standard_task_runner.py:105} INFO - Job 8: Subtask crear_esquema
[2026-05-07T19:39:16.758+0200] {task_command.py:467} INFO - Running <TaskInstance: dag_academico_postgresql.crear_esquema manual__2026-05-07T17:39:08.255361+00:00 [running]> on host rodrigo-VirtualBox
[2026-05-07T19:39:16.850+0200] {taskinstance.py:3157} INFO - Exporting env vars: AIRFLOW_CTX_DAG_OWNER='academico' AIRFLOW_CTX_DAG_ID='dag_academico_postgresql' AIRFLOW_CTX_TASK_ID='crear_esquema' AIRFLOW_CTX_EXECUTION_DATE='2026-05-07T17:39:08.255361+00:00' AIRFLOW_CTX_TRY_NUMBER='1' AIRFLOW_CTX_DAG_RUN_ID='manual__2026-05-07T17:39:08.255361+00:00'
[2026-05-07T19:39:16.854+0200] {logging_mixin.py:190} INFO - Task instance is in running state
[2026-05-07T19:39:16.854+0200] {logging_mixin.py:190} INFO -  Previous state of the Task instance: queued
[2026-05-07T19:39:16.854+0200] {logging_mixin.py:190} INFO - Current task name:crear_esquema state:running start_date:2026-05-07 17:39:16.627014+00:00
[2026-05-07T19:39:16.854+0200] {logging_mixin.py:190} INFO - Dag name:dag_academico_postgresql and current dag run status:running
[2026-05-07T19:39:16.854+0200] {taskinstance.py:740} INFO - ::endgroup::
[2026-05-07T19:39:16.966+0200] {logging_mixin.py:190} INFO - [OK] Esquema académico creado / verificado.
[2026-05-07T19:39:16.968+0200] {python.py:240} INFO - Done. Returned value was: None
[2026-05-07T19:39:16.978+0200] {taskinstance.py:349} INFO - ::group::Post task execution logs
[2026-05-07T19:39:16.979+0200] {taskinstance.py:361} INFO - Marking task as SUCCESS. dag_id=dag_academico_postgresql, task_id=crear_esquema, run_id=manual__2026-05-07T17:39:08.255361+00:00, execution_date=20260507T173908, start_date=20260507T173916, end_date=20260507T173916
[2026-05-07T19:39:17.064+0200] {logging_mixin.py:190} INFO - Task instance in success state
[2026-05-07T19:39:17.064+0200] {logging_mixin.py:190} INFO -  Previous state of the Task instance: running
[2026-05-07T19:39:17.064+0200] {logging_mixin.py:190} INFO - Dag name:dag_academico_postgresql queued_at:2026-05-07 17:39:08.286287+00:00
[2026-05-07T19:39:17.064+0200] {logging_mixin.py:190} INFO - Task hostname:rodrigo-VirtualBox operator:PythonOperator
[2026-05-07T19:39:17.093+0200] {local_task_job_runner.py:266} INFO - Task exited with return code 0
[2026-05-07T19:39:17.132+0200] {taskinstance.py:3924} INFO - 1 downstream tasks scheduled from follow-on schedule check
[2026-05-07T19:39:17.158+0200] {local_task_job_runner.py:245} INFO - ::endgroup::
